
Generation: 0
Best Individual:
Subpopulation 0:
Evaluated: true
Fitness: Standardized=0.1288951 Adjusted=0.88582194 Hits=0
Tree 0:
digraph g {
node [shape=rectangle];
n[label = "Or"];
n0[label = "While"];
n00[label = "Equal"];
n000[label = "FarthestNeighbor"];
n00 -> n000;
n001[label = "NearestInsertion"];
n00 -> n001;
n0 -> n00;
n01[label = "If_Then_Else"];
n010[label = "NearestNeighbor"];
n01 -> n010;
n011[label = "NearestInsertion"];
n01 -> n011;
n012[label = "NearestNeighbor"];
n01 -> n012;
n0 -> n01;
n -> n0;
n1[label = "Equal"];
n10[label = "Equal"];
n100[label = "FarthestNeighbor"];
n10 -> n100;
n101[label = "NearestInsertion"];
n10 -> n101;
n1 -> n10;
n11[label = "And"];
n110[label = "NearestInsertion"];
n11 -> n110;
n111[label = "NearestNeighbor"];
n11 -> n111;
n1 -> n11;
n -> n1;
}


Generation: 1
Best Individual:
Subpopulation 0:
Evaluated: true
Fitness: Standardized=0.1288951 Adjusted=0.88582194 Hits=0
Tree 0:
digraph g {
node [shape=rectangle];
n[label = "Or"];
n0[label = "While"];
n00[label = "Equal"];
n000[label = "FarthestNeighbor"];
n00 -> n000;
n001[label = "NearestInsertion"];
n00 -> n001;
n0 -> n00;
n01[label = "If_Then_Else"];
n010[label = "NearestNeighbor"];
n01 -> n010;
n011[label = "NearestInsertion"];
n01 -> n011;
n012[label = "NearestNeighbor"];
n01 -> n012;
n0 -> n01;
n -> n0;
n1[label = "Equal"];
n10[label = "Equal"];
n100[label = "FarthestNeighbor"];
n10 -> n100;
n101[label = "NearestInsertion"];
n10 -> n101;
n1 -> n10;
n11[label = "And"];
n110[label = "NearestInsertion"];
n11 -> n110;
n111[label = "NearestNeighbor"];
n11 -> n111;
n1 -> n11;
n -> n1;
}


Generation: 2
Best Individual:
Subpopulation 0:
Evaluated: true
Fitness: Standardized=0.1288951 Adjusted=0.88582194 Hits=0
Tree 0:
digraph g {
node [shape=rectangle];
n[label = "Or"];
n0[label = "While"];
n00[label = "Equal"];
n000[label = "FarthestNeighbor"];
n00 -> n000;
n001[label = "NearestInsertion"];
n00 -> n001;
n0 -> n00;
n01[label = "If_Then_Else"];
n010[label = "NearestNeighbor"];
n01 -> n010;
n011[label = "NearestInsertion"];
n01 -> n011;
n012[label = "NearestNeighbor"];
n01 -> n012;
n0 -> n01;
n -> n0;
n1[label = "Equal"];
n10[label = "Equal"];
n100[label = "FarthestNeighbor"];
n10 -> n100;
n101[label = "NearestInsertion"];
n10 -> n101;
n1 -> n10;
n11[label = "And"];
n110[label = "NearestInsertion"];
n11 -> n110;
n111[label = "NearestNeighbor"];
n11 -> n111;
n1 -> n11;
n -> n1;
}


Generation: 3
Best Individual:
Subpopulation 0:
Evaluated: true
Fitness: Standardized=0.1288951 Adjusted=0.88582194 Hits=0
Tree 0:
digraph g {
node [shape=rectangle];
n[label = "Or"];
n0[label = "While"];
n00[label = "Equal"];
n000[label = "FarthestNeighbor"];
n00 -> n000;
n001[label = "NearestInsertion"];
n00 -> n001;
n0 -> n00;
n01[label = "If_Then_Else"];
n010[label = "NearestNeighbor"];
n01 -> n010;
n011[label = "NearestInsertion"];
n01 -> n011;
n012[label = "NearestNeighbor"];
n01 -> n012;
n0 -> n01;
n -> n0;
n1[label = "Equal"];
n10[label = "Equal"];
n100[label = "FarthestNeighbor"];
n10 -> n100;
n101[label = "NearestInsertion"];
n10 -> n101;
n1 -> n10;
n11[label = "And"];
n110[label = "NearestInsertion"];
n11 -> n110;
n111[label = "NearestNeighbor"];
n11 -> n111;
n1 -> n11;
n -> n1;
}


Generation: 4
Best Individual:
Subpopulation 0:
Evaluated: true
Fitness: Standardized=0.1288951 Adjusted=0.88582194 Hits=0
Tree 0:
digraph g {
node [shape=rectangle];
n[label = "Or"];
n0[label = "While"];
n00[label = "Equal"];
n000[label = "FarthestNeighbor"];
n00 -> n000;
n001[label = "NearestInsertion"];
n00 -> n001;
n0 -> n00;
n01[label = "If_Then_Else"];
n010[label = "NearestNeighbor"];
n01 -> n010;
n011[label = "NearestInsertion"];
n01 -> n011;
n012[label = "Or"];
n0120[label = "NearestFirstNode"];
n012 -> n0120;
n0121[label = "NearestFirstNode"];
n012 -> n0121;
n01 -> n012;
n0 -> n01;
n -> n0;
n1[label = "Equal"];
n10[label = "Equal"];
n100[label = "FarthestNeighbor"];
n10 -> n100;
n101[label = "NearestInsertion"];
n10 -> n101;
n1 -> n10;
n11[label = "And"];
n110[label = "NearestInsertion"];
n11 -> n110;
n111[label = "NearestNeighbor"];
n11 -> n111;
n1 -> n11;
n -> n1;
}


Generation: 5
Best Individual:
Subpopulation 0:
Evaluated: true
Fitness: Standardized=0.12530906 Adjusted=0.8886447 Hits=0
Tree 0:
digraph g {
node [shape=rectangle];
n[label = "Equal"];
n0[label = "NearestNeighbor"];
n -> n0;
n1[label = "While"];
n10[label = "Equal"];
n100[label = "FarthestNeighbor"];
n10 -> n100;
n101[label = "NearestInsertion"];
n10 -> n101;
n1 -> n10;
n11[label = "If_Then_Else"];
n110[label = "NearestNeighbor"];
n11 -> n110;
n111[label = "NearestInsertion"];
n11 -> n111;
n112[label = "NearestNeighbor"];
n11 -> n112;
n1 -> n11;
n -> n1;
}


Generation: 6
Best Individual:
Subpopulation 0:
Evaluated: true
Fitness: Standardized=0.12530906 Adjusted=0.8886447 Hits=0
Tree 0:
digraph g {
node [shape=rectangle];
n[label = "Equal"];
n0[label = "NearestNeighbor"];
n -> n0;
n1[label = "While"];
n10[label = "Equal"];
n100[label = "FarthestNeighbor"];
n10 -> n100;
n101[label = "NearestInsertion"];
n10 -> n101;
n1 -> n10;
n11[label = "If_Then_Else"];
n110[label = "NearestNeighbor"];
n11 -> n110;
n111[label = "NearestInsertion"];
n11 -> n111;
n112[label = "Equal"];
n1120[label = "FarthestNeighbor"];
n112 -> n1120;
n1121[label = "NearestInsertion"];
n112 -> n1121;
n11 -> n112;
n1 -> n11;
n -> n1;
}


Generation: 7
Best Individual:
Subpopulation 0:
Evaluated: true
Fitness: Standardized=0.10489029 Adjusted=0.9050672 Hits=0
Tree 0:
digraph g {
node [shape=rectangle];
n[label = "Equal"];
n0[label = "NearestNeighbor"];
n -> n0;
n1[label = "Equal"];
n10[label = "NearestNeighbor"];
n1 -> n10;
n11[label = "While"];
n110[label = "Equal"];
n1100[label = "FarthestNeighbor"];
n110 -> n1100;
n1101[label = "NearestInsertion"];
n110 -> n1101;
n11 -> n110;
n111[label = "If_Then_Else"];
n1110[label = "NearestNeighbor"];
n111 -> n1110;
n1111[label = "NearestInsertion"];
n111 -> n1111;
n1112[label = "NearestNeighbor"];
n111 -> n1112;
n11 -> n111;
n1 -> n11;
n -> n1;
}


Generation: 8
Best Individual:
Subpopulation 0:
Evaluated: true
Fitness: Standardized=0.10489029 Adjusted=0.9050672 Hits=0
Tree 0:
digraph g {
node [shape=rectangle];
n[label = "Equal"];
n0[label = "NearestNeighbor"];
n -> n0;
n1[label = "Equal"];
n10[label = "NearestNeighbor"];
n1 -> n10;
n11[label = "While"];
n110[label = "Equal"];
n1100[label = "FarthestNeighbor"];
n110 -> n1100;
n1101[label = "NearestInsertion"];
n110 -> n1101;
n11 -> n110;
n111[label = "If_Then_Else"];
n1110[label = "NearestNeighbor"];
n111 -> n1110;
n1111[label = "NearestInsertion"];
n111 -> n1111;
n1112[label = "NearestNeighbor"];
n111 -> n1112;
n11 -> n111;
n1 -> n11;
n -> n1;
}


Generation: 9
Best Individual:
Subpopulation 0:
Evaluated: true
Fitness: Standardized=0.10489029 Adjusted=0.9050672 Hits=0
Tree 0:
digraph g {
node [shape=rectangle];
n[label = "Equal"];
n0[label = "NearestNeighbor"];
n -> n0;
n1[label = "Equal"];
n10[label = "NearestNeighbor"];
n1 -> n10;
n11[label = "While"];
n110[label = "Equal"];
n1100[label = "FarthestNeighbor"];
n110 -> n1100;
n1101[label = "NearestInsertion"];
n110 -> n1101;
n11 -> n110;
n111[label = "If_Then_Else"];
n1110[label = "NearestNeighbor"];
n111 -> n1110;
n1111[label = "NearestInsertion"];
n111 -> n1111;
n1112[label = "NearestNeighbor"];
n111 -> n1112;
n11 -> n111;
n1 -> n11;
n -> n1;
}


Generation: 10
Best Individual:
Subpopulation 0:
Evaluated: true
Fitness: Standardized=0.10489029 Adjusted=0.9050672 Hits=0
Tree 0:
digraph g {
node [shape=rectangle];
n[label = "Equal"];
n0[label = "NearestNeighbor"];
n -> n0;
n1[label = "Equal"];
n10[label = "NearestNeighbor"];
n1 -> n10;
n11[label = "While"];
n110[label = "Equal"];
n1100[label = "FarthestNeighbor"];
n110 -> n1100;
n1101[label = "NearestInsertion"];
n110 -> n1101;
n11 -> n110;
n111[label = "If_Then_Else"];
n1110[label = "NearestNeighbor"];
n111 -> n1110;
n1111[label = "NearestInsertion"];
n111 -> n1111;
n1112[label = "NearestNeighbor"];
n111 -> n1112;
n11 -> n111;
n1 -> n11;
n -> n1;
}


Generation: 11
Best Individual:
Subpopulation 0:
Evaluated: true
Fitness: Standardized=0.10489029 Adjusted=0.9050672 Hits=0
Tree 0:
digraph g {
node [shape=rectangle];
n[label = "Equal"];
n0[label = "NearestNeighbor"];
n -> n0;
n1[label = "Equal"];
n10[label = "NearestNeighbor"];
n1 -> n10;
n11[label = "While"];
n110[label = "Equal"];
n1100[label = "FarthestNeighbor"];
n110 -> n1100;
n1101[label = "NearestInsertion"];
n110 -> n1101;
n11 -> n110;
n111[label = "If_Then_Else"];
n1110[label = "NearestNeighbor"];
n111 -> n1110;
n1111[label = "NearestInsertion"];
n111 -> n1111;
n1112[label = "NearestNeighbor"];
n111 -> n1112;
n11 -> n111;
n1 -> n11;
n -> n1;
}


Generation: 12
Best Individual:
Subpopulation 0:
Evaluated: true
Fitness: Standardized=0.10489029 Adjusted=0.9050672 Hits=0
Tree 0:
digraph g {
node [shape=rectangle];
n[label = "Equal"];
n0[label = "NearestNeighbor"];
n -> n0;
n1[label = "Equal"];
n10[label = "NearestNeighbor"];
n1 -> n10;
n11[label = "While"];
n110[label = "Equal"];
n1100[label = "FarthestNeighbor"];
n110 -> n1100;
n1101[label = "NearestInsertion"];
n110 -> n1101;
n11 -> n110;
n111[label = "If_Then_Else"];
n1110[label = "NearestNeighbor"];
n111 -> n1110;
n1111[label = "NearestInsertion"];
n111 -> n1111;
n1112[label = "NearestNeighbor"];
n111 -> n1112;
n11 -> n111;
n1 -> n11;
n -> n1;
}


Generation: 13
Best Individual:
Subpopulation 0:
Evaluated: true
Fitness: Standardized=0.10489029 Adjusted=0.9050672 Hits=0
Tree 0:
digraph g {
node [shape=rectangle];
n[label = "Equal"];
n0[label = "NearestNeighbor"];
n -> n0;
n1[label = "Equal"];
n10[label = "NearestNeighbor"];
n1 -> n10;
n11[label = "While"];
n110[label = "And"];
n1100[label = "FarthestNeighbor"];
n110 -> n1100;
n1101[label = "NearestInsertion"];
n110 -> n1101;
n11 -> n110;
n111[label = "If_Then_Else"];
n1110[label = "NearestNeighbor"];
n111 -> n1110;
n1111[label = "NearestInsertion"];
n111 -> n1111;
n1112[label = "NearestNeighbor"];
n111 -> n1112;
n11 -> n111;
n1 -> n11;
n -> n1;
}


Generation: 14
Best Individual:
Subpopulation 0:
Evaluated: true
Fitness: Standardized=0.10489029 Adjusted=0.9050672 Hits=0
Tree 0:
digraph g {
node [shape=rectangle];
n[label = "Equal"];
n0[label = "NearestNeighbor"];
n -> n0;
n1[label = "Equal"];
n10[label = "NearestNeighbor"];
n1 -> n10;
n11[label = "While"];
n110[label = "Equal"];
n1100[label = "FarthestNeighbor"];
n110 -> n1100;
n1101[label = "NearestInsertion"];
n110 -> n1101;
n11 -> n110;
n111[label = "If_Then_Else"];
n1110[label = "NearestNeighbor"];
n111 -> n1110;
n1111[label = "NearestInsertion"];
n111 -> n1111;
n1112[label = "NearestNeighbor"];
n111 -> n1112;
n11 -> n111;
n1 -> n11;
n -> n1;
}


Generation: 15
Best Individual:
Subpopulation 0:
Evaluated: true
Fitness: Standardized=0.10489029 Adjusted=0.9050672 Hits=0
Tree 0:
digraph g {
node [shape=rectangle];
n[label = "Equal"];
n0[label = "NearestNeighbor"];
n -> n0;
n1[label = "Equal"];
n10[label = "NearestNeighbor"];
n1 -> n10;
n11[label = "While"];
n110[label = "Equal"];
n1100[label = "FarthestNeighbor"];
n110 -> n1100;
n1101[label = "NearestInsertion"];
n110 -> n1101;
n11 -> n110;
n111[label = "If_Then_Else"];
n1110[label = "NearestNeighbor"];
n111 -> n1110;
n1111[label = "NearestInsertion"];
n111 -> n1111;
n1112[label = "NearestNeighbor"];
n111 -> n1112;
n11 -> n111;
n1 -> n11;
n -> n1;
}


Generation: 16
Best Individual:
Subpopulation 0:
Evaluated: true
Fitness: Standardized=0.10489029 Adjusted=0.9050672 Hits=0
Tree 0:
digraph g {
node [shape=rectangle];
n[label = "Equal"];
n0[label = "NearestNeighbor"];
n -> n0;
n1[label = "Equal"];
n10[label = "NearestNeighbor"];
n1 -> n10;
n11[label = "While"];
n110[label = "Equal"];
n1100[label = "FarthestNeighbor"];
n110 -> n1100;
n1101[label = "NearestInsertion"];
n110 -> n1101;
n11 -> n110;
n111[label = "If_Then_Else"];
n1110[label = "NearestNeighbor"];
n111 -> n1110;
n1111[label = "NearestInsertion"];
n111 -> n1111;
n1112[label = "NearestNeighbor"];
n111 -> n1112;
n11 -> n111;
n1 -> n11;
n -> n1;
}


Generation: 17
Best Individual:
Subpopulation 0:
Evaluated: true
Fitness: Standardized=0.10489029 Adjusted=0.9050672 Hits=0
Tree 0:
digraph g {
node [shape=rectangle];
n[label = "Equal"];
n0[label = "NearestNeighbor"];
n -> n0;
n1[label = "Equal"];
n10[label = "NearestNeighbor"];
n1 -> n10;
n11[label = "While"];
n110[label = "Equal"];
n1100[label = "FarthestNeighbor"];
n110 -> n1100;
n1101[label = "NearestInsertion"];
n110 -> n1101;
n11 -> n110;
n111[label = "If_Then_Else"];
n1110[label = "NearestNeighbor"];
n111 -> n1110;
n1111[label = "NearestInsertion"];
n111 -> n1111;
n1112[label = "NearestNeighbor"];
n111 -> n1112;
n11 -> n111;
n1 -> n11;
n -> n1;
}


Generation: 18
Best Individual:
Subpopulation 0:
Evaluated: true
Fitness: Standardized=0.10489029 Adjusted=0.9050672 Hits=0
Tree 0:
digraph g {
node [shape=rectangle];
n[label = "Equal"];
n0[label = "NearestNeighbor"];
n -> n0;
n1[label = "Equal"];
n10[label = "NearestNeighbor"];
n1 -> n10;
n11[label = "While"];
n110[label = "Equal"];
n1100[label = "FarthestNeighbor"];
n110 -> n1100;
n1101[label = "NearestInsertion"];
n110 -> n1101;
n11 -> n110;
n111[label = "If_Then_Else"];
n1110[label = "NearestNeighbor"];
n111 -> n1110;
n1111[label = "NearestInsertion"];
n111 -> n1111;
n1112[label = "NearestNeighbor"];
n111 -> n1112;
n11 -> n111;
n1 -> n11;
n -> n1;
}


Generation: 19
Best Individual:
Subpopulation 0:
Evaluated: true
Fitness: Standardized=0.10489029 Adjusted=0.9050672 Hits=0
Tree 0:
digraph g {
node [shape=rectangle];
n[label = "Equal"];
n0[label = "NearestNeighbor"];
n -> n0;
n1[label = "Equal"];
n10[label = "NearestNeighbor"];
n1 -> n10;
n11[label = "While"];
n110[label = "Equal"];
n1100[label = "FarthestNeighbor"];
n110 -> n1100;
n1101[label = "NearestInsertion"];
n110 -> n1101;
n11 -> n110;
n111[label = "If_Then_Else"];
n1110[label = "NearestNeighbor"];
n111 -> n1110;
n1111[label = "NearestInsertion"];
n111 -> n1111;
n1112[label = "NearestNeighbor"];
n111 -> n1112;
n11 -> n111;
n1 -> n11;
n -> n1;
}


Generation: 20
Best Individual:
Subpopulation 0:
Evaluated: true
Fitness: Standardized=0.10489029 Adjusted=0.9050672 Hits=0
Tree 0:
digraph g {
node [shape=rectangle];
n[label = "Equal"];
n0[label = "NearestNeighbor"];
n -> n0;
n1[label = "Equal"];
n10[label = "NearestNeighbor"];
n1 -> n10;
n11[label = "While"];
n110[label = "Equal"];
n1100[label = "FarthestNeighbor"];
n110 -> n1100;
n1101[label = "NearestInsertion"];
n110 -> n1101;
n11 -> n110;
n111[label = "If_Then_Else"];
n1110[label = "NearestNeighbor"];
n111 -> n1110;
n1111[label = "NearestInsertion"];
n111 -> n1111;
n1112[label = "NearestNeighbor"];
n111 -> n1112;
n11 -> n111;
n1 -> n11;
n -> n1;
}


Generation: 21
Best Individual:
Subpopulation 0:
Evaluated: true
Fitness: Standardized=0.10489029 Adjusted=0.9050672 Hits=0
Tree 0:
digraph g {
node [shape=rectangle];
n[label = "Equal"];
n0[label = "NearestNeighbor"];
n -> n0;
n1[label = "Equal"];
n10[label = "NearestNeighbor"];
n1 -> n10;
n11[label = "While"];
n110[label = "Equal"];
n1100[label = "FarthestNeighbor"];
n110 -> n1100;
n1101[label = "NearestInsertion"];
n110 -> n1101;
n11 -> n110;
n111[label = "If_Then_Else"];
n1110[label = "NearestNeighbor"];
n111 -> n1110;
n1111[label = "NearestInsertion"];
n111 -> n1111;
n1112[label = "NearestNeighbor"];
n111 -> n1112;
n11 -> n111;
n1 -> n11;
n -> n1;
}


Generation: 22
Best Individual:
Subpopulation 0:
Evaluated: true
Fitness: Standardized=0.10489029 Adjusted=0.9050672 Hits=0
Tree 0:
digraph g {
node [shape=rectangle];
n[label = "Equal"];
n0[label = "NearestNeighbor"];
n -> n0;
n1[label = "Equal"];
n10[label = "NearestNeighbor"];
n1 -> n10;
n11[label = "While"];
n110[label = "Equal"];
n1100[label = "FarthestNeighbor"];
n110 -> n1100;
n1101[label = "NearestInsertion"];
n110 -> n1101;
n11 -> n110;
n111[label = "If_Then_Else"];
n1110[label = "NearestNeighbor"];
n111 -> n1110;
n1111[label = "NearestInsertion"];
n111 -> n1111;
n1112[label = "NearestNeighbor"];
n111 -> n1112;
n11 -> n111;
n1 -> n11;
n -> n1;
}


Generation: 23
Best Individual:
Subpopulation 0:
Evaluated: true
Fitness: Standardized=0.10489029 Adjusted=0.9050672 Hits=0
Tree 0:
digraph g {
node [shape=rectangle];
n[label = "Equal"];
n0[label = "NearestNeighbor"];
n -> n0;
n1[label = "And"];
n10[label = "NearestNeighbor"];
n1 -> n10;
n11[label = "While"];
n110[label = "Equal"];
n1100[label = "FarthestNeighbor"];
n110 -> n1100;
n1101[label = "NearestInsertion"];
n110 -> n1101;
n11 -> n110;
n111[label = "If_Then_Else"];
n1110[label = "NearestNeighbor"];
n111 -> n1110;
n1111[label = "NearestInsertion"];
n111 -> n1111;
n1112[label = "NearestNeighbor"];
n111 -> n1112;
n11 -> n111;
n1 -> n11;
n -> n1;
}


Generation: 24
Best Individual:
Subpopulation 0:
Evaluated: true
Fitness: Standardized=0.10489029 Adjusted=0.9050672 Hits=0
Tree 0:
digraph g {
node [shape=rectangle];
n[label = "Equal"];
n0[label = "NearestNeighbor"];
n -> n0;
n1[label = "Equal"];
n10[label = "NearestNeighbor"];
n1 -> n10;
n11[label = "While"];
n110[label = "Equal"];
n1100[label = "FarthestNeighbor"];
n110 -> n1100;
n1101[label = "NearestInsertion"];
n110 -> n1101;
n11 -> n110;
n111[label = "If_Then_Else"];
n1110[label = "NearestNeighbor"];
n111 -> n1110;
n1111[label = "NearestInsertion"];
n111 -> n1111;
n1112[label = "NearestNeighbor"];
n111 -> n1112;
n11 -> n111;
n1 -> n11;
n -> n1;
}


Generation: 25
Best Individual:
Subpopulation 0:
Evaluated: true
Fitness: Standardized=0.10489029 Adjusted=0.9050672 Hits=0
Tree 0:
digraph g {
node [shape=rectangle];
n[label = "If_Then"];
n0[label = "NearestNeighbor"];
n -> n0;
n1[label = "Equal"];
n10[label = "NearestNeighbor"];
n1 -> n10;
n11[label = "While"];
n110[label = "Equal"];
n1100[label = "FarthestNeighbor"];
n110 -> n1100;
n1101[label = "NearestInsertion"];
n110 -> n1101;
n11 -> n110;
n111[label = "If_Then_Else"];
n1110[label = "NearestNeighbor"];
n111 -> n1110;
n1111[label = "NearestInsertion"];
n111 -> n1111;
n1112[label = "NearestNeighbor"];
n111 -> n1112;
n11 -> n111;
n1 -> n11;
n -> n1;
}


Generation: 26
Best Individual:
Subpopulation 0:
Evaluated: true
Fitness: Standardized=0.10489029 Adjusted=0.9050672 Hits=0
Tree 0:
digraph g {
node [shape=rectangle];
n[label = "If_Then"];
n0[label = "NearestNeighbor"];
n -> n0;
n1[label = "Equal"];
n10[label = "NearestNeighbor"];
n1 -> n10;
n11[label = "While"];
n110[label = "Equal"];
n1100[label = "FarthestNeighbor"];
n110 -> n1100;
n1101[label = "NearestInsertion"];
n110 -> n1101;
n11 -> n110;
n111[label = "If_Then_Else"];
n1110[label = "NearestNeighbor"];
n111 -> n1110;
n1111[label = "NearestInsertion"];
n111 -> n1111;
n1112[label = "NearestNeighbor"];
n111 -> n1112;
n11 -> n111;
n1 -> n11;
n -> n1;
}


Generation: 27
Best Individual:
Subpopulation 0:
Evaluated: true
Fitness: Standardized=0.10489029 Adjusted=0.9050672 Hits=0
Tree 0:
digraph g {
node [shape=rectangle];
n[label = "Equal"];
n0[label = "NearestNeighbor"];
n -> n0;
n1[label = "Equal"];
n10[label = "NearestNeighbor"];
n1 -> n10;
n11[label = "While"];
n110[label = "Equal"];
n1100[label = "FarthestNeighbor"];
n110 -> n1100;
n1101[label = "NearestInsertion"];
n110 -> n1101;
n11 -> n110;
n111[label = "If_Then_Else"];
n1110[label = "NearestNeighbor"];
n111 -> n1110;
n1111[label = "NearestInsertion"];
n111 -> n1111;
n1112[label = "NearestNeighbor"];
n111 -> n1112;
n11 -> n111;
n1 -> n11;
n -> n1;
}


Generation: 28
Best Individual:
Subpopulation 0:
Evaluated: true
Fitness: Standardized=0.10489029 Adjusted=0.9050672 Hits=0
Tree 0:
digraph g {
node [shape=rectangle];
n[label = "If_Then"];
n0[label = "NearestNeighbor"];
n -> n0;
n1[label = "Equal"];
n10[label = "NearestNeighbor"];
n1 -> n10;
n11[label = "While"];
n110[label = "Equal"];
n1100[label = "FarthestNeighbor"];
n110 -> n1100;
n1101[label = "NearestInsertion"];
n110 -> n1101;
n11 -> n110;
n111[label = "If_Then_Else"];
n1110[label = "NearestNeighbor"];
n111 -> n1110;
n1111[label = "NearestInsertion"];
n111 -> n1111;
n1112[label = "NearestNeighbor"];
n111 -> n1112;
n11 -> n111;
n1 -> n11;
n -> n1;
}


Generation: 29
Best Individual:
Subpopulation 0:
Evaluated: true
Fitness: Standardized=0.10489029 Adjusted=0.9050672 Hits=0
Tree 0:
digraph g {
node [shape=rectangle];
n[label = "Equal"];
n0[label = "NearestNeighbor"];
n -> n0;
n1[label = "Equal"];
n10[label = "NearestNeighbor"];
n1 -> n10;
n11[label = "While"];
n110[label = "Equal"];
n1100[label = "FarthestNeighbor"];
n110 -> n1100;
n1101[label = "NearestInsertion"];
n110 -> n1101;
n11 -> n110;
n111[label = "If_Then_Else"];
n1110[label = "NearestNeighbor"];
n111 -> n1110;
n1111[label = "NearestInsertion"];
n111 -> n1111;
n1112[label = "NearestNeighbor"];
n111 -> n1112;
n11 -> n111;
n1 -> n11;
n -> n1;
}


Best Individual of Run:
Subpopulation 0:
Evaluated: true
Fitness: Standardized=0.10489029 Adjusted=0.9050672 Hits=0
Tree 0:
digraph g {
node [shape=rectangle];
n[label = "Equal"];
n0[label = "NearestNeighbor"];
n -> n0;
n1[label = "Equal"];
n10[label = "NearestNeighbor"];
n1 -> n10;
n11[label = "While"];
n110[label = "Equal"];
n1100[label = "FarthestNeighbor"];
n110 -> n1100;
n1101[label = "NearestInsertion"];
n110 -> n1101;
n11 -> n110;
n111[label = "If_Then_Else"];
n1110[label = "NearestNeighbor"];
n111 -> n1110;
n1111[label = "NearestInsertion"];
n111 -> n1111;
n1112[label = "NearestNeighbor"];
n111 -> n1112;
n11 -> n111;
n1 -> n11;
n -> n1;
}

