
Generation: 0
Best Individual:
Subpopulation 0:
Evaluated: true
Fitness: Standardized=0.092348665 Adjusted=0.9154586 Hits=0
Tree 0:
digraph g {
node [shape=rectangle];
n[label = "Or"];
n0[label = "If_Then"];
n00[label = "And"];
n000[label = "If_Then_Else"];
n0000[label = "FarthestNeighbor"];
n000 -> n0000;
n0001[label = "BestMove"];
n000 -> n0001;
n0002[label = "WorstMove"];
n000 -> n0002;
n00 -> n000;
n001[label = "Equal"];
n0010[label = "NearestFirstNode"];
n001 -> n0010;
n0011[label = "BestMove"];
n001 -> n0011;
n00 -> n001;
n0 -> n00;
n01[label = "Equal"];
n010[label = "While"];
n0100[label = "FarthestInsertion"];
n010 -> n0100;
n0101[label = "NearestNeighbor"];
n010 -> n0101;
n01 -> n010;
n011[label = "If_Then"];
n0110[label = "NearestFirstNode"];
n011 -> n0110;
n0111[label = "FarthestInsertion"];
n011 -> n0111;
n01 -> n011;
n0 -> n01;
n -> n0;
n1[label = "Equal"];
n10[label = "While"];
n100[label = "Or"];
n1000[label = "NearestInsertion"];
n100 -> n1000;
n1001[label = "FarthestNeighbor"];
n100 -> n1001;
n10 -> n100;
n101[label = "Or"];
n1010[label = "CplexTerminal"];
n101 -> n1010;
n1011[label = "CplexTerminal"];
n101 -> n1011;
n10 -> n101;
n1 -> n10;
n11[label = "While"];
n110[label = "Equal"];
n1100[label = "BestMove"];
n110 -> n1100;
n1101[label = "FarthestNeighbor"];
n110 -> n1101;
n11 -> n110;
n111[label = "Equal"];
n1110[label = "NearestNeighbor"];
n111 -> n1110;
n1111[label = "FarthestFirstNode"];
n111 -> n1111;
n11 -> n111;
n1 -> n11;
n -> n1;
}


Generation: 1
Best Individual:
Subpopulation 0:
Evaluated: true
Fitness: Standardized=0.046968196 Adjusted=0.9551388 Hits=0
Tree 0:
digraph g {
node [shape=rectangle];
n[label = "Equal"];
n0[label = "If_Then"];
n00[label = "If_Then"];
n000[label = "If_Then_Else"];
n0000[label = "NearestFirstNode"];
n000 -> n0000;
n0001[label = "WorstMove"];
n000 -> n0001;
n0002[label = "CplexTerminal"];
n000 -> n0002;
n00 -> n000;
n001[label = "Equal"];
n0010[label = "CplexTerminal"];
n001 -> n0010;
n0011[label = "NearestFirstNode"];
n001 -> n0011;
n00 -> n001;
n0 -> n00;
n01[label = "And"];
n010[label = "If_Then_Else"];
n0100[label = "WorstMove"];
n010 -> n0100;
n0101[label = "BestMove"];
n010 -> n0101;
n0102[label = "FarthestInsertion"];
n010 -> n0102;
n01 -> n010;
n011[label = "Equal"];
n0110[label = "FarthestInsertion"];
n011 -> n0110;
n0111[label = "CplexTerminal"];
n011 -> n0111;
n01 -> n011;
n0 -> n01;
n -> n0;
n1[label = "Equal"];
n10[label = "FarthestInsertion"];
n1 -> n10;
n11[label = "CplexTerminal"];
n1 -> n11;
n -> n1;
}


Generation: 2
Best Individual:
Subpopulation 0:
Evaluated: true
Fitness: Standardized=0.046968196 Adjusted=0.9551388 Hits=0
Tree 0:
digraph g {
node [shape=rectangle];
n[label = "Equal"];
n0[label = "If_Then"];
n00[label = "If_Then"];
n000[label = "If_Then_Else"];
n0000[label = "NearestFirstNode"];
n000 -> n0000;
n0001[label = "WorstMove"];
n000 -> n0001;
n0002[label = "CplexTerminal"];
n000 -> n0002;
n00 -> n000;
n001[label = "Equal"];
n0010[label = "CplexTerminal"];
n001 -> n0010;
n0011[label = "NearestFirstNode"];
n001 -> n0011;
n00 -> n001;
n0 -> n00;
n01[label = "And"];
n010[label = "If_Then_Else"];
n0100[label = "WorstMove"];
n010 -> n0100;
n0101[label = "BestMove"];
n010 -> n0101;
n0102[label = "FarthestInsertion"];
n010 -> n0102;
n01 -> n010;
n011[label = "Equal"];
n0110[label = "FarthestInsertion"];
n011 -> n0110;
n0111[label = "CplexTerminal"];
n011 -> n0111;
n01 -> n011;
n0 -> n01;
n -> n0;
n1[label = "Equal"];
n10[label = "FarthestInsertion"];
n1 -> n10;
n11[label = "CplexTerminal"];
n1 -> n11;
n -> n1;
}


Generation: 3
Best Individual:
Subpopulation 0:
Evaluated: true
Fitness: Standardized=0.036441218 Adjusted=0.96484005 Hits=0
Tree 0:
digraph g {
node [shape=rectangle];
n[label = "Equal"];
n0[label = "If_Then"];
n00[label = "If_Then"];
n000[label = "If_Then_Else"];
n0000[label = "NearestFirstNode"];
n000 -> n0000;
n0001[label = "WorstMove"];
n000 -> n0001;
n0002[label = "CplexTerminal"];
n000 -> n0002;
n00 -> n000;
n001[label = "Equal"];
n0010[label = "CplexTerminal"];
n001 -> n0010;
n0011[label = "NearestFirstNode"];
n001 -> n0011;
n00 -> n001;
n0 -> n00;
n01[label = "Equal"];
n010[label = "FarthestInsertion"];
n01 -> n010;
n011[label = "CplexTerminal"];
n01 -> n011;
n0 -> n01;
n -> n0;
n1[label = "Equal"];
n10[label = "FarthestInsertion"];
n1 -> n10;
n11[label = "CplexTerminal"];
n1 -> n11;
n -> n1;
}


Generation: 4
Best Individual:
Subpopulation 0:
Evaluated: true
Fitness: Standardized=0.036441218 Adjusted=0.96484005 Hits=0
Tree 0:
digraph g {
node [shape=rectangle];
n[label = "Equal"];
n0[label = "If_Then"];
n00[label = "If_Then"];
n000[label = "If_Then_Else"];
n0000[label = "NearestFirstNode"];
n000 -> n0000;
n0001[label = "WorstMove"];
n000 -> n0001;
n0002[label = "CplexTerminal"];
n000 -> n0002;
n00 -> n000;
n001[label = "Equal"];
n0010[label = "CplexTerminal"];
n001 -> n0010;
n0011[label = "NearestFirstNode"];
n001 -> n0011;
n00 -> n001;
n0 -> n00;
n01[label = "Equal"];
n010[label = "FarthestInsertion"];
n01 -> n010;
n011[label = "CplexTerminal"];
n01 -> n011;
n0 -> n01;
n -> n0;
n1[label = "Equal"];
n10[label = "FarthestInsertion"];
n1 -> n10;
n11[label = "CplexTerminal"];
n1 -> n11;
n -> n1;
}


Generation: 5
Best Individual:
Subpopulation 0:
Evaluated: true
Fitness: Standardized=0.036441218 Adjusted=0.96484005 Hits=0
Tree 0:
digraph g {
node [shape=rectangle];
n[label = "Equal"];
n0[label = "If_Then"];
n00[label = "If_Then"];
n000[label = "If_Then_Else"];
n0000[label = "NearestFirstNode"];
n000 -> n0000;
n0001[label = "WorstMove"];
n000 -> n0001;
n0002[label = "CplexTerminal"];
n000 -> n0002;
n00 -> n000;
n001[label = "Equal"];
n0010[label = "CplexTerminal"];
n001 -> n0010;
n0011[label = "NearestFirstNode"];
n001 -> n0011;
n00 -> n001;
n0 -> n00;
n01[label = "Equal"];
n010[label = "FarthestInsertion"];
n01 -> n010;
n011[label = "CplexTerminal"];
n01 -> n011;
n0 -> n01;
n -> n0;
n1[label = "Equal"];
n10[label = "FarthestInsertion"];
n1 -> n10;
n11[label = "CplexTerminal"];
n1 -> n11;
n -> n1;
}


Generation: 6
Best Individual:
Subpopulation 0:
Evaluated: true
Fitness: Standardized=0.025970856 Adjusted=0.9746866 Hits=0
Tree 0:
digraph g {
node [shape=rectangle];
n[label = "Equal"];
n0[label = "If_Then"];
n00[label = "If_Then"];
n000[label = "If_Then_Else"];
n0000[label = "NearestFirstNode"];
n000 -> n0000;
n0001[label = "WorstMove"];
n000 -> n0001;
n0002[label = "CplexTerminal"];
n000 -> n0002;
n00 -> n000;
n001[label = "Equal"];
n0010[label = "CplexTerminal"];
n001 -> n0010;
n0011[label = "NearestFirstNode"];
n001 -> n0011;
n00 -> n001;
n0 -> n00;
n01[label = "And"];
n010[label = "CplexTerminal"];
n01 -> n010;
n011[label = "Equal"];
n0110[label = "NearestFirstNode"];
n011 -> n0110;
n0111[label = "CplexTerminal"];
n011 -> n0111;
n01 -> n011;
n0 -> n01;
n -> n0;
n1[label = "Equal"];
n10[label = "FarthestInsertion"];
n1 -> n10;
n11[label = "CplexTerminal"];
n1 -> n11;
n -> n1;
}


Generation: 7
Best Individual:
Subpopulation 0:
Evaluated: true
Fitness: Standardized=0.025970856 Adjusted=0.9746866 Hits=0
Tree 0:
digraph g {
node [shape=rectangle];
n[label = "Equal"];
n0[label = "If_Then"];
n00[label = "If_Then"];
n000[label = "If_Then_Else"];
n0000[label = "NearestFirstNode"];
n000 -> n0000;
n0001[label = "WorstMove"];
n000 -> n0001;
n0002[label = "CplexTerminal"];
n000 -> n0002;
n00 -> n000;
n001[label = "Equal"];
n0010[label = "CplexTerminal"];
n001 -> n0010;
n0011[label = "NearestFirstNode"];
n001 -> n0011;
n00 -> n001;
n0 -> n00;
n01[label = "And"];
n010[label = "CplexTerminal"];
n01 -> n010;
n011[label = "Equal"];
n0110[label = "NearestFirstNode"];
n011 -> n0110;
n0111[label = "CplexTerminal"];
n011 -> n0111;
n01 -> n011;
n0 -> n01;
n -> n0;
n1[label = "Equal"];
n10[label = "FarthestInsertion"];
n1 -> n10;
n11[label = "CplexTerminal"];
n1 -> n11;
n -> n1;
}


Generation: 8
Best Individual:
Subpopulation 0:
Evaluated: true
Fitness: Standardized=0.025970856 Adjusted=0.9746866 Hits=0
Tree 0:
digraph g {
node [shape=rectangle];
n[label = "Equal"];
n0[label = "If_Then"];
n00[label = "If_Then"];
n000[label = "If_Then_Else"];
n0000[label = "NearestFirstNode"];
n000 -> n0000;
n0001[label = "WorstMove"];
n000 -> n0001;
n0002[label = "CplexTerminal"];
n000 -> n0002;
n00 -> n000;
n001[label = "Equal"];
n0010[label = "CplexTerminal"];
n001 -> n0010;
n0011[label = "NearestFirstNode"];
n001 -> n0011;
n00 -> n001;
n0 -> n00;
n01[label = "And"];
n010[label = "CplexTerminal"];
n01 -> n010;
n011[label = "Equal"];
n0110[label = "NearestFirstNode"];
n011 -> n0110;
n0111[label = "CplexTerminal"];
n011 -> n0111;
n01 -> n011;
n0 -> n01;
n -> n0;
n1[label = "Equal"];
n10[label = "FarthestInsertion"];
n1 -> n10;
n11[label = "CplexTerminal"];
n1 -> n11;
n -> n1;
}


Generation: 9
Best Individual:
Subpopulation 0:
Evaluated: true
Fitness: Standardized=0.025970856 Adjusted=0.9746866 Hits=0
Tree 0:
digraph g {
node [shape=rectangle];
n[label = "Equal"];
n0[label = "If_Then"];
n00[label = "If_Then"];
n000[label = "If_Then_Else"];
n0000[label = "NearestFirstNode"];
n000 -> n0000;
n0001[label = "WorstMove"];
n000 -> n0001;
n0002[label = "CplexTerminal"];
n000 -> n0002;
n00 -> n000;
n001[label = "Equal"];
n0010[label = "CplexTerminal"];
n001 -> n0010;
n0011[label = "NearestFirstNode"];
n001 -> n0011;
n00 -> n001;
n0 -> n00;
n01[label = "And"];
n010[label = "CplexTerminal"];
n01 -> n010;
n011[label = "Equal"];
n0110[label = "NearestFirstNode"];
n011 -> n0110;
n0111[label = "CplexTerminal"];
n011 -> n0111;
n01 -> n011;
n0 -> n01;
n -> n0;
n1[label = "Equal"];
n10[label = "FarthestInsertion"];
n1 -> n10;
n11[label = "CplexTerminal"];
n1 -> n11;
n -> n1;
}


Generation: 10
Best Individual:
Subpopulation 0:
Evaluated: true
Fitness: Standardized=0.025970856 Adjusted=0.9746866 Hits=0
Tree 0:
digraph g {
node [shape=rectangle];
n[label = "Equal"];
n0[label = "If_Then"];
n00[label = "If_Then"];
n000[label = "If_Then_Else"];
n0000[label = "NearestFirstNode"];
n000 -> n0000;
n0001[label = "WorstMove"];
n000 -> n0001;
n0002[label = "CplexTerminal"];
n000 -> n0002;
n00 -> n000;
n001[label = "Equal"];
n0010[label = "CplexTerminal"];
n001 -> n0010;
n0011[label = "NearestFirstNode"];
n001 -> n0011;
n00 -> n001;
n0 -> n00;
n01[label = "And"];
n010[label = "CplexTerminal"];
n01 -> n010;
n011[label = "Equal"];
n0110[label = "NearestFirstNode"];
n011 -> n0110;
n0111[label = "CplexTerminal"];
n011 -> n0111;
n01 -> n011;
n0 -> n01;
n -> n0;
n1[label = "Equal"];
n10[label = "FarthestInsertion"];
n1 -> n10;
n11[label = "CplexTerminal"];
n1 -> n11;
n -> n1;
}


Generation: 11
Best Individual:
Subpopulation 0:
Evaluated: true
Fitness: Standardized=0.025657872 Adjusted=0.974984 Hits=0
Tree 0:
digraph g {
node [shape=rectangle];
n[label = "Equal"];
n0[label = "If_Then"];
n00[label = "If_Then"];
n000[label = "FarthestInsertion"];
n00 -> n000;
n001[label = "Equal"];
n0010[label = "CplexTerminal"];
n001 -> n0010;
n0011[label = "NearestFirstNode"];
n001 -> n0011;
n00 -> n001;
n0 -> n00;
n01[label = "And"];
n010[label = "CplexTerminal"];
n01 -> n010;
n011[label = "Equal"];
n0110[label = "NearestFirstNode"];
n011 -> n0110;
n0111[label = "CplexTerminal"];
n011 -> n0111;
n01 -> n011;
n0 -> n01;
n -> n0;
n1[label = "Equal"];
n10[label = "FarthestInsertion"];
n1 -> n10;
n11[label = "CplexTerminal"];
n1 -> n11;
n -> n1;
}


Generation: 12
Best Individual:
Subpopulation 0:
Evaluated: true
Fitness: Standardized=0.025657872 Adjusted=0.974984 Hits=0
Tree 0:
digraph g {
node [shape=rectangle];
n[label = "Equal"];
n0[label = "If_Then"];
n00[label = "If_Then"];
n000[label = "FarthestInsertion"];
n00 -> n000;
n001[label = "Equal"];
n0010[label = "CplexTerminal"];
n001 -> n0010;
n0011[label = "NearestFirstNode"];
n001 -> n0011;
n00 -> n001;
n0 -> n00;
n01[label = "And"];
n010[label = "CplexTerminal"];
n01 -> n010;
n011[label = "Equal"];
n0110[label = "NearestFirstNode"];
n011 -> n0110;
n0111[label = "CplexTerminal"];
n011 -> n0111;
n01 -> n011;
n0 -> n01;
n -> n0;
n1[label = "Equal"];
n10[label = "FarthestInsertion"];
n1 -> n10;
n11[label = "CplexTerminal"];
n1 -> n11;
n -> n1;
}


Generation: 13
Best Individual:
Subpopulation 0:
Evaluated: true
Fitness: Standardized=0.020495793 Adjusted=0.97991586 Hits=1
Tree 0:
digraph g {
node [shape=rectangle];
n[label = "Equal"];
n0[label = "If_Then"];
n00[label = "If_Then"];
n000[label = "If_Then_Else"];
n0000[label = "NearestFirstNode"];
n000 -> n0000;
n0001[label = "WorstMove"];
n000 -> n0001;
n0002[label = "CplexTerminal"];
n000 -> n0002;
n00 -> n000;
n001[label = "Equal"];
n0010[label = "CplexTerminal"];
n001 -> n0010;
n0011[label = "CplexTerminal"];
n001 -> n0011;
n00 -> n001;
n0 -> n00;
n01[label = "And"];
n010[label = "CplexTerminal"];
n01 -> n010;
n011[label = "Equal"];
n0110[label = "NearestFirstNode"];
n011 -> n0110;
n0111[label = "CplexTerminal"];
n011 -> n0111;
n01 -> n011;
n0 -> n01;
n -> n0;
n1[label = "Equal"];
n10[label = "FarthestInsertion"];
n1 -> n10;
n11[label = "CplexTerminal"];
n1 -> n11;
n -> n1;
}


Generation: 14
Best Individual:
Subpopulation 0:
Evaluated: true
Fitness: Standardized=0.020495793 Adjusted=0.97991586 Hits=1
Tree 0:
digraph g {
node [shape=rectangle];
n[label = "Equal"];
n0[label = "If_Then"];
n00[label = "If_Then"];
n000[label = "If_Then_Else"];
n0000[label = "NearestFirstNode"];
n000 -> n0000;
n0001[label = "WorstMove"];
n000 -> n0001;
n0002[label = "CplexTerminal"];
n000 -> n0002;
n00 -> n000;
n001[label = "Equal"];
n0010[label = "CplexTerminal"];
n001 -> n0010;
n0011[label = "CplexTerminal"];
n001 -> n0011;
n00 -> n001;
n0 -> n00;
n01[label = "And"];
n010[label = "CplexTerminal"];
n01 -> n010;
n011[label = "Equal"];
n0110[label = "NearestFirstNode"];
n011 -> n0110;
n0111[label = "CplexTerminal"];
n011 -> n0111;
n01 -> n011;
n0 -> n01;
n -> n0;
n1[label = "Equal"];
n10[label = "FarthestInsertion"];
n1 -> n10;
n11[label = "CplexTerminal"];
n1 -> n11;
n -> n1;
}


Generation: 15
Best Individual:
Subpopulation 0:
Evaluated: true
Fitness: Standardized=0.020495793 Adjusted=0.97991586 Hits=1
Tree 0:
digraph g {
node [shape=rectangle];
n[label = "Equal"];
n0[label = "If_Then"];
n00[label = "If_Then"];
n000[label = "If_Then_Else"];
n0000[label = "NearestFirstNode"];
n000 -> n0000;
n0001[label = "WorstMove"];
n000 -> n0001;
n0002[label = "CplexTerminal"];
n000 -> n0002;
n00 -> n000;
n001[label = "Equal"];
n0010[label = "CplexTerminal"];
n001 -> n0010;
n0011[label = "CplexTerminal"];
n001 -> n0011;
n00 -> n001;
n0 -> n00;
n01[label = "And"];
n010[label = "CplexTerminal"];
n01 -> n010;
n011[label = "Equal"];
n0110[label = "NearestFirstNode"];
n011 -> n0110;
n0111[label = "CplexTerminal"];
n011 -> n0111;
n01 -> n011;
n0 -> n01;
n -> n0;
n1[label = "Equal"];
n10[label = "FarthestInsertion"];
n1 -> n10;
n11[label = "CplexTerminal"];
n1 -> n11;
n -> n1;
}


Generation: 16
Best Individual:
Subpopulation 0:
Evaluated: true
Fitness: Standardized=0.020495793 Adjusted=0.97991586 Hits=1
Tree 0:
digraph g {
node [shape=rectangle];
n[label = "Equal"];
n0[label = "If_Then"];
n00[label = "If_Then"];
n000[label = "If_Then_Else"];
n0000[label = "NearestFirstNode"];
n000 -> n0000;
n0001[label = "WorstMove"];
n000 -> n0001;
n0002[label = "CplexTerminal"];
n000 -> n0002;
n00 -> n000;
n001[label = "Equal"];
n0010[label = "CplexTerminal"];
n001 -> n0010;
n0011[label = "CplexTerminal"];
n001 -> n0011;
n00 -> n001;
n0 -> n00;
n01[label = "And"];
n010[label = "CplexTerminal"];
n01 -> n010;
n011[label = "Equal"];
n0110[label = "NearestFirstNode"];
n011 -> n0110;
n0111[label = "CplexTerminal"];
n011 -> n0111;
n01 -> n011;
n0 -> n01;
n -> n0;
n1[label = "Equal"];
n10[label = "FarthestInsertion"];
n1 -> n10;
n11[label = "CplexTerminal"];
n1 -> n11;
n -> n1;
}


Generation: 17
Best Individual:
Subpopulation 0:
Evaluated: true
Fitness: Standardized=0.020495793 Adjusted=0.97991586 Hits=1
Tree 0:
digraph g {
node [shape=rectangle];
n[label = "Equal"];
n0[label = "If_Then"];
n00[label = "If_Then"];
n000[label = "If_Then_Else"];
n0000[label = "NearestFirstNode"];
n000 -> n0000;
n0001[label = "WorstMove"];
n000 -> n0001;
n0002[label = "CplexTerminal"];
n000 -> n0002;
n00 -> n000;
n001[label = "Equal"];
n0010[label = "CplexTerminal"];
n001 -> n0010;
n0011[label = "CplexTerminal"];
n001 -> n0011;
n00 -> n001;
n0 -> n00;
n01[label = "And"];
n010[label = "CplexTerminal"];
n01 -> n010;
n011[label = "Equal"];
n0110[label = "NearestFirstNode"];
n011 -> n0110;
n0111[label = "CplexTerminal"];
n011 -> n0111;
n01 -> n011;
n0 -> n01;
n -> n0;
n1[label = "Equal"];
n10[label = "FarthestInsertion"];
n1 -> n10;
n11[label = "CplexTerminal"];
n1 -> n11;
n -> n1;
}


Generation: 18
Best Individual:
Subpopulation 0:
Evaluated: true
Fitness: Standardized=0.01709691 Adjusted=0.98319054 Hits=1
Tree 0:
digraph g {
node [shape=rectangle];
n[label = "Equal"];
n0[label = "If_Then"];
n00[label = "If_Then"];
n000[label = "FarthestInsertion"];
n00 -> n000;
n001[label = "Equal"];
n0010[label = "CplexTerminal"];
n001 -> n0010;
n0011[label = "CplexTerminal"];
n001 -> n0011;
n00 -> n001;
n0 -> n00;
n01[label = "And"];
n010[label = "CplexTerminal"];
n01 -> n010;
n011[label = "Equal"];
n0110[label = "NearestFirstNode"];
n011 -> n0110;
n0111[label = "CplexTerminal"];
n011 -> n0111;
n01 -> n011;
n0 -> n01;
n -> n0;
n1[label = "Equal"];
n10[label = "FarthestInsertion"];
n1 -> n10;
n11[label = "CplexTerminal"];
n1 -> n11;
n -> n1;
}


Generation: 19
Best Individual:
Subpopulation 0:
Evaluated: true
Fitness: Standardized=0.01709691 Adjusted=0.98319054 Hits=1
Tree 0:
digraph g {
node [shape=rectangle];
n[label = "Equal"];
n0[label = "If_Then"];
n00[label = "If_Then"];
n000[label = "FarthestInsertion"];
n00 -> n000;
n001[label = "Equal"];
n0010[label = "CplexTerminal"];
n001 -> n0010;
n0011[label = "CplexTerminal"];
n001 -> n0011;
n00 -> n001;
n0 -> n00;
n01[label = "And"];
n010[label = "CplexTerminal"];
n01 -> n010;
n011[label = "Equal"];
n0110[label = "NearestFirstNode"];
n011 -> n0110;
n0111[label = "CplexTerminal"];
n011 -> n0111;
n01 -> n011;
n0 -> n01;
n -> n0;
n1[label = "Equal"];
n10[label = "FarthestInsertion"];
n1 -> n10;
n11[label = "CplexTerminal"];
n1 -> n11;
n -> n1;
}


Generation: 20
Best Individual:
Subpopulation 0:
Evaluated: true
Fitness: Standardized=0.01709691 Adjusted=0.98319054 Hits=1
Tree 0:
digraph g {
node [shape=rectangle];
n[label = "Equal"];
n0[label = "If_Then"];
n00[label = "If_Then"];
n000[label = "FarthestInsertion"];
n00 -> n000;
n001[label = "Equal"];
n0010[label = "CplexTerminal"];
n001 -> n0010;
n0011[label = "CplexTerminal"];
n001 -> n0011;
n00 -> n001;
n0 -> n00;
n01[label = "And"];
n010[label = "CplexTerminal"];
n01 -> n010;
n011[label = "Equal"];
n0110[label = "NearestFirstNode"];
n011 -> n0110;
n0111[label = "CplexTerminal"];
n011 -> n0111;
n01 -> n011;
n0 -> n01;
n -> n0;
n1[label = "Equal"];
n10[label = "FarthestInsertion"];
n1 -> n10;
n11[label = "CplexTerminal"];
n1 -> n11;
n -> n1;
}


Generation: 21
Best Individual:
Subpopulation 0:
Evaluated: true
Fitness: Standardized=0.01709691 Adjusted=0.98319054 Hits=1
Tree 0:
digraph g {
node [shape=rectangle];
n[label = "Equal"];
n0[label = "If_Then"];
n00[label = "If_Then"];
n000[label = "FarthestInsertion"];
n00 -> n000;
n001[label = "Equal"];
n0010[label = "CplexTerminal"];
n001 -> n0010;
n0011[label = "CplexTerminal"];
n001 -> n0011;
n00 -> n001;
n0 -> n00;
n01[label = "And"];
n010[label = "CplexTerminal"];
n01 -> n010;
n011[label = "Equal"];
n0110[label = "NearestFirstNode"];
n011 -> n0110;
n0111[label = "CplexTerminal"];
n011 -> n0111;
n01 -> n011;
n0 -> n01;
n -> n0;
n1[label = "Equal"];
n10[label = "FarthestInsertion"];
n1 -> n10;
n11[label = "CplexTerminal"];
n1 -> n11;
n -> n1;
}


Generation: 22
Best Individual:
Subpopulation 0:
Evaluated: true
Fitness: Standardized=0.01709691 Adjusted=0.98319054 Hits=1
Tree 0:
digraph g {
node [shape=rectangle];
n[label = "Equal"];
n0[label = "If_Then"];
n00[label = "If_Then"];
n000[label = "FarthestInsertion"];
n00 -> n000;
n001[label = "Equal"];
n0010[label = "CplexTerminal"];
n001 -> n0010;
n0011[label = "CplexTerminal"];
n001 -> n0011;
n00 -> n001;
n0 -> n00;
n01[label = "And"];
n010[label = "CplexTerminal"];
n01 -> n010;
n011[label = "Equal"];
n0110[label = "NearestFirstNode"];
n011 -> n0110;
n0111[label = "CplexTerminal"];
n011 -> n0111;
n01 -> n011;
n0 -> n01;
n -> n0;
n1[label = "Equal"];
n10[label = "FarthestInsertion"];
n1 -> n10;
n11[label = "CplexTerminal"];
n1 -> n11;
n -> n1;
}


Generation: 23
Best Individual:
Subpopulation 0:
Evaluated: true
Fitness: Standardized=0.012810767 Adjusted=0.98735136 Hits=1
Tree 0:
digraph g {
node [shape=rectangle];
n[label = "If_Then"];
n0[label = "If_Then"];
n00[label = "NearestFirstNode"];
n0 -> n00;
n01[label = "Equal"];
n010[label = "CplexTerminal"];
n01 -> n010;
n011[label = "CplexTerminal"];
n01 -> n011;
n0 -> n01;
n -> n0;
n1[label = "And"];
n10[label = "CplexTerminal"];
n1 -> n10;
n11[label = "And"];
n110[label = "CplexTerminal"];
n11 -> n110;
n111[label = "Equal"];
n1110[label = "FarthestInsertion"];
n111 -> n1110;
n1111[label = "CplexTerminal"];
n111 -> n1111;
n11 -> n111;
n1 -> n11;
n -> n1;
}


Generation: 24
Best Individual:
Subpopulation 0:
Evaluated: true
Fitness: Standardized=0.012810767 Adjusted=0.98735136 Hits=1
Tree 0:
digraph g {
node [shape=rectangle];
n[label = "If_Then"];
n0[label = "If_Then"];
n00[label = "NearestFirstNode"];
n0 -> n00;
n01[label = "Equal"];
n010[label = "CplexTerminal"];
n01 -> n010;
n011[label = "CplexTerminal"];
n01 -> n011;
n0 -> n01;
n -> n0;
n1[label = "And"];
n10[label = "CplexTerminal"];
n1 -> n10;
n11[label = "And"];
n110[label = "CplexTerminal"];
n11 -> n110;
n111[label = "Equal"];
n1110[label = "FarthestInsertion"];
n111 -> n1110;
n1111[label = "CplexTerminal"];
n111 -> n1111;
n11 -> n111;
n1 -> n11;
n -> n1;
}


Generation: 25
Best Individual:
Subpopulation 0:
Evaluated: true
Fitness: Standardized=0.012810767 Adjusted=0.98735136 Hits=1
Tree 0:
digraph g {
node [shape=rectangle];
n[label = "If_Then"];
n0[label = "If_Then"];
n00[label = "NearestFirstNode"];
n0 -> n00;
n01[label = "Equal"];
n010[label = "CplexTerminal"];
n01 -> n010;
n011[label = "CplexTerminal"];
n01 -> n011;
n0 -> n01;
n -> n0;
n1[label = "And"];
n10[label = "CplexTerminal"];
n1 -> n10;
n11[label = "And"];
n110[label = "CplexTerminal"];
n11 -> n110;
n111[label = "Equal"];
n1110[label = "FarthestInsertion"];
n111 -> n1110;
n1111[label = "CplexTerminal"];
n111 -> n1111;
n11 -> n111;
n1 -> n11;
n -> n1;
}


Generation: 26
Best Individual:
Subpopulation 0:
Evaluated: true
Fitness: Standardized=0.012810767 Adjusted=0.98735136 Hits=1
Tree 0:
digraph g {
node [shape=rectangle];
n[label = "If_Then"];
n0[label = "If_Then"];
n00[label = "NearestFirstNode"];
n0 -> n00;
n01[label = "Equal"];
n010[label = "CplexTerminal"];
n01 -> n010;
n011[label = "CplexTerminal"];
n01 -> n011;
n0 -> n01;
n -> n0;
n1[label = "And"];
n10[label = "CplexTerminal"];
n1 -> n10;
n11[label = "And"];
n110[label = "CplexTerminal"];
n11 -> n110;
n111[label = "Equal"];
n1110[label = "FarthestInsertion"];
n111 -> n1110;
n1111[label = "CplexTerminal"];
n111 -> n1111;
n11 -> n111;
n1 -> n11;
n -> n1;
}


Generation: 27
Best Individual:
Subpopulation 0:
Evaluated: true
Fitness: Standardized=0.011218644 Adjusted=0.9889058 Hits=2
Tree 0:
digraph g {
node [shape=rectangle];
n[label = "Equal"];
n0[label = "If_Then"];
n00[label = "If_Then"];
n000[label = "FarthestInsertion"];
n00 -> n000;
n001[label = "Equal"];
n0010[label = "CplexTerminal"];
n001 -> n0010;
n0011[label = "CplexTerminal"];
n001 -> n0011;
n00 -> n001;
n0 -> n00;
n01[label = "And"];
n010[label = "CplexTerminal"];
n01 -> n010;
n011[label = "Equal"];
n0110[label = "NearestFirstNode"];
n011 -> n0110;
n0111[label = "NearestFirstNode"];
n011 -> n0111;
n01 -> n011;
n0 -> n01;
n -> n0;
n1[label = "Equal"];
n10[label = "CplexTerminal"];
n1 -> n10;
n11[label = "Equal"];
n110[label = "CplexTerminal"];
n11 -> n110;
n111[label = "CplexTerminal"];
n11 -> n111;
n1 -> n11;
n -> n1;
}


Generation: 28
Best Individual:
Subpopulation 0:
Evaluated: true
Fitness: Standardized=0.011218644 Adjusted=0.9889058 Hits=2
Tree 0:
digraph g {
node [shape=rectangle];
n[label = "Equal"];
n0[label = "If_Then"];
n00[label = "If_Then"];
n000[label = "FarthestInsertion"];
n00 -> n000;
n001[label = "Equal"];
n0010[label = "CplexTerminal"];
n001 -> n0010;
n0011[label = "CplexTerminal"];
n001 -> n0011;
n00 -> n001;
n0 -> n00;
n01[label = "And"];
n010[label = "CplexTerminal"];
n01 -> n010;
n011[label = "Equal"];
n0110[label = "NearestFirstNode"];
n011 -> n0110;
n0111[label = "NearestFirstNode"];
n011 -> n0111;
n01 -> n011;
n0 -> n01;
n -> n0;
n1[label = "Equal"];
n10[label = "CplexTerminal"];
n1 -> n10;
n11[label = "Equal"];
n110[label = "CplexTerminal"];
n11 -> n110;
n111[label = "CplexTerminal"];
n11 -> n111;
n1 -> n11;
n -> n1;
}


Generation: 29
Best Individual:
Subpopulation 0:
Evaluated: true
Fitness: Standardized=0.011218644 Adjusted=0.9889058 Hits=2
Tree 0:
digraph g {
node [shape=rectangle];
n[label = "Equal"];
n0[label = "If_Then"];
n00[label = "If_Then"];
n000[label = "FarthestInsertion"];
n00 -> n000;
n001[label = "Equal"];
n0010[label = "CplexTerminal"];
n001 -> n0010;
n0011[label = "CplexTerminal"];
n001 -> n0011;
n00 -> n001;
n0 -> n00;
n01[label = "And"];
n010[label = "CplexTerminal"];
n01 -> n010;
n011[label = "Equal"];
n0110[label = "NearestFirstNode"];
n011 -> n0110;
n0111[label = "NearestFirstNode"];
n011 -> n0111;
n01 -> n011;
n0 -> n01;
n -> n0;
n1[label = "Equal"];
n10[label = "CplexTerminal"];
n1 -> n10;
n11[label = "Equal"];
n110[label = "CplexTerminal"];
n11 -> n110;
n111[label = "CplexTerminal"];
n11 -> n111;
n1 -> n11;
n -> n1;
}


Best Individual of Run:
Subpopulation 0:
Evaluated: true
Fitness: Standardized=0.011218644 Adjusted=0.9889058 Hits=2
Tree 0:
digraph g {
node [shape=rectangle];
n[label = "Equal"];
n0[label = "If_Then"];
n00[label = "If_Then"];
n000[label = "FarthestInsertion"];
n00 -> n000;
n001[label = "Equal"];
n0010[label = "CplexTerminal"];
n001 -> n0010;
n0011[label = "CplexTerminal"];
n001 -> n0011;
n00 -> n001;
n0 -> n00;
n01[label = "And"];
n010[label = "CplexTerminal"];
n01 -> n010;
n011[label = "Equal"];
n0110[label = "NearestFirstNode"];
n011 -> n0110;
n0111[label = "NearestFirstNode"];
n011 -> n0111;
n01 -> n011;
n0 -> n01;
n -> n0;
n1[label = "Equal"];
n10[label = "CplexTerminal"];
n1 -> n10;
n11[label = "Equal"];
n110[label = "CplexTerminal"];
n11 -> n110;
n111[label = "CplexTerminal"];
n11 -> n111;
n1 -> n11;
n -> n1;
}

