
Generation: 0
Best Individual:
Subpopulation 0:
Evaluated: true
Fitness: Standardized=0.30416086 Adjusted=0.7667766 Hits=0
Tree 0:
digraph g {
node [shape=rectangle];
n[label = "Or"];
n0[label = "Or"];
n00[label = "If_Then"];
n000[label = "And"];
n0000[label = "FarthestFirstNode"];
n000 -> n0000;
n0001[label = "NearestNeighbor"];
n000 -> n0001;
n00 -> n000;
n001[label = "While"];
n0010[label = "NearestFirstNode"];
n001 -> n0010;
n0011[label = "NearestFirstNode"];
n001 -> n0011;
n00 -> n001;
n0 -> n00;
n01[label = "And"];
n010[label = "Or"];
n0100[label = "FarthestNeighbor"];
n010 -> n0100;
n0101[label = "NearestNeighbor"];
n010 -> n0101;
n01 -> n010;
n011[label = "While"];
n0110[label = "WorstMove"];
n011 -> n0110;
n0111[label = "NearestInsertion"];
n011 -> n0111;
n01 -> n011;
n0 -> n01;
n -> n0;
n1[label = "Or"];
n10[label = "And"];
n100[label = "While"];
n1000[label = "FarthestNeighbor"];
n100 -> n1000;
n1001[label = "BestMove"];
n100 -> n1001;
n10 -> n100;
n101[label = "And"];
n1010[label = "BestMove"];
n101 -> n1010;
n1011[label = "NearestInsertion"];
n101 -> n1011;
n10 -> n101;
n1 -> n10;
n11[label = "And"];
n110[label = "If_Then_Else"];
n1100[label = "NearestInsertion"];
n110 -> n1100;
n1101[label = "WorstMove"];
n110 -> n1101;
n1102[label = "NearestFirstNode"];
n110 -> n1102;
n11 -> n110;
n111[label = "If_Then"];
n1110[label = "BestMove"];
n111 -> n1110;
n1111[label = "WorstMove"];
n111 -> n1111;
n11 -> n111;
n1 -> n11;
n -> n1;
}


Generation: 1
Best Individual:
Subpopulation 0:
Evaluated: true
Fitness: Standardized=0.27119634 Adjusted=0.78666055 Hits=0
Tree 0:
digraph g {
node [shape=rectangle];
n[label = "If_Then"];
n0[label = "Or"];
n00[label = "While"];
n000[label = "NearestInsertion"];
n00 -> n000;
n001[label = "NearestFirstNode"];
n00 -> n001;
n0 -> n00;
n01[label = "While"];
n010[label = "BestMove"];
n01 -> n010;
n011[label = "NearestInsertion"];
n01 -> n011;
n0 -> n01;
n -> n0;
n1[label = "If_Then_Else"];
n10[label = "If_Then"];
n100[label = "NearestInsertion"];
n10 -> n100;
n101[label = "NearestNeighbor"];
n10 -> n101;
n1 -> n10;
n11[label = "If_Then_Else"];
n110[label = "NearestInsertion"];
n11 -> n110;
n111[label = "NearestNeighbor"];
n11 -> n111;
n112[label = "FarthestInsertion"];
n11 -> n112;
n1 -> n11;
n12[label = "Or"];
n120[label = "FarthestInsertion"];
n12 -> n120;
n121[label = "FarthestInsertion"];
n12 -> n121;
n1 -> n12;
n -> n1;
}


Generation: 2
Best Individual:
Subpopulation 0:
Evaluated: true
Fitness: Standardized=0.27119634 Adjusted=0.78666055 Hits=0
Tree 0:
digraph g {
node [shape=rectangle];
n[label = "Or"];
n0[label = "If_Then"];
n00[label = "Or"];
n000[label = "While"];
n0000[label = "NearestInsertion"];
n000 -> n0000;
n0001[label = "NearestFirstNode"];
n000 -> n0001;
n00 -> n000;
n001[label = "While"];
n0010[label = "BestMove"];
n001 -> n0010;
n0011[label = "NearestInsertion"];
n001 -> n0011;
n00 -> n001;
n0 -> n00;
n01[label = "If_Then_Else"];
n010[label = "If_Then"];
n0100[label = "NearestInsertion"];
n010 -> n0100;
n0101[label = "NearestNeighbor"];
n010 -> n0101;
n01 -> n010;
n011[label = "If_Then_Else"];
n0110[label = "NearestInsertion"];
n011 -> n0110;
n0111[label = "NearestNeighbor"];
n011 -> n0111;
n0112[label = "FarthestInsertion"];
n011 -> n0112;
n01 -> n011;
n012[label = "Or"];
n0120[label = "FarthestInsertion"];
n012 -> n0120;
n0121[label = "FarthestInsertion"];
n012 -> n0121;
n01 -> n012;
n0 -> n01;
n -> n0;
n1[label = "Or"];
n10[label = "And"];
n100[label = "While"];
n1000[label = "FarthestNeighbor"];
n100 -> n1000;
n1001[label = "BestMove"];
n100 -> n1001;
n10 -> n100;
n101[label = "And"];
n1010[label = "BestMove"];
n101 -> n1010;
n1011[label = "NearestInsertion"];
n101 -> n1011;
n10 -> n101;
n1 -> n10;
n11[label = "And"];
n110[label = "If_Then_Else"];
n1100[label = "NearestInsertion"];
n110 -> n1100;
n1101[label = "WorstMove"];
n110 -> n1101;
n1102[label = "NearestFirstNode"];
n110 -> n1102;
n11 -> n110;
n111[label = "If_Then"];
n1110[label = "BestMove"];
n111 -> n1110;
n1111[label = "WorstMove"];
n111 -> n1111;
n11 -> n111;
n1 -> n11;
n -> n1;
}


Generation: 3
Best Individual:
Subpopulation 0:
Evaluated: true
Fitness: Standardized=0.22367594 Adjusted=0.8172098 Hits=0
Tree 0:
digraph g {
node [shape=rectangle];
n[label = "If_Then_Else"];
n0[label = "While"];
n00[label = "If_Then_Else"];
n000[label = "BestMove"];
n00 -> n000;
n001[label = "NearestFirstNode"];
n00 -> n001;
n002[label = "FarthestNeighbor"];
n00 -> n002;
n0 -> n00;
n01[label = "NearestFirstNode"];
n0 -> n01;
n -> n0;
n1[label = "Or"];
n10[label = "NearestInsertion"];
n1 -> n10;
n11[label = "FarthestNeighbor"];
n1 -> n11;
n -> n1;
n2[label = "FarthestFirstNode"];
n -> n2;
}


Generation: 4
Best Individual:
Subpopulation 0:
Evaluated: true
Fitness: Standardized=0.22367594 Adjusted=0.8172098 Hits=0
Tree 0:
digraph g {
node [shape=rectangle];
n[label = "If_Then_Else"];
n0[label = "While"];
n00[label = "If_Then_Else"];
n000[label = "BestMove"];
n00 -> n000;
n001[label = "NearestFirstNode"];
n00 -> n001;
n002[label = "FarthestNeighbor"];
n00 -> n002;
n0 -> n00;
n01[label = "NearestFirstNode"];
n0 -> n01;
n -> n0;
n1[label = "Or"];
n10[label = "NearestInsertion"];
n1 -> n10;
n11[label = "FarthestNeighbor"];
n1 -> n11;
n -> n1;
n2[label = "FarthestFirstNode"];
n -> n2;
}


Generation: 5
Best Individual:
Subpopulation 0:
Evaluated: true
Fitness: Standardized=0.22367594 Adjusted=0.8172098 Hits=0
Tree 0:
digraph g {
node [shape=rectangle];
n[label = "If_Then_Else"];
n0[label = "While"];
n00[label = "If_Then_Else"];
n000[label = "BestMove"];
n00 -> n000;
n001[label = "NearestFirstNode"];
n00 -> n001;
n002[label = "FarthestNeighbor"];
n00 -> n002;
n0 -> n00;
n01[label = "NearestFirstNode"];
n0 -> n01;
n -> n0;
n1[label = "While"];
n10[label = "BestMove"];
n1 -> n10;
n11[label = "NearestInsertion"];
n1 -> n11;
n -> n1;
n2[label = "FarthestFirstNode"];
n -> n2;
}


Generation: 6
Best Individual:
Subpopulation 0:
Evaluated: true
Fitness: Standardized=0.1798931 Adjusted=0.84753436 Hits=0
Tree 0:
digraph g {
node [shape=rectangle];
n[label = "If_Then_Else"];
n0[label = "While"];
n00[label = "And"];
n000[label = "FarthestFirstNode"];
n00 -> n000;
n001[label = "NearestNeighbor"];
n00 -> n001;
n0 -> n00;
n01[label = "NearestFirstNode"];
n0 -> n01;
n -> n0;
n1[label = "While"];
n10[label = "BestMove"];
n1 -> n10;
n11[label = "NearestInsertion"];
n1 -> n11;
n -> n1;
n2[label = "FarthestFirstNode"];
n -> n2;
}


Generation: 7
Best Individual:
Subpopulation 0:
Evaluated: true
Fitness: Standardized=0.1798931 Adjusted=0.84753436 Hits=0
Tree 0:
digraph g {
node [shape=rectangle];
n[label = "If_Then_Else"];
n0[label = "While"];
n00[label = "And"];
n000[label = "FarthestFirstNode"];
n00 -> n000;
n001[label = "NearestNeighbor"];
n00 -> n001;
n0 -> n00;
n01[label = "NearestFirstNode"];
n0 -> n01;
n -> n0;
n1[label = "While"];
n10[label = "BestMove"];
n1 -> n10;
n11[label = "NearestInsertion"];
n1 -> n11;
n -> n1;
n2[label = "FarthestFirstNode"];
n -> n2;
}


Generation: 8
Best Individual:
Subpopulation 0:
Evaluated: true
Fitness: Standardized=0.1798931 Adjusted=0.84753436 Hits=0
Tree 0:
digraph g {
node [shape=rectangle];
n[label = "If_Then_Else"];
n0[label = "While"];
n00[label = "And"];
n000[label = "FarthestFirstNode"];
n00 -> n000;
n001[label = "NearestNeighbor"];
n00 -> n001;
n0 -> n00;
n01[label = "NearestFirstNode"];
n0 -> n01;
n -> n0;
n1[label = "While"];
n10[label = "BestMove"];
n1 -> n10;
n11[label = "NearestInsertion"];
n1 -> n11;
n -> n1;
n2[label = "FarthestFirstNode"];
n -> n2;
}


Generation: 9
Best Individual:
Subpopulation 0:
Evaluated: true
Fitness: Standardized=0.1798931 Adjusted=0.84753436 Hits=0
Tree 0:
digraph g {
node [shape=rectangle];
n[label = "If_Then_Else"];
n0[label = "While"];
n00[label = "And"];
n000[label = "FarthestFirstNode"];
n00 -> n000;
n001[label = "NearestNeighbor"];
n00 -> n001;
n0 -> n00;
n01[label = "NearestFirstNode"];
n0 -> n01;
n -> n0;
n1[label = "While"];
n10[label = "BestMove"];
n1 -> n10;
n11[label = "NearestInsertion"];
n1 -> n11;
n -> n1;
n2[label = "FarthestFirstNode"];
n -> n2;
}


Generation: 10
Best Individual:
Subpopulation 0:
Evaluated: true
Fitness: Standardized=0.1798931 Adjusted=0.84753436 Hits=0
Tree 0:
digraph g {
node [shape=rectangle];
n[label = "If_Then_Else"];
n0[label = "While"];
n00[label = "And"];
n000[label = "FarthestFirstNode"];
n00 -> n000;
n001[label = "NearestNeighbor"];
n00 -> n001;
n0 -> n00;
n01[label = "NearestFirstNode"];
n0 -> n01;
n -> n0;
n1[label = "While"];
n10[label = "BestMove"];
n1 -> n10;
n11[label = "NearestInsertion"];
n1 -> n11;
n -> n1;
n2[label = "FarthestFirstNode"];
n -> n2;
}


Generation: 11
Best Individual:
Subpopulation 0:
Evaluated: true
Fitness: Standardized=0.1786651 Adjusted=0.8484174 Hits=0
Tree 0:
digraph g {
node [shape=rectangle];
n[label = "If_Then_Else"];
n0[label = "While"];
n00[label = "If_Then_Else"];
n000[label = "While"];
n0000[label = "BestMove"];
n000 -> n0000;
n0001[label = "NearestInsertion"];
n000 -> n0001;
n00 -> n000;
n001[label = "And"];
n0010[label = "FarthestFirstNode"];
n001 -> n0010;
n0011[label = "NearestNeighbor"];
n001 -> n0011;
n00 -> n001;
n002[label = "And"];
n0020[label = "FarthestFirstNode"];
n002 -> n0020;
n0021[label = "NearestNeighbor"];
n002 -> n0021;
n00 -> n002;
n0 -> n00;
n01[label = "NearestFirstNode"];
n0 -> n01;
n -> n0;
n1[label = "NearestInsertion"];
n -> n1;
n2[label = "FarthestFirstNode"];
n -> n2;
}


Generation: 12
Best Individual:
Subpopulation 0:
Evaluated: true
Fitness: Standardized=0.1786651 Adjusted=0.8484174 Hits=0
Tree 0:
digraph g {
node [shape=rectangle];
n[label = "If_Then_Else"];
n0[label = "While"];
n00[label = "If_Then_Else"];
n000[label = "While"];
n0000[label = "BestMove"];
n000 -> n0000;
n0001[label = "NearestInsertion"];
n000 -> n0001;
n00 -> n000;
n001[label = "And"];
n0010[label = "FarthestFirstNode"];
n001 -> n0010;
n0011[label = "NearestNeighbor"];
n001 -> n0011;
n00 -> n001;
n002[label = "And"];
n0020[label = "FarthestFirstNode"];
n002 -> n0020;
n0021[label = "NearestNeighbor"];
n002 -> n0021;
n00 -> n002;
n0 -> n00;
n01[label = "NearestFirstNode"];
n0 -> n01;
n -> n0;
n1[label = "NearestInsertion"];
n -> n1;
n2[label = "FarthestFirstNode"];
n -> n2;
}


Generation: 13
Best Individual:
Subpopulation 0:
Evaluated: true
Fitness: Standardized=0.15823804 Adjusted=0.8633804 Hits=0
Tree 0:
digraph g {
node [shape=rectangle];
n[label = "If_Then_Else"];
n0[label = "If_Then_Else"];
n00[label = "While"];
n000[label = "And"];
n0000[label = "FarthestFirstNode"];
n000 -> n0000;
n0001[label = "NearestNeighbor"];
n000 -> n0001;
n00 -> n000;
n001[label = "NearestInsertion"];
n00 -> n001;
n0 -> n00;
n01[label = "While"];
n010[label = "BestMove"];
n01 -> n010;
n011[label = "NearestInsertion"];
n01 -> n011;
n0 -> n01;
n02[label = "FarthestFirstNode"];
n0 -> n02;
n -> n0;
n1[label = "If_Then_Else"];
n10[label = "BestMove"];
n1 -> n10;
n11[label = "NearestFirstNode"];
n1 -> n11;
n12[label = "If_Then_Else"];
n120[label = "BestMove"];
n12 -> n120;
n121[label = "NearestFirstNode"];
n12 -> n121;
n122[label = "FarthestNeighbor"];
n12 -> n122;
n1 -> n12;
n -> n1;
n2[label = "FarthestFirstNode"];
n -> n2;
}


Generation: 14
Best Individual:
Subpopulation 0:
Evaluated: true
Fitness: Standardized=0.15823804 Adjusted=0.8633804 Hits=0
Tree 0:
digraph g {
node [shape=rectangle];
n[label = "If_Then_Else"];
n0[label = "If_Then_Else"];
n00[label = "While"];
n000[label = "And"];
n0000[label = "FarthestFirstNode"];
n000 -> n0000;
n0001[label = "NearestNeighbor"];
n000 -> n0001;
n00 -> n000;
n001[label = "NearestInsertion"];
n00 -> n001;
n0 -> n00;
n01[label = "While"];
n010[label = "BestMove"];
n01 -> n010;
n011[label = "NearestInsertion"];
n01 -> n011;
n0 -> n01;
n02[label = "FarthestFirstNode"];
n0 -> n02;
n -> n0;
n1[label = "While"];
n10[label = "And"];
n100[label = "FarthestFirstNode"];
n10 -> n100;
n101[label = "NearestNeighbor"];
n10 -> n101;
n1 -> n10;
n11[label = "NearestFirstNode"];
n1 -> n11;
n -> n1;
n2[label = "FarthestFirstNode"];
n -> n2;
}


Generation: 15
Best Individual:
Subpopulation 0:
Evaluated: true
Fitness: Standardized=0.15823804 Adjusted=0.8633804 Hits=0
Tree 0:
digraph g {
node [shape=rectangle];
n[label = "If_Then_Else"];
n0[label = "If_Then_Else"];
n00[label = "While"];
n000[label = "And"];
n0000[label = "FarthestFirstNode"];
n000 -> n0000;
n0001[label = "NearestNeighbor"];
n000 -> n0001;
n00 -> n000;
n001[label = "NearestInsertion"];
n00 -> n001;
n0 -> n00;
n01[label = "While"];
n010[label = "BestMove"];
n01 -> n010;
n011[label = "NearestInsertion"];
n01 -> n011;
n0 -> n01;
n02[label = "FarthestFirstNode"];
n0 -> n02;
n -> n0;
n1[label = "If_Then_Else"];
n10[label = "BestMove"];
n1 -> n10;
n11[label = "NearestFirstNode"];
n1 -> n11;
n12[label = "If_Then_Else"];
n120[label = "BestMove"];
n12 -> n120;
n121[label = "NearestFirstNode"];
n12 -> n121;
n122[label = "FarthestNeighbor"];
n12 -> n122;
n1 -> n12;
n -> n1;
n2[label = "FarthestFirstNode"];
n -> n2;
}


Generation: 16
Best Individual:
Subpopulation 0:
Evaluated: true
Fitness: Standardized=0.14777955 Adjusted=0.8712474 Hits=0
Tree 0:
digraph g {
node [shape=rectangle];
n[label = "If_Then_Else"];
n0[label = "While"];
n00[label = "If_Then_Else"];
n000[label = "NearestInsertion"];
n00 -> n000;
n001[label = "And"];
n0010[label = "FarthestFirstNode"];
n001 -> n0010;
n0011[label = "NearestNeighbor"];
n001 -> n0011;
n00 -> n001;
n002[label = "And"];
n0020[label = "FarthestFirstNode"];
n002 -> n0020;
n0021[label = "NearestNeighbor"];
n002 -> n0021;
n00 -> n002;
n0 -> n00;
n01[label = "NearestFirstNode"];
n0 -> n01;
n -> n0;
n1[label = "NearestInsertion"];
n -> n1;
n2[label = "While"];
n20[label = "And"];
n200[label = "FarthestFirstNode"];
n20 -> n200;
n201[label = "NearestNeighbor"];
n20 -> n201;
n2 -> n20;
n21[label = "NearestInsertion"];
n2 -> n21;
n -> n2;
}


Generation: 17
Best Individual:
Subpopulation 0:
Evaluated: true
Fitness: Standardized=0.12934625 Adjusted=0.885468 Hits=0
Tree 0:
digraph g {
node [shape=rectangle];
n[label = "If_Then_Else"];
n0[label = "While"];
n00[label = "If_Then_Else"];
n000[label = "While"];
n0000[label = "BestMove"];
n000 -> n0000;
n0001[label = "NearestInsertion"];
n000 -> n0001;
n00 -> n000;
n001[label = "While"];
n0010[label = "WorstMove"];
n001 -> n0010;
n0011[label = "NearestNeighbor"];
n001 -> n0011;
n00 -> n001;
n002[label = "And"];
n0020[label = "FarthestFirstNode"];
n002 -> n0020;
n0021[label = "NearestNeighbor"];
n002 -> n0021;
n00 -> n002;
n0 -> n00;
n01[label = "NearestFirstNode"];
n0 -> n01;
n -> n0;
n1[label = "NearestInsertion"];
n -> n1;
n2[label = "FarthestFirstNode"];
n -> n2;
}


Generation: 18
Best Individual:
Subpopulation 0:
Evaluated: true
Fitness: Standardized=0.12934625 Adjusted=0.885468 Hits=0
Tree 0:
digraph g {
node [shape=rectangle];
n[label = "If_Then_Else"];
n0[label = "While"];
n00[label = "If_Then_Else"];
n000[label = "While"];
n0000[label = "BestMove"];
n000 -> n0000;
n0001[label = "NearestInsertion"];
n000 -> n0001;
n00 -> n000;
n001[label = "While"];
n0010[label = "WorstMove"];
n001 -> n0010;
n0011[label = "NearestNeighbor"];
n001 -> n0011;
n00 -> n001;
n002[label = "And"];
n0020[label = "FarthestFirstNode"];
n002 -> n0020;
n0021[label = "NearestNeighbor"];
n002 -> n0021;
n00 -> n002;
n0 -> n00;
n01[label = "NearestFirstNode"];
n0 -> n01;
n -> n0;
n1[label = "NearestInsertion"];
n -> n1;
n2[label = "FarthestFirstNode"];
n -> n2;
}


Generation: 19
Best Individual:
Subpopulation 0:
Evaluated: true
Fitness: Standardized=0.12934625 Adjusted=0.885468 Hits=0
Tree 0:
digraph g {
node [shape=rectangle];
n[label = "If_Then_Else"];
n0[label = "While"];
n00[label = "If_Then_Else"];
n000[label = "While"];
n0000[label = "BestMove"];
n000 -> n0000;
n0001[label = "NearestInsertion"];
n000 -> n0001;
n00 -> n000;
n001[label = "While"];
n0010[label = "WorstMove"];
n001 -> n0010;
n0011[label = "NearestNeighbor"];
n001 -> n0011;
n00 -> n001;
n002[label = "And"];
n0020[label = "FarthestFirstNode"];
n002 -> n0020;
n0021[label = "NearestNeighbor"];
n002 -> n0021;
n00 -> n002;
n0 -> n00;
n01[label = "NearestFirstNode"];
n0 -> n01;
n -> n0;
n1[label = "NearestInsertion"];
n -> n1;
n2[label = "FarthestFirstNode"];
n -> n2;
}


Generation: 20
Best Individual:
Subpopulation 0:
Evaluated: true
Fitness: Standardized=0.12934625 Adjusted=0.885468 Hits=0
Tree 0:
digraph g {
node [shape=rectangle];
n[label = "If_Then_Else"];
n0[label = "While"];
n00[label = "If_Then_Else"];
n000[label = "While"];
n0000[label = "BestMove"];
n000 -> n0000;
n0001[label = "NearestInsertion"];
n000 -> n0001;
n00 -> n000;
n001[label = "While"];
n0010[label = "WorstMove"];
n001 -> n0010;
n0011[label = "NearestNeighbor"];
n001 -> n0011;
n00 -> n001;
n002[label = "And"];
n0020[label = "FarthestFirstNode"];
n002 -> n0020;
n0021[label = "NearestNeighbor"];
n002 -> n0021;
n00 -> n002;
n0 -> n00;
n01[label = "NearestFirstNode"];
n0 -> n01;
n -> n0;
n1[label = "NearestInsertion"];
n -> n1;
n2[label = "FarthestFirstNode"];
n -> n2;
}


Generation: 21
Best Individual:
Subpopulation 0:
Evaluated: true
Fitness: Standardized=0.12934625 Adjusted=0.885468 Hits=0
Tree 0:
digraph g {
node [shape=rectangle];
n[label = "If_Then_Else"];
n0[label = "While"];
n00[label = "If_Then_Else"];
n000[label = "While"];
n0000[label = "BestMove"];
n000 -> n0000;
n0001[label = "NearestInsertion"];
n000 -> n0001;
n00 -> n000;
n001[label = "While"];
n0010[label = "WorstMove"];
n001 -> n0010;
n0011[label = "NearestNeighbor"];
n001 -> n0011;
n00 -> n001;
n002[label = "And"];
n0020[label = "FarthestFirstNode"];
n002 -> n0020;
n0021[label = "NearestNeighbor"];
n002 -> n0021;
n00 -> n002;
n0 -> n00;
n01[label = "NearestFirstNode"];
n0 -> n01;
n -> n0;
n1[label = "NearestInsertion"];
n -> n1;
n2[label = "FarthestFirstNode"];
n -> n2;
}


Generation: 22
Best Individual:
Subpopulation 0:
Evaluated: true
Fitness: Standardized=0.05470715 Adjusted=0.9481305 Hits=1
Tree 0:
digraph g {
node [shape=rectangle];
n[label = "If_Then_Else"];
n0[label = "While"];
n00[label = "If_Then_Else"];
n000[label = "While"];
n0000[label = "BestMove"];
n000 -> n0000;
n0001[label = "NearestInsertion"];
n000 -> n0001;
n00 -> n000;
n001[label = "While"];
n0010[label = "WorstMove"];
n001 -> n0010;
n0011[label = "NearestNeighbor"];
n001 -> n0011;
n00 -> n001;
n002[label = "And"];
n0020[label = "FarthestFirstNode"];
n002 -> n0020;
n0021[label = "FarthestFirstNode"];
n002 -> n0021;
n00 -> n002;
n0 -> n00;
n01[label = "NearestFirstNode"];
n0 -> n01;
n -> n0;
n1[label = "NearestInsertion"];
n -> n1;
n2[label = "FarthestFirstNode"];
n -> n2;
}


Generation: 23
Best Individual:
Subpopulation 0:
Evaluated: true
Fitness: Standardized=0.05470715 Adjusted=0.9481305 Hits=1
Tree 0:
digraph g {
node [shape=rectangle];
n[label = "If_Then_Else"];
n0[label = "While"];
n00[label = "If_Then_Else"];
n000[label = "While"];
n0000[label = "BestMove"];
n000 -> n0000;
n0001[label = "NearestInsertion"];
n000 -> n0001;
n00 -> n000;
n001[label = "While"];
n0010[label = "WorstMove"];
n001 -> n0010;
n0011[label = "NearestNeighbor"];
n001 -> n0011;
n00 -> n001;
n002[label = "And"];
n0020[label = "FarthestFirstNode"];
n002 -> n0020;
n0021[label = "FarthestFirstNode"];
n002 -> n0021;
n00 -> n002;
n0 -> n00;
n01[label = "NearestFirstNode"];
n0 -> n01;
n -> n0;
n1[label = "And"];
n10[label = "FarthestFirstNode"];
n1 -> n10;
n11[label = "NearestNeighbor"];
n1 -> n11;
n -> n1;
n2[label = "FarthestFirstNode"];
n -> n2;
}


Generation: 24
Best Individual:
Subpopulation 0:
Evaluated: true
Fitness: Standardized=0.05470715 Adjusted=0.9481305 Hits=1
Tree 0:
digraph g {
node [shape=rectangle];
n[label = "If_Then_Else"];
n0[label = "While"];
n00[label = "If_Then_Else"];
n000[label = "While"];
n0000[label = "BestMove"];
n000 -> n0000;
n0001[label = "NearestInsertion"];
n000 -> n0001;
n00 -> n000;
n001[label = "While"];
n0010[label = "WorstMove"];
n001 -> n0010;
n0011[label = "NearestNeighbor"];
n001 -> n0011;
n00 -> n001;
n002[label = "And"];
n0020[label = "FarthestFirstNode"];
n002 -> n0020;
n0021[label = "FarthestFirstNode"];
n002 -> n0021;
n00 -> n002;
n0 -> n00;
n01[label = "NearestFirstNode"];
n0 -> n01;
n -> n0;
n1[label = "NearestInsertion"];
n -> n1;
n2[label = "FarthestFirstNode"];
n -> n2;
}


Generation: 25
Best Individual:
Subpopulation 0:
Evaluated: true
Fitness: Standardized=0.05470715 Adjusted=0.9481305 Hits=1
Tree 0:
digraph g {
node [shape=rectangle];
n[label = "If_Then_Else"];
n0[label = "While"];
n00[label = "If_Then_Else"];
n000[label = "While"];
n0000[label = "BestMove"];
n000 -> n0000;
n0001[label = "NearestInsertion"];
n000 -> n0001;
n00 -> n000;
n001[label = "While"];
n0010[label = "WorstMove"];
n001 -> n0010;
n0011[label = "NearestNeighbor"];
n001 -> n0011;
n00 -> n001;
n002[label = "And"];
n0020[label = "FarthestFirstNode"];
n002 -> n0020;
n0021[label = "FarthestFirstNode"];
n002 -> n0021;
n00 -> n002;
n0 -> n00;
n01[label = "NearestFirstNode"];
n0 -> n01;
n -> n0;
n1[label = "Equal"];
n10[label = "FarthestFirstNode"];
n1 -> n10;
n11[label = "NearestNeighbor"];
n1 -> n11;
n -> n1;
n2[label = "FarthestFirstNode"];
n -> n2;
}


Generation: 26
Best Individual:
Subpopulation 0:
Evaluated: true
Fitness: Standardized=0.05470715 Adjusted=0.9481305 Hits=1
Tree 0:
digraph g {
node [shape=rectangle];
n[label = "If_Then_Else"];
n0[label = "While"];
n00[label = "If_Then_Else"];
n000[label = "While"];
n0000[label = "BestMove"];
n000 -> n0000;
n0001[label = "NearestInsertion"];
n000 -> n0001;
n00 -> n000;
n001[label = "While"];
n0010[label = "WorstMove"];
n001 -> n0010;
n0011[label = "NearestNeighbor"];
n001 -> n0011;
n00 -> n001;
n002[label = "And"];
n0020[label = "FarthestFirstNode"];
n002 -> n0020;
n0021[label = "FarthestFirstNode"];
n002 -> n0021;
n00 -> n002;
n0 -> n00;
n01[label = "NearestFirstNode"];
n0 -> n01;
n -> n0;
n1[label = "Equal"];
n10[label = "FarthestFirstNode"];
n1 -> n10;
n11[label = "NearestNeighbor"];
n1 -> n11;
n -> n1;
n2[label = "FarthestFirstNode"];
n -> n2;
}


Generation: 27
Best Individual:
Subpopulation 0:
Evaluated: true
Fitness: Standardized=0.05470715 Adjusted=0.9481305 Hits=1
Tree 0:
digraph g {
node [shape=rectangle];
n[label = "If_Then_Else"];
n0[label = "While"];
n00[label = "If_Then_Else"];
n000[label = "While"];
n0000[label = "BestMove"];
n000 -> n0000;
n0001[label = "NearestInsertion"];
n000 -> n0001;
n00 -> n000;
n001[label = "While"];
n0010[label = "WorstMove"];
n001 -> n0010;
n0011[label = "NearestNeighbor"];
n001 -> n0011;
n00 -> n001;
n002[label = "And"];
n0020[label = "FarthestFirstNode"];
n002 -> n0020;
n0021[label = "FarthestFirstNode"];
n002 -> n0021;
n00 -> n002;
n0 -> n00;
n01[label = "NearestFirstNode"];
n0 -> n01;
n -> n0;
n1[label = "While"];
n10[label = "BestMove"];
n1 -> n10;
n11[label = "NearestInsertion"];
n1 -> n11;
n -> n1;
n2[label = "FarthestFirstNode"];
n -> n2;
}


Generation: 28
Best Individual:
Subpopulation 0:
Evaluated: true
Fitness: Standardized=0.020389672 Adjusted=0.9800178 Hits=1
Tree 0:
digraph g {
node [shape=rectangle];
n[label = "If_Then_Else"];
n0[label = "While"];
n00[label = "If_Then_Else"];
n000[label = "While"];
n0000[label = "BestMove"];
n000 -> n0000;
n0001[label = "FarthestFirstNode"];
n000 -> n0001;
n00 -> n000;
n001[label = "While"];
n0010[label = "WorstMove"];
n001 -> n0010;
n0011[label = "NearestNeighbor"];
n001 -> n0011;
n00 -> n001;
n002[label = "And"];
n0020[label = "FarthestFirstNode"];
n002 -> n0020;
n0021[label = "FarthestFirstNode"];
n002 -> n0021;
n00 -> n002;
n0 -> n00;
n01[label = "NearestFirstNode"];
n0 -> n01;
n -> n0;
n1[label = "Equal"];
n10[label = "FarthestFirstNode"];
n1 -> n10;
n11[label = "NearestNeighbor"];
n1 -> n11;
n -> n1;
n2[label = "FarthestFirstNode"];
n -> n2;
}


Generation: 29
Best Individual:
Subpopulation 0:
Evaluated: true
Fitness: Standardized=0.020389672 Adjusted=0.9800178 Hits=1
Tree 0:
digraph g {
node [shape=rectangle];
n[label = "If_Then_Else"];
n0[label = "While"];
n00[label = "If_Then_Else"];
n000[label = "While"];
n0000[label = "BestMove"];
n000 -> n0000;
n0001[label = "FarthestFirstNode"];
n000 -> n0001;
n00 -> n000;
n001[label = "While"];
n0010[label = "WorstMove"];
n001 -> n0010;
n0011[label = "NearestNeighbor"];
n001 -> n0011;
n00 -> n001;
n002[label = "And"];
n0020[label = "FarthestFirstNode"];
n002 -> n0020;
n0021[label = "FarthestFirstNode"];
n002 -> n0021;
n00 -> n002;
n0 -> n00;
n01[label = "NearestFirstNode"];
n0 -> n01;
n -> n0;
n1[label = "Equal"];
n10[label = "FarthestFirstNode"];
n1 -> n10;
n11[label = "NearestNeighbor"];
n1 -> n11;
n -> n1;
n2[label = "FarthestFirstNode"];
n -> n2;
}


Best Individual of Run:
Subpopulation 0:
Evaluated: true
Fitness: Standardized=0.020389672 Adjusted=0.9800178 Hits=1
Tree 0:
digraph g {
node [shape=rectangle];
n[label = "If_Then_Else"];
n0[label = "While"];
n00[label = "If_Then_Else"];
n000[label = "While"];
n0000[label = "BestMove"];
n000 -> n0000;
n0001[label = "FarthestFirstNode"];
n000 -> n0001;
n00 -> n000;
n001[label = "While"];
n0010[label = "WorstMove"];
n001 -> n0010;
n0011[label = "NearestNeighbor"];
n001 -> n0011;
n00 -> n001;
n002[label = "And"];
n0020[label = "FarthestFirstNode"];
n002 -> n0020;
n0021[label = "FarthestFirstNode"];
n002 -> n0021;
n00 -> n002;
n0 -> n00;
n01[label = "NearestFirstNode"];
n0 -> n01;
n -> n0;
n1[label = "Equal"];
n10[label = "FarthestFirstNode"];
n1 -> n10;
n11[label = "NearestNeighbor"];
n1 -> n11;
n -> n1;
n2[label = "FarthestFirstNode"];
n -> n2;
}

