
Generation: 0
Best Individual:
Subpopulation 0:
Evaluated: true
Fitness: Standardized=0.012676811 Adjusted=0.98748183 Hits=2
Tree 0:
digraph g {
node [shape=rectangle];
n[label = "And"];
n0[label = "While"];
n00[label = "Equal"];
n000[label = "NearestFirstNode"];
n00 -> n000;
n001[label = "NearestNeighbor"];
n00 -> n001;
n0 -> n00;
n01[label = "And"];
n010[label = "CplexTerminal"];
n01 -> n010;
n011[label = "CplexTerminal"];
n01 -> n011;
n0 -> n01;
n -> n0;
n1[label = "Or"];
n10[label = "If_Then"];
n100[label = "BestMove"];
n10 -> n100;
n101[label = "NearestFirstNode"];
n10 -> n101;
n1 -> n10;
n11[label = "If_Then"];
n110[label = "NearestInsertion"];
n11 -> n110;
n111[label = "NearestFirstNode"];
n11 -> n111;
n1 -> n11;
n -> n1;
}


Generation: 1
Best Individual:
Subpopulation 0:
Evaluated: true
Fitness: Standardized=0.007109885 Adjusted=0.9929403 Hits=4
Tree 0:
digraph g {
node [shape=rectangle];
n[label = "And"];
n0[label = "While"];
n00[label = "Equal"];
n000[label = "NearestFirstNode"];
n00 -> n000;
n001[label = "NearestNeighbor"];
n00 -> n001;
n0 -> n00;
n01[label = "And"];
n010[label = "CplexTerminal"];
n01 -> n010;
n011[label = "CplexTerminal"];
n01 -> n011;
n0 -> n01;
n -> n0;
n1[label = "Or"];
n10[label = "And"];
n100[label = "NearestFirstNode"];
n10 -> n100;
n101[label = "CplexTerminal"];
n10 -> n101;
n1 -> n10;
n11[label = "If_Then"];
n110[label = "NearestInsertion"];
n11 -> n110;
n111[label = "NearestFirstNode"];
n11 -> n111;
n1 -> n11;
n -> n1;
}


Generation: 2
Best Individual:
Subpopulation 0:
Evaluated: true
Fitness: Standardized=0.007109885 Adjusted=0.9929403 Hits=4
Tree 0:
digraph g {
node [shape=rectangle];
n[label = "And"];
n0[label = "While"];
n00[label = "Equal"];
n000[label = "NearestFirstNode"];
n00 -> n000;
n001[label = "NearestNeighbor"];
n00 -> n001;
n0 -> n00;
n01[label = "And"];
n010[label = "CplexTerminal"];
n01 -> n010;
n011[label = "CplexTerminal"];
n01 -> n011;
n0 -> n01;
n -> n0;
n1[label = "Or"];
n10[label = "And"];
n100[label = "NearestFirstNode"];
n10 -> n100;
n101[label = "CplexTerminal"];
n10 -> n101;
n1 -> n10;
n11[label = "If_Then"];
n110[label = "NearestInsertion"];
n11 -> n110;
n111[label = "NearestFirstNode"];
n11 -> n111;
n1 -> n11;
n -> n1;
}


Generation: 3
Best Individual:
Subpopulation 0:
Evaluated: true
Fitness: Standardized=0.007109885 Adjusted=0.9929403 Hits=4
Tree 0:
digraph g {
node [shape=rectangle];
n[label = "And"];
n0[label = "While"];
n00[label = "Equal"];
n000[label = "NearestFirstNode"];
n00 -> n000;
n001[label = "NearestNeighbor"];
n00 -> n001;
n0 -> n00;
n01[label = "And"];
n010[label = "CplexTerminal"];
n01 -> n010;
n011[label = "CplexTerminal"];
n01 -> n011;
n0 -> n01;
n -> n0;
n1[label = "Or"];
n10[label = "And"];
n100[label = "NearestFirstNode"];
n10 -> n100;
n101[label = "CplexTerminal"];
n10 -> n101;
n1 -> n10;
n11[label = "If_Then"];
n110[label = "NearestInsertion"];
n11 -> n110;
n111[label = "NearestFirstNode"];
n11 -> n111;
n1 -> n11;
n -> n1;
}


Generation: 4
Best Individual:
Subpopulation 0:
Evaluated: true
Fitness: Standardized=0.007109885 Adjusted=0.9929403 Hits=4
Tree 0:
digraph g {
node [shape=rectangle];
n[label = "And"];
n0[label = "While"];
n00[label = "Equal"];
n000[label = "NearestFirstNode"];
n00 -> n000;
n001[label = "NearestNeighbor"];
n00 -> n001;
n0 -> n00;
n01[label = "And"];
n010[label = "CplexTerminal"];
n01 -> n010;
n011[label = "CplexTerminal"];
n01 -> n011;
n0 -> n01;
n -> n0;
n1[label = "Or"];
n10[label = "And"];
n100[label = "NearestFirstNode"];
n10 -> n100;
n101[label = "CplexTerminal"];
n10 -> n101;
n1 -> n10;
n11[label = "If_Then"];
n110[label = "NearestInsertion"];
n11 -> n110;
n111[label = "NearestFirstNode"];
n11 -> n111;
n1 -> n11;
n -> n1;
}


Generation: 5
Best Individual:
Subpopulation 0:
Evaluated: true
Fitness: Standardized=0.005800004 Adjusted=0.9942334 Hits=3
Tree 0:
digraph g {
node [shape=rectangle];
n[label = "And"];
n0[label = "While"];
n00[label = "Equal"];
n000[label = "NearestFirstNode"];
n00 -> n000;
n001[label = "NearestNeighbor"];
n00 -> n001;
n0 -> n00;
n01[label = "And"];
n010[label = "CplexTerminal"];
n01 -> n010;
n011[label = "CplexTerminal"];
n01 -> n011;
n0 -> n01;
n -> n0;
n1[label = "Or"];
n10[label = "And"];
n100[label = "Equal"];
n1000[label = "NearestFirstNode"];
n100 -> n1000;
n1001[label = "NearestNeighbor"];
n100 -> n1001;
n10 -> n100;
n101[label = "CplexTerminal"];
n10 -> n101;
n1 -> n10;
n11[label = "If_Then"];
n110[label = "NearestInsertion"];
n11 -> n110;
n111[label = "NearestFirstNode"];
n11 -> n111;
n1 -> n11;
n -> n1;
}


Generation: 6
Best Individual:
Subpopulation 0:
Evaluated: true
Fitness: Standardized=0.005800004 Adjusted=0.9942334 Hits=3
Tree 0:
digraph g {
node [shape=rectangle];
n[label = "And"];
n0[label = "While"];
n00[label = "Equal"];
n000[label = "NearestFirstNode"];
n00 -> n000;
n001[label = "NearestNeighbor"];
n00 -> n001;
n0 -> n00;
n01[label = "And"];
n010[label = "CplexTerminal"];
n01 -> n010;
n011[label = "CplexTerminal"];
n01 -> n011;
n0 -> n01;
n -> n0;
n1[label = "Or"];
n10[label = "And"];
n100[label = "Equal"];
n1000[label = "NearestFirstNode"];
n100 -> n1000;
n1001[label = "NearestNeighbor"];
n100 -> n1001;
n10 -> n100;
n101[label = "CplexTerminal"];
n10 -> n101;
n1 -> n10;
n11[label = "If_Then"];
n110[label = "NearestInsertion"];
n11 -> n110;
n111[label = "NearestFirstNode"];
n11 -> n111;
n1 -> n11;
n -> n1;
}


Generation: 7
Best Individual:
Subpopulation 0:
Evaluated: true
Fitness: Standardized=0.005800004 Adjusted=0.9942334 Hits=3
Tree 0:
digraph g {
node [shape=rectangle];
n[label = "And"];
n0[label = "While"];
n00[label = "Equal"];
n000[label = "NearestFirstNode"];
n00 -> n000;
n001[label = "NearestNeighbor"];
n00 -> n001;
n0 -> n00;
n01[label = "And"];
n010[label = "CplexTerminal"];
n01 -> n010;
n011[label = "CplexTerminal"];
n01 -> n011;
n0 -> n01;
n -> n0;
n1[label = "Or"];
n10[label = "And"];
n100[label = "Equal"];
n1000[label = "NearestFirstNode"];
n100 -> n1000;
n1001[label = "NearestNeighbor"];
n100 -> n1001;
n10 -> n100;
n101[label = "CplexTerminal"];
n10 -> n101;
n1 -> n10;
n11[label = "If_Then"];
n110[label = "NearestInsertion"];
n11 -> n110;
n111[label = "NearestFirstNode"];
n11 -> n111;
n1 -> n11;
n -> n1;
}


Generation: 8
Best Individual:
Subpopulation 0:
Evaluated: true
Fitness: Standardized=0.005800004 Adjusted=0.9942334 Hits=3
Tree 0:
digraph g {
node [shape=rectangle];
n[label = "And"];
n0[label = "While"];
n00[label = "Equal"];
n000[label = "NearestFirstNode"];
n00 -> n000;
n001[label = "NearestNeighbor"];
n00 -> n001;
n0 -> n00;
n01[label = "And"];
n010[label = "CplexTerminal"];
n01 -> n010;
n011[label = "CplexTerminal"];
n01 -> n011;
n0 -> n01;
n -> n0;
n1[label = "Or"];
n10[label = "And"];
n100[label = "Equal"];
n1000[label = "NearestFirstNode"];
n100 -> n1000;
n1001[label = "NearestNeighbor"];
n100 -> n1001;
n10 -> n100;
n101[label = "CplexTerminal"];
n10 -> n101;
n1 -> n10;
n11[label = "If_Then"];
n110[label = "NearestInsertion"];
n11 -> n110;
n111[label = "NearestFirstNode"];
n11 -> n111;
n1 -> n11;
n -> n1;
}


Generation: 9
Best Individual:
Subpopulation 0:
Evaluated: true
Fitness: Standardized=0.005800004 Adjusted=0.9942334 Hits=3
Tree 0:
digraph g {
node [shape=rectangle];
n[label = "And"];
n0[label = "While"];
n00[label = "Equal"];
n000[label = "NearestFirstNode"];
n00 -> n000;
n001[label = "NearestNeighbor"];
n00 -> n001;
n0 -> n00;
n01[label = "And"];
n010[label = "CplexTerminal"];
n01 -> n010;
n011[label = "CplexTerminal"];
n01 -> n011;
n0 -> n01;
n -> n0;
n1[label = "Or"];
n10[label = "And"];
n100[label = "Equal"];
n1000[label = "NearestFirstNode"];
n100 -> n1000;
n1001[label = "NearestNeighbor"];
n100 -> n1001;
n10 -> n100;
n101[label = "CplexTerminal"];
n10 -> n101;
n1 -> n10;
n11[label = "If_Then"];
n110[label = "NearestInsertion"];
n11 -> n110;
n111[label = "NearestFirstNode"];
n11 -> n111;
n1 -> n11;
n -> n1;
}


Generation: 10
Best Individual:
Subpopulation 0:
Evaluated: true
Fitness: Standardized=0.005800004 Adjusted=0.9942334 Hits=3
Tree 0:
digraph g {
node [shape=rectangle];
n[label = "And"];
n0[label = "While"];
n00[label = "Equal"];
n000[label = "NearestFirstNode"];
n00 -> n000;
n001[label = "NearestNeighbor"];
n00 -> n001;
n0 -> n00;
n01[label = "And"];
n010[label = "CplexTerminal"];
n01 -> n010;
n011[label = "CplexTerminal"];
n01 -> n011;
n0 -> n01;
n -> n0;
n1[label = "Or"];
n10[label = "And"];
n100[label = "Equal"];
n1000[label = "NearestFirstNode"];
n100 -> n1000;
n1001[label = "NearestNeighbor"];
n100 -> n1001;
n10 -> n100;
n101[label = "CplexTerminal"];
n10 -> n101;
n1 -> n10;
n11[label = "If_Then"];
n110[label = "NearestInsertion"];
n11 -> n110;
n111[label = "NearestFirstNode"];
n11 -> n111;
n1 -> n11;
n -> n1;
}


Generation: 11
Best Individual:
Subpopulation 0:
Evaluated: true
Fitness: Standardized=0.0045884144 Adjusted=0.9954326 Hits=4
Tree 0:
digraph g {
node [shape=rectangle];
n[label = "And"];
n0[label = "While"];
n00[label = "Equal"];
n000[label = "NearestFirstNode"];
n00 -> n000;
n001[label = "NearestNeighbor"];
n00 -> n001;
n0 -> n00;
n01[label = "And"];
n010[label = "CplexTerminal"];
n01 -> n010;
n011[label = "CplexTerminal"];
n01 -> n011;
n0 -> n01;
n -> n0;
n1[label = "Or"];
n10[label = "And"];
n100[label = "Equal"];
n1000[label = "NearestFirstNode"];
n100 -> n1000;
n1001[label = "NearestNeighbor"];
n100 -> n1001;
n10 -> n100;
n101[label = "CplexTerminal"];
n10 -> n101;
n1 -> n10;
n11[label = "And"];
n110[label = "Equal"];
n1100[label = "NearestFirstNode"];
n110 -> n1100;
n1101[label = "NearestNeighbor"];
n110 -> n1101;
n11 -> n110;
n111[label = "CplexTerminal"];
n11 -> n111;
n1 -> n11;
n -> n1;
}


Generation: 12
Best Individual:
Subpopulation 0:
Evaluated: true
Fitness: Standardized=0.0045884144 Adjusted=0.9954326 Hits=4
Tree 0:
digraph g {
node [shape=rectangle];
n[label = "And"];
n0[label = "While"];
n00[label = "Equal"];
n000[label = "NearestFirstNode"];
n00 -> n000;
n001[label = "NearestNeighbor"];
n00 -> n001;
n0 -> n00;
n01[label = "And"];
n010[label = "CplexTerminal"];
n01 -> n010;
n011[label = "CplexTerminal"];
n01 -> n011;
n0 -> n01;
n -> n0;
n1[label = "Or"];
n10[label = "And"];
n100[label = "Equal"];
n1000[label = "NearestFirstNode"];
n100 -> n1000;
n1001[label = "NearestNeighbor"];
n100 -> n1001;
n10 -> n100;
n101[label = "CplexTerminal"];
n10 -> n101;
n1 -> n10;
n11[label = "And"];
n110[label = "Equal"];
n1100[label = "NearestFirstNode"];
n110 -> n1100;
n1101[label = "NearestNeighbor"];
n110 -> n1101;
n11 -> n110;
n111[label = "CplexTerminal"];
n11 -> n111;
n1 -> n11;
n -> n1;
}


Generation: 13
Best Individual:
Subpopulation 0:
Evaluated: true
Fitness: Standardized=0.0045884144 Adjusted=0.9954326 Hits=4
Tree 0:
digraph g {
node [shape=rectangle];
n[label = "And"];
n0[label = "While"];
n00[label = "Equal"];
n000[label = "NearestFirstNode"];
n00 -> n000;
n001[label = "NearestNeighbor"];
n00 -> n001;
n0 -> n00;
n01[label = "And"];
n010[label = "CplexTerminal"];
n01 -> n010;
n011[label = "CplexTerminal"];
n01 -> n011;
n0 -> n01;
n -> n0;
n1[label = "Or"];
n10[label = "And"];
n100[label = "Equal"];
n1000[label = "NearestFirstNode"];
n100 -> n1000;
n1001[label = "NearestNeighbor"];
n100 -> n1001;
n10 -> n100;
n101[label = "CplexTerminal"];
n10 -> n101;
n1 -> n10;
n11[label = "And"];
n110[label = "Equal"];
n1100[label = "NearestFirstNode"];
n110 -> n1100;
n1101[label = "NearestNeighbor"];
n110 -> n1101;
n11 -> n110;
n111[label = "CplexTerminal"];
n11 -> n111;
n1 -> n11;
n -> n1;
}


Generation: 14
Best Individual:
Subpopulation 0:
Evaluated: true
Fitness: Standardized=0.0045884144 Adjusted=0.9954326 Hits=4
Tree 0:
digraph g {
node [shape=rectangle];
n[label = "And"];
n0[label = "While"];
n00[label = "Equal"];
n000[label = "NearestFirstNode"];
n00 -> n000;
n001[label = "NearestNeighbor"];
n00 -> n001;
n0 -> n00;
n01[label = "And"];
n010[label = "CplexTerminal"];
n01 -> n010;
n011[label = "CplexTerminal"];
n01 -> n011;
n0 -> n01;
n -> n0;
n1[label = "Or"];
n10[label = "And"];
n100[label = "Equal"];
n1000[label = "NearestFirstNode"];
n100 -> n1000;
n1001[label = "NearestNeighbor"];
n100 -> n1001;
n10 -> n100;
n101[label = "CplexTerminal"];
n10 -> n101;
n1 -> n10;
n11[label = "And"];
n110[label = "Equal"];
n1100[label = "NearestFirstNode"];
n110 -> n1100;
n1101[label = "NearestNeighbor"];
n110 -> n1101;
n11 -> n110;
n111[label = "CplexTerminal"];
n11 -> n111;
n1 -> n11;
n -> n1;
}


Generation: 15
Best Individual:
Subpopulation 0:
Evaluated: true
Fitness: Standardized=0.0045884144 Adjusted=0.9954326 Hits=4
Tree 0:
digraph g {
node [shape=rectangle];
n[label = "And"];
n0[label = "While"];
n00[label = "Equal"];
n000[label = "NearestFirstNode"];
n00 -> n000;
n001[label = "NearestNeighbor"];
n00 -> n001;
n0 -> n00;
n01[label = "And"];
n010[label = "CplexTerminal"];
n01 -> n010;
n011[label = "CplexTerminal"];
n01 -> n011;
n0 -> n01;
n -> n0;
n1[label = "Or"];
n10[label = "And"];
n100[label = "Equal"];
n1000[label = "NearestFirstNode"];
n100 -> n1000;
n1001[label = "NearestNeighbor"];
n100 -> n1001;
n10 -> n100;
n101[label = "CplexTerminal"];
n10 -> n101;
n1 -> n10;
n11[label = "And"];
n110[label = "Equal"];
n1100[label = "NearestFirstNode"];
n110 -> n1100;
n1101[label = "NearestNeighbor"];
n110 -> n1101;
n11 -> n110;
n111[label = "CplexTerminal"];
n11 -> n111;
n1 -> n11;
n -> n1;
}


Generation: 16
Best Individual:
Subpopulation 0:
Evaluated: true
Fitness: Standardized=0.0045884144 Adjusted=0.9954326 Hits=4
Tree 0:
digraph g {
node [shape=rectangle];
n[label = "And"];
n0[label = "While"];
n00[label = "Equal"];
n000[label = "NearestFirstNode"];
n00 -> n000;
n001[label = "NearestNeighbor"];
n00 -> n001;
n0 -> n00;
n01[label = "And"];
n010[label = "CplexTerminal"];
n01 -> n010;
n011[label = "CplexTerminal"];
n01 -> n011;
n0 -> n01;
n -> n0;
n1[label = "Or"];
n10[label = "And"];
n100[label = "Equal"];
n1000[label = "NearestFirstNode"];
n100 -> n1000;
n1001[label = "NearestNeighbor"];
n100 -> n1001;
n10 -> n100;
n101[label = "CplexTerminal"];
n10 -> n101;
n1 -> n10;
n11[label = "And"];
n110[label = "Equal"];
n1100[label = "NearestFirstNode"];
n110 -> n1100;
n1101[label = "NearestNeighbor"];
n110 -> n1101;
n11 -> n110;
n111[label = "CplexTerminal"];
n11 -> n111;
n1 -> n11;
n -> n1;
}


Generation: 17
Best Individual:
Subpopulation 0:
Evaluated: true
Fitness: Standardized=0.0045884144 Adjusted=0.9954326 Hits=4
Tree 0:
digraph g {
node [shape=rectangle];
n[label = "And"];
n0[label = "While"];
n00[label = "Equal"];
n000[label = "NearestFirstNode"];
n00 -> n000;
n001[label = "NearestNeighbor"];
n00 -> n001;
n0 -> n00;
n01[label = "And"];
n010[label = "CplexTerminal"];
n01 -> n010;
n011[label = "CplexTerminal"];
n01 -> n011;
n0 -> n01;
n -> n0;
n1[label = "Or"];
n10[label = "And"];
n100[label = "Equal"];
n1000[label = "NearestFirstNode"];
n100 -> n1000;
n1001[label = "NearestNeighbor"];
n100 -> n1001;
n10 -> n100;
n101[label = "CplexTerminal"];
n10 -> n101;
n1 -> n10;
n11[label = "And"];
n110[label = "Equal"];
n1100[label = "NearestFirstNode"];
n110 -> n1100;
n1101[label = "NearestNeighbor"];
n110 -> n1101;
n11 -> n110;
n111[label = "CplexTerminal"];
n11 -> n111;
n1 -> n11;
n -> n1;
}


Generation: 18
Best Individual:
Subpopulation 0:
Evaluated: true
Fitness: Standardized=0.0045884144 Adjusted=0.9954326 Hits=4
Tree 0:
digraph g {
node [shape=rectangle];
n[label = "And"];
n0[label = "While"];
n00[label = "Equal"];
n000[label = "NearestFirstNode"];
n00 -> n000;
n001[label = "NearestNeighbor"];
n00 -> n001;
n0 -> n00;
n01[label = "And"];
n010[label = "CplexTerminal"];
n01 -> n010;
n011[label = "CplexTerminal"];
n01 -> n011;
n0 -> n01;
n -> n0;
n1[label = "Or"];
n10[label = "And"];
n100[label = "Equal"];
n1000[label = "NearestFirstNode"];
n100 -> n1000;
n1001[label = "NearestNeighbor"];
n100 -> n1001;
n10 -> n100;
n101[label = "CplexTerminal"];
n10 -> n101;
n1 -> n10;
n11[label = "And"];
n110[label = "Equal"];
n1100[label = "NearestFirstNode"];
n110 -> n1100;
n1101[label = "NearestNeighbor"];
n110 -> n1101;
n11 -> n110;
n111[label = "CplexTerminal"];
n11 -> n111;
n1 -> n11;
n -> n1;
}


Generation: 19
Best Individual:
Subpopulation 0:
Evaluated: true
Fitness: Standardized=0.004190974 Adjusted=0.99582654 Hits=4
Tree 0:
digraph g {
node [shape=rectangle];
n[label = "And"];
n0[label = "While"];
n00[label = "Equal"];
n000[label = "NearestFirstNode"];
n00 -> n000;
n001[label = "NearestNeighbor"];
n00 -> n001;
n0 -> n00;
n01[label = "And"];
n010[label = "CplexTerminal"];
n01 -> n010;
n011[label = "CplexTerminal"];
n01 -> n011;
n0 -> n01;
n -> n0;
n1[label = "Or"];
n10[label = "And"];
n100[label = "NearestFirstNode"];
n10 -> n100;
n101[label = "CplexTerminal"];
n10 -> n101;
n1 -> n10;
n11[label = "And"];
n110[label = "Equal"];
n1100[label = "NearestFirstNode"];
n110 -> n1100;
n1101[label = "NearestNeighbor"];
n110 -> n1101;
n11 -> n110;
n111[label = "CplexTerminal"];
n11 -> n111;
n1 -> n11;
n -> n1;
}


Generation: 20
Best Individual:
Subpopulation 0:
Evaluated: true
Fitness: Standardized=0.004190974 Adjusted=0.99582654 Hits=4
Tree 0:
digraph g {
node [shape=rectangle];
n[label = "And"];
n0[label = "While"];
n00[label = "Equal"];
n000[label = "NearestFirstNode"];
n00 -> n000;
n001[label = "NearestNeighbor"];
n00 -> n001;
n0 -> n00;
n01[label = "And"];
n010[label = "CplexTerminal"];
n01 -> n010;
n011[label = "CplexTerminal"];
n01 -> n011;
n0 -> n01;
n -> n0;
n1[label = "Or"];
n10[label = "And"];
n100[label = "NearestFirstNode"];
n10 -> n100;
n101[label = "CplexTerminal"];
n10 -> n101;
n1 -> n10;
n11[label = "And"];
n110[label = "Equal"];
n1100[label = "NearestFirstNode"];
n110 -> n1100;
n1101[label = "NearestNeighbor"];
n110 -> n1101;
n11 -> n110;
n111[label = "CplexTerminal"];
n11 -> n111;
n1 -> n11;
n -> n1;
}


Generation: 21
Best Individual:
Subpopulation 0:
Evaluated: true
Fitness: Standardized=0.004190974 Adjusted=0.99582654 Hits=4
Tree 0:
digraph g {
node [shape=rectangle];
n[label = "And"];
n0[label = "While"];
n00[label = "Equal"];
n000[label = "NearestFirstNode"];
n00 -> n000;
n001[label = "NearestNeighbor"];
n00 -> n001;
n0 -> n00;
n01[label = "And"];
n010[label = "CplexTerminal"];
n01 -> n010;
n011[label = "CplexTerminal"];
n01 -> n011;
n0 -> n01;
n -> n0;
n1[label = "Or"];
n10[label = "And"];
n100[label = "NearestFirstNode"];
n10 -> n100;
n101[label = "CplexTerminal"];
n10 -> n101;
n1 -> n10;
n11[label = "And"];
n110[label = "Equal"];
n1100[label = "NearestFirstNode"];
n110 -> n1100;
n1101[label = "NearestNeighbor"];
n110 -> n1101;
n11 -> n110;
n111[label = "CplexTerminal"];
n11 -> n111;
n1 -> n11;
n -> n1;
}


Generation: 22
Best Individual:
Subpopulation 0:
Evaluated: true
Fitness: Standardized=0.004190974 Adjusted=0.99582654 Hits=4
Tree 0:
digraph g {
node [shape=rectangle];
n[label = "And"];
n0[label = "While"];
n00[label = "Equal"];
n000[label = "NearestFirstNode"];
n00 -> n000;
n001[label = "NearestNeighbor"];
n00 -> n001;
n0 -> n00;
n01[label = "And"];
n010[label = "CplexTerminal"];
n01 -> n010;
n011[label = "CplexTerminal"];
n01 -> n011;
n0 -> n01;
n -> n0;
n1[label = "Or"];
n10[label = "And"];
n100[label = "NearestFirstNode"];
n10 -> n100;
n101[label = "CplexTerminal"];
n10 -> n101;
n1 -> n10;
n11[label = "And"];
n110[label = "Equal"];
n1100[label = "NearestFirstNode"];
n110 -> n1100;
n1101[label = "NearestNeighbor"];
n110 -> n1101;
n11 -> n110;
n111[label = "CplexTerminal"];
n11 -> n111;
n1 -> n11;
n -> n1;
}


Generation: 23
Best Individual:
Subpopulation 0:
Evaluated: true
Fitness: Standardized=0.003021636 Adjusted=0.9969875 Hits=4
Tree 0:
digraph g {
node [shape=rectangle];
n[label = "And"];
n0[label = "While"];
n00[label = "Equal"];
n000[label = "NearestFirstNode"];
n00 -> n000;
n001[label = "NearestNeighbor"];
n00 -> n001;
n0 -> n00;
n01[label = "And"];
n010[label = "CplexTerminal"];
n01 -> n010;
n011[label = "CplexTerminal"];
n01 -> n011;
n0 -> n01;
n -> n0;
n1[label = "Or"];
n10[label = "And"];
n100[label = "Equal"];
n1000[label = "NearestFirstNode"];
n100 -> n1000;
n1001[label = "NearestNeighbor"];
n100 -> n1001;
n10 -> n100;
n101[label = "CplexTerminal"];
n10 -> n101;
n1 -> n10;
n11[label = "And"];
n110[label = "Equal"];
n1100[label = "NearestFirstNode"];
n110 -> n1100;
n1101[label = "NearestNeighbor"];
n110 -> n1101;
n11 -> n110;
n111[label = "CplexTerminal"];
n11 -> n111;
n1 -> n11;
n -> n1;
}


Generation: 24
Best Individual:
Subpopulation 0:
Evaluated: true
Fitness: Standardized=0.003021636 Adjusted=0.9969875 Hits=4
Tree 0:
digraph g {
node [shape=rectangle];
n[label = "And"];
n0[label = "While"];
n00[label = "Equal"];
n000[label = "NearestFirstNode"];
n00 -> n000;
n001[label = "NearestNeighbor"];
n00 -> n001;
n0 -> n00;
n01[label = "And"];
n010[label = "CplexTerminal"];
n01 -> n010;
n011[label = "CplexTerminal"];
n01 -> n011;
n0 -> n01;
n -> n0;
n1[label = "Or"];
n10[label = "And"];
n100[label = "Equal"];
n1000[label = "NearestFirstNode"];
n100 -> n1000;
n1001[label = "NearestNeighbor"];
n100 -> n1001;
n10 -> n100;
n101[label = "CplexTerminal"];
n10 -> n101;
n1 -> n10;
n11[label = "And"];
n110[label = "Equal"];
n1100[label = "NearestFirstNode"];
n110 -> n1100;
n1101[label = "NearestNeighbor"];
n110 -> n1101;
n11 -> n110;
n111[label = "CplexTerminal"];
n11 -> n111;
n1 -> n11;
n -> n1;
}


Generation: 25
Best Individual:
Subpopulation 0:
Evaluated: true
Fitness: Standardized=0.003021636 Adjusted=0.9969875 Hits=4
Tree 0:
digraph g {
node [shape=rectangle];
n[label = "And"];
n0[label = "While"];
n00[label = "Equal"];
n000[label = "NearestFirstNode"];
n00 -> n000;
n001[label = "NearestNeighbor"];
n00 -> n001;
n0 -> n00;
n01[label = "And"];
n010[label = "CplexTerminal"];
n01 -> n010;
n011[label = "CplexTerminal"];
n01 -> n011;
n0 -> n01;
n -> n0;
n1[label = "Or"];
n10[label = "And"];
n100[label = "Equal"];
n1000[label = "NearestFirstNode"];
n100 -> n1000;
n1001[label = "NearestNeighbor"];
n100 -> n1001;
n10 -> n100;
n101[label = "CplexTerminal"];
n10 -> n101;
n1 -> n10;
n11[label = "And"];
n110[label = "Equal"];
n1100[label = "NearestFirstNode"];
n110 -> n1100;
n1101[label = "NearestNeighbor"];
n110 -> n1101;
n11 -> n110;
n111[label = "CplexTerminal"];
n11 -> n111;
n1 -> n11;
n -> n1;
}


Generation: 26
Best Individual:
Subpopulation 0:
Evaluated: true
Fitness: Standardized=0.003021636 Adjusted=0.9969875 Hits=4
Tree 0:
digraph g {
node [shape=rectangle];
n[label = "And"];
n0[label = "While"];
n00[label = "Equal"];
n000[label = "NearestFirstNode"];
n00 -> n000;
n001[label = "NearestNeighbor"];
n00 -> n001;
n0 -> n00;
n01[label = "And"];
n010[label = "CplexTerminal"];
n01 -> n010;
n011[label = "CplexTerminal"];
n01 -> n011;
n0 -> n01;
n -> n0;
n1[label = "Or"];
n10[label = "And"];
n100[label = "Equal"];
n1000[label = "NearestFirstNode"];
n100 -> n1000;
n1001[label = "NearestNeighbor"];
n100 -> n1001;
n10 -> n100;
n101[label = "CplexTerminal"];
n10 -> n101;
n1 -> n10;
n11[label = "And"];
n110[label = "Equal"];
n1100[label = "NearestFirstNode"];
n110 -> n1100;
n1101[label = "NearestNeighbor"];
n110 -> n1101;
n11 -> n110;
n111[label = "CplexTerminal"];
n11 -> n111;
n1 -> n11;
n -> n1;
}


Generation: 27
Best Individual:
Subpopulation 0:
Evaluated: true
Fitness: Standardized=0.003021636 Adjusted=0.9969875 Hits=4
Tree 0:
digraph g {
node [shape=rectangle];
n[label = "And"];
n0[label = "While"];
n00[label = "Equal"];
n000[label = "NearestFirstNode"];
n00 -> n000;
n001[label = "NearestNeighbor"];
n00 -> n001;
n0 -> n00;
n01[label = "And"];
n010[label = "CplexTerminal"];
n01 -> n010;
n011[label = "CplexTerminal"];
n01 -> n011;
n0 -> n01;
n -> n0;
n1[label = "Or"];
n10[label = "And"];
n100[label = "Equal"];
n1000[label = "NearestFirstNode"];
n100 -> n1000;
n1001[label = "NearestNeighbor"];
n100 -> n1001;
n10 -> n100;
n101[label = "CplexTerminal"];
n10 -> n101;
n1 -> n10;
n11[label = "And"];
n110[label = "Equal"];
n1100[label = "NearestFirstNode"];
n110 -> n1100;
n1101[label = "NearestNeighbor"];
n110 -> n1101;
n11 -> n110;
n111[label = "CplexTerminal"];
n11 -> n111;
n1 -> n11;
n -> n1;
}


Generation: 28
Best Individual:
Subpopulation 0:
Evaluated: true
Fitness: Standardized=0.003021636 Adjusted=0.9969875 Hits=4
Tree 0:
digraph g {
node [shape=rectangle];
n[label = "And"];
n0[label = "While"];
n00[label = "Equal"];
n000[label = "NearestFirstNode"];
n00 -> n000;
n001[label = "NearestNeighbor"];
n00 -> n001;
n0 -> n00;
n01[label = "And"];
n010[label = "CplexTerminal"];
n01 -> n010;
n011[label = "CplexTerminal"];
n01 -> n011;
n0 -> n01;
n -> n0;
n1[label = "Or"];
n10[label = "And"];
n100[label = "Equal"];
n1000[label = "NearestFirstNode"];
n100 -> n1000;
n1001[label = "NearestNeighbor"];
n100 -> n1001;
n10 -> n100;
n101[label = "CplexTerminal"];
n10 -> n101;
n1 -> n10;
n11[label = "And"];
n110[label = "Equal"];
n1100[label = "NearestFirstNode"];
n110 -> n1100;
n1101[label = "NearestNeighbor"];
n110 -> n1101;
n11 -> n110;
n111[label = "CplexTerminal"];
n11 -> n111;
n1 -> n11;
n -> n1;
}


Generation: 29
Best Individual:
Subpopulation 0:
Evaluated: true
Fitness: Standardized=0.003021636 Adjusted=0.9969875 Hits=4
Tree 0:
digraph g {
node [shape=rectangle];
n[label = "And"];
n0[label = "While"];
n00[label = "Equal"];
n000[label = "NearestFirstNode"];
n00 -> n000;
n001[label = "NearestNeighbor"];
n00 -> n001;
n0 -> n00;
n01[label = "And"];
n010[label = "CplexTerminal"];
n01 -> n010;
n011[label = "CplexTerminal"];
n01 -> n011;
n0 -> n01;
n -> n0;
n1[label = "Or"];
n10[label = "And"];
n100[label = "Equal"];
n1000[label = "NearestFirstNode"];
n100 -> n1000;
n1001[label = "NearestNeighbor"];
n100 -> n1001;
n10 -> n100;
n101[label = "CplexTerminal"];
n10 -> n101;
n1 -> n10;
n11[label = "And"];
n110[label = "Equal"];
n1100[label = "NearestFirstNode"];
n110 -> n1100;
n1101[label = "NearestNeighbor"];
n110 -> n1101;
n11 -> n110;
n111[label = "CplexTerminal"];
n11 -> n111;
n1 -> n11;
n -> n1;
}


Best Individual of Run:
Subpopulation 0:
Evaluated: true
Fitness: Standardized=0.003021636 Adjusted=0.9969875 Hits=4
Tree 0:
digraph g {
node [shape=rectangle];
n[label = "And"];
n0[label = "While"];
n00[label = "Equal"];
n000[label = "NearestFirstNode"];
n00 -> n000;
n001[label = "NearestNeighbor"];
n00 -> n001;
n0 -> n00;
n01[label = "And"];
n010[label = "CplexTerminal"];
n01 -> n010;
n011[label = "CplexTerminal"];
n01 -> n011;
n0 -> n01;
n -> n0;
n1[label = "Or"];
n10[label = "And"];
n100[label = "Equal"];
n1000[label = "NearestFirstNode"];
n100 -> n1000;
n1001[label = "NearestNeighbor"];
n100 -> n1001;
n10 -> n100;
n101[label = "CplexTerminal"];
n10 -> n101;
n1 -> n10;
n11[label = "And"];
n110[label = "Equal"];
n1100[label = "NearestFirstNode"];
n110 -> n1100;
n1101[label = "NearestNeighbor"];
n110 -> n1101;
n11 -> n110;
n111[label = "CplexTerminal"];
n11 -> n111;
n1 -> n11;
n -> n1;
}

