
Generation: 0
Best Individual:
Subpopulation 0:
Evaluated: true
Fitness: Standardized=0.11231925 Adjusted=0.89902246 Hits=0
Tree 0:
digraph g {
node [shape=rectangle];
n[label = "If_Then_Else"];
n0[label = "If_Then_Else"];
n00[label = "While"];
n000[label = "NearestInsertion"];
n00 -> n000;
n001[label = "FarthestInsertion"];
n00 -> n001;
n0 -> n00;
n01[label = "CplexTerminal"];
n0 -> n01;
n02[label = "While"];
n020[label = "FarthestFirstNode"];
n02 -> n020;
n021[label = "FarthestNeighbor"];
n02 -> n021;
n0 -> n02;
n -> n0;
n1[label = "While"];
n10[label = "Or"];
n100[label = "FarthestFirstNode"];
n10 -> n100;
n101[label = "NearestInsertion"];
n10 -> n101;
n1 -> n10;
n11[label = "NearestFirstNode"];
n1 -> n11;
n -> n1;
n2[label = "NearestInsertion"];
n -> n2;
}


Generation: 1
Best Individual:
Subpopulation 0:
Evaluated: true
Fitness: Standardized=0.049786285 Adjusted=0.9525748 Hits=0
Tree 0:
digraph g {
node [shape=rectangle];
n[label = "Equal"];
n0[label = "While"];
n00[label = "NearestNeighbor"];
n0 -> n00;
n01[label = "And"];
n010[label = "CplexTerminal"];
n01 -> n010;
n011[label = "CplexTerminal"];
n01 -> n011;
n0 -> n01;
n -> n0;
n1[label = "If_Then"];
n10[label = "Or"];
n100[label = "CplexTerminal"];
n10 -> n100;
n101[label = "CplexTerminal"];
n10 -> n101;
n1 -> n10;
n11[label = "Or"];
n110[label = "FarthestInsertion"];
n11 -> n110;
n111[label = "NearestFirstNode"];
n11 -> n111;
n1 -> n11;
n -> n1;
}


Generation: 2
Best Individual:
Subpopulation 0:
Evaluated: true
Fitness: Standardized=0.044133447 Adjusted=0.957732 Hits=1
Tree 0:
digraph g {
node [shape=rectangle];
n[label = "If_Then_Else"];
n0[label = "If_Then"];
n00[label = "FarthestFirstNode"];
n0 -> n00;
n01[label = "Equal"];
n010[label = "If_Then_Else"];
n0100[label = "NearestNeighbor"];
n010 -> n0100;
n0101[label = "CplexTerminal"];
n010 -> n0101;
n0102[label = "FarthestInsertion"];
n010 -> n0102;
n01 -> n010;
n011[label = "BestMove"];
n01 -> n011;
n0 -> n01;
n -> n0;
n1[label = "And"];
n10[label = "CplexTerminal"];
n1 -> n10;
n11[label = "BestMove"];
n1 -> n11;
n -> n1;
n2[label = "Equal"];
n20[label = "FarthestFirstNode"];
n2 -> n20;
n21[label = "NearestInsertion"];
n2 -> n21;
n -> n2;
}


Generation: 3
Best Individual:
Subpopulation 0:
Evaluated: true
Fitness: Standardized=0.025702361 Adjusted=0.9749417 Hits=0
Tree 0:
digraph g {
node [shape=rectangle];
n[label = "Equal"];
n0[label = "While"];
n00[label = "NearestNeighbor"];
n0 -> n00;
n01[label = "And"];
n010[label = "CplexTerminal"];
n01 -> n010;
n011[label = "CplexTerminal"];
n01 -> n011;
n0 -> n01;
n -> n0;
n1[label = "If_Then"];
n10[label = "Or"];
n100[label = "CplexTerminal"];
n10 -> n100;
n101[label = "CplexTerminal"];
n10 -> n101;
n1 -> n10;
n11[label = "If_Then_Else"];
n110[label = "CplexTerminal"];
n11 -> n110;
n111[label = "CplexTerminal"];
n11 -> n111;
n112[label = "NearestFirstNode"];
n11 -> n112;
n1 -> n11;
n -> n1;
}


Generation: 4
Best Individual:
Subpopulation 0:
Evaluated: true
Fitness: Standardized=0.020353898 Adjusted=0.9800521 Hits=0
Tree 0:
digraph g {
node [shape=rectangle];
n[label = "Equal"];
n0[label = "Equal"];
n00[label = "While"];
n000[label = "NearestNeighbor"];
n00 -> n000;
n001[label = "And"];
n0010[label = "CplexTerminal"];
n001 -> n0010;
n0011[label = "CplexTerminal"];
n001 -> n0011;
n00 -> n001;
n0 -> n00;
n01[label = "If_Then"];
n010[label = "Or"];
n0100[label = "CplexTerminal"];
n010 -> n0100;
n0101[label = "CplexTerminal"];
n010 -> n0101;
n01 -> n010;
n011[label = "If_Then_Else"];
n0110[label = "CplexTerminal"];
n011 -> n0110;
n0111[label = "CplexTerminal"];
n011 -> n0111;
n0112[label = "NearestFirstNode"];
n011 -> n0112;
n01 -> n011;
n0 -> n01;
n -> n0;
n1[label = "FarthestInsertion"];
n -> n1;
}


Generation: 5
Best Individual:
Subpopulation 0:
Evaluated: true
Fitness: Standardized=0.01932097 Adjusted=0.98104525 Hits=0
Tree 0:
digraph g {
node [shape=rectangle];
n[label = "Equal"];
n0[label = "While"];
n00[label = "NearestNeighbor"];
n0 -> n00;
n01[label = "CplexTerminal"];
n0 -> n01;
n -> n0;
n1[label = "If_Then"];
n10[label = "Or"];
n100[label = "CplexTerminal"];
n10 -> n100;
n101[label = "CplexTerminal"];
n10 -> n101;
n1 -> n10;
n11[label = "If_Then_Else"];
n110[label = "CplexTerminal"];
n11 -> n110;
n111[label = "CplexTerminal"];
n11 -> n111;
n112[label = "NearestFirstNode"];
n11 -> n112;
n1 -> n11;
n -> n1;
}


Generation: 6
Best Individual:
Subpopulation 0:
Evaluated: true
Fitness: Standardized=0.012134429 Adjusted=0.98801106 Hits=1
Tree 0:
digraph g {
node [shape=rectangle];
n[label = "Equal"];
n0[label = "Equal"];
n00[label = "While"];
n000[label = "NearestNeighbor"];
n00 -> n000;
n001[label = "And"];
n0010[label = "CplexTerminal"];
n001 -> n0010;
n0011[label = "CplexTerminal"];
n001 -> n0011;
n00 -> n001;
n0 -> n00;
n01[label = "If_Then"];
n010[label = "Or"];
n0100[label = "CplexTerminal"];
n010 -> n0100;
n0101[label = "CplexTerminal"];
n010 -> n0101;
n01 -> n010;
n011[label = "If_Then_Else"];
n0110[label = "CplexTerminal"];
n011 -> n0110;
n0111[label = "CplexTerminal"];
n011 -> n0111;
n0112[label = "NearestFirstNode"];
n011 -> n0112;
n01 -> n011;
n0 -> n01;
n -> n0;
n1[label = "FarthestInsertion"];
n -> n1;
}


Generation: 7
Best Individual:
Subpopulation 0:
Evaluated: true
Fitness: Standardized=0.009805668 Adjusted=0.9902895 Hits=3
Tree 0:
digraph g {
node [shape=rectangle];
n[label = "Equal"];
n0[label = "While"];
n00[label = "NearestNeighbor"];
n0 -> n00;
n01[label = "And"];
n010[label = "CplexTerminal"];
n01 -> n010;
n011[label = "CplexTerminal"];
n01 -> n011;
n0 -> n01;
n -> n0;
n1[label = "If_Then"];
n10[label = "Or"];
n100[label = "CplexTerminal"];
n10 -> n100;
n101[label = "CplexTerminal"];
n10 -> n101;
n1 -> n10;
n11[label = "And"];
n110[label = "And"];
n1100[label = "CplexTerminal"];
n110 -> n1100;
n1101[label = "CplexTerminal"];
n110 -> n1101;
n11 -> n110;
n111[label = "CplexTerminal"];
n11 -> n111;
n1 -> n11;
n -> n1;
}


Generation: 8
Best Individual:
Subpopulation 0:
Evaluated: true
Fitness: Standardized=0.009805668 Adjusted=0.9902895 Hits=3
Tree 0:
digraph g {
node [shape=rectangle];
n[label = "Equal"];
n0[label = "While"];
n00[label = "NearestNeighbor"];
n0 -> n00;
n01[label = "And"];
n010[label = "CplexTerminal"];
n01 -> n010;
n011[label = "CplexTerminal"];
n01 -> n011;
n0 -> n01;
n -> n0;
n1[label = "If_Then"];
n10[label = "Or"];
n100[label = "CplexTerminal"];
n10 -> n100;
n101[label = "CplexTerminal"];
n10 -> n101;
n1 -> n10;
n11[label = "And"];
n110[label = "And"];
n1100[label = "CplexTerminal"];
n110 -> n1100;
n1101[label = "CplexTerminal"];
n110 -> n1101;
n11 -> n110;
n111[label = "CplexTerminal"];
n11 -> n111;
n1 -> n11;
n -> n1;
}


Generation: 9
Best Individual:
Subpopulation 0:
Evaluated: true
Fitness: Standardized=0.009805668 Adjusted=0.9902895 Hits=3
Tree 0:
digraph g {
node [shape=rectangle];
n[label = "Equal"];
n0[label = "While"];
n00[label = "NearestNeighbor"];
n0 -> n00;
n01[label = "And"];
n010[label = "CplexTerminal"];
n01 -> n010;
n011[label = "CplexTerminal"];
n01 -> n011;
n0 -> n01;
n -> n0;
n1[label = "If_Then"];
n10[label = "If_Then"];
n100[label = "And"];
n1000[label = "CplexTerminal"];
n100 -> n1000;
n1001[label = "CplexTerminal"];
n100 -> n1001;
n10 -> n100;
n101[label = "If_Then_Else"];
n1010[label = "CplexTerminal"];
n101 -> n1010;
n1011[label = "CplexTerminal"];
n101 -> n1011;
n1012[label = "NearestFirstNode"];
n101 -> n1012;
n10 -> n101;
n1 -> n10;
n11[label = "While"];
n110[label = "NearestNeighbor"];
n11 -> n110;
n111[label = "If_Then_Else"];
n1110[label = "NearestNeighbor"];
n111 -> n1110;
n1111[label = "CplexTerminal"];
n111 -> n1111;
n1112[label = "FarthestInsertion"];
n111 -> n1112;
n11 -> n111;
n1 -> n11;
n -> n1;
}


Generation: 10
Best Individual:
Subpopulation 0:
Evaluated: true
Fitness: Standardized=0.009805668 Adjusted=0.9902895 Hits=3
Tree 0:
digraph g {
node [shape=rectangle];
n[label = "Equal"];
n0[label = "While"];
n00[label = "NearestNeighbor"];
n0 -> n00;
n01[label = "And"];
n010[label = "CplexTerminal"];
n01 -> n010;
n011[label = "CplexTerminal"];
n01 -> n011;
n0 -> n01;
n -> n0;
n1[label = "If_Then"];
n10[label = "If_Then"];
n100[label = "And"];
n1000[label = "CplexTerminal"];
n100 -> n1000;
n1001[label = "CplexTerminal"];
n100 -> n1001;
n10 -> n100;
n101[label = "If_Then_Else"];
n1010[label = "CplexTerminal"];
n101 -> n1010;
n1011[label = "CplexTerminal"];
n101 -> n1011;
n1012[label = "NearestFirstNode"];
n101 -> n1012;
n10 -> n101;
n1 -> n10;
n11[label = "While"];
n110[label = "NearestNeighbor"];
n11 -> n110;
n111[label = "If_Then_Else"];
n1110[label = "NearestNeighbor"];
n111 -> n1110;
n1111[label = "CplexTerminal"];
n111 -> n1111;
n1112[label = "FarthestInsertion"];
n111 -> n1112;
n11 -> n111;
n1 -> n11;
n -> n1;
}


Generation: 11
Best Individual:
Subpopulation 0:
Evaluated: true
Fitness: Standardized=0.009805668 Adjusted=0.9902895 Hits=3
Tree 0:
digraph g {
node [shape=rectangle];
n[label = "Equal"];
n0[label = "While"];
n00[label = "NearestNeighbor"];
n0 -> n00;
n01[label = "And"];
n010[label = "CplexTerminal"];
n01 -> n010;
n011[label = "CplexTerminal"];
n01 -> n011;
n0 -> n01;
n -> n0;
n1[label = "If_Then"];
n10[label = "If_Then"];
n100[label = "And"];
n1000[label = "CplexTerminal"];
n100 -> n1000;
n1001[label = "CplexTerminal"];
n100 -> n1001;
n10 -> n100;
n101[label = "If_Then_Else"];
n1010[label = "CplexTerminal"];
n101 -> n1010;
n1011[label = "CplexTerminal"];
n101 -> n1011;
n1012[label = "NearestFirstNode"];
n101 -> n1012;
n10 -> n101;
n1 -> n10;
n11[label = "While"];
n110[label = "NearestNeighbor"];
n11 -> n110;
n111[label = "If_Then_Else"];
n1110[label = "NearestNeighbor"];
n111 -> n1110;
n1111[label = "CplexTerminal"];
n111 -> n1111;
n1112[label = "FarthestInsertion"];
n111 -> n1112;
n11 -> n111;
n1 -> n11;
n -> n1;
}


Generation: 12
Best Individual:
Subpopulation 0:
Evaluated: true
Fitness: Standardized=0.009077623 Adjusted=0.991004 Hits=3
Tree 0:
digraph g {
node [shape=rectangle];
n[label = "Equal"];
n0[label = "While"];
n00[label = "NearestNeighbor"];
n0 -> n00;
n01[label = "And"];
n010[label = "CplexTerminal"];
n01 -> n010;
n011[label = "CplexTerminal"];
n01 -> n011;
n0 -> n01;
n -> n0;
n1[label = "And"];
n10[label = "And"];
n100[label = "CplexTerminal"];
n10 -> n100;
n101[label = "CplexTerminal"];
n10 -> n101;
n1 -> n10;
n11[label = "And"];
n110[label = "CplexTerminal"];
n11 -> n110;
n111[label = "And"];
n1110[label = "CplexTerminal"];
n111 -> n1110;
n1111[label = "CplexTerminal"];
n111 -> n1111;
n11 -> n111;
n1 -> n11;
n -> n1;
}


Generation: 13
Best Individual:
Subpopulation 0:
Evaluated: true
Fitness: Standardized=0.009077623 Adjusted=0.991004 Hits=3
Tree 0:
digraph g {
node [shape=rectangle];
n[label = "Equal"];
n0[label = "While"];
n00[label = "NearestNeighbor"];
n0 -> n00;
n01[label = "And"];
n010[label = "CplexTerminal"];
n01 -> n010;
n011[label = "CplexTerminal"];
n01 -> n011;
n0 -> n01;
n -> n0;
n1[label = "And"];
n10[label = "And"];
n100[label = "CplexTerminal"];
n10 -> n100;
n101[label = "CplexTerminal"];
n10 -> n101;
n1 -> n10;
n11[label = "And"];
n110[label = "CplexTerminal"];
n11 -> n110;
n111[label = "And"];
n1110[label = "CplexTerminal"];
n111 -> n1110;
n1111[label = "CplexTerminal"];
n111 -> n1111;
n11 -> n111;
n1 -> n11;
n -> n1;
}


Generation: 14
Best Individual:
Subpopulation 0:
Evaluated: true
Fitness: Standardized=0.009077623 Adjusted=0.991004 Hits=3
Tree 0:
digraph g {
node [shape=rectangle];
n[label = "Equal"];
n0[label = "While"];
n00[label = "NearestNeighbor"];
n0 -> n00;
n01[label = "And"];
n010[label = "CplexTerminal"];
n01 -> n010;
n011[label = "CplexTerminal"];
n01 -> n011;
n0 -> n01;
n -> n0;
n1[label = "And"];
n10[label = "And"];
n100[label = "CplexTerminal"];
n10 -> n100;
n101[label = "CplexTerminal"];
n10 -> n101;
n1 -> n10;
n11[label = "And"];
n110[label = "CplexTerminal"];
n11 -> n110;
n111[label = "And"];
n1110[label = "CplexTerminal"];
n111 -> n1110;
n1111[label = "CplexTerminal"];
n111 -> n1111;
n11 -> n111;
n1 -> n11;
n -> n1;
}


Generation: 15
Best Individual:
Subpopulation 0:
Evaluated: true
Fitness: Standardized=0.009077623 Adjusted=0.991004 Hits=3
Tree 0:
digraph g {
node [shape=rectangle];
n[label = "Equal"];
n0[label = "While"];
n00[label = "NearestNeighbor"];
n0 -> n00;
n01[label = "And"];
n010[label = "CplexTerminal"];
n01 -> n010;
n011[label = "CplexTerminal"];
n01 -> n011;
n0 -> n01;
n -> n0;
n1[label = "And"];
n10[label = "And"];
n100[label = "CplexTerminal"];
n10 -> n100;
n101[label = "CplexTerminal"];
n10 -> n101;
n1 -> n10;
n11[label = "And"];
n110[label = "CplexTerminal"];
n11 -> n110;
n111[label = "And"];
n1110[label = "CplexTerminal"];
n111 -> n1110;
n1111[label = "CplexTerminal"];
n111 -> n1111;
n11 -> n111;
n1 -> n11;
n -> n1;
}


Generation: 16
Best Individual:
Subpopulation 0:
Evaluated: true
Fitness: Standardized=0.008078262 Adjusted=0.9919865 Hits=4
Tree 0:
digraph g {
node [shape=rectangle];
n[label = "Equal"];
n0[label = "While"];
n00[label = "NearestNeighbor"];
n0 -> n00;
n01[label = "And"];
n010[label = "CplexTerminal"];
n01 -> n010;
n011[label = "CplexTerminal"];
n01 -> n011;
n0 -> n01;
n -> n0;
n1[label = "If_Then"];
n10[label = "If_Then"];
n100[label = "And"];
n1000[label = "CplexTerminal"];
n100 -> n1000;
n1001[label = "CplexTerminal"];
n100 -> n1001;
n10 -> n100;
n101[label = "Or"];
n1010[label = "CplexTerminal"];
n101 -> n1010;
n1011[label = "CplexTerminal"];
n101 -> n1011;
n10 -> n101;
n1 -> n10;
n11[label = "If_Then"];
n110[label = "Or"];
n1100[label = "CplexTerminal"];
n110 -> n1100;
n1101[label = "CplexTerminal"];
n110 -> n1101;
n11 -> n110;
n111[label = "And"];
n1110[label = "CplexTerminal"];
n111 -> n1110;
n1111[label = "CplexTerminal"];
n111 -> n1111;
n11 -> n111;
n1 -> n11;
n -> n1;
}


Generation: 17
Best Individual:
Subpopulation 0:
Evaluated: true
Fitness: Standardized=0.008078262 Adjusted=0.9919865 Hits=4
Tree 0:
digraph g {
node [shape=rectangle];
n[label = "Equal"];
n0[label = "While"];
n00[label = "NearestNeighbor"];
n0 -> n00;
n01[label = "And"];
n010[label = "CplexTerminal"];
n01 -> n010;
n011[label = "CplexTerminal"];
n01 -> n011;
n0 -> n01;
n -> n0;
n1[label = "If_Then"];
n10[label = "If_Then"];
n100[label = "And"];
n1000[label = "CplexTerminal"];
n100 -> n1000;
n1001[label = "CplexTerminal"];
n100 -> n1001;
n10 -> n100;
n101[label = "Or"];
n1010[label = "CplexTerminal"];
n101 -> n1010;
n1011[label = "CplexTerminal"];
n101 -> n1011;
n10 -> n101;
n1 -> n10;
n11[label = "If_Then"];
n110[label = "Or"];
n1100[label = "CplexTerminal"];
n110 -> n1100;
n1101[label = "CplexTerminal"];
n110 -> n1101;
n11 -> n110;
n111[label = "And"];
n1110[label = "CplexTerminal"];
n111 -> n1110;
n1111[label = "CplexTerminal"];
n111 -> n1111;
n11 -> n111;
n1 -> n11;
n -> n1;
}


Generation: 18
Best Individual:
Subpopulation 0:
Evaluated: true
Fitness: Standardized=0.007480836 Adjusted=0.9925747 Hits=4
Tree 0:
digraph g {
node [shape=rectangle];
n[label = "Equal"];
n0[label = "While"];
n00[label = "NearestNeighbor"];
n0 -> n00;
n01[label = "And"];
n010[label = "CplexTerminal"];
n01 -> n010;
n011[label = "CplexTerminal"];
n01 -> n011;
n0 -> n01;
n -> n0;
n1[label = "If_Then"];
n10[label = "If_Then"];
n100[label = "And"];
n1000[label = "CplexTerminal"];
n100 -> n1000;
n1001[label = "CplexTerminal"];
n100 -> n1001;
n10 -> n100;
n101[label = "Or"];
n1010[label = "CplexTerminal"];
n101 -> n1010;
n1011[label = "CplexTerminal"];
n101 -> n1011;
n10 -> n101;
n1 -> n10;
n11[label = "If_Then"];
n110[label = "Or"];
n1100[label = "CplexTerminal"];
n110 -> n1100;
n1101[label = "CplexTerminal"];
n110 -> n1101;
n11 -> n110;
n111[label = "And"];
n1110[label = "CplexTerminal"];
n111 -> n1110;
n1111[label = "CplexTerminal"];
n111 -> n1111;
n11 -> n111;
n1 -> n11;
n -> n1;
}


Generation: 19
Best Individual:
Subpopulation 0:
Evaluated: true
Fitness: Standardized=0.007480836 Adjusted=0.9925747 Hits=4
Tree 0:
digraph g {
node [shape=rectangle];
n[label = "Equal"];
n0[label = "While"];
n00[label = "NearestNeighbor"];
n0 -> n00;
n01[label = "And"];
n010[label = "CplexTerminal"];
n01 -> n010;
n011[label = "CplexTerminal"];
n01 -> n011;
n0 -> n01;
n -> n0;
n1[label = "If_Then"];
n10[label = "If_Then"];
n100[label = "And"];
n1000[label = "CplexTerminal"];
n100 -> n1000;
n1001[label = "CplexTerminal"];
n100 -> n1001;
n10 -> n100;
n101[label = "Or"];
n1010[label = "CplexTerminal"];
n101 -> n1010;
n1011[label = "CplexTerminal"];
n101 -> n1011;
n10 -> n101;
n1 -> n10;
n11[label = "If_Then"];
n110[label = "Or"];
n1100[label = "CplexTerminal"];
n110 -> n1100;
n1101[label = "CplexTerminal"];
n110 -> n1101;
n11 -> n110;
n111[label = "And"];
n1110[label = "CplexTerminal"];
n111 -> n1110;
n1111[label = "CplexTerminal"];
n111 -> n1111;
n11 -> n111;
n1 -> n11;
n -> n1;
}


Generation: 20
Best Individual:
Subpopulation 0:
Evaluated: true
Fitness: Standardized=0.007480836 Adjusted=0.9925747 Hits=4
Tree 0:
digraph g {
node [shape=rectangle];
n[label = "Equal"];
n0[label = "While"];
n00[label = "NearestNeighbor"];
n0 -> n00;
n01[label = "And"];
n010[label = "CplexTerminal"];
n01 -> n010;
n011[label = "CplexTerminal"];
n01 -> n011;
n0 -> n01;
n -> n0;
n1[label = "If_Then"];
n10[label = "If_Then"];
n100[label = "And"];
n1000[label = "CplexTerminal"];
n100 -> n1000;
n1001[label = "CplexTerminal"];
n100 -> n1001;
n10 -> n100;
n101[label = "Or"];
n1010[label = "CplexTerminal"];
n101 -> n1010;
n1011[label = "CplexTerminal"];
n101 -> n1011;
n10 -> n101;
n1 -> n10;
n11[label = "If_Then"];
n110[label = "Or"];
n1100[label = "CplexTerminal"];
n110 -> n1100;
n1101[label = "CplexTerminal"];
n110 -> n1101;
n11 -> n110;
n111[label = "And"];
n1110[label = "CplexTerminal"];
n111 -> n1110;
n1111[label = "CplexTerminal"];
n111 -> n1111;
n11 -> n111;
n1 -> n11;
n -> n1;
}


Generation: 21
Best Individual:
Subpopulation 0:
Evaluated: true
Fitness: Standardized=0.007480836 Adjusted=0.9925747 Hits=4
Tree 0:
digraph g {
node [shape=rectangle];
n[label = "Equal"];
n0[label = "While"];
n00[label = "NearestNeighbor"];
n0 -> n00;
n01[label = "And"];
n010[label = "CplexTerminal"];
n01 -> n010;
n011[label = "CplexTerminal"];
n01 -> n011;
n0 -> n01;
n -> n0;
n1[label = "If_Then"];
n10[label = "If_Then"];
n100[label = "And"];
n1000[label = "CplexTerminal"];
n100 -> n1000;
n1001[label = "CplexTerminal"];
n100 -> n1001;
n10 -> n100;
n101[label = "Or"];
n1010[label = "CplexTerminal"];
n101 -> n1010;
n1011[label = "CplexTerminal"];
n101 -> n1011;
n10 -> n101;
n1 -> n10;
n11[label = "If_Then"];
n110[label = "Or"];
n1100[label = "CplexTerminal"];
n110 -> n1100;
n1101[label = "CplexTerminal"];
n110 -> n1101;
n11 -> n110;
n111[label = "And"];
n1110[label = "CplexTerminal"];
n111 -> n1110;
n1111[label = "CplexTerminal"];
n111 -> n1111;
n11 -> n111;
n1 -> n11;
n -> n1;
}


Generation: 22
Best Individual:
Subpopulation 0:
Evaluated: true
Fitness: Standardized=0.007480836 Adjusted=0.9925747 Hits=4
Tree 0:
digraph g {
node [shape=rectangle];
n[label = "Equal"];
n0[label = "While"];
n00[label = "NearestNeighbor"];
n0 -> n00;
n01[label = "And"];
n010[label = "CplexTerminal"];
n01 -> n010;
n011[label = "CplexTerminal"];
n01 -> n011;
n0 -> n01;
n -> n0;
n1[label = "If_Then"];
n10[label = "If_Then"];
n100[label = "And"];
n1000[label = "CplexTerminal"];
n100 -> n1000;
n1001[label = "CplexTerminal"];
n100 -> n1001;
n10 -> n100;
n101[label = "Or"];
n1010[label = "CplexTerminal"];
n101 -> n1010;
n1011[label = "CplexTerminal"];
n101 -> n1011;
n10 -> n101;
n1 -> n10;
n11[label = "If_Then"];
n110[label = "Or"];
n1100[label = "CplexTerminal"];
n110 -> n1100;
n1101[label = "CplexTerminal"];
n110 -> n1101;
n11 -> n110;
n111[label = "And"];
n1110[label = "CplexTerminal"];
n111 -> n1110;
n1111[label = "CplexTerminal"];
n111 -> n1111;
n11 -> n111;
n1 -> n11;
n -> n1;
}


Generation: 23
Best Individual:
Subpopulation 0:
Evaluated: true
Fitness: Standardized=0.007480836 Adjusted=0.9925747 Hits=4
Tree 0:
digraph g {
node [shape=rectangle];
n[label = "Equal"];
n0[label = "While"];
n00[label = "NearestNeighbor"];
n0 -> n00;
n01[label = "And"];
n010[label = "CplexTerminal"];
n01 -> n010;
n011[label = "CplexTerminal"];
n01 -> n011;
n0 -> n01;
n -> n0;
n1[label = "If_Then"];
n10[label = "If_Then"];
n100[label = "And"];
n1000[label = "CplexTerminal"];
n100 -> n1000;
n1001[label = "CplexTerminal"];
n100 -> n1001;
n10 -> n100;
n101[label = "Or"];
n1010[label = "CplexTerminal"];
n101 -> n1010;
n1011[label = "CplexTerminal"];
n101 -> n1011;
n10 -> n101;
n1 -> n10;
n11[label = "If_Then"];
n110[label = "Or"];
n1100[label = "CplexTerminal"];
n110 -> n1100;
n1101[label = "CplexTerminal"];
n110 -> n1101;
n11 -> n110;
n111[label = "And"];
n1110[label = "CplexTerminal"];
n111 -> n1110;
n1111[label = "CplexTerminal"];
n111 -> n1111;
n11 -> n111;
n1 -> n11;
n -> n1;
}


Generation: 24
Best Individual:
Subpopulation 0:
Evaluated: true
Fitness: Standardized=0.007480836 Adjusted=0.9925747 Hits=4
Tree 0:
digraph g {
node [shape=rectangle];
n[label = "Equal"];
n0[label = "While"];
n00[label = "NearestNeighbor"];
n0 -> n00;
n01[label = "And"];
n010[label = "CplexTerminal"];
n01 -> n010;
n011[label = "CplexTerminal"];
n01 -> n011;
n0 -> n01;
n -> n0;
n1[label = "If_Then"];
n10[label = "If_Then"];
n100[label = "And"];
n1000[label = "CplexTerminal"];
n100 -> n1000;
n1001[label = "CplexTerminal"];
n100 -> n1001;
n10 -> n100;
n101[label = "Or"];
n1010[label = "CplexTerminal"];
n101 -> n1010;
n1011[label = "CplexTerminal"];
n101 -> n1011;
n10 -> n101;
n1 -> n10;
n11[label = "If_Then"];
n110[label = "Or"];
n1100[label = "CplexTerminal"];
n110 -> n1100;
n1101[label = "CplexTerminal"];
n110 -> n1101;
n11 -> n110;
n111[label = "And"];
n1110[label = "CplexTerminal"];
n111 -> n1110;
n1111[label = "CplexTerminal"];
n111 -> n1111;
n11 -> n111;
n1 -> n11;
n -> n1;
}


Generation: 25
Best Individual:
Subpopulation 0:
Evaluated: true
Fitness: Standardized=0.007480836 Adjusted=0.9925747 Hits=4
Tree 0:
digraph g {
node [shape=rectangle];
n[label = "Equal"];
n0[label = "While"];
n00[label = "NearestNeighbor"];
n0 -> n00;
n01[label = "And"];
n010[label = "CplexTerminal"];
n01 -> n010;
n011[label = "CplexTerminal"];
n01 -> n011;
n0 -> n01;
n -> n0;
n1[label = "If_Then"];
n10[label = "If_Then"];
n100[label = "And"];
n1000[label = "CplexTerminal"];
n100 -> n1000;
n1001[label = "CplexTerminal"];
n100 -> n1001;
n10 -> n100;
n101[label = "Or"];
n1010[label = "CplexTerminal"];
n101 -> n1010;
n1011[label = "CplexTerminal"];
n101 -> n1011;
n10 -> n101;
n1 -> n10;
n11[label = "If_Then"];
n110[label = "Or"];
n1100[label = "CplexTerminal"];
n110 -> n1100;
n1101[label = "CplexTerminal"];
n110 -> n1101;
n11 -> n110;
n111[label = "And"];
n1110[label = "CplexTerminal"];
n111 -> n1110;
n1111[label = "CplexTerminal"];
n111 -> n1111;
n11 -> n111;
n1 -> n11;
n -> n1;
}


Generation: 26
Best Individual:
Subpopulation 0:
Evaluated: true
Fitness: Standardized=0.007480836 Adjusted=0.9925747 Hits=4
Tree 0:
digraph g {
node [shape=rectangle];
n[label = "Equal"];
n0[label = "While"];
n00[label = "NearestNeighbor"];
n0 -> n00;
n01[label = "And"];
n010[label = "CplexTerminal"];
n01 -> n010;
n011[label = "CplexTerminal"];
n01 -> n011;
n0 -> n01;
n -> n0;
n1[label = "If_Then"];
n10[label = "If_Then"];
n100[label = "And"];
n1000[label = "CplexTerminal"];
n100 -> n1000;
n1001[label = "CplexTerminal"];
n100 -> n1001;
n10 -> n100;
n101[label = "Or"];
n1010[label = "CplexTerminal"];
n101 -> n1010;
n1011[label = "CplexTerminal"];
n101 -> n1011;
n10 -> n101;
n1 -> n10;
n11[label = "If_Then"];
n110[label = "Or"];
n1100[label = "CplexTerminal"];
n110 -> n1100;
n1101[label = "CplexTerminal"];
n110 -> n1101;
n11 -> n110;
n111[label = "And"];
n1110[label = "CplexTerminal"];
n111 -> n1110;
n1111[label = "CplexTerminal"];
n111 -> n1111;
n11 -> n111;
n1 -> n11;
n -> n1;
}


Generation: 27
Best Individual:
Subpopulation 0:
Evaluated: true
Fitness: Standardized=0.007480836 Adjusted=0.9925747 Hits=4
Tree 0:
digraph g {
node [shape=rectangle];
n[label = "Equal"];
n0[label = "While"];
n00[label = "NearestNeighbor"];
n0 -> n00;
n01[label = "And"];
n010[label = "CplexTerminal"];
n01 -> n010;
n011[label = "CplexTerminal"];
n01 -> n011;
n0 -> n01;
n -> n0;
n1[label = "If_Then"];
n10[label = "If_Then"];
n100[label = "And"];
n1000[label = "CplexTerminal"];
n100 -> n1000;
n1001[label = "CplexTerminal"];
n100 -> n1001;
n10 -> n100;
n101[label = "Or"];
n1010[label = "CplexTerminal"];
n101 -> n1010;
n1011[label = "CplexTerminal"];
n101 -> n1011;
n10 -> n101;
n1 -> n10;
n11[label = "If_Then"];
n110[label = "Or"];
n1100[label = "CplexTerminal"];
n110 -> n1100;
n1101[label = "CplexTerminal"];
n110 -> n1101;
n11 -> n110;
n111[label = "And"];
n1110[label = "CplexTerminal"];
n111 -> n1110;
n1111[label = "CplexTerminal"];
n111 -> n1111;
n11 -> n111;
n1 -> n11;
n -> n1;
}


Generation: 28
Best Individual:
Subpopulation 0:
Evaluated: true
Fitness: Standardized=0.007480836 Adjusted=0.9925747 Hits=4
Tree 0:
digraph g {
node [shape=rectangle];
n[label = "Equal"];
n0[label = "While"];
n00[label = "NearestNeighbor"];
n0 -> n00;
n01[label = "And"];
n010[label = "CplexTerminal"];
n01 -> n010;
n011[label = "CplexTerminal"];
n01 -> n011;
n0 -> n01;
n -> n0;
n1[label = "If_Then"];
n10[label = "If_Then"];
n100[label = "And"];
n1000[label = "CplexTerminal"];
n100 -> n1000;
n1001[label = "CplexTerminal"];
n100 -> n1001;
n10 -> n100;
n101[label = "Or"];
n1010[label = "CplexTerminal"];
n101 -> n1010;
n1011[label = "CplexTerminal"];
n101 -> n1011;
n10 -> n101;
n1 -> n10;
n11[label = "If_Then"];
n110[label = "Or"];
n1100[label = "CplexTerminal"];
n110 -> n1100;
n1101[label = "CplexTerminal"];
n110 -> n1101;
n11 -> n110;
n111[label = "And"];
n1110[label = "CplexTerminal"];
n111 -> n1110;
n1111[label = "CplexTerminal"];
n111 -> n1111;
n11 -> n111;
n1 -> n11;
n -> n1;
}


Generation: 29
Best Individual:
Subpopulation 0:
Evaluated: true
Fitness: Standardized=0.007480836 Adjusted=0.9925747 Hits=4
Tree 0:
digraph g {
node [shape=rectangle];
n[label = "Equal"];
n0[label = "While"];
n00[label = "NearestNeighbor"];
n0 -> n00;
n01[label = "And"];
n010[label = "CplexTerminal"];
n01 -> n010;
n011[label = "CplexTerminal"];
n01 -> n011;
n0 -> n01;
n -> n0;
n1[label = "If_Then"];
n10[label = "If_Then"];
n100[label = "And"];
n1000[label = "CplexTerminal"];
n100 -> n1000;
n1001[label = "CplexTerminal"];
n100 -> n1001;
n10 -> n100;
n101[label = "Or"];
n1010[label = "CplexTerminal"];
n101 -> n1010;
n1011[label = "CplexTerminal"];
n101 -> n1011;
n10 -> n101;
n1 -> n10;
n11[label = "If_Then"];
n110[label = "Or"];
n1100[label = "CplexTerminal"];
n110 -> n1100;
n1101[label = "CplexTerminal"];
n110 -> n1101;
n11 -> n110;
n111[label = "And"];
n1110[label = "CplexTerminal"];
n111 -> n1110;
n1111[label = "CplexTerminal"];
n111 -> n1111;
n11 -> n111;
n1 -> n11;
n -> n1;
}


Best Individual of Run:
Subpopulation 0:
Evaluated: true
Fitness: Standardized=0.007480836 Adjusted=0.9925747 Hits=4
Tree 0:
digraph g {
node [shape=rectangle];
n[label = "Equal"];
n0[label = "While"];
n00[label = "NearestNeighbor"];
n0 -> n00;
n01[label = "And"];
n010[label = "CplexTerminal"];
n01 -> n010;
n011[label = "CplexTerminal"];
n01 -> n011;
n0 -> n01;
n -> n0;
n1[label = "If_Then"];
n10[label = "If_Then"];
n100[label = "And"];
n1000[label = "CplexTerminal"];
n100 -> n1000;
n1001[label = "CplexTerminal"];
n100 -> n1001;
n10 -> n100;
n101[label = "Or"];
n1010[label = "CplexTerminal"];
n101 -> n1010;
n1011[label = "CplexTerminal"];
n101 -> n1011;
n10 -> n101;
n1 -> n10;
n11[label = "If_Then"];
n110[label = "Or"];
n1100[label = "CplexTerminal"];
n110 -> n1100;
n1101[label = "CplexTerminal"];
n110 -> n1101;
n11 -> n110;
n111[label = "And"];
n1110[label = "CplexTerminal"];
n111 -> n1110;
n1111[label = "CplexTerminal"];
n111 -> n1111;
n11 -> n111;
n1 -> n11;
n -> n1;
}

