
Generation: 0
Best Individual:
Subpopulation 0:
Evaluated: true
Fitness: Standardized=0.16571103 Adjusted=0.85784554 Hits=0
Tree 0:
digraph g {
node [shape=rectangle];
n[label = "Equal"];
n0[label = "While"];
n00[label = "If_Then_Else"];
n000[label = "FarthestNeighbor"];
n00 -> n000;
n001[label = "CplexTerminal"];
n00 -> n001;
n002[label = "WorstMove"];
n00 -> n002;
n0 -> n00;
n01[label = "Or"];
n010[label = "NearestNeighbor"];
n01 -> n010;
n011[label = "FarthestFirstNode"];
n01 -> n011;
n0 -> n01;
n -> n0;
n1[label = "While"];
n10[label = "If_Then"];
n100[label = "CplexTerminal"];
n10 -> n100;
n101[label = "FarthestNeighbor"];
n10 -> n101;
n1 -> n10;
n11[label = "If_Then_Else"];
n110[label = "FarthestNeighbor"];
n11 -> n110;
n111[label = "NearestInsertion"];
n11 -> n111;
n112[label = "NearestInsertion"];
n11 -> n112;
n1 -> n11;
n -> n1;
}


Generation: 1
Best Individual:
Subpopulation 0:
Evaluated: true
Fitness: Standardized=0.059188064 Adjusted=0.94411945 Hits=0
Tree 0:
digraph g {
node [shape=rectangle];
n[label = "Equal"];
n0[label = "Equal"];
n00[label = "While"];
n000[label = "If_Then_Else"];
n0000[label = "NearestFirstNode"];
n000 -> n0000;
n0001[label = "FarthestInsertion"];
n000 -> n0001;
n0002[label = "NearestInsertion"];
n000 -> n0002;
n00 -> n000;
n001[label = "If_Then"];
n0010[label = "NearestNeighbor"];
n001 -> n0010;
n0011[label = "CplexTerminal"];
n001 -> n0011;
n00 -> n001;
n0 -> n00;
n01[label = "Or"];
n010[label = "Or"];
n0100[label = "NearestNeighbor"];
n010 -> n0100;
n0101[label = "NearestNeighbor"];
n010 -> n0101;
n01 -> n010;
n011[label = "If_Then"];
n0110[label = "WorstMove"];
n011 -> n0110;
n0111[label = "FarthestInsertion"];
n011 -> n0111;
n01 -> n011;
n0 -> n01;
n -> n0;
n1[label = "And"];
n10[label = "If_Then_Else"];
n100[label = "If_Then"];
n1000[label = "BestMove"];
n100 -> n1000;
n1001[label = "NearestFirstNode"];
n100 -> n1001;
n10 -> n100;
n101[label = "If_Then"];
n1010[label = "NearestFirstNode"];
n101 -> n1010;
n1011[label = "CplexTerminal"];
n101 -> n1011;
n10 -> n101;
n102[label = "Or"];
n1020[label = "BestMove"];
n102 -> n1020;
n1021[label = "FarthestFirstNode"];
n102 -> n1021;
n10 -> n102;
n1 -> n10;
n11[label = "And"];
n110[label = "If_Then"];
n1100[label = "CplexTerminal"];
n110 -> n1100;
n1101[label = "FarthestNeighbor"];
n110 -> n1101;
n11 -> n110;
n111[label = "And"];
n1110[label = "FarthestInsertion"];
n111 -> n1110;
n1111[label = "NearestFirstNode"];
n111 -> n1111;
n11 -> n111;
n1 -> n11;
n -> n1;
}


Generation: 2
Best Individual:
Subpopulation 0:
Evaluated: true
Fitness: Standardized=0.05311747 Adjusted=0.94956166 Hits=2
Tree 0:
digraph g {
node [shape=rectangle];
n[label = "Equal"];
n0[label = "While"];
n00[label = "If_Then_Else"];
n000[label = "FarthestNeighbor"];
n00 -> n000;
n001[label = "CplexTerminal"];
n00 -> n001;
n002[label = "WorstMove"];
n00 -> n002;
n0 -> n00;
n01[label = "Or"];
n010[label = "NearestNeighbor"];
n01 -> n010;
n011[label = "FarthestFirstNode"];
n01 -> n011;
n0 -> n01;
n -> n0;
n1[label = "While"];
n10[label = "If_Then"];
n100[label = "CplexTerminal"];
n10 -> n100;
n101[label = "FarthestNeighbor"];
n10 -> n101;
n1 -> n10;
n11[label = "Or"];
n110[label = "BestMove"];
n11 -> n110;
n111[label = "BestMove"];
n11 -> n111;
n1 -> n11;
n -> n1;
}


Generation: 3
Best Individual:
Subpopulation 0:
Evaluated: true
Fitness: Standardized=0.04642136 Adjusted=0.95563793 Hits=0
Tree 0:
digraph g {
node [shape=rectangle];
n[label = "Equal"];
n0[label = "While"];
n00[label = "If_Then_Else"];
n000[label = "FarthestNeighbor"];
n00 -> n000;
n001[label = "CplexTerminal"];
n00 -> n001;
n002[label = "If_Then"];
n0020[label = "NearestFirstNode"];
n002 -> n0020;
n0021[label = "WorstMove"];
n002 -> n0021;
n00 -> n002;
n0 -> n00;
n01[label = "Or"];
n010[label = "If_Then"];
n0100[label = "BestMove"];
n010 -> n0100;
n0101[label = "NearestFirstNode"];
n010 -> n0101;
n01 -> n010;
n011[label = "FarthestFirstNode"];
n01 -> n011;
n0 -> n01;
n -> n0;
n1[label = "While"];
n10[label = "If_Then"];
n100[label = "CplexTerminal"];
n10 -> n100;
n101[label = "FarthestNeighbor"];
n10 -> n101;
n1 -> n10;
n11[label = "If_Then_Else"];
n110[label = "FarthestNeighbor"];
n11 -> n110;
n111[label = "NearestInsertion"];
n11 -> n111;
n112[label = "NearestInsertion"];
n11 -> n112;
n1 -> n11;
n -> n1;
}


Generation: 4
Best Individual:
Subpopulation 0:
Evaluated: true
Fitness: Standardized=0.041080326 Adjusted=0.96054065 Hits=0
Tree 0:
digraph g {
node [shape=rectangle];
n[label = "Equal"];
n0[label = "While"];
n00[label = "If_Then_Else"];
n000[label = "FarthestNeighbor"];
n00 -> n000;
n001[label = "CplexTerminal"];
n00 -> n001;
n002[label = "If_Then"];
n0020[label = "NearestFirstNode"];
n002 -> n0020;
n0021[label = "WorstMove"];
n002 -> n0021;
n00 -> n002;
n0 -> n00;
n01[label = "Or"];
n010[label = "If_Then"];
n0100[label = "BestMove"];
n010 -> n0100;
n0101[label = "NearestFirstNode"];
n010 -> n0101;
n01 -> n010;
n011[label = "FarthestFirstNode"];
n01 -> n011;
n0 -> n01;
n -> n0;
n1[label = "While"];
n10[label = "If_Then"];
n100[label = "CplexTerminal"];
n10 -> n100;
n101[label = "Or"];
n1010[label = "NearestNeighbor"];
n101 -> n1010;
n1011[label = "NearestNeighbor"];
n101 -> n1011;
n10 -> n101;
n1 -> n10;
n11[label = "If_Then_Else"];
n110[label = "FarthestNeighbor"];
n11 -> n110;
n111[label = "NearestInsertion"];
n11 -> n111;
n112[label = "NearestInsertion"];
n11 -> n112;
n1 -> n11;
n -> n1;
}


Generation: 5
Best Individual:
Subpopulation 0:
Evaluated: true
Fitness: Standardized=0.03120065 Adjusted=0.9697434 Hits=0
Tree 0:
digraph g {
node [shape=rectangle];
n[label = "Equal"];
n0[label = "While"];
n00[label = "If_Then_Else"];
n000[label = "FarthestNeighbor"];
n00 -> n000;
n001[label = "CplexTerminal"];
n00 -> n001;
n002[label = "If_Then"];
n0020[label = "NearestFirstNode"];
n002 -> n0020;
n0021[label = "WorstMove"];
n002 -> n0021;
n00 -> n002;
n0 -> n00;
n01[label = "Or"];
n010[label = "If_Then"];
n0100[label = "BestMove"];
n010 -> n0100;
n0101[label = "NearestFirstNode"];
n010 -> n0101;
n01 -> n010;
n011[label = "FarthestFirstNode"];
n01 -> n011;
n0 -> n01;
n -> n0;
n1[label = "While"];
n10[label = "If_Then"];
n100[label = "CplexTerminal"];
n10 -> n100;
n101[label = "Or"];
n1010[label = "NearestFirstNode"];
n101 -> n1010;
n1011[label = "NearestNeighbor"];
n101 -> n1011;
n10 -> n101;
n1 -> n10;
n11[label = "If_Then_Else"];
n110[label = "FarthestNeighbor"];
n11 -> n110;
n111[label = "NearestInsertion"];
n11 -> n111;
n112[label = "NearestInsertion"];
n11 -> n112;
n1 -> n11;
n -> n1;
}


Generation: 6
Best Individual:
Subpopulation 0:
Evaluated: true
Fitness: Standardized=0.02759496 Adjusted=0.9731461 Hits=0
Tree 0:
digraph g {
node [shape=rectangle];
n[label = "Equal"];
n0[label = "While"];
n00[label = "If_Then_Else"];
n000[label = "FarthestNeighbor"];
n00 -> n000;
n001[label = "CplexTerminal"];
n00 -> n001;
n002[label = "Or"];
n0020[label = "BestMove"];
n002 -> n0020;
n0021[label = "BestMove"];
n002 -> n0021;
n00 -> n002;
n0 -> n00;
n01[label = "Or"];
n010[label = "If_Then"];
n0100[label = "BestMove"];
n010 -> n0100;
n0101[label = "NearestFirstNode"];
n010 -> n0101;
n01 -> n010;
n011[label = "FarthestFirstNode"];
n01 -> n011;
n0 -> n01;
n -> n0;
n1[label = "While"];
n10[label = "If_Then"];
n100[label = "CplexTerminal"];
n10 -> n100;
n101[label = "FarthestNeighbor"];
n10 -> n101;
n1 -> n10;
n11[label = "If_Then_Else"];
n110[label = "FarthestNeighbor"];
n11 -> n110;
n111[label = "NearestInsertion"];
n11 -> n111;
n112[label = "CplexTerminal"];
n11 -> n112;
n1 -> n11;
n -> n1;
}


Generation: 7
Best Individual:
Subpopulation 0:
Evaluated: true
Fitness: Standardized=0.018816173 Adjusted=0.98153126 Hits=1
Tree 0:
digraph g {
node [shape=rectangle];
n[label = "Equal"];
n0[label = "While"];
n00[label = "If_Then_Else"];
n000[label = "FarthestNeighbor"];
n00 -> n000;
n001[label = "CplexTerminal"];
n00 -> n001;
n002[label = "If_Then"];
n0020[label = "NearestFirstNode"];
n002 -> n0020;
n0021[label = "WorstMove"];
n002 -> n0021;
n00 -> n002;
n0 -> n00;
n01[label = "Or"];
n010[label = "If_Then"];
n0100[label = "BestMove"];
n010 -> n0100;
n0101[label = "NearestFirstNode"];
n010 -> n0101;
n01 -> n010;
n011[label = "FarthestFirstNode"];
n01 -> n011;
n0 -> n01;
n -> n0;
n1[label = "While"];
n10[label = "If_Then"];
n100[label = "CplexTerminal"];
n10 -> n100;
n101[label = "FarthestNeighbor"];
n10 -> n101;
n1 -> n10;
n11[label = "If_Then_Else"];
n110[label = "FarthestNeighbor"];
n11 -> n110;
n111[label = "NearestInsertion"];
n11 -> n111;
n112[label = "CplexTerminal"];
n11 -> n112;
n1 -> n11;
n -> n1;
}


Generation: 8
Best Individual:
Subpopulation 0:
Evaluated: true
Fitness: Standardized=0.018816173 Adjusted=0.98153126 Hits=1
Tree 0:
digraph g {
node [shape=rectangle];
n[label = "Equal"];
n0[label = "While"];
n00[label = "If_Then_Else"];
n000[label = "FarthestNeighbor"];
n00 -> n000;
n001[label = "CplexTerminal"];
n00 -> n001;
n002[label = "If_Then"];
n0020[label = "NearestFirstNode"];
n002 -> n0020;
n0021[label = "WorstMove"];
n002 -> n0021;
n00 -> n002;
n0 -> n00;
n01[label = "Or"];
n010[label = "If_Then"];
n0100[label = "BestMove"];
n010 -> n0100;
n0101[label = "NearestFirstNode"];
n010 -> n0101;
n01 -> n010;
n011[label = "FarthestFirstNode"];
n01 -> n011;
n0 -> n01;
n -> n0;
n1[label = "While"];
n10[label = "If_Then"];
n100[label = "CplexTerminal"];
n10 -> n100;
n101[label = "FarthestNeighbor"];
n10 -> n101;
n1 -> n10;
n11[label = "If_Then_Else"];
n110[label = "FarthestNeighbor"];
n11 -> n110;
n111[label = "NearestInsertion"];
n11 -> n111;
n112[label = "CplexTerminal"];
n11 -> n112;
n1 -> n11;
n -> n1;
}


Generation: 9
Best Individual:
Subpopulation 0:
Evaluated: true
Fitness: Standardized=0.015895523 Adjusted=0.98435324 Hits=1
Tree 0:
digraph g {
node [shape=rectangle];
n[label = "Equal"];
n0[label = "While"];
n00[label = "If_Then_Else"];
n000[label = "FarthestNeighbor"];
n00 -> n000;
n001[label = "CplexTerminal"];
n00 -> n001;
n002[label = "If_Then"];
n0020[label = "NearestFirstNode"];
n002 -> n0020;
n0021[label = "WorstMove"];
n002 -> n0021;
n00 -> n002;
n0 -> n00;
n01[label = "Or"];
n010[label = "If_Then"];
n0100[label = "BestMove"];
n010 -> n0100;
n0101[label = "NearestFirstNode"];
n010 -> n0101;
n01 -> n010;
n011[label = "FarthestFirstNode"];
n01 -> n011;
n0 -> n01;
n -> n0;
n1[label = "While"];
n10[label = "If_Then"];
n100[label = "CplexTerminal"];
n10 -> n100;
n101[label = "FarthestNeighbor"];
n10 -> n101;
n1 -> n10;
n11[label = "If_Then_Else"];
n110[label = "FarthestNeighbor"];
n11 -> n110;
n111[label = "NearestInsertion"];
n11 -> n111;
n112[label = "CplexTerminal"];
n11 -> n112;
n1 -> n11;
n -> n1;
}


Generation: 10
Best Individual:
Subpopulation 0:
Evaluated: true
Fitness: Standardized=0.015895523 Adjusted=0.98435324 Hits=1
Tree 0:
digraph g {
node [shape=rectangle];
n[label = "Equal"];
n0[label = "While"];
n00[label = "If_Then_Else"];
n000[label = "FarthestNeighbor"];
n00 -> n000;
n001[label = "CplexTerminal"];
n00 -> n001;
n002[label = "If_Then"];
n0020[label = "NearestFirstNode"];
n002 -> n0020;
n0021[label = "WorstMove"];
n002 -> n0021;
n00 -> n002;
n0 -> n00;
n01[label = "Or"];
n010[label = "If_Then"];
n0100[label = "BestMove"];
n010 -> n0100;
n0101[label = "NearestFirstNode"];
n010 -> n0101;
n01 -> n010;
n011[label = "FarthestFirstNode"];
n01 -> n011;
n0 -> n01;
n -> n0;
n1[label = "While"];
n10[label = "If_Then"];
n100[label = "CplexTerminal"];
n10 -> n100;
n101[label = "FarthestNeighbor"];
n10 -> n101;
n1 -> n10;
n11[label = "If_Then_Else"];
n110[label = "FarthestNeighbor"];
n11 -> n110;
n111[label = "NearestInsertion"];
n11 -> n111;
n112[label = "CplexTerminal"];
n11 -> n112;
n1 -> n11;
n -> n1;
}


Generation: 11
Best Individual:
Subpopulation 0:
Evaluated: true
Fitness: Standardized=0.015895523 Adjusted=0.98435324 Hits=1
Tree 0:
digraph g {
node [shape=rectangle];
n[label = "Equal"];
n0[label = "While"];
n00[label = "If_Then_Else"];
n000[label = "FarthestNeighbor"];
n00 -> n000;
n001[label = "CplexTerminal"];
n00 -> n001;
n002[label = "If_Then"];
n0020[label = "NearestFirstNode"];
n002 -> n0020;
n0021[label = "WorstMove"];
n002 -> n0021;
n00 -> n002;
n0 -> n00;
n01[label = "Or"];
n010[label = "If_Then"];
n0100[label = "BestMove"];
n010 -> n0100;
n0101[label = "NearestFirstNode"];
n010 -> n0101;
n01 -> n010;
n011[label = "FarthestFirstNode"];
n01 -> n011;
n0 -> n01;
n -> n0;
n1[label = "While"];
n10[label = "If_Then"];
n100[label = "CplexTerminal"];
n10 -> n100;
n101[label = "FarthestNeighbor"];
n10 -> n101;
n1 -> n10;
n11[label = "If_Then_Else"];
n110[label = "FarthestNeighbor"];
n11 -> n110;
n111[label = "NearestInsertion"];
n11 -> n111;
n112[label = "CplexTerminal"];
n11 -> n112;
n1 -> n11;
n -> n1;
}


Generation: 12
Best Individual:
Subpopulation 0:
Evaluated: true
Fitness: Standardized=0.015895523 Adjusted=0.98435324 Hits=1
Tree 0:
digraph g {
node [shape=rectangle];
n[label = "Equal"];
n0[label = "While"];
n00[label = "If_Then_Else"];
n000[label = "FarthestNeighbor"];
n00 -> n000;
n001[label = "CplexTerminal"];
n00 -> n001;
n002[label = "If_Then"];
n0020[label = "NearestFirstNode"];
n002 -> n0020;
n0021[label = "WorstMove"];
n002 -> n0021;
n00 -> n002;
n0 -> n00;
n01[label = "Or"];
n010[label = "If_Then"];
n0100[label = "BestMove"];
n010 -> n0100;
n0101[label = "NearestFirstNode"];
n010 -> n0101;
n01 -> n010;
n011[label = "FarthestFirstNode"];
n01 -> n011;
n0 -> n01;
n -> n0;
n1[label = "While"];
n10[label = "If_Then"];
n100[label = "CplexTerminal"];
n10 -> n100;
n101[label = "FarthestNeighbor"];
n10 -> n101;
n1 -> n10;
n11[label = "If_Then_Else"];
n110[label = "FarthestNeighbor"];
n11 -> n110;
n111[label = "NearestInsertion"];
n11 -> n111;
n112[label = "CplexTerminal"];
n11 -> n112;
n1 -> n11;
n -> n1;
}


Generation: 13
Best Individual:
Subpopulation 0:
Evaluated: true
Fitness: Standardized=0.008988035 Adjusted=0.991092 Hits=3
Tree 0:
digraph g {
node [shape=rectangle];
n[label = "Equal"];
n0[label = "While"];
n00[label = "If_Then_Else"];
n000[label = "CplexTerminal"];
n00 -> n000;
n001[label = "CplexTerminal"];
n00 -> n001;
n002[label = "Or"];
n0020[label = "BestMove"];
n002 -> n0020;
n0021[label = "BestMove"];
n002 -> n0021;
n00 -> n002;
n0 -> n00;
n01[label = "Or"];
n010[label = "If_Then"];
n0100[label = "BestMove"];
n010 -> n0100;
n0101[label = "NearestFirstNode"];
n010 -> n0101;
n01 -> n010;
n011[label = "FarthestFirstNode"];
n01 -> n011;
n0 -> n01;
n -> n0;
n1[label = "While"];
n10[label = "FarthestFirstNode"];
n1 -> n10;
n11[label = "If_Then_Else"];
n110[label = "FarthestNeighbor"];
n11 -> n110;
n111[label = "NearestInsertion"];
n11 -> n111;
n112[label = "CplexTerminal"];
n11 -> n112;
n1 -> n11;
n -> n1;
}


Generation: 14
Best Individual:
Subpopulation 0:
Evaluated: true
Fitness: Standardized=0.008988035 Adjusted=0.991092 Hits=3
Tree 0:
digraph g {
node [shape=rectangle];
n[label = "Equal"];
n0[label = "While"];
n00[label = "If_Then_Else"];
n000[label = "CplexTerminal"];
n00 -> n000;
n001[label = "CplexTerminal"];
n00 -> n001;
n002[label = "Or"];
n0020[label = "BestMove"];
n002 -> n0020;
n0021[label = "BestMove"];
n002 -> n0021;
n00 -> n002;
n0 -> n00;
n01[label = "Or"];
n010[label = "If_Then"];
n0100[label = "BestMove"];
n010 -> n0100;
n0101[label = "NearestFirstNode"];
n010 -> n0101;
n01 -> n010;
n011[label = "FarthestFirstNode"];
n01 -> n011;
n0 -> n01;
n -> n0;
n1[label = "While"];
n10[label = "FarthestFirstNode"];
n1 -> n10;
n11[label = "If_Then_Else"];
n110[label = "FarthestNeighbor"];
n11 -> n110;
n111[label = "NearestInsertion"];
n11 -> n111;
n112[label = "CplexTerminal"];
n11 -> n112;
n1 -> n11;
n -> n1;
}


Generation: 15
Best Individual:
Subpopulation 0:
Evaluated: true
Fitness: Standardized=0.008988035 Adjusted=0.991092 Hits=3
Tree 0:
digraph g {
node [shape=rectangle];
n[label = "Equal"];
n0[label = "While"];
n00[label = "If_Then_Else"];
n000[label = "CplexTerminal"];
n00 -> n000;
n001[label = "CplexTerminal"];
n00 -> n001;
n002[label = "Or"];
n0020[label = "BestMove"];
n002 -> n0020;
n0021[label = "BestMove"];
n002 -> n0021;
n00 -> n002;
n0 -> n00;
n01[label = "Or"];
n010[label = "If_Then"];
n0100[label = "BestMove"];
n010 -> n0100;
n0101[label = "NearestFirstNode"];
n010 -> n0101;
n01 -> n010;
n011[label = "FarthestFirstNode"];
n01 -> n011;
n0 -> n01;
n -> n0;
n1[label = "While"];
n10[label = "FarthestFirstNode"];
n1 -> n10;
n11[label = "If_Then_Else"];
n110[label = "FarthestNeighbor"];
n11 -> n110;
n111[label = "NearestInsertion"];
n11 -> n111;
n112[label = "CplexTerminal"];
n11 -> n112;
n1 -> n11;
n -> n1;
}


Generation: 16
Best Individual:
Subpopulation 0:
Evaluated: true
Fitness: Standardized=0.008988035 Adjusted=0.991092 Hits=3
Tree 0:
digraph g {
node [shape=rectangle];
n[label = "Equal"];
n0[label = "While"];
n00[label = "If_Then_Else"];
n000[label = "CplexTerminal"];
n00 -> n000;
n001[label = "CplexTerminal"];
n00 -> n001;
n002[label = "Or"];
n0020[label = "BestMove"];
n002 -> n0020;
n0021[label = "BestMove"];
n002 -> n0021;
n00 -> n002;
n0 -> n00;
n01[label = "Or"];
n010[label = "If_Then"];
n0100[label = "BestMove"];
n010 -> n0100;
n0101[label = "NearestFirstNode"];
n010 -> n0101;
n01 -> n010;
n011[label = "FarthestFirstNode"];
n01 -> n011;
n0 -> n01;
n -> n0;
n1[label = "While"];
n10[label = "FarthestFirstNode"];
n1 -> n10;
n11[label = "If_Then_Else"];
n110[label = "FarthestNeighbor"];
n11 -> n110;
n111[label = "NearestInsertion"];
n11 -> n111;
n112[label = "CplexTerminal"];
n11 -> n112;
n1 -> n11;
n -> n1;
}


Generation: 17
Best Individual:
Subpopulation 0:
Evaluated: true
Fitness: Standardized=0.008988035 Adjusted=0.991092 Hits=3
Tree 0:
digraph g {
node [shape=rectangle];
n[label = "Equal"];
n0[label = "While"];
n00[label = "If_Then_Else"];
n000[label = "CplexTerminal"];
n00 -> n000;
n001[label = "CplexTerminal"];
n00 -> n001;
n002[label = "Or"];
n0020[label = "BestMove"];
n002 -> n0020;
n0021[label = "BestMove"];
n002 -> n0021;
n00 -> n002;
n0 -> n00;
n01[label = "Or"];
n010[label = "If_Then"];
n0100[label = "BestMove"];
n010 -> n0100;
n0101[label = "NearestFirstNode"];
n010 -> n0101;
n01 -> n010;
n011[label = "FarthestFirstNode"];
n01 -> n011;
n0 -> n01;
n -> n0;
n1[label = "While"];
n10[label = "FarthestFirstNode"];
n1 -> n10;
n11[label = "If_Then_Else"];
n110[label = "FarthestNeighbor"];
n11 -> n110;
n111[label = "NearestInsertion"];
n11 -> n111;
n112[label = "CplexTerminal"];
n11 -> n112;
n1 -> n11;
n -> n1;
}


Generation: 18
Best Individual:
Subpopulation 0:
Evaluated: true
Fitness: Standardized=0.008988035 Adjusted=0.991092 Hits=3
Tree 0:
digraph g {
node [shape=rectangle];
n[label = "Equal"];
n0[label = "While"];
n00[label = "If_Then_Else"];
n000[label = "CplexTerminal"];
n00 -> n000;
n001[label = "CplexTerminal"];
n00 -> n001;
n002[label = "Or"];
n0020[label = "BestMove"];
n002 -> n0020;
n0021[label = "BestMove"];
n002 -> n0021;
n00 -> n002;
n0 -> n00;
n01[label = "Or"];
n010[label = "If_Then"];
n0100[label = "BestMove"];
n010 -> n0100;
n0101[label = "NearestFirstNode"];
n010 -> n0101;
n01 -> n010;
n011[label = "FarthestFirstNode"];
n01 -> n011;
n0 -> n01;
n -> n0;
n1[label = "While"];
n10[label = "FarthestFirstNode"];
n1 -> n10;
n11[label = "If_Then_Else"];
n110[label = "FarthestNeighbor"];
n11 -> n110;
n111[label = "NearestInsertion"];
n11 -> n111;
n112[label = "CplexTerminal"];
n11 -> n112;
n1 -> n11;
n -> n1;
}


Generation: 19
Best Individual:
Subpopulation 0:
Evaluated: true
Fitness: Standardized=0.008988035 Adjusted=0.991092 Hits=3
Tree 0:
digraph g {
node [shape=rectangle];
n[label = "Equal"];
n0[label = "While"];
n00[label = "If_Then_Else"];
n000[label = "CplexTerminal"];
n00 -> n000;
n001[label = "CplexTerminal"];
n00 -> n001;
n002[label = "Or"];
n0020[label = "BestMove"];
n002 -> n0020;
n0021[label = "BestMove"];
n002 -> n0021;
n00 -> n002;
n0 -> n00;
n01[label = "Or"];
n010[label = "If_Then"];
n0100[label = "BestMove"];
n010 -> n0100;
n0101[label = "NearestFirstNode"];
n010 -> n0101;
n01 -> n010;
n011[label = "FarthestFirstNode"];
n01 -> n011;
n0 -> n01;
n -> n0;
n1[label = "While"];
n10[label = "FarthestFirstNode"];
n1 -> n10;
n11[label = "If_Then_Else"];
n110[label = "FarthestNeighbor"];
n11 -> n110;
n111[label = "NearestInsertion"];
n11 -> n111;
n112[label = "CplexTerminal"];
n11 -> n112;
n1 -> n11;
n -> n1;
}


Generation: 20
Best Individual:
Subpopulation 0:
Evaluated: true
Fitness: Standardized=0.008988035 Adjusted=0.991092 Hits=3
Tree 0:
digraph g {
node [shape=rectangle];
n[label = "Equal"];
n0[label = "While"];
n00[label = "If_Then_Else"];
n000[label = "CplexTerminal"];
n00 -> n000;
n001[label = "CplexTerminal"];
n00 -> n001;
n002[label = "Or"];
n0020[label = "BestMove"];
n002 -> n0020;
n0021[label = "BestMove"];
n002 -> n0021;
n00 -> n002;
n0 -> n00;
n01[label = "Or"];
n010[label = "If_Then"];
n0100[label = "BestMove"];
n010 -> n0100;
n0101[label = "NearestFirstNode"];
n010 -> n0101;
n01 -> n010;
n011[label = "FarthestFirstNode"];
n01 -> n011;
n0 -> n01;
n -> n0;
n1[label = "While"];
n10[label = "FarthestFirstNode"];
n1 -> n10;
n11[label = "If_Then_Else"];
n110[label = "FarthestNeighbor"];
n11 -> n110;
n111[label = "NearestInsertion"];
n11 -> n111;
n112[label = "CplexTerminal"];
n11 -> n112;
n1 -> n11;
n -> n1;
}


Generation: 21
Best Individual:
Subpopulation 0:
Evaluated: true
Fitness: Standardized=0.008988035 Adjusted=0.991092 Hits=3
Tree 0:
digraph g {
node [shape=rectangle];
n[label = "Equal"];
n0[label = "While"];
n00[label = "If_Then_Else"];
n000[label = "CplexTerminal"];
n00 -> n000;
n001[label = "CplexTerminal"];
n00 -> n001;
n002[label = "Or"];
n0020[label = "BestMove"];
n002 -> n0020;
n0021[label = "BestMove"];
n002 -> n0021;
n00 -> n002;
n0 -> n00;
n01[label = "Or"];
n010[label = "If_Then"];
n0100[label = "BestMove"];
n010 -> n0100;
n0101[label = "NearestFirstNode"];
n010 -> n0101;
n01 -> n010;
n011[label = "FarthestFirstNode"];
n01 -> n011;
n0 -> n01;
n -> n0;
n1[label = "While"];
n10[label = "FarthestFirstNode"];
n1 -> n10;
n11[label = "If_Then_Else"];
n110[label = "FarthestNeighbor"];
n11 -> n110;
n111[label = "NearestInsertion"];
n11 -> n111;
n112[label = "CplexTerminal"];
n11 -> n112;
n1 -> n11;
n -> n1;
}


Generation: 22
Best Individual:
Subpopulation 0:
Evaluated: true
Fitness: Standardized=0.008988035 Adjusted=0.991092 Hits=3
Tree 0:
digraph g {
node [shape=rectangle];
n[label = "Equal"];
n0[label = "While"];
n00[label = "If_Then_Else"];
n000[label = "CplexTerminal"];
n00 -> n000;
n001[label = "CplexTerminal"];
n00 -> n001;
n002[label = "Or"];
n0020[label = "BestMove"];
n002 -> n0020;
n0021[label = "BestMove"];
n002 -> n0021;
n00 -> n002;
n0 -> n00;
n01[label = "Or"];
n010[label = "If_Then"];
n0100[label = "BestMove"];
n010 -> n0100;
n0101[label = "NearestFirstNode"];
n010 -> n0101;
n01 -> n010;
n011[label = "FarthestFirstNode"];
n01 -> n011;
n0 -> n01;
n -> n0;
n1[label = "While"];
n10[label = "FarthestFirstNode"];
n1 -> n10;
n11[label = "If_Then_Else"];
n110[label = "FarthestNeighbor"];
n11 -> n110;
n111[label = "NearestInsertion"];
n11 -> n111;
n112[label = "CplexTerminal"];
n11 -> n112;
n1 -> n11;
n -> n1;
}


Generation: 23
Best Individual:
Subpopulation 0:
Evaluated: true
Fitness: Standardized=0.008988035 Adjusted=0.991092 Hits=3
Tree 0:
digraph g {
node [shape=rectangle];
n[label = "Equal"];
n0[label = "While"];
n00[label = "If_Then_Else"];
n000[label = "CplexTerminal"];
n00 -> n000;
n001[label = "CplexTerminal"];
n00 -> n001;
n002[label = "Or"];
n0020[label = "BestMove"];
n002 -> n0020;
n0021[label = "BestMove"];
n002 -> n0021;
n00 -> n002;
n0 -> n00;
n01[label = "Or"];
n010[label = "If_Then"];
n0100[label = "BestMove"];
n010 -> n0100;
n0101[label = "NearestFirstNode"];
n010 -> n0101;
n01 -> n010;
n011[label = "FarthestFirstNode"];
n01 -> n011;
n0 -> n01;
n -> n0;
n1[label = "While"];
n10[label = "FarthestFirstNode"];
n1 -> n10;
n11[label = "If_Then_Else"];
n110[label = "FarthestNeighbor"];
n11 -> n110;
n111[label = "NearestInsertion"];
n11 -> n111;
n112[label = "CplexTerminal"];
n11 -> n112;
n1 -> n11;
n -> n1;
}


Generation: 24
Best Individual:
Subpopulation 0:
Evaluated: true
Fitness: Standardized=0.008988035 Adjusted=0.991092 Hits=3
Tree 0:
digraph g {
node [shape=rectangle];
n[label = "Equal"];
n0[label = "While"];
n00[label = "If_Then_Else"];
n000[label = "CplexTerminal"];
n00 -> n000;
n001[label = "CplexTerminal"];
n00 -> n001;
n002[label = "Or"];
n0020[label = "BestMove"];
n002 -> n0020;
n0021[label = "BestMove"];
n002 -> n0021;
n00 -> n002;
n0 -> n00;
n01[label = "Or"];
n010[label = "If_Then"];
n0100[label = "BestMove"];
n010 -> n0100;
n0101[label = "NearestFirstNode"];
n010 -> n0101;
n01 -> n010;
n011[label = "FarthestFirstNode"];
n01 -> n011;
n0 -> n01;
n -> n0;
n1[label = "While"];
n10[label = "FarthestFirstNode"];
n1 -> n10;
n11[label = "If_Then_Else"];
n110[label = "FarthestNeighbor"];
n11 -> n110;
n111[label = "NearestInsertion"];
n11 -> n111;
n112[label = "CplexTerminal"];
n11 -> n112;
n1 -> n11;
n -> n1;
}


Generation: 25
Best Individual:
Subpopulation 0:
Evaluated: true
Fitness: Standardized=0.008988035 Adjusted=0.991092 Hits=3
Tree 0:
digraph g {
node [shape=rectangle];
n[label = "Equal"];
n0[label = "While"];
n00[label = "If_Then_Else"];
n000[label = "CplexTerminal"];
n00 -> n000;
n001[label = "CplexTerminal"];
n00 -> n001;
n002[label = "Or"];
n0020[label = "BestMove"];
n002 -> n0020;
n0021[label = "BestMove"];
n002 -> n0021;
n00 -> n002;
n0 -> n00;
n01[label = "Or"];
n010[label = "If_Then"];
n0100[label = "BestMove"];
n010 -> n0100;
n0101[label = "NearestFirstNode"];
n010 -> n0101;
n01 -> n010;
n011[label = "FarthestFirstNode"];
n01 -> n011;
n0 -> n01;
n -> n0;
n1[label = "While"];
n10[label = "FarthestFirstNode"];
n1 -> n10;
n11[label = "If_Then_Else"];
n110[label = "FarthestNeighbor"];
n11 -> n110;
n111[label = "NearestInsertion"];
n11 -> n111;
n112[label = "CplexTerminal"];
n11 -> n112;
n1 -> n11;
n -> n1;
}


Generation: 26
Best Individual:
Subpopulation 0:
Evaluated: true
Fitness: Standardized=0.008988035 Adjusted=0.991092 Hits=3
Tree 0:
digraph g {
node [shape=rectangle];
n[label = "Equal"];
n0[label = "While"];
n00[label = "If_Then_Else"];
n000[label = "CplexTerminal"];
n00 -> n000;
n001[label = "CplexTerminal"];
n00 -> n001;
n002[label = "Or"];
n0020[label = "BestMove"];
n002 -> n0020;
n0021[label = "BestMove"];
n002 -> n0021;
n00 -> n002;
n0 -> n00;
n01[label = "Or"];
n010[label = "If_Then"];
n0100[label = "BestMove"];
n010 -> n0100;
n0101[label = "NearestFirstNode"];
n010 -> n0101;
n01 -> n010;
n011[label = "FarthestFirstNode"];
n01 -> n011;
n0 -> n01;
n -> n0;
n1[label = "While"];
n10[label = "FarthestFirstNode"];
n1 -> n10;
n11[label = "If_Then_Else"];
n110[label = "FarthestNeighbor"];
n11 -> n110;
n111[label = "NearestInsertion"];
n11 -> n111;
n112[label = "CplexTerminal"];
n11 -> n112;
n1 -> n11;
n -> n1;
}


Generation: 27
Best Individual:
Subpopulation 0:
Evaluated: true
Fitness: Standardized=0.008988035 Adjusted=0.991092 Hits=3
Tree 0:
digraph g {
node [shape=rectangle];
n[label = "Equal"];
n0[label = "While"];
n00[label = "If_Then_Else"];
n000[label = "CplexTerminal"];
n00 -> n000;
n001[label = "CplexTerminal"];
n00 -> n001;
n002[label = "Or"];
n0020[label = "BestMove"];
n002 -> n0020;
n0021[label = "BestMove"];
n002 -> n0021;
n00 -> n002;
n0 -> n00;
n01[label = "Or"];
n010[label = "If_Then"];
n0100[label = "BestMove"];
n010 -> n0100;
n0101[label = "NearestFirstNode"];
n010 -> n0101;
n01 -> n010;
n011[label = "FarthestFirstNode"];
n01 -> n011;
n0 -> n01;
n -> n0;
n1[label = "While"];
n10[label = "FarthestFirstNode"];
n1 -> n10;
n11[label = "If_Then_Else"];
n110[label = "FarthestNeighbor"];
n11 -> n110;
n111[label = "NearestInsertion"];
n11 -> n111;
n112[label = "CplexTerminal"];
n11 -> n112;
n1 -> n11;
n -> n1;
}


Generation: 28
Best Individual:
Subpopulation 0:
Evaluated: true
Fitness: Standardized=0.008988035 Adjusted=0.991092 Hits=3
Tree 0:
digraph g {
node [shape=rectangle];
n[label = "Equal"];
n0[label = "While"];
n00[label = "If_Then_Else"];
n000[label = "CplexTerminal"];
n00 -> n000;
n001[label = "CplexTerminal"];
n00 -> n001;
n002[label = "Or"];
n0020[label = "BestMove"];
n002 -> n0020;
n0021[label = "BestMove"];
n002 -> n0021;
n00 -> n002;
n0 -> n00;
n01[label = "Or"];
n010[label = "If_Then"];
n0100[label = "BestMove"];
n010 -> n0100;
n0101[label = "NearestFirstNode"];
n010 -> n0101;
n01 -> n010;
n011[label = "FarthestFirstNode"];
n01 -> n011;
n0 -> n01;
n -> n0;
n1[label = "While"];
n10[label = "FarthestFirstNode"];
n1 -> n10;
n11[label = "If_Then_Else"];
n110[label = "FarthestNeighbor"];
n11 -> n110;
n111[label = "NearestInsertion"];
n11 -> n111;
n112[label = "CplexTerminal"];
n11 -> n112;
n1 -> n11;
n -> n1;
}


Generation: 29
Best Individual:
Subpopulation 0:
Evaluated: true
Fitness: Standardized=0.008988035 Adjusted=0.991092 Hits=3
Tree 0:
digraph g {
node [shape=rectangle];
n[label = "Equal"];
n0[label = "While"];
n00[label = "If_Then_Else"];
n000[label = "CplexTerminal"];
n00 -> n000;
n001[label = "CplexTerminal"];
n00 -> n001;
n002[label = "Or"];
n0020[label = "BestMove"];
n002 -> n0020;
n0021[label = "BestMove"];
n002 -> n0021;
n00 -> n002;
n0 -> n00;
n01[label = "Or"];
n010[label = "If_Then"];
n0100[label = "BestMove"];
n010 -> n0100;
n0101[label = "NearestFirstNode"];
n010 -> n0101;
n01 -> n010;
n011[label = "FarthestFirstNode"];
n01 -> n011;
n0 -> n01;
n -> n0;
n1[label = "While"];
n10[label = "FarthestFirstNode"];
n1 -> n10;
n11[label = "If_Then_Else"];
n110[label = "FarthestNeighbor"];
n11 -> n110;
n111[label = "NearestInsertion"];
n11 -> n111;
n112[label = "CplexTerminal"];
n11 -> n112;
n1 -> n11;
n -> n1;
}


Best Individual of Run:
Subpopulation 0:
Evaluated: true
Fitness: Standardized=0.008988035 Adjusted=0.991092 Hits=3
Tree 0:
digraph g {
node [shape=rectangle];
n[label = "Equal"];
n0[label = "While"];
n00[label = "If_Then_Else"];
n000[label = "CplexTerminal"];
n00 -> n000;
n001[label = "CplexTerminal"];
n00 -> n001;
n002[label = "Or"];
n0020[label = "BestMove"];
n002 -> n0020;
n0021[label = "BestMove"];
n002 -> n0021;
n00 -> n002;
n0 -> n00;
n01[label = "Or"];
n010[label = "If_Then"];
n0100[label = "BestMove"];
n010 -> n0100;
n0101[label = "NearestFirstNode"];
n010 -> n0101;
n01 -> n010;
n011[label = "FarthestFirstNode"];
n01 -> n011;
n0 -> n01;
n -> n0;
n1[label = "While"];
n10[label = "FarthestFirstNode"];
n1 -> n10;
n11[label = "If_Then_Else"];
n110[label = "FarthestNeighbor"];
n11 -> n110;
n111[label = "NearestInsertion"];
n11 -> n111;
n112[label = "CplexTerminal"];
n11 -> n112;
n1 -> n11;
n -> n1;
}

