
Generation: 0
Best Individual:
Subpopulation 0:
Evaluated: true
Fitness: Standardized=0.10804646 Adjusted=0.90248924 Hits=0
Tree 0:
digraph g {
node [shape=rectangle];
n[label = "If_Then_Else"];
n0[label = "Equal"];
n00[label = "Equal"];
n000[label = "NearestFirstNode"];
n00 -> n000;
n001[label = "FarthestFirstNode"];
n00 -> n001;
n0 -> n00;
n01[label = "Or"];
n010[label = "FarthestNeighbor"];
n01 -> n010;
n011[label = "NearestInsertion"];
n01 -> n011;
n0 -> n01;
n -> n0;
n1[label = "While"];
n10[label = "Or"];
n100[label = "NearestFirstNode"];
n10 -> n100;
n101[label = "CplexTerminal"];
n10 -> n101;
n1 -> n10;
n11[label = "If_Then_Else"];
n110[label = "NearestInsertion"];
n11 -> n110;
n111[label = "NearestInsertion"];
n11 -> n111;
n112[label = "FarthestInsertion"];
n11 -> n112;
n1 -> n11;
n -> n1;
n2[label = "Equal"];
n20[label = "And"];
n200[label = "NearestFirstNode"];
n20 -> n200;
n201[label = "NearestNeighbor"];
n20 -> n201;
n2 -> n20;
n21[label = "If_Then"];
n210[label = "FarthestFirstNode"];
n21 -> n210;
n211[label = "CplexTerminal"];
n21 -> n211;
n2 -> n21;
n -> n2;
}


Generation: 1
Best Individual:
Subpopulation 0:
Evaluated: true
Fitness: Standardized=0.071178064 Adjusted=0.9335516 Hits=0
Tree 0:
digraph g {
node [shape=rectangle];
n[label = "If_Then_Else"];
n0[label = "Equal"];
n00[label = "Equal"];
n000[label = "NearestFirstNode"];
n00 -> n000;
n001[label = "FarthestFirstNode"];
n00 -> n001;
n0 -> n00;
n01[label = "Or"];
n010[label = "FarthestNeighbor"];
n01 -> n010;
n011[label = "NearestInsertion"];
n01 -> n011;
n0 -> n01;
n -> n0;
n1[label = "While"];
n10[label = "Or"];
n100[label = "NearestFirstNode"];
n10 -> n100;
n101[label = "CplexTerminal"];
n10 -> n101;
n1 -> n10;
n11[label = "If_Then_Else"];
n110[label = "NearestInsertion"];
n11 -> n110;
n111[label = "NearestInsertion"];
n11 -> n111;
n112[label = "FarthestInsertion"];
n11 -> n112;
n1 -> n11;
n -> n1;
n2[label = "Equal"];
n20[label = "And"];
n200[label = "NearestFirstNode"];
n20 -> n200;
n201[label = "NearestNeighbor"];
n20 -> n201;
n2 -> n20;
n21[label = "If_Then"];
n210[label = "FarthestFirstNode"];
n21 -> n210;
n211[label = "CplexTerminal"];
n21 -> n211;
n2 -> n21;
n -> n2;
}


Generation: 2
Best Individual:
Subpopulation 0:
Evaluated: true
Fitness: Standardized=0.03231727 Adjusted=0.96869445 Hits=1
Tree 0:
digraph g {
node [shape=rectangle];
n[label = "If_Then_Else"];
n0[label = "Equal"];
n00[label = "Equal"];
n000[label = "NearestFirstNode"];
n00 -> n000;
n001[label = "FarthestFirstNode"];
n00 -> n001;
n0 -> n00;
n01[label = "Or"];
n010[label = "FarthestNeighbor"];
n01 -> n010;
n011[label = "NearestInsertion"];
n01 -> n011;
n0 -> n01;
n -> n0;
n1[label = "While"];
n10[label = "Or"];
n100[label = "NearestFirstNode"];
n10 -> n100;
n101[label = "CplexTerminal"];
n10 -> n101;
n1 -> n10;
n11[label = "Equal"];
n110[label = "NearestFirstNode"];
n11 -> n110;
n111[label = "FarthestFirstNode"];
n11 -> n111;
n1 -> n11;
n -> n1;
n2[label = "Equal"];
n20[label = "And"];
n200[label = "NearestFirstNode"];
n20 -> n200;
n201[label = "NearestNeighbor"];
n20 -> n201;
n2 -> n20;
n21[label = "And"];
n210[label = "NearestInsertion"];
n21 -> n210;
n211[label = "FarthestNeighbor"];
n21 -> n211;
n2 -> n21;
n -> n2;
}


Generation: 3
Best Individual:
Subpopulation 0:
Evaluated: true
Fitness: Standardized=0.03231727 Adjusted=0.96869445 Hits=1
Tree 0:
digraph g {
node [shape=rectangle];
n[label = "If_Then_Else"];
n0[label = "Equal"];
n00[label = "Equal"];
n000[label = "NearestFirstNode"];
n00 -> n000;
n001[label = "FarthestFirstNode"];
n00 -> n001;
n0 -> n00;
n01[label = "Or"];
n010[label = "FarthestNeighbor"];
n01 -> n010;
n011[label = "NearestInsertion"];
n01 -> n011;
n0 -> n01;
n -> n0;
n1[label = "While"];
n10[label = "Or"];
n100[label = "NearestFirstNode"];
n10 -> n100;
n101[label = "CplexTerminal"];
n10 -> n101;
n1 -> n10;
n11[label = "Equal"];
n110[label = "NearestFirstNode"];
n11 -> n110;
n111[label = "FarthestFirstNode"];
n11 -> n111;
n1 -> n11;
n -> n1;
n2[label = "Equal"];
n20[label = "And"];
n200[label = "NearestFirstNode"];
n20 -> n200;
n201[label = "NearestNeighbor"];
n20 -> n201;
n2 -> n20;
n21[label = "And"];
n210[label = "NearestInsertion"];
n21 -> n210;
n211[label = "FarthestNeighbor"];
n21 -> n211;
n2 -> n21;
n -> n2;
}


Generation: 4
Best Individual:
Subpopulation 0:
Evaluated: true
Fitness: Standardized=0.025537463 Adjusted=0.97509843 Hits=2
Tree 0:
digraph g {
node [shape=rectangle];
n[label = "If_Then_Else"];
n0[label = "Equal"];
n00[label = "Equal"];
n000[label = "NearestFirstNode"];
n00 -> n000;
n001[label = "FarthestFirstNode"];
n00 -> n001;
n0 -> n00;
n01[label = "And"];
n010[label = "NearestFirstNode"];
n01 -> n010;
n011[label = "NearestNeighbor"];
n01 -> n011;
n0 -> n01;
n -> n0;
n1[label = "While"];
n10[label = "Or"];
n100[label = "NearestFirstNode"];
n10 -> n100;
n101[label = "CplexTerminal"];
n10 -> n101;
n1 -> n10;
n11[label = "Equal"];
n110[label = "NearestFirstNode"];
n11 -> n110;
n111[label = "FarthestFirstNode"];
n11 -> n111;
n1 -> n11;
n -> n1;
n2[label = "Equal"];
n20[label = "And"];
n200[label = "NearestFirstNode"];
n20 -> n200;
n201[label = "NearestNeighbor"];
n20 -> n201;
n2 -> n20;
n21[label = "If_Then"];
n210[label = "FarthestFirstNode"];
n21 -> n210;
n211[label = "CplexTerminal"];
n21 -> n211;
n2 -> n21;
n -> n2;
}


Generation: 5
Best Individual:
Subpopulation 0:
Evaluated: true
Fitness: Standardized=0.025537463 Adjusted=0.97509843 Hits=2
Tree 0:
digraph g {
node [shape=rectangle];
n[label = "If_Then_Else"];
n0[label = "Equal"];
n00[label = "Equal"];
n000[label = "NearestFirstNode"];
n00 -> n000;
n001[label = "FarthestFirstNode"];
n00 -> n001;
n0 -> n00;
n01[label = "And"];
n010[label = "NearestFirstNode"];
n01 -> n010;
n011[label = "NearestNeighbor"];
n01 -> n011;
n0 -> n01;
n -> n0;
n1[label = "While"];
n10[label = "Or"];
n100[label = "NearestFirstNode"];
n10 -> n100;
n101[label = "CplexTerminal"];
n10 -> n101;
n1 -> n10;
n11[label = "Equal"];
n110[label = "NearestFirstNode"];
n11 -> n110;
n111[label = "FarthestFirstNode"];
n11 -> n111;
n1 -> n11;
n -> n1;
n2[label = "Equal"];
n20[label = "And"];
n200[label = "NearestFirstNode"];
n20 -> n200;
n201[label = "NearestNeighbor"];
n20 -> n201;
n2 -> n20;
n21[label = "If_Then"];
n210[label = "And"];
n2100[label = "NearestFirstNode"];
n210 -> n2100;
n2101[label = "NearestNeighbor"];
n210 -> n2101;
n21 -> n210;
n211[label = "CplexTerminal"];
n21 -> n211;
n2 -> n21;
n -> n2;
}


Generation: 6
Best Individual:
Subpopulation 0:
Evaluated: true
Fitness: Standardized=0.025537463 Adjusted=0.97509843 Hits=2
Tree 0:
digraph g {
node [shape=rectangle];
n[label = "If_Then_Else"];
n0[label = "Equal"];
n00[label = "Equal"];
n000[label = "NearestFirstNode"];
n00 -> n000;
n001[label = "FarthestFirstNode"];
n00 -> n001;
n0 -> n00;
n01[label = "And"];
n010[label = "NearestFirstNode"];
n01 -> n010;
n011[label = "NearestNeighbor"];
n01 -> n011;
n0 -> n01;
n -> n0;
n1[label = "While"];
n10[label = "Or"];
n100[label = "NearestFirstNode"];
n10 -> n100;
n101[label = "CplexTerminal"];
n10 -> n101;
n1 -> n10;
n11[label = "Equal"];
n110[label = "NearestFirstNode"];
n11 -> n110;
n111[label = "FarthestFirstNode"];
n11 -> n111;
n1 -> n11;
n -> n1;
n2[label = "Equal"];
n20[label = "And"];
n200[label = "NearestFirstNode"];
n20 -> n200;
n201[label = "NearestNeighbor"];
n20 -> n201;
n2 -> n20;
n21[label = "If_Then"];
n210[label = "FarthestFirstNode"];
n21 -> n210;
n211[label = "CplexTerminal"];
n21 -> n211;
n2 -> n21;
n -> n2;
}


Generation: 7
Best Individual:
Subpopulation 0:
Evaluated: true
Fitness: Standardized=0.025537463 Adjusted=0.97509843 Hits=2
Tree 0:
digraph g {
node [shape=rectangle];
n[label = "If_Then_Else"];
n0[label = "Equal"];
n00[label = "Equal"];
n000[label = "NearestFirstNode"];
n00 -> n000;
n001[label = "FarthestFirstNode"];
n00 -> n001;
n0 -> n00;
n01[label = "And"];
n010[label = "NearestFirstNode"];
n01 -> n010;
n011[label = "NearestNeighbor"];
n01 -> n011;
n0 -> n01;
n -> n0;
n1[label = "While"];
n10[label = "Or"];
n100[label = "NearestFirstNode"];
n10 -> n100;
n101[label = "CplexTerminal"];
n10 -> n101;
n1 -> n10;
n11[label = "Equal"];
n110[label = "NearestFirstNode"];
n11 -> n110;
n111[label = "FarthestFirstNode"];
n11 -> n111;
n1 -> n11;
n -> n1;
n2[label = "Equal"];
n20[label = "And"];
n200[label = "NearestFirstNode"];
n20 -> n200;
n201[label = "NearestNeighbor"];
n20 -> n201;
n2 -> n20;
n21[label = "If_Then"];
n210[label = "FarthestFirstNode"];
n21 -> n210;
n211[label = "CplexTerminal"];
n21 -> n211;
n2 -> n21;
n -> n2;
}


Generation: 8
Best Individual:
Subpopulation 0:
Evaluated: true
Fitness: Standardized=0.021327151 Adjusted=0.9791182 Hits=1
Tree 0:
digraph g {
node [shape=rectangle];
n[label = "If_Then_Else"];
n0[label = "Equal"];
n00[label = "If_Then_Else"];
n000[label = "NearestInsertion"];
n00 -> n000;
n001[label = "NearestInsertion"];
n00 -> n001;
n002[label = "FarthestInsertion"];
n00 -> n002;
n0 -> n00;
n01[label = "Equal"];
n010[label = "NearestFirstNode"];
n01 -> n010;
n011[label = "FarthestFirstNode"];
n01 -> n011;
n0 -> n01;
n -> n0;
n1[label = "If_Then_Else"];
n10[label = "While"];
n100[label = "Or"];
n1000[label = "NearestFirstNode"];
n100 -> n1000;
n1001[label = "CplexTerminal"];
n100 -> n1001;
n10 -> n100;
n101[label = "Equal"];
n1010[label = "NearestFirstNode"];
n101 -> n1010;
n1011[label = "FarthestFirstNode"];
n101 -> n1011;
n10 -> n101;
n1 -> n10;
n11[label = "While"];
n110[label = "Or"];
n1100[label = "NearestFirstNode"];
n110 -> n1100;
n1101[label = "CplexTerminal"];
n110 -> n1101;
n11 -> n110;
n111[label = "Equal"];
n1110[label = "NearestFirstNode"];
n111 -> n1110;
n1111[label = "FarthestFirstNode"];
n111 -> n1111;
n11 -> n111;
n1 -> n11;
n12[label = "Equal"];
n120[label = "And"];
n1200[label = "NearestFirstNode"];
n120 -> n1200;
n1201[label = "NearestNeighbor"];
n120 -> n1201;
n12 -> n120;
n121[label = "And"];
n1210[label = "NearestInsertion"];
n121 -> n1210;
n1211[label = "FarthestNeighbor"];
n121 -> n1211;
n12 -> n121;
n1 -> n12;
n -> n1;
n2[label = "Equal"];
n20[label = "And"];
n200[label = "NearestFirstNode"];
n20 -> n200;
n201[label = "NearestNeighbor"];
n20 -> n201;
n2 -> n20;
n21[label = "If_Then"];
n210[label = "FarthestFirstNode"];
n21 -> n210;
n211[label = "CplexTerminal"];
n21 -> n211;
n2 -> n21;
n -> n2;
}


Generation: 9
Best Individual:
Subpopulation 0:
Evaluated: true
Fitness: Standardized=0.021327151 Adjusted=0.9791182 Hits=1
Tree 0:
digraph g {
node [shape=rectangle];
n[label = "If_Then_Else"];
n0[label = "Equal"];
n00[label = "If_Then_Else"];
n000[label = "NearestInsertion"];
n00 -> n000;
n001[label = "NearestInsertion"];
n00 -> n001;
n002[label = "FarthestInsertion"];
n00 -> n002;
n0 -> n00;
n01[label = "Equal"];
n010[label = "NearestFirstNode"];
n01 -> n010;
n011[label = "FarthestFirstNode"];
n01 -> n011;
n0 -> n01;
n -> n0;
n1[label = "If_Then_Else"];
n10[label = "While"];
n100[label = "Or"];
n1000[label = "NearestFirstNode"];
n100 -> n1000;
n1001[label = "CplexTerminal"];
n100 -> n1001;
n10 -> n100;
n101[label = "Equal"];
n1010[label = "NearestFirstNode"];
n101 -> n1010;
n1011[label = "FarthestFirstNode"];
n101 -> n1011;
n10 -> n101;
n1 -> n10;
n11[label = "While"];
n110[label = "Or"];
n1100[label = "NearestFirstNode"];
n110 -> n1100;
n1101[label = "CplexTerminal"];
n110 -> n1101;
n11 -> n110;
n111[label = "Equal"];
n1110[label = "NearestFirstNode"];
n111 -> n1110;
n1111[label = "FarthestFirstNode"];
n111 -> n1111;
n11 -> n111;
n1 -> n11;
n12[label = "Equal"];
n120[label = "And"];
n1200[label = "NearestFirstNode"];
n120 -> n1200;
n1201[label = "NearestNeighbor"];
n120 -> n1201;
n12 -> n120;
n121[label = "And"];
n1210[label = "NearestInsertion"];
n121 -> n1210;
n1211[label = "FarthestNeighbor"];
n121 -> n1211;
n12 -> n121;
n1 -> n12;
n -> n1;
n2[label = "Equal"];
n20[label = "And"];
n200[label = "NearestFirstNode"];
n20 -> n200;
n201[label = "NearestNeighbor"];
n20 -> n201;
n2 -> n20;
n21[label = "If_Then"];
n210[label = "FarthestFirstNode"];
n21 -> n210;
n211[label = "CplexTerminal"];
n21 -> n211;
n2 -> n21;
n -> n2;
}


Generation: 10
Best Individual:
Subpopulation 0:
Evaluated: true
Fitness: Standardized=0.021327151 Adjusted=0.9791182 Hits=1
Tree 0:
digraph g {
node [shape=rectangle];
n[label = "If_Then_Else"];
n0[label = "Equal"];
n00[label = "If_Then_Else"];
n000[label = "NearestInsertion"];
n00 -> n000;
n001[label = "NearestInsertion"];
n00 -> n001;
n002[label = "FarthestInsertion"];
n00 -> n002;
n0 -> n00;
n01[label = "Equal"];
n010[label = "NearestFirstNode"];
n01 -> n010;
n011[label = "FarthestFirstNode"];
n01 -> n011;
n0 -> n01;
n -> n0;
n1[label = "If_Then_Else"];
n10[label = "While"];
n100[label = "Or"];
n1000[label = "NearestFirstNode"];
n100 -> n1000;
n1001[label = "CplexTerminal"];
n100 -> n1001;
n10 -> n100;
n101[label = "Equal"];
n1010[label = "NearestFirstNode"];
n101 -> n1010;
n1011[label = "FarthestFirstNode"];
n101 -> n1011;
n10 -> n101;
n1 -> n10;
n11[label = "While"];
n110[label = "Or"];
n1100[label = "NearestFirstNode"];
n110 -> n1100;
n1101[label = "CplexTerminal"];
n110 -> n1101;
n11 -> n110;
n111[label = "Equal"];
n1110[label = "NearestFirstNode"];
n111 -> n1110;
n1111[label = "FarthestFirstNode"];
n111 -> n1111;
n11 -> n111;
n1 -> n11;
n12[label = "Equal"];
n120[label = "And"];
n1200[label = "NearestFirstNode"];
n120 -> n1200;
n1201[label = "NearestNeighbor"];
n120 -> n1201;
n12 -> n120;
n121[label = "And"];
n1210[label = "NearestInsertion"];
n121 -> n1210;
n1211[label = "FarthestNeighbor"];
n121 -> n1211;
n12 -> n121;
n1 -> n12;
n -> n1;
n2[label = "Equal"];
n20[label = "And"];
n200[label = "NearestFirstNode"];
n20 -> n200;
n201[label = "NearestNeighbor"];
n20 -> n201;
n2 -> n20;
n21[label = "If_Then"];
n210[label = "FarthestFirstNode"];
n21 -> n210;
n211[label = "CplexTerminal"];
n21 -> n211;
n2 -> n21;
n -> n2;
}


Generation: 11
Best Individual:
Subpopulation 0:
Evaluated: true
Fitness: Standardized=0.021327151 Adjusted=0.9791182 Hits=1
Tree 0:
digraph g {
node [shape=rectangle];
n[label = "If_Then_Else"];
n0[label = "Equal"];
n00[label = "If_Then_Else"];
n000[label = "NearestInsertion"];
n00 -> n000;
n001[label = "NearestInsertion"];
n00 -> n001;
n002[label = "FarthestInsertion"];
n00 -> n002;
n0 -> n00;
n01[label = "Equal"];
n010[label = "NearestFirstNode"];
n01 -> n010;
n011[label = "FarthestFirstNode"];
n01 -> n011;
n0 -> n01;
n -> n0;
n1[label = "If_Then_Else"];
n10[label = "While"];
n100[label = "Or"];
n1000[label = "NearestFirstNode"];
n100 -> n1000;
n1001[label = "CplexTerminal"];
n100 -> n1001;
n10 -> n100;
n101[label = "Equal"];
n1010[label = "NearestFirstNode"];
n101 -> n1010;
n1011[label = "FarthestFirstNode"];
n101 -> n1011;
n10 -> n101;
n1 -> n10;
n11[label = "While"];
n110[label = "Or"];
n1100[label = "NearestFirstNode"];
n110 -> n1100;
n1101[label = "CplexTerminal"];
n110 -> n1101;
n11 -> n110;
n111[label = "Equal"];
n1110[label = "NearestFirstNode"];
n111 -> n1110;
n1111[label = "FarthestFirstNode"];
n111 -> n1111;
n11 -> n111;
n1 -> n11;
n12[label = "Equal"];
n120[label = "And"];
n1200[label = "NearestFirstNode"];
n120 -> n1200;
n1201[label = "NearestNeighbor"];
n120 -> n1201;
n12 -> n120;
n121[label = "And"];
n1210[label = "NearestInsertion"];
n121 -> n1210;
n1211[label = "FarthestNeighbor"];
n121 -> n1211;
n12 -> n121;
n1 -> n12;
n -> n1;
n2[label = "Equal"];
n20[label = "And"];
n200[label = "NearestFirstNode"];
n20 -> n200;
n201[label = "NearestNeighbor"];
n20 -> n201;
n2 -> n20;
n21[label = "If_Then"];
n210[label = "FarthestFirstNode"];
n21 -> n210;
n211[label = "CplexTerminal"];
n21 -> n211;
n2 -> n21;
n -> n2;
}


Generation: 12
Best Individual:
Subpopulation 0:
Evaluated: true
Fitness: Standardized=0.021327151 Adjusted=0.9791182 Hits=1
Tree 0:
digraph g {
node [shape=rectangle];
n[label = "If_Then_Else"];
n0[label = "Equal"];
n00[label = "If_Then_Else"];
n000[label = "NearestInsertion"];
n00 -> n000;
n001[label = "NearestInsertion"];
n00 -> n001;
n002[label = "FarthestInsertion"];
n00 -> n002;
n0 -> n00;
n01[label = "Equal"];
n010[label = "NearestFirstNode"];
n01 -> n010;
n011[label = "FarthestFirstNode"];
n01 -> n011;
n0 -> n01;
n -> n0;
n1[label = "If_Then_Else"];
n10[label = "While"];
n100[label = "Or"];
n1000[label = "NearestFirstNode"];
n100 -> n1000;
n1001[label = "CplexTerminal"];
n100 -> n1001;
n10 -> n100;
n101[label = "Equal"];
n1010[label = "NearestFirstNode"];
n101 -> n1010;
n1011[label = "FarthestFirstNode"];
n101 -> n1011;
n10 -> n101;
n1 -> n10;
n11[label = "While"];
n110[label = "Or"];
n1100[label = "NearestFirstNode"];
n110 -> n1100;
n1101[label = "CplexTerminal"];
n110 -> n1101;
n11 -> n110;
n111[label = "Equal"];
n1110[label = "NearestFirstNode"];
n111 -> n1110;
n1111[label = "FarthestFirstNode"];
n111 -> n1111;
n11 -> n111;
n1 -> n11;
n12[label = "Equal"];
n120[label = "And"];
n1200[label = "NearestFirstNode"];
n120 -> n1200;
n1201[label = "NearestNeighbor"];
n120 -> n1201;
n12 -> n120;
n121[label = "And"];
n1210[label = "NearestInsertion"];
n121 -> n1210;
n1211[label = "FarthestNeighbor"];
n121 -> n1211;
n12 -> n121;
n1 -> n12;
n -> n1;
n2[label = "Equal"];
n20[label = "And"];
n200[label = "NearestFirstNode"];
n20 -> n200;
n201[label = "NearestNeighbor"];
n20 -> n201;
n2 -> n20;
n21[label = "If_Then"];
n210[label = "FarthestFirstNode"];
n21 -> n210;
n211[label = "CplexTerminal"];
n21 -> n211;
n2 -> n21;
n -> n2;
}


Generation: 13
Best Individual:
Subpopulation 0:
Evaluated: true
Fitness: Standardized=0.021327151 Adjusted=0.9791182 Hits=1
Tree 0:
digraph g {
node [shape=rectangle];
n[label = "If_Then_Else"];
n0[label = "Equal"];
n00[label = "If_Then_Else"];
n000[label = "NearestInsertion"];
n00 -> n000;
n001[label = "NearestInsertion"];
n00 -> n001;
n002[label = "FarthestInsertion"];
n00 -> n002;
n0 -> n00;
n01[label = "Equal"];
n010[label = "NearestFirstNode"];
n01 -> n010;
n011[label = "FarthestFirstNode"];
n01 -> n011;
n0 -> n01;
n -> n0;
n1[label = "If_Then_Else"];
n10[label = "While"];
n100[label = "Or"];
n1000[label = "NearestFirstNode"];
n100 -> n1000;
n1001[label = "CplexTerminal"];
n100 -> n1001;
n10 -> n100;
n101[label = "Equal"];
n1010[label = "NearestFirstNode"];
n101 -> n1010;
n1011[label = "FarthestFirstNode"];
n101 -> n1011;
n10 -> n101;
n1 -> n10;
n11[label = "While"];
n110[label = "Or"];
n1100[label = "NearestFirstNode"];
n110 -> n1100;
n1101[label = "CplexTerminal"];
n110 -> n1101;
n11 -> n110;
n111[label = "Equal"];
n1110[label = "NearestFirstNode"];
n111 -> n1110;
n1111[label = "FarthestFirstNode"];
n111 -> n1111;
n11 -> n111;
n1 -> n11;
n12[label = "Equal"];
n120[label = "And"];
n1200[label = "NearestFirstNode"];
n120 -> n1200;
n1201[label = "NearestNeighbor"];
n120 -> n1201;
n12 -> n120;
n121[label = "And"];
n1210[label = "NearestInsertion"];
n121 -> n1210;
n1211[label = "FarthestNeighbor"];
n121 -> n1211;
n12 -> n121;
n1 -> n12;
n -> n1;
n2[label = "Equal"];
n20[label = "And"];
n200[label = "NearestFirstNode"];
n20 -> n200;
n201[label = "NearestNeighbor"];
n20 -> n201;
n2 -> n20;
n21[label = "If_Then"];
n210[label = "FarthestFirstNode"];
n21 -> n210;
n211[label = "CplexTerminal"];
n21 -> n211;
n2 -> n21;
n -> n2;
}


Generation: 14
Best Individual:
Subpopulation 0:
Evaluated: true
Fitness: Standardized=0.021327151 Adjusted=0.9791182 Hits=1
Tree 0:
digraph g {
node [shape=rectangle];
n[label = "If_Then_Else"];
n0[label = "Equal"];
n00[label = "If_Then_Else"];
n000[label = "NearestInsertion"];
n00 -> n000;
n001[label = "NearestInsertion"];
n00 -> n001;
n002[label = "FarthestInsertion"];
n00 -> n002;
n0 -> n00;
n01[label = "Equal"];
n010[label = "NearestFirstNode"];
n01 -> n010;
n011[label = "FarthestFirstNode"];
n01 -> n011;
n0 -> n01;
n -> n0;
n1[label = "If_Then_Else"];
n10[label = "While"];
n100[label = "Or"];
n1000[label = "NearestFirstNode"];
n100 -> n1000;
n1001[label = "CplexTerminal"];
n100 -> n1001;
n10 -> n100;
n101[label = "Equal"];
n1010[label = "NearestFirstNode"];
n101 -> n1010;
n1011[label = "FarthestFirstNode"];
n101 -> n1011;
n10 -> n101;
n1 -> n10;
n11[label = "While"];
n110[label = "Or"];
n1100[label = "NearestFirstNode"];
n110 -> n1100;
n1101[label = "CplexTerminal"];
n110 -> n1101;
n11 -> n110;
n111[label = "Equal"];
n1110[label = "NearestFirstNode"];
n111 -> n1110;
n1111[label = "FarthestFirstNode"];
n111 -> n1111;
n11 -> n111;
n1 -> n11;
n12[label = "Equal"];
n120[label = "And"];
n1200[label = "NearestFirstNode"];
n120 -> n1200;
n1201[label = "NearestNeighbor"];
n120 -> n1201;
n12 -> n120;
n121[label = "And"];
n1210[label = "NearestInsertion"];
n121 -> n1210;
n1211[label = "FarthestNeighbor"];
n121 -> n1211;
n12 -> n121;
n1 -> n12;
n -> n1;
n2[label = "Equal"];
n20[label = "And"];
n200[label = "NearestFirstNode"];
n20 -> n200;
n201[label = "NearestNeighbor"];
n20 -> n201;
n2 -> n20;
n21[label = "If_Then"];
n210[label = "FarthestFirstNode"];
n21 -> n210;
n211[label = "CplexTerminal"];
n21 -> n211;
n2 -> n21;
n -> n2;
}


Generation: 15
Best Individual:
Subpopulation 0:
Evaluated: true
Fitness: Standardized=0.021327151 Adjusted=0.9791182 Hits=1
Tree 0:
digraph g {
node [shape=rectangle];
n[label = "If_Then_Else"];
n0[label = "Equal"];
n00[label = "If_Then_Else"];
n000[label = "NearestInsertion"];
n00 -> n000;
n001[label = "NearestInsertion"];
n00 -> n001;
n002[label = "FarthestInsertion"];
n00 -> n002;
n0 -> n00;
n01[label = "Equal"];
n010[label = "NearestFirstNode"];
n01 -> n010;
n011[label = "FarthestFirstNode"];
n01 -> n011;
n0 -> n01;
n -> n0;
n1[label = "If_Then_Else"];
n10[label = "While"];
n100[label = "Or"];
n1000[label = "NearestFirstNode"];
n100 -> n1000;
n1001[label = "CplexTerminal"];
n100 -> n1001;
n10 -> n100;
n101[label = "Equal"];
n1010[label = "NearestFirstNode"];
n101 -> n1010;
n1011[label = "FarthestFirstNode"];
n101 -> n1011;
n10 -> n101;
n1 -> n10;
n11[label = "While"];
n110[label = "Or"];
n1100[label = "NearestFirstNode"];
n110 -> n1100;
n1101[label = "CplexTerminal"];
n110 -> n1101;
n11 -> n110;
n111[label = "Equal"];
n1110[label = "NearestFirstNode"];
n111 -> n1110;
n1111[label = "FarthestFirstNode"];
n111 -> n1111;
n11 -> n111;
n1 -> n11;
n12[label = "Equal"];
n120[label = "And"];
n1200[label = "NearestFirstNode"];
n120 -> n1200;
n1201[label = "NearestNeighbor"];
n120 -> n1201;
n12 -> n120;
n121[label = "And"];
n1210[label = "NearestInsertion"];
n121 -> n1210;
n1211[label = "FarthestNeighbor"];
n121 -> n1211;
n12 -> n121;
n1 -> n12;
n -> n1;
n2[label = "Equal"];
n20[label = "And"];
n200[label = "NearestFirstNode"];
n20 -> n200;
n201[label = "NearestNeighbor"];
n20 -> n201;
n2 -> n20;
n21[label = "If_Then"];
n210[label = "FarthestFirstNode"];
n21 -> n210;
n211[label = "CplexTerminal"];
n21 -> n211;
n2 -> n21;
n -> n2;
}


Generation: 16
Best Individual:
Subpopulation 0:
Evaluated: true
Fitness: Standardized=0.021327151 Adjusted=0.9791182 Hits=1
Tree 0:
digraph g {
node [shape=rectangle];
n[label = "If_Then_Else"];
n0[label = "Equal"];
n00[label = "If_Then_Else"];
n000[label = "NearestInsertion"];
n00 -> n000;
n001[label = "NearestInsertion"];
n00 -> n001;
n002[label = "FarthestInsertion"];
n00 -> n002;
n0 -> n00;
n01[label = "Equal"];
n010[label = "NearestFirstNode"];
n01 -> n010;
n011[label = "FarthestFirstNode"];
n01 -> n011;
n0 -> n01;
n -> n0;
n1[label = "If_Then_Else"];
n10[label = "While"];
n100[label = "Or"];
n1000[label = "NearestFirstNode"];
n100 -> n1000;
n1001[label = "CplexTerminal"];
n100 -> n1001;
n10 -> n100;
n101[label = "Equal"];
n1010[label = "NearestFirstNode"];
n101 -> n1010;
n1011[label = "FarthestFirstNode"];
n101 -> n1011;
n10 -> n101;
n1 -> n10;
n11[label = "While"];
n110[label = "Or"];
n1100[label = "NearestFirstNode"];
n110 -> n1100;
n1101[label = "CplexTerminal"];
n110 -> n1101;
n11 -> n110;
n111[label = "Equal"];
n1110[label = "NearestFirstNode"];
n111 -> n1110;
n1111[label = "FarthestFirstNode"];
n111 -> n1111;
n11 -> n111;
n1 -> n11;
n12[label = "Equal"];
n120[label = "And"];
n1200[label = "NearestFirstNode"];
n120 -> n1200;
n1201[label = "NearestNeighbor"];
n120 -> n1201;
n12 -> n120;
n121[label = "And"];
n1210[label = "NearestInsertion"];
n121 -> n1210;
n1211[label = "FarthestNeighbor"];
n121 -> n1211;
n12 -> n121;
n1 -> n12;
n -> n1;
n2[label = "Equal"];
n20[label = "And"];
n200[label = "NearestFirstNode"];
n20 -> n200;
n201[label = "NearestNeighbor"];
n20 -> n201;
n2 -> n20;
n21[label = "If_Then"];
n210[label = "FarthestFirstNode"];
n21 -> n210;
n211[label = "CplexTerminal"];
n21 -> n211;
n2 -> n21;
n -> n2;
}


Generation: 17
Best Individual:
Subpopulation 0:
Evaluated: true
Fitness: Standardized=0.021327151 Adjusted=0.9791182 Hits=1
Tree 0:
digraph g {
node [shape=rectangle];
n[label = "If_Then_Else"];
n0[label = "Equal"];
n00[label = "If_Then_Else"];
n000[label = "NearestInsertion"];
n00 -> n000;
n001[label = "NearestInsertion"];
n00 -> n001;
n002[label = "FarthestInsertion"];
n00 -> n002;
n0 -> n00;
n01[label = "Equal"];
n010[label = "NearestFirstNode"];
n01 -> n010;
n011[label = "FarthestFirstNode"];
n01 -> n011;
n0 -> n01;
n -> n0;
n1[label = "If_Then_Else"];
n10[label = "While"];
n100[label = "Or"];
n1000[label = "NearestFirstNode"];
n100 -> n1000;
n1001[label = "CplexTerminal"];
n100 -> n1001;
n10 -> n100;
n101[label = "Equal"];
n1010[label = "NearestFirstNode"];
n101 -> n1010;
n1011[label = "FarthestFirstNode"];
n101 -> n1011;
n10 -> n101;
n1 -> n10;
n11[label = "While"];
n110[label = "Or"];
n1100[label = "NearestFirstNode"];
n110 -> n1100;
n1101[label = "CplexTerminal"];
n110 -> n1101;
n11 -> n110;
n111[label = "Equal"];
n1110[label = "NearestFirstNode"];
n111 -> n1110;
n1111[label = "FarthestFirstNode"];
n111 -> n1111;
n11 -> n111;
n1 -> n11;
n12[label = "Equal"];
n120[label = "And"];
n1200[label = "NearestFirstNode"];
n120 -> n1200;
n1201[label = "NearestNeighbor"];
n120 -> n1201;
n12 -> n120;
n121[label = "And"];
n1210[label = "NearestInsertion"];
n121 -> n1210;
n1211[label = "FarthestNeighbor"];
n121 -> n1211;
n12 -> n121;
n1 -> n12;
n -> n1;
n2[label = "Equal"];
n20[label = "And"];
n200[label = "NearestFirstNode"];
n20 -> n200;
n201[label = "NearestNeighbor"];
n20 -> n201;
n2 -> n20;
n21[label = "If_Then"];
n210[label = "FarthestFirstNode"];
n21 -> n210;
n211[label = "CplexTerminal"];
n21 -> n211;
n2 -> n21;
n -> n2;
}


Generation: 18
Best Individual:
Subpopulation 0:
Evaluated: true
Fitness: Standardized=0.021327151 Adjusted=0.9791182 Hits=1
Tree 0:
digraph g {
node [shape=rectangle];
n[label = "If_Then_Else"];
n0[label = "Equal"];
n00[label = "If_Then_Else"];
n000[label = "NearestInsertion"];
n00 -> n000;
n001[label = "NearestInsertion"];
n00 -> n001;
n002[label = "FarthestInsertion"];
n00 -> n002;
n0 -> n00;
n01[label = "Equal"];
n010[label = "NearestFirstNode"];
n01 -> n010;
n011[label = "FarthestFirstNode"];
n01 -> n011;
n0 -> n01;
n -> n0;
n1[label = "If_Then_Else"];
n10[label = "While"];
n100[label = "Or"];
n1000[label = "NearestFirstNode"];
n100 -> n1000;
n1001[label = "CplexTerminal"];
n100 -> n1001;
n10 -> n100;
n101[label = "Equal"];
n1010[label = "NearestFirstNode"];
n101 -> n1010;
n1011[label = "FarthestFirstNode"];
n101 -> n1011;
n10 -> n101;
n1 -> n10;
n11[label = "While"];
n110[label = "Or"];
n1100[label = "NearestFirstNode"];
n110 -> n1100;
n1101[label = "CplexTerminal"];
n110 -> n1101;
n11 -> n110;
n111[label = "Equal"];
n1110[label = "NearestFirstNode"];
n111 -> n1110;
n1111[label = "FarthestFirstNode"];
n111 -> n1111;
n11 -> n111;
n1 -> n11;
n12[label = "Equal"];
n120[label = "And"];
n1200[label = "NearestFirstNode"];
n120 -> n1200;
n1201[label = "NearestNeighbor"];
n120 -> n1201;
n12 -> n120;
n121[label = "And"];
n1210[label = "NearestInsertion"];
n121 -> n1210;
n1211[label = "FarthestNeighbor"];
n121 -> n1211;
n12 -> n121;
n1 -> n12;
n -> n1;
n2[label = "Equal"];
n20[label = "And"];
n200[label = "NearestFirstNode"];
n20 -> n200;
n201[label = "NearestNeighbor"];
n20 -> n201;
n2 -> n20;
n21[label = "If_Then"];
n210[label = "FarthestFirstNode"];
n21 -> n210;
n211[label = "CplexTerminal"];
n21 -> n211;
n2 -> n21;
n -> n2;
}


Generation: 19
Best Individual:
Subpopulation 0:
Evaluated: true
Fitness: Standardized=0.021327151 Adjusted=0.9791182 Hits=1
Tree 0:
digraph g {
node [shape=rectangle];
n[label = "If_Then_Else"];
n0[label = "Equal"];
n00[label = "If_Then_Else"];
n000[label = "NearestInsertion"];
n00 -> n000;
n001[label = "NearestInsertion"];
n00 -> n001;
n002[label = "FarthestInsertion"];
n00 -> n002;
n0 -> n00;
n01[label = "Equal"];
n010[label = "NearestFirstNode"];
n01 -> n010;
n011[label = "FarthestFirstNode"];
n01 -> n011;
n0 -> n01;
n -> n0;
n1[label = "If_Then_Else"];
n10[label = "While"];
n100[label = "Or"];
n1000[label = "NearestFirstNode"];
n100 -> n1000;
n1001[label = "CplexTerminal"];
n100 -> n1001;
n10 -> n100;
n101[label = "Equal"];
n1010[label = "NearestFirstNode"];
n101 -> n1010;
n1011[label = "FarthestFirstNode"];
n101 -> n1011;
n10 -> n101;
n1 -> n10;
n11[label = "While"];
n110[label = "Or"];
n1100[label = "NearestFirstNode"];
n110 -> n1100;
n1101[label = "CplexTerminal"];
n110 -> n1101;
n11 -> n110;
n111[label = "Equal"];
n1110[label = "NearestFirstNode"];
n111 -> n1110;
n1111[label = "FarthestFirstNode"];
n111 -> n1111;
n11 -> n111;
n1 -> n11;
n12[label = "Equal"];
n120[label = "And"];
n1200[label = "NearestFirstNode"];
n120 -> n1200;
n1201[label = "NearestNeighbor"];
n120 -> n1201;
n12 -> n120;
n121[label = "And"];
n1210[label = "NearestInsertion"];
n121 -> n1210;
n1211[label = "FarthestNeighbor"];
n121 -> n1211;
n12 -> n121;
n1 -> n12;
n -> n1;
n2[label = "Equal"];
n20[label = "And"];
n200[label = "NearestFirstNode"];
n20 -> n200;
n201[label = "NearestNeighbor"];
n20 -> n201;
n2 -> n20;
n21[label = "If_Then"];
n210[label = "FarthestFirstNode"];
n21 -> n210;
n211[label = "CplexTerminal"];
n21 -> n211;
n2 -> n21;
n -> n2;
}


Generation: 20
Best Individual:
Subpopulation 0:
Evaluated: true
Fitness: Standardized=0.021327151 Adjusted=0.9791182 Hits=1
Tree 0:
digraph g {
node [shape=rectangle];
n[label = "If_Then_Else"];
n0[label = "Equal"];
n00[label = "If_Then_Else"];
n000[label = "NearestInsertion"];
n00 -> n000;
n001[label = "NearestInsertion"];
n00 -> n001;
n002[label = "FarthestInsertion"];
n00 -> n002;
n0 -> n00;
n01[label = "Equal"];
n010[label = "NearestFirstNode"];
n01 -> n010;
n011[label = "FarthestFirstNode"];
n01 -> n011;
n0 -> n01;
n -> n0;
n1[label = "If_Then_Else"];
n10[label = "While"];
n100[label = "Or"];
n1000[label = "NearestFirstNode"];
n100 -> n1000;
n1001[label = "CplexTerminal"];
n100 -> n1001;
n10 -> n100;
n101[label = "Equal"];
n1010[label = "NearestFirstNode"];
n101 -> n1010;
n1011[label = "FarthestFirstNode"];
n101 -> n1011;
n10 -> n101;
n1 -> n10;
n11[label = "While"];
n110[label = "Or"];
n1100[label = "NearestFirstNode"];
n110 -> n1100;
n1101[label = "CplexTerminal"];
n110 -> n1101;
n11 -> n110;
n111[label = "Equal"];
n1110[label = "NearestFirstNode"];
n111 -> n1110;
n1111[label = "FarthestFirstNode"];
n111 -> n1111;
n11 -> n111;
n1 -> n11;
n12[label = "Equal"];
n120[label = "And"];
n1200[label = "NearestFirstNode"];
n120 -> n1200;
n1201[label = "NearestNeighbor"];
n120 -> n1201;
n12 -> n120;
n121[label = "And"];
n1210[label = "NearestInsertion"];
n121 -> n1210;
n1211[label = "FarthestNeighbor"];
n121 -> n1211;
n12 -> n121;
n1 -> n12;
n -> n1;
n2[label = "Equal"];
n20[label = "And"];
n200[label = "NearestFirstNode"];
n20 -> n200;
n201[label = "NearestNeighbor"];
n20 -> n201;
n2 -> n20;
n21[label = "If_Then"];
n210[label = "FarthestFirstNode"];
n21 -> n210;
n211[label = "CplexTerminal"];
n21 -> n211;
n2 -> n21;
n -> n2;
}


Generation: 21
Best Individual:
Subpopulation 0:
Evaluated: true
Fitness: Standardized=0.01980512 Adjusted=0.98057956 Hits=2
Tree 0:
digraph g {
node [shape=rectangle];
n[label = "If_Then_Else"];
n0[label = "Equal"];
n00[label = "If_Then_Else"];
n000[label = "NearestInsertion"];
n00 -> n000;
n001[label = "NearestInsertion"];
n00 -> n001;
n002[label = "FarthestInsertion"];
n00 -> n002;
n0 -> n00;
n01[label = "Equal"];
n010[label = "NearestFirstNode"];
n01 -> n010;
n011[label = "FarthestFirstNode"];
n01 -> n011;
n0 -> n01;
n -> n0;
n1[label = "If_Then_Else"];
n10[label = "While"];
n100[label = "Or"];
n1000[label = "NearestFirstNode"];
n100 -> n1000;
n1001[label = "CplexTerminal"];
n100 -> n1001;
n10 -> n100;
n101[label = "Or"];
n1010[label = "NearestFirstNode"];
n101 -> n1010;
n1011[label = "CplexTerminal"];
n101 -> n1011;
n10 -> n101;
n1 -> n10;
n11[label = "While"];
n110[label = "Or"];
n1100[label = "NearestFirstNode"];
n110 -> n1100;
n1101[label = "CplexTerminal"];
n110 -> n1101;
n11 -> n110;
n111[label = "Equal"];
n1110[label = "NearestFirstNode"];
n111 -> n1110;
n1111[label = "FarthestFirstNode"];
n111 -> n1111;
n11 -> n111;
n1 -> n11;
n12[label = "Equal"];
n120[label = "Equal"];
n1200[label = "NearestFirstNode"];
n120 -> n1200;
n1201[label = "FarthestFirstNode"];
n120 -> n1201;
n12 -> n120;
n121[label = "And"];
n1210[label = "NearestInsertion"];
n121 -> n1210;
n1211[label = "FarthestNeighbor"];
n121 -> n1211;
n12 -> n121;
n1 -> n12;
n -> n1;
n2[label = "Equal"];
n20[label = "And"];
n200[label = "NearestFirstNode"];
n20 -> n200;
n201[label = "NearestNeighbor"];
n20 -> n201;
n2 -> n20;
n21[label = "If_Then"];
n210[label = "FarthestFirstNode"];
n21 -> n210;
n211[label = "CplexTerminal"];
n21 -> n211;
n2 -> n21;
n -> n2;
}


Generation: 22
Best Individual:
Subpopulation 0:
Evaluated: true
Fitness: Standardized=0.01980512 Adjusted=0.98057956 Hits=2
Tree 0:
digraph g {
node [shape=rectangle];
n[label = "If_Then_Else"];
n0[label = "Equal"];
n00[label = "If_Then_Else"];
n000[label = "NearestInsertion"];
n00 -> n000;
n001[label = "NearestInsertion"];
n00 -> n001;
n002[label = "FarthestInsertion"];
n00 -> n002;
n0 -> n00;
n01[label = "Equal"];
n010[label = "NearestFirstNode"];
n01 -> n010;
n011[label = "FarthestFirstNode"];
n01 -> n011;
n0 -> n01;
n -> n0;
n1[label = "If_Then_Else"];
n10[label = "While"];
n100[label = "Or"];
n1000[label = "NearestFirstNode"];
n100 -> n1000;
n1001[label = "CplexTerminal"];
n100 -> n1001;
n10 -> n100;
n101[label = "Or"];
n1010[label = "NearestFirstNode"];
n101 -> n1010;
n1011[label = "CplexTerminal"];
n101 -> n1011;
n10 -> n101;
n1 -> n10;
n11[label = "While"];
n110[label = "Or"];
n1100[label = "NearestFirstNode"];
n110 -> n1100;
n1101[label = "CplexTerminal"];
n110 -> n1101;
n11 -> n110;
n111[label = "Equal"];
n1110[label = "NearestFirstNode"];
n111 -> n1110;
n1111[label = "FarthestFirstNode"];
n111 -> n1111;
n11 -> n111;
n1 -> n11;
n12[label = "Equal"];
n120[label = "Equal"];
n1200[label = "NearestFirstNode"];
n120 -> n1200;
n1201[label = "FarthestFirstNode"];
n120 -> n1201;
n12 -> n120;
n121[label = "And"];
n1210[label = "NearestInsertion"];
n121 -> n1210;
n1211[label = "FarthestNeighbor"];
n121 -> n1211;
n12 -> n121;
n1 -> n12;
n -> n1;
n2[label = "Equal"];
n20[label = "And"];
n200[label = "NearestFirstNode"];
n20 -> n200;
n201[label = "NearestNeighbor"];
n20 -> n201;
n2 -> n20;
n21[label = "If_Then"];
n210[label = "FarthestFirstNode"];
n21 -> n210;
n211[label = "CplexTerminal"];
n21 -> n211;
n2 -> n21;
n -> n2;
}


Generation: 23
Best Individual:
Subpopulation 0:
Evaluated: true
Fitness: Standardized=0.01980512 Adjusted=0.98057956 Hits=2
Tree 0:
digraph g {
node [shape=rectangle];
n[label = "If_Then_Else"];
n0[label = "Equal"];
n00[label = "If_Then_Else"];
n000[label = "NearestInsertion"];
n00 -> n000;
n001[label = "NearestInsertion"];
n00 -> n001;
n002[label = "FarthestInsertion"];
n00 -> n002;
n0 -> n00;
n01[label = "Equal"];
n010[label = "NearestFirstNode"];
n01 -> n010;
n011[label = "FarthestFirstNode"];
n01 -> n011;
n0 -> n01;
n -> n0;
n1[label = "If_Then_Else"];
n10[label = "While"];
n100[label = "Or"];
n1000[label = "NearestFirstNode"];
n100 -> n1000;
n1001[label = "CplexTerminal"];
n100 -> n1001;
n10 -> n100;
n101[label = "Or"];
n1010[label = "NearestFirstNode"];
n101 -> n1010;
n1011[label = "CplexTerminal"];
n101 -> n1011;
n10 -> n101;
n1 -> n10;
n11[label = "While"];
n110[label = "Or"];
n1100[label = "NearestFirstNode"];
n110 -> n1100;
n1101[label = "CplexTerminal"];
n110 -> n1101;
n11 -> n110;
n111[label = "Equal"];
n1110[label = "NearestFirstNode"];
n111 -> n1110;
n1111[label = "FarthestFirstNode"];
n111 -> n1111;
n11 -> n111;
n1 -> n11;
n12[label = "Equal"];
n120[label = "Equal"];
n1200[label = "NearestFirstNode"];
n120 -> n1200;
n1201[label = "FarthestFirstNode"];
n120 -> n1201;
n12 -> n120;
n121[label = "And"];
n1210[label = "NearestInsertion"];
n121 -> n1210;
n1211[label = "FarthestNeighbor"];
n121 -> n1211;
n12 -> n121;
n1 -> n12;
n -> n1;
n2[label = "Equal"];
n20[label = "And"];
n200[label = "NearestFirstNode"];
n20 -> n200;
n201[label = "NearestNeighbor"];
n20 -> n201;
n2 -> n20;
n21[label = "If_Then"];
n210[label = "FarthestFirstNode"];
n21 -> n210;
n211[label = "CplexTerminal"];
n21 -> n211;
n2 -> n21;
n -> n2;
}


Generation: 24
Best Individual:
Subpopulation 0:
Evaluated: true
Fitness: Standardized=0.01980512 Adjusted=0.98057956 Hits=2
Tree 0:
digraph g {
node [shape=rectangle];
n[label = "If_Then_Else"];
n0[label = "Equal"];
n00[label = "If_Then_Else"];
n000[label = "NearestInsertion"];
n00 -> n000;
n001[label = "NearestInsertion"];
n00 -> n001;
n002[label = "FarthestInsertion"];
n00 -> n002;
n0 -> n00;
n01[label = "Equal"];
n010[label = "NearestFirstNode"];
n01 -> n010;
n011[label = "FarthestFirstNode"];
n01 -> n011;
n0 -> n01;
n -> n0;
n1[label = "If_Then_Else"];
n10[label = "While"];
n100[label = "Or"];
n1000[label = "NearestFirstNode"];
n100 -> n1000;
n1001[label = "CplexTerminal"];
n100 -> n1001;
n10 -> n100;
n101[label = "Or"];
n1010[label = "NearestFirstNode"];
n101 -> n1010;
n1011[label = "CplexTerminal"];
n101 -> n1011;
n10 -> n101;
n1 -> n10;
n11[label = "While"];
n110[label = "Or"];
n1100[label = "NearestFirstNode"];
n110 -> n1100;
n1101[label = "CplexTerminal"];
n110 -> n1101;
n11 -> n110;
n111[label = "Equal"];
n1110[label = "NearestFirstNode"];
n111 -> n1110;
n1111[label = "FarthestFirstNode"];
n111 -> n1111;
n11 -> n111;
n1 -> n11;
n12[label = "Equal"];
n120[label = "Equal"];
n1200[label = "NearestFirstNode"];
n120 -> n1200;
n1201[label = "FarthestFirstNode"];
n120 -> n1201;
n12 -> n120;
n121[label = "And"];
n1210[label = "NearestInsertion"];
n121 -> n1210;
n1211[label = "FarthestNeighbor"];
n121 -> n1211;
n12 -> n121;
n1 -> n12;
n -> n1;
n2[label = "Equal"];
n20[label = "And"];
n200[label = "NearestFirstNode"];
n20 -> n200;
n201[label = "NearestNeighbor"];
n20 -> n201;
n2 -> n20;
n21[label = "If_Then"];
n210[label = "FarthestFirstNode"];
n21 -> n210;
n211[label = "CplexTerminal"];
n21 -> n211;
n2 -> n21;
n -> n2;
}


Generation: 25
Best Individual:
Subpopulation 0:
Evaluated: true
Fitness: Standardized=0.01980512 Adjusted=0.98057956 Hits=2
Tree 0:
digraph g {
node [shape=rectangle];
n[label = "If_Then_Else"];
n0[label = "Equal"];
n00[label = "If_Then_Else"];
n000[label = "NearestInsertion"];
n00 -> n000;
n001[label = "NearestInsertion"];
n00 -> n001;
n002[label = "FarthestInsertion"];
n00 -> n002;
n0 -> n00;
n01[label = "Equal"];
n010[label = "NearestFirstNode"];
n01 -> n010;
n011[label = "FarthestFirstNode"];
n01 -> n011;
n0 -> n01;
n -> n0;
n1[label = "If_Then_Else"];
n10[label = "While"];
n100[label = "Or"];
n1000[label = "NearestFirstNode"];
n100 -> n1000;
n1001[label = "CplexTerminal"];
n100 -> n1001;
n10 -> n100;
n101[label = "Or"];
n1010[label = "NearestFirstNode"];
n101 -> n1010;
n1011[label = "CplexTerminal"];
n101 -> n1011;
n10 -> n101;
n1 -> n10;
n11[label = "While"];
n110[label = "Or"];
n1100[label = "NearestFirstNode"];
n110 -> n1100;
n1101[label = "CplexTerminal"];
n110 -> n1101;
n11 -> n110;
n111[label = "Equal"];
n1110[label = "NearestFirstNode"];
n111 -> n1110;
n1111[label = "FarthestFirstNode"];
n111 -> n1111;
n11 -> n111;
n1 -> n11;
n12[label = "Equal"];
n120[label = "Equal"];
n1200[label = "NearestFirstNode"];
n120 -> n1200;
n1201[label = "FarthestFirstNode"];
n120 -> n1201;
n12 -> n120;
n121[label = "And"];
n1210[label = "NearestInsertion"];
n121 -> n1210;
n1211[label = "FarthestNeighbor"];
n121 -> n1211;
n12 -> n121;
n1 -> n12;
n -> n1;
n2[label = "Equal"];
n20[label = "And"];
n200[label = "NearestFirstNode"];
n20 -> n200;
n201[label = "NearestNeighbor"];
n20 -> n201;
n2 -> n20;
n21[label = "If_Then"];
n210[label = "FarthestFirstNode"];
n21 -> n210;
n211[label = "CplexTerminal"];
n21 -> n211;
n2 -> n21;
n -> n2;
}


Generation: 26
Best Individual:
Subpopulation 0:
Evaluated: true
Fitness: Standardized=0.01980512 Adjusted=0.98057956 Hits=2
Tree 0:
digraph g {
node [shape=rectangle];
n[label = "If_Then_Else"];
n0[label = "Equal"];
n00[label = "If_Then_Else"];
n000[label = "NearestInsertion"];
n00 -> n000;
n001[label = "NearestInsertion"];
n00 -> n001;
n002[label = "FarthestInsertion"];
n00 -> n002;
n0 -> n00;
n01[label = "Equal"];
n010[label = "NearestFirstNode"];
n01 -> n010;
n011[label = "FarthestFirstNode"];
n01 -> n011;
n0 -> n01;
n -> n0;
n1[label = "If_Then_Else"];
n10[label = "While"];
n100[label = "Or"];
n1000[label = "NearestFirstNode"];
n100 -> n1000;
n1001[label = "CplexTerminal"];
n100 -> n1001;
n10 -> n100;
n101[label = "Or"];
n1010[label = "NearestFirstNode"];
n101 -> n1010;
n1011[label = "CplexTerminal"];
n101 -> n1011;
n10 -> n101;
n1 -> n10;
n11[label = "While"];
n110[label = "Or"];
n1100[label = "NearestFirstNode"];
n110 -> n1100;
n1101[label = "CplexTerminal"];
n110 -> n1101;
n11 -> n110;
n111[label = "Equal"];
n1110[label = "NearestFirstNode"];
n111 -> n1110;
n1111[label = "FarthestFirstNode"];
n111 -> n1111;
n11 -> n111;
n1 -> n11;
n12[label = "Equal"];
n120[label = "Equal"];
n1200[label = "NearestFirstNode"];
n120 -> n1200;
n1201[label = "FarthestFirstNode"];
n120 -> n1201;
n12 -> n120;
n121[label = "And"];
n1210[label = "NearestInsertion"];
n121 -> n1210;
n1211[label = "FarthestNeighbor"];
n121 -> n1211;
n12 -> n121;
n1 -> n12;
n -> n1;
n2[label = "Equal"];
n20[label = "And"];
n200[label = "NearestFirstNode"];
n20 -> n200;
n201[label = "NearestNeighbor"];
n20 -> n201;
n2 -> n20;
n21[label = "If_Then"];
n210[label = "FarthestFirstNode"];
n21 -> n210;
n211[label = "CplexTerminal"];
n21 -> n211;
n2 -> n21;
n -> n2;
}


Generation: 27
Best Individual:
Subpopulation 0:
Evaluated: true
Fitness: Standardized=0.01980512 Adjusted=0.98057956 Hits=2
Tree 0:
digraph g {
node [shape=rectangle];
n[label = "If_Then_Else"];
n0[label = "Equal"];
n00[label = "If_Then_Else"];
n000[label = "NearestInsertion"];
n00 -> n000;
n001[label = "NearestInsertion"];
n00 -> n001;
n002[label = "FarthestInsertion"];
n00 -> n002;
n0 -> n00;
n01[label = "Equal"];
n010[label = "NearestFirstNode"];
n01 -> n010;
n011[label = "FarthestFirstNode"];
n01 -> n011;
n0 -> n01;
n -> n0;
n1[label = "If_Then_Else"];
n10[label = "While"];
n100[label = "Or"];
n1000[label = "NearestFirstNode"];
n100 -> n1000;
n1001[label = "CplexTerminal"];
n100 -> n1001;
n10 -> n100;
n101[label = "Or"];
n1010[label = "NearestFirstNode"];
n101 -> n1010;
n1011[label = "CplexTerminal"];
n101 -> n1011;
n10 -> n101;
n1 -> n10;
n11[label = "While"];
n110[label = "Or"];
n1100[label = "NearestFirstNode"];
n110 -> n1100;
n1101[label = "CplexTerminal"];
n110 -> n1101;
n11 -> n110;
n111[label = "Equal"];
n1110[label = "NearestFirstNode"];
n111 -> n1110;
n1111[label = "FarthestFirstNode"];
n111 -> n1111;
n11 -> n111;
n1 -> n11;
n12[label = "Equal"];
n120[label = "Equal"];
n1200[label = "NearestFirstNode"];
n120 -> n1200;
n1201[label = "FarthestFirstNode"];
n120 -> n1201;
n12 -> n120;
n121[label = "And"];
n1210[label = "NearestInsertion"];
n121 -> n1210;
n1211[label = "FarthestNeighbor"];
n121 -> n1211;
n12 -> n121;
n1 -> n12;
n -> n1;
n2[label = "Equal"];
n20[label = "And"];
n200[label = "NearestFirstNode"];
n20 -> n200;
n201[label = "NearestNeighbor"];
n20 -> n201;
n2 -> n20;
n21[label = "If_Then"];
n210[label = "FarthestFirstNode"];
n21 -> n210;
n211[label = "CplexTerminal"];
n21 -> n211;
n2 -> n21;
n -> n2;
}


Generation: 28
Best Individual:
Subpopulation 0:
Evaluated: true
Fitness: Standardized=0.01980512 Adjusted=0.98057956 Hits=2
Tree 0:
digraph g {
node [shape=rectangle];
n[label = "If_Then_Else"];
n0[label = "Equal"];
n00[label = "If_Then_Else"];
n000[label = "NearestInsertion"];
n00 -> n000;
n001[label = "NearestInsertion"];
n00 -> n001;
n002[label = "FarthestInsertion"];
n00 -> n002;
n0 -> n00;
n01[label = "Equal"];
n010[label = "NearestFirstNode"];
n01 -> n010;
n011[label = "FarthestFirstNode"];
n01 -> n011;
n0 -> n01;
n -> n0;
n1[label = "If_Then_Else"];
n10[label = "While"];
n100[label = "Or"];
n1000[label = "NearestFirstNode"];
n100 -> n1000;
n1001[label = "CplexTerminal"];
n100 -> n1001;
n10 -> n100;
n101[label = "Or"];
n1010[label = "NearestFirstNode"];
n101 -> n1010;
n1011[label = "CplexTerminal"];
n101 -> n1011;
n10 -> n101;
n1 -> n10;
n11[label = "While"];
n110[label = "Or"];
n1100[label = "NearestFirstNode"];
n110 -> n1100;
n1101[label = "CplexTerminal"];
n110 -> n1101;
n11 -> n110;
n111[label = "Equal"];
n1110[label = "NearestFirstNode"];
n111 -> n1110;
n1111[label = "FarthestFirstNode"];
n111 -> n1111;
n11 -> n111;
n1 -> n11;
n12[label = "Equal"];
n120[label = "Equal"];
n1200[label = "NearestFirstNode"];
n120 -> n1200;
n1201[label = "FarthestFirstNode"];
n120 -> n1201;
n12 -> n120;
n121[label = "And"];
n1210[label = "NearestInsertion"];
n121 -> n1210;
n1211[label = "FarthestNeighbor"];
n121 -> n1211;
n12 -> n121;
n1 -> n12;
n -> n1;
n2[label = "Equal"];
n20[label = "And"];
n200[label = "NearestFirstNode"];
n20 -> n200;
n201[label = "NearestNeighbor"];
n20 -> n201;
n2 -> n20;
n21[label = "If_Then"];
n210[label = "FarthestFirstNode"];
n21 -> n210;
n211[label = "CplexTerminal"];
n21 -> n211;
n2 -> n21;
n -> n2;
}


Generation: 29
Best Individual:
Subpopulation 0:
Evaluated: true
Fitness: Standardized=0.017758302 Adjusted=0.9825516 Hits=3
Tree 0:
digraph g {
node [shape=rectangle];
n[label = "If_Then_Else"];
n0[label = "Equal"];
n00[label = "If_Then_Else"];
n000[label = "NearestInsertion"];
n00 -> n000;
n001[label = "NearestInsertion"];
n00 -> n001;
n002[label = "FarthestInsertion"];
n00 -> n002;
n0 -> n00;
n01[label = "Equal"];
n010[label = "NearestFirstNode"];
n01 -> n010;
n011[label = "FarthestFirstNode"];
n01 -> n011;
n0 -> n01;
n -> n0;
n1[label = "If_Then_Else"];
n10[label = "While"];
n100[label = "Or"];
n1000[label = "NearestFirstNode"];
n100 -> n1000;
n1001[label = "CplexTerminal"];
n100 -> n1001;
n10 -> n100;
n101[label = "Or"];
n1010[label = "NearestFirstNode"];
n101 -> n1010;
n1011[label = "CplexTerminal"];
n101 -> n1011;
n10 -> n101;
n1 -> n10;
n11[label = "Equal"];
n110[label = "Or"];
n1100[label = "NearestFirstNode"];
n110 -> n1100;
n1101[label = "CplexTerminal"];
n110 -> n1101;
n11 -> n110;
n111[label = "Equal"];
n1110[label = "NearestFirstNode"];
n111 -> n1110;
n1111[label = "FarthestFirstNode"];
n111 -> n1111;
n11 -> n111;
n1 -> n11;
n12[label = "Equal"];
n120[label = "Equal"];
n1200[label = "NearestFirstNode"];
n120 -> n1200;
n1201[label = "FarthestFirstNode"];
n120 -> n1201;
n12 -> n120;
n121[label = "And"];
n1210[label = "NearestInsertion"];
n121 -> n1210;
n1211[label = "FarthestNeighbor"];
n121 -> n1211;
n12 -> n121;
n1 -> n12;
n -> n1;
n2[label = "Equal"];
n20[label = "And"];
n200[label = "NearestFirstNode"];
n20 -> n200;
n201[label = "NearestNeighbor"];
n20 -> n201;
n2 -> n20;
n21[label = "And"];
n210[label = "NearestFirstNode"];
n21 -> n210;
n211[label = "NearestNeighbor"];
n21 -> n211;
n2 -> n21;
n -> n2;
}


Best Individual of Run:
Subpopulation 0:
Evaluated: true
Fitness: Standardized=0.017758302 Adjusted=0.9825516 Hits=3
Tree 0:
digraph g {
node [shape=rectangle];
n[label = "If_Then_Else"];
n0[label = "Equal"];
n00[label = "If_Then_Else"];
n000[label = "NearestInsertion"];
n00 -> n000;
n001[label = "NearestInsertion"];
n00 -> n001;
n002[label = "FarthestInsertion"];
n00 -> n002;
n0 -> n00;
n01[label = "Equal"];
n010[label = "NearestFirstNode"];
n01 -> n010;
n011[label = "FarthestFirstNode"];
n01 -> n011;
n0 -> n01;
n -> n0;
n1[label = "If_Then_Else"];
n10[label = "While"];
n100[label = "Or"];
n1000[label = "NearestFirstNode"];
n100 -> n1000;
n1001[label = "CplexTerminal"];
n100 -> n1001;
n10 -> n100;
n101[label = "Or"];
n1010[label = "NearestFirstNode"];
n101 -> n1010;
n1011[label = "CplexTerminal"];
n101 -> n1011;
n10 -> n101;
n1 -> n10;
n11[label = "Equal"];
n110[label = "Or"];
n1100[label = "NearestFirstNode"];
n110 -> n1100;
n1101[label = "CplexTerminal"];
n110 -> n1101;
n11 -> n110;
n111[label = "Equal"];
n1110[label = "NearestFirstNode"];
n111 -> n1110;
n1111[label = "FarthestFirstNode"];
n111 -> n1111;
n11 -> n111;
n1 -> n11;
n12[label = "Equal"];
n120[label = "Equal"];
n1200[label = "NearestFirstNode"];
n120 -> n1200;
n1201[label = "FarthestFirstNode"];
n120 -> n1201;
n12 -> n120;
n121[label = "And"];
n1210[label = "NearestInsertion"];
n121 -> n1210;
n1211[label = "FarthestNeighbor"];
n121 -> n1211;
n12 -> n121;
n1 -> n12;
n -> n1;
n2[label = "Equal"];
n20[label = "And"];
n200[label = "NearestFirstNode"];
n20 -> n200;
n201[label = "NearestNeighbor"];
n20 -> n201;
n2 -> n20;
n21[label = "And"];
n210[label = "NearestFirstNode"];
n21 -> n210;
n211[label = "NearestNeighbor"];
n21 -> n211;
n2 -> n21;
n -> n2;
}

