
Generation: 0
Best Individual:
Subpopulation 0:
Evaluated: true
Fitness: Standardized=0.024744168 Adjusted=0.9758533 Hits=1
Tree 0:
digraph g {
node [shape=rectangle];
n[label = "And"];
n0[label = "While"];
n00[label = "And"];
n000[label = "NearestNeighbor"];
n00 -> n000;
n001[label = "FarthestInsertion"];
n00 -> n001;
n0 -> n00;
n01[label = "If_Then"];
n010[label = "FarthestInsertion"];
n01 -> n010;
n011[label = "NearestFirstNode"];
n01 -> n011;
n0 -> n01;
n -> n0;
n1[label = "Equal"];
n10[label = "Or"];
n100[label = "FarthestInsertion"];
n10 -> n100;
n101[label = "NearestNeighbor"];
n10 -> n101;
n1 -> n10;
n11[label = "While"];
n110[label = "CplexTerminal"];
n11 -> n110;
n111[label = "CplexTerminal"];
n11 -> n111;
n1 -> n11;
n -> n1;
}


Generation: 1
Best Individual:
Subpopulation 0:
Evaluated: true
Fitness: Standardized=0.017930644 Adjusted=0.9823852 Hits=2
Tree 0:
digraph g {
node [shape=rectangle];
n[label = "And"];
n0[label = "While"];
n00[label = "FarthestFirstNode"];
n0 -> n00;
n01[label = "If_Then"];
n010[label = "FarthestInsertion"];
n01 -> n010;
n011[label = "NearestFirstNode"];
n01 -> n011;
n0 -> n01;
n -> n0;
n1[label = "Equal"];
n10[label = "Or"];
n100[label = "FarthestInsertion"];
n10 -> n100;
n101[label = "NearestNeighbor"];
n10 -> n101;
n1 -> n10;
n11[label = "While"];
n110[label = "CplexTerminal"];
n11 -> n110;
n111[label = "CplexTerminal"];
n11 -> n111;
n1 -> n11;
n -> n1;
}


Generation: 2
Best Individual:
Subpopulation 0:
Evaluated: true
Fitness: Standardized=0.015239062 Adjusted=0.98498964 Hits=2
Tree 0:
digraph g {
node [shape=rectangle];
n[label = "Equal"];
n0[label = "And"];
n00[label = "FarthestNeighbor"];
n0 -> n00;
n01[label = "CplexTerminal"];
n0 -> n01;
n -> n0;
n1[label = "Equal"];
n10[label = "Or"];
n100[label = "FarthestInsertion"];
n10 -> n100;
n101[label = "NearestNeighbor"];
n10 -> n101;
n1 -> n10;
n11[label = "While"];
n110[label = "CplexTerminal"];
n11 -> n110;
n111[label = "CplexTerminal"];
n11 -> n111;
n1 -> n11;
n -> n1;
}


Generation: 3
Best Individual:
Subpopulation 0:
Evaluated: true
Fitness: Standardized=0.01139972 Adjusted=0.98872876 Hits=1
Tree 0:
digraph g {
node [shape=rectangle];
n[label = "And"];
n0[label = "While"];
n00[label = "If_Then_Else"];
n000[label = "FarthestFirstNode"];
n00 -> n000;
n001[label = "FarthestInsertion"];
n00 -> n001;
n002[label = "CplexTerminal"];
n00 -> n002;
n0 -> n00;
n01[label = "Equal"];
n010[label = "FarthestInsertion"];
n01 -> n010;
n011[label = "NearestNeighbor"];
n01 -> n011;
n0 -> n01;
n -> n0;
n1[label = "FarthestInsertion"];
n -> n1;
}


Generation: 4
Best Individual:
Subpopulation 0:
Evaluated: true
Fitness: Standardized=0.0053948243 Adjusted=0.99463415 Hits=4
Tree 0:
digraph g {
node [shape=rectangle];
n[label = "Equal"];
n0[label = "And"];
n00[label = "FarthestFirstNode"];
n0 -> n00;
n01[label = "CplexTerminal"];
n0 -> n01;
n -> n0;
n1[label = "Equal"];
n10[label = "Or"];
n100[label = "FarthestInsertion"];
n10 -> n100;
n101[label = "NearestNeighbor"];
n10 -> n101;
n1 -> n10;
n11[label = "While"];
n110[label = "CplexTerminal"];
n11 -> n110;
n111[label = "CplexTerminal"];
n11 -> n111;
n1 -> n11;
n -> n1;
}


Generation: 5
Best Individual:
Subpopulation 0:
Evaluated: true
Fitness: Standardized=0.0053948243 Adjusted=0.99463415 Hits=4
Tree 0:
digraph g {
node [shape=rectangle];
n[label = "Equal"];
n0[label = "And"];
n00[label = "FarthestFirstNode"];
n0 -> n00;
n01[label = "CplexTerminal"];
n0 -> n01;
n -> n0;
n1[label = "Equal"];
n10[label = "Or"];
n100[label = "FarthestInsertion"];
n10 -> n100;
n101[label = "NearestNeighbor"];
n10 -> n101;
n1 -> n10;
n11[label = "While"];
n110[label = "CplexTerminal"];
n11 -> n110;
n111[label = "CplexTerminal"];
n11 -> n111;
n1 -> n11;
n -> n1;
}


Generation: 6
Best Individual:
Subpopulation 0:
Evaluated: true
Fitness: Standardized=0.004314211 Adjusted=0.99570435 Hits=4
Tree 0:
digraph g {
node [shape=rectangle];
n[label = "And"];
n0[label = "While"];
n00[label = "If_Then_Else"];
n000[label = "FarthestFirstNode"];
n00 -> n000;
n001[label = "FarthestInsertion"];
n00 -> n001;
n002[label = "CplexTerminal"];
n00 -> n002;
n0 -> n00;
n01[label = "Or"];
n010[label = "FarthestInsertion"];
n01 -> n010;
n011[label = "NearestNeighbor"];
n01 -> n011;
n0 -> n01;
n -> n0;
n1[label = "FarthestInsertion"];
n -> n1;
}


Generation: 7
Best Individual:
Subpopulation 0:
Evaluated: true
Fitness: Standardized=0.004314211 Adjusted=0.99570435 Hits=4
Tree 0:
digraph g {
node [shape=rectangle];
n[label = "And"];
n0[label = "While"];
n00[label = "If_Then_Else"];
n000[label = "FarthestFirstNode"];
n00 -> n000;
n001[label = "FarthestInsertion"];
n00 -> n001;
n002[label = "CplexTerminal"];
n00 -> n002;
n0 -> n00;
n01[label = "Or"];
n010[label = "FarthestInsertion"];
n01 -> n010;
n011[label = "NearestNeighbor"];
n01 -> n011;
n0 -> n01;
n -> n0;
n1[label = "FarthestInsertion"];
n -> n1;
}


Generation: 8
Best Individual:
Subpopulation 0:
Evaluated: true
Fitness: Standardized=0.004314211 Adjusted=0.99570435 Hits=4
Tree 0:
digraph g {
node [shape=rectangle];
n[label = "And"];
n0[label = "While"];
n00[label = "If_Then_Else"];
n000[label = "FarthestFirstNode"];
n00 -> n000;
n001[label = "FarthestInsertion"];
n00 -> n001;
n002[label = "CplexTerminal"];
n00 -> n002;
n0 -> n00;
n01[label = "Or"];
n010[label = "FarthestInsertion"];
n01 -> n010;
n011[label = "NearestNeighbor"];
n01 -> n011;
n0 -> n01;
n -> n0;
n1[label = "FarthestInsertion"];
n -> n1;
}


Generation: 9
Best Individual:
Subpopulation 0:
Evaluated: true
Fitness: Standardized=0.004314211 Adjusted=0.99570435 Hits=4
Tree 0:
digraph g {
node [shape=rectangle];
n[label = "And"];
n0[label = "While"];
n00[label = "If_Then_Else"];
n000[label = "FarthestFirstNode"];
n00 -> n000;
n001[label = "FarthestInsertion"];
n00 -> n001;
n002[label = "CplexTerminal"];
n00 -> n002;
n0 -> n00;
n01[label = "Or"];
n010[label = "FarthestInsertion"];
n01 -> n010;
n011[label = "NearestNeighbor"];
n01 -> n011;
n0 -> n01;
n -> n0;
n1[label = "FarthestInsertion"];
n -> n1;
}


Generation: 10
Best Individual:
Subpopulation 0:
Evaluated: true
Fitness: Standardized=0.004314211 Adjusted=0.99570435 Hits=4
Tree 0:
digraph g {
node [shape=rectangle];
n[label = "And"];
n0[label = "While"];
n00[label = "If_Then_Else"];
n000[label = "FarthestFirstNode"];
n00 -> n000;
n001[label = "FarthestInsertion"];
n00 -> n001;
n002[label = "CplexTerminal"];
n00 -> n002;
n0 -> n00;
n01[label = "Or"];
n010[label = "FarthestInsertion"];
n01 -> n010;
n011[label = "NearestNeighbor"];
n01 -> n011;
n0 -> n01;
n -> n0;
n1[label = "FarthestInsertion"];
n -> n1;
}


Generation: 11
Best Individual:
Subpopulation 0:
Evaluated: true
Fitness: Standardized=0.004314211 Adjusted=0.99570435 Hits=4
Tree 0:
digraph g {
node [shape=rectangle];
n[label = "And"];
n0[label = "While"];
n00[label = "If_Then_Else"];
n000[label = "FarthestFirstNode"];
n00 -> n000;
n001[label = "FarthestInsertion"];
n00 -> n001;
n002[label = "CplexTerminal"];
n00 -> n002;
n0 -> n00;
n01[label = "Or"];
n010[label = "FarthestInsertion"];
n01 -> n010;
n011[label = "NearestNeighbor"];
n01 -> n011;
n0 -> n01;
n -> n0;
n1[label = "FarthestInsertion"];
n -> n1;
}


Generation: 12
Best Individual:
Subpopulation 0:
Evaluated: true
Fitness: Standardized=0.0042762742 Adjusted=0.9957419 Hits=4
Tree 0:
digraph g {
node [shape=rectangle];
n[label = "Equal"];
n0[label = "FarthestFirstNode"];
n -> n0;
n1[label = "Equal"];
n10[label = "While"];
n100[label = "If_Then_Else"];
n1000[label = "FarthestFirstNode"];
n100 -> n1000;
n1001[label = "FarthestInsertion"];
n100 -> n1001;
n1002[label = "CplexTerminal"];
n100 -> n1002;
n10 -> n100;
n101[label = "Or"];
n1010[label = "FarthestInsertion"];
n101 -> n1010;
n1011[label = "NearestNeighbor"];
n101 -> n1011;
n10 -> n101;
n1 -> n10;
n11[label = "While"];
n110[label = "CplexTerminal"];
n11 -> n110;
n111[label = "CplexTerminal"];
n11 -> n111;
n1 -> n11;
n -> n1;
}


Generation: 13
Best Individual:
Subpopulation 0:
Evaluated: true
Fitness: Standardized=0.0042762742 Adjusted=0.9957419 Hits=4
Tree 0:
digraph g {
node [shape=rectangle];
n[label = "Equal"];
n0[label = "FarthestFirstNode"];
n -> n0;
n1[label = "Equal"];
n10[label = "While"];
n100[label = "If_Then_Else"];
n1000[label = "FarthestFirstNode"];
n100 -> n1000;
n1001[label = "FarthestInsertion"];
n100 -> n1001;
n1002[label = "CplexTerminal"];
n100 -> n1002;
n10 -> n100;
n101[label = "Or"];
n1010[label = "FarthestInsertion"];
n101 -> n1010;
n1011[label = "NearestNeighbor"];
n101 -> n1011;
n10 -> n101;
n1 -> n10;
n11[label = "While"];
n110[label = "CplexTerminal"];
n11 -> n110;
n111[label = "CplexTerminal"];
n11 -> n111;
n1 -> n11;
n -> n1;
}


Generation: 14
Best Individual:
Subpopulation 0:
Evaluated: true
Fitness: Standardized=0.0037458902 Adjusted=0.9962681 Hits=5
Tree 0:
digraph g {
node [shape=rectangle];
n[label = "Equal"];
n0[label = "And"];
n00[label = "FarthestFirstNode"];
n0 -> n00;
n01[label = "While"];
n010[label = "If_Then_Else"];
n0100[label = "FarthestFirstNode"];
n010 -> n0100;
n0101[label = "FarthestInsertion"];
n010 -> n0101;
n0102[label = "NearestInsertion"];
n010 -> n0102;
n01 -> n010;
n011[label = "CplexTerminal"];
n01 -> n011;
n0 -> n01;
n -> n0;
n1[label = "If_Then_Else"];
n10[label = "If_Then"];
n100[label = "FarthestInsertion"];
n10 -> n100;
n101[label = "BestMove"];
n10 -> n101;
n1 -> n10;
n11[label = "While"];
n110[label = "FarthestNeighbor"];
n11 -> n110;
n111[label = "BestMove"];
n11 -> n111;
n1 -> n11;
n12[label = "FarthestInsertion"];
n1 -> n12;
n -> n1;
}


Generation: 15
Best Individual:
Subpopulation 0:
Evaluated: true
Fitness: Standardized=0.0037458902 Adjusted=0.9962681 Hits=5
Tree 0:
digraph g {
node [shape=rectangle];
n[label = "Equal"];
n0[label = "And"];
n00[label = "FarthestFirstNode"];
n0 -> n00;
n01[label = "While"];
n010[label = "If_Then_Else"];
n0100[label = "FarthestFirstNode"];
n010 -> n0100;
n0101[label = "FarthestInsertion"];
n010 -> n0101;
n0102[label = "NearestInsertion"];
n010 -> n0102;
n01 -> n010;
n011[label = "CplexTerminal"];
n01 -> n011;
n0 -> n01;
n -> n0;
n1[label = "If_Then_Else"];
n10[label = "If_Then"];
n100[label = "FarthestInsertion"];
n10 -> n100;
n101[label = "BestMove"];
n10 -> n101;
n1 -> n10;
n11[label = "While"];
n110[label = "FarthestNeighbor"];
n11 -> n110;
n111[label = "BestMove"];
n11 -> n111;
n1 -> n11;
n12[label = "FarthestInsertion"];
n1 -> n12;
n -> n1;
}


Generation: 16
Best Individual:
Subpopulation 0:
Evaluated: true
Fitness: Standardized=0.0037458902 Adjusted=0.9962681 Hits=5
Tree 0:
digraph g {
node [shape=rectangle];
n[label = "Equal"];
n0[label = "And"];
n00[label = "FarthestFirstNode"];
n0 -> n00;
n01[label = "While"];
n010[label = "If_Then_Else"];
n0100[label = "FarthestFirstNode"];
n010 -> n0100;
n0101[label = "FarthestInsertion"];
n010 -> n0101;
n0102[label = "NearestInsertion"];
n010 -> n0102;
n01 -> n010;
n011[label = "CplexTerminal"];
n01 -> n011;
n0 -> n01;
n -> n0;
n1[label = "If_Then_Else"];
n10[label = "If_Then"];
n100[label = "FarthestInsertion"];
n10 -> n100;
n101[label = "BestMove"];
n10 -> n101;
n1 -> n10;
n11[label = "While"];
n110[label = "FarthestNeighbor"];
n11 -> n110;
n111[label = "BestMove"];
n11 -> n111;
n1 -> n11;
n12[label = "FarthestInsertion"];
n1 -> n12;
n -> n1;
}


Generation: 17
Best Individual:
Subpopulation 0:
Evaluated: true
Fitness: Standardized=0.0037458902 Adjusted=0.9962681 Hits=5
Tree 0:
digraph g {
node [shape=rectangle];
n[label = "Equal"];
n0[label = "And"];
n00[label = "FarthestFirstNode"];
n0 -> n00;
n01[label = "While"];
n010[label = "If_Then_Else"];
n0100[label = "FarthestFirstNode"];
n010 -> n0100;
n0101[label = "FarthestInsertion"];
n010 -> n0101;
n0102[label = "NearestInsertion"];
n010 -> n0102;
n01 -> n010;
n011[label = "CplexTerminal"];
n01 -> n011;
n0 -> n01;
n -> n0;
n1[label = "If_Then_Else"];
n10[label = "If_Then"];
n100[label = "FarthestInsertion"];
n10 -> n100;
n101[label = "BestMove"];
n10 -> n101;
n1 -> n10;
n11[label = "While"];
n110[label = "FarthestNeighbor"];
n11 -> n110;
n111[label = "BestMove"];
n11 -> n111;
n1 -> n11;
n12[label = "FarthestInsertion"];
n1 -> n12;
n -> n1;
}


Generation: 18
Best Individual:
Subpopulation 0:
Evaluated: true
Fitness: Standardized=0.0037458902 Adjusted=0.9962681 Hits=5
Tree 0:
digraph g {
node [shape=rectangle];
n[label = "Equal"];
n0[label = "And"];
n00[label = "FarthestFirstNode"];
n0 -> n00;
n01[label = "While"];
n010[label = "If_Then_Else"];
n0100[label = "FarthestFirstNode"];
n010 -> n0100;
n0101[label = "FarthestInsertion"];
n010 -> n0101;
n0102[label = "NearestInsertion"];
n010 -> n0102;
n01 -> n010;
n011[label = "CplexTerminal"];
n01 -> n011;
n0 -> n01;
n -> n0;
n1[label = "If_Then_Else"];
n10[label = "If_Then"];
n100[label = "FarthestInsertion"];
n10 -> n100;
n101[label = "BestMove"];
n10 -> n101;
n1 -> n10;
n11[label = "While"];
n110[label = "FarthestNeighbor"];
n11 -> n110;
n111[label = "BestMove"];
n11 -> n111;
n1 -> n11;
n12[label = "FarthestInsertion"];
n1 -> n12;
n -> n1;
}


Generation: 19
Best Individual:
Subpopulation 0:
Evaluated: true
Fitness: Standardized=0.0037458902 Adjusted=0.9962681 Hits=5
Tree 0:
digraph g {
node [shape=rectangle];
n[label = "Equal"];
n0[label = "And"];
n00[label = "FarthestFirstNode"];
n0 -> n00;
n01[label = "While"];
n010[label = "If_Then_Else"];
n0100[label = "FarthestFirstNode"];
n010 -> n0100;
n0101[label = "FarthestInsertion"];
n010 -> n0101;
n0102[label = "NearestInsertion"];
n010 -> n0102;
n01 -> n010;
n011[label = "CplexTerminal"];
n01 -> n011;
n0 -> n01;
n -> n0;
n1[label = "If_Then_Else"];
n10[label = "If_Then"];
n100[label = "FarthestInsertion"];
n10 -> n100;
n101[label = "BestMove"];
n10 -> n101;
n1 -> n10;
n11[label = "While"];
n110[label = "FarthestNeighbor"];
n11 -> n110;
n111[label = "BestMove"];
n11 -> n111;
n1 -> n11;
n12[label = "FarthestInsertion"];
n1 -> n12;
n -> n1;
}


Generation: 20
Best Individual:
Subpopulation 0:
Evaluated: true
Fitness: Standardized=0.0037458902 Adjusted=0.9962681 Hits=5
Tree 0:
digraph g {
node [shape=rectangle];
n[label = "Equal"];
n0[label = "And"];
n00[label = "FarthestFirstNode"];
n0 -> n00;
n01[label = "While"];
n010[label = "If_Then_Else"];
n0100[label = "FarthestFirstNode"];
n010 -> n0100;
n0101[label = "FarthestInsertion"];
n010 -> n0101;
n0102[label = "NearestInsertion"];
n010 -> n0102;
n01 -> n010;
n011[label = "CplexTerminal"];
n01 -> n011;
n0 -> n01;
n -> n0;
n1[label = "If_Then_Else"];
n10[label = "If_Then"];
n100[label = "FarthestInsertion"];
n10 -> n100;
n101[label = "BestMove"];
n10 -> n101;
n1 -> n10;
n11[label = "While"];
n110[label = "FarthestNeighbor"];
n11 -> n110;
n111[label = "BestMove"];
n11 -> n111;
n1 -> n11;
n12[label = "FarthestInsertion"];
n1 -> n12;
n -> n1;
}


Generation: 21
Best Individual:
Subpopulation 0:
Evaluated: true
Fitness: Standardized=0.0033484497 Adjusted=0.9966627 Hits=5
Tree 0:
digraph g {
node [shape=rectangle];
n[label = "Equal"];
n0[label = "And"];
n00[label = "FarthestFirstNode"];
n0 -> n00;
n01[label = "While"];
n010[label = "If_Then_Else"];
n0100[label = "FarthestFirstNode"];
n010 -> n0100;
n0101[label = "FarthestNeighbor"];
n010 -> n0101;
n0102[label = "NearestInsertion"];
n010 -> n0102;
n01 -> n010;
n011[label = "CplexTerminal"];
n01 -> n011;
n0 -> n01;
n -> n0;
n1[label = "If_Then_Else"];
n10[label = "If_Then"];
n100[label = "FarthestInsertion"];
n10 -> n100;
n101[label = "BestMove"];
n10 -> n101;
n1 -> n10;
n11[label = "While"];
n110[label = "FarthestNeighbor"];
n11 -> n110;
n111[label = "BestMove"];
n11 -> n111;
n1 -> n11;
n12[label = "FarthestInsertion"];
n1 -> n12;
n -> n1;
}


Generation: 22
Best Individual:
Subpopulation 0:
Evaluated: true
Fitness: Standardized=0.0033484497 Adjusted=0.9966627 Hits=5
Tree 0:
digraph g {
node [shape=rectangle];
n[label = "Equal"];
n0[label = "And"];
n00[label = "FarthestFirstNode"];
n0 -> n00;
n01[label = "While"];
n010[label = "If_Then_Else"];
n0100[label = "FarthestFirstNode"];
n010 -> n0100;
n0101[label = "FarthestNeighbor"];
n010 -> n0101;
n0102[label = "NearestInsertion"];
n010 -> n0102;
n01 -> n010;
n011[label = "CplexTerminal"];
n01 -> n011;
n0 -> n01;
n -> n0;
n1[label = "If_Then_Else"];
n10[label = "If_Then"];
n100[label = "FarthestInsertion"];
n10 -> n100;
n101[label = "BestMove"];
n10 -> n101;
n1 -> n10;
n11[label = "While"];
n110[label = "FarthestNeighbor"];
n11 -> n110;
n111[label = "BestMove"];
n11 -> n111;
n1 -> n11;
n12[label = "FarthestInsertion"];
n1 -> n12;
n -> n1;
}


Generation: 23
Best Individual:
Subpopulation 0:
Evaluated: true
Fitness: Standardized=0.0028539437 Adjusted=0.9971541 Hits=5
Tree 0:
digraph g {
node [shape=rectangle];
n[label = "Equal"];
n0[label = "FarthestFirstNode"];
n -> n0;
n1[label = "Equal"];
n10[label = "While"];
n100[label = "If_Then_Else"];
n1000[label = "FarthestFirstNode"];
n100 -> n1000;
n1001[label = "NearestNeighbor"];
n100 -> n1001;
n1002[label = "CplexTerminal"];
n100 -> n1002;
n10 -> n100;
n101[label = "Equal"];
n1010[label = "FarthestInsertion"];
n101 -> n1010;
n1011[label = "NearestNeighbor"];
n101 -> n1011;
n10 -> n101;
n1 -> n10;
n11[label = "While"];
n110[label = "CplexTerminal"];
n11 -> n110;
n111[label = "CplexTerminal"];
n11 -> n111;
n1 -> n11;
n -> n1;
}


Generation: 24
Best Individual:
Subpopulation 0:
Evaluated: true
Fitness: Standardized=0.0028539437 Adjusted=0.9971541 Hits=5
Tree 0:
digraph g {
node [shape=rectangle];
n[label = "Equal"];
n0[label = "FarthestFirstNode"];
n -> n0;
n1[label = "Equal"];
n10[label = "While"];
n100[label = "If_Then_Else"];
n1000[label = "FarthestFirstNode"];
n100 -> n1000;
n1001[label = "NearestNeighbor"];
n100 -> n1001;
n1002[label = "CplexTerminal"];
n100 -> n1002;
n10 -> n100;
n101[label = "Equal"];
n1010[label = "FarthestInsertion"];
n101 -> n1010;
n1011[label = "NearestNeighbor"];
n101 -> n1011;
n10 -> n101;
n1 -> n10;
n11[label = "While"];
n110[label = "CplexTerminal"];
n11 -> n110;
n111[label = "CplexTerminal"];
n11 -> n111;
n1 -> n11;
n -> n1;
}


Generation: 25
Best Individual:
Subpopulation 0:
Evaluated: true
Fitness: Standardized=0.0028539437 Adjusted=0.9971541 Hits=5
Tree 0:
digraph g {
node [shape=rectangle];
n[label = "Equal"];
n0[label = "FarthestFirstNode"];
n -> n0;
n1[label = "Equal"];
n10[label = "While"];
n100[label = "If_Then_Else"];
n1000[label = "FarthestFirstNode"];
n100 -> n1000;
n1001[label = "NearestNeighbor"];
n100 -> n1001;
n1002[label = "CplexTerminal"];
n100 -> n1002;
n10 -> n100;
n101[label = "Equal"];
n1010[label = "FarthestInsertion"];
n101 -> n1010;
n1011[label = "NearestNeighbor"];
n101 -> n1011;
n10 -> n101;
n1 -> n10;
n11[label = "While"];
n110[label = "CplexTerminal"];
n11 -> n110;
n111[label = "CplexTerminal"];
n11 -> n111;
n1 -> n11;
n -> n1;
}


Generation: 26
Best Individual:
Subpopulation 0:
Evaluated: true
Fitness: Standardized=0.0028539437 Adjusted=0.9971541 Hits=5
Tree 0:
digraph g {
node [shape=rectangle];
n[label = "Equal"];
n0[label = "FarthestFirstNode"];
n -> n0;
n1[label = "Equal"];
n10[label = "While"];
n100[label = "If_Then_Else"];
n1000[label = "FarthestFirstNode"];
n100 -> n1000;
n1001[label = "NearestNeighbor"];
n100 -> n1001;
n1002[label = "CplexTerminal"];
n100 -> n1002;
n10 -> n100;
n101[label = "Equal"];
n1010[label = "FarthestInsertion"];
n101 -> n1010;
n1011[label = "NearestNeighbor"];
n101 -> n1011;
n10 -> n101;
n1 -> n10;
n11[label = "While"];
n110[label = "CplexTerminal"];
n11 -> n110;
n111[label = "CplexTerminal"];
n11 -> n111;
n1 -> n11;
n -> n1;
}


Generation: 27
Best Individual:
Subpopulation 0:
Evaluated: true
Fitness: Standardized=0.0028539437 Adjusted=0.9971541 Hits=5
Tree 0:
digraph g {
node [shape=rectangle];
n[label = "Equal"];
n0[label = "FarthestFirstNode"];
n -> n0;
n1[label = "Equal"];
n10[label = "While"];
n100[label = "If_Then_Else"];
n1000[label = "FarthestFirstNode"];
n100 -> n1000;
n1001[label = "NearestNeighbor"];
n100 -> n1001;
n1002[label = "CplexTerminal"];
n100 -> n1002;
n10 -> n100;
n101[label = "Equal"];
n1010[label = "FarthestInsertion"];
n101 -> n1010;
n1011[label = "NearestNeighbor"];
n101 -> n1011;
n10 -> n101;
n1 -> n10;
n11[label = "While"];
n110[label = "CplexTerminal"];
n11 -> n110;
n111[label = "CplexTerminal"];
n11 -> n111;
n1 -> n11;
n -> n1;
}


Generation: 28
Best Individual:
Subpopulation 0:
Evaluated: true
Fitness: Standardized=0.0028539437 Adjusted=0.9971541 Hits=5
Tree 0:
digraph g {
node [shape=rectangle];
n[label = "Equal"];
n0[label = "FarthestFirstNode"];
n -> n0;
n1[label = "Equal"];
n10[label = "While"];
n100[label = "If_Then_Else"];
n1000[label = "FarthestFirstNode"];
n100 -> n1000;
n1001[label = "NearestNeighbor"];
n100 -> n1001;
n1002[label = "CplexTerminal"];
n100 -> n1002;
n10 -> n100;
n101[label = "Equal"];
n1010[label = "FarthestInsertion"];
n101 -> n1010;
n1011[label = "NearestNeighbor"];
n101 -> n1011;
n10 -> n101;
n1 -> n10;
n11[label = "While"];
n110[label = "CplexTerminal"];
n11 -> n110;
n111[label = "CplexTerminal"];
n11 -> n111;
n1 -> n11;
n -> n1;
}


Generation: 29
Best Individual:
Subpopulation 0:
Evaluated: true
Fitness: Standardized=0.0022066727 Adjusted=0.9977982 Hits=6
Tree 0:
digraph g {
node [shape=rectangle];
n[label = "Equal"];
n0[label = "FarthestFirstNode"];
n -> n0;
n1[label = "Equal"];
n10[label = "While"];
n100[label = "If_Then_Else"];
n1000[label = "FarthestFirstNode"];
n100 -> n1000;
n1001[label = "NearestNeighbor"];
n100 -> n1001;
n1002[label = "CplexTerminal"];
n100 -> n1002;
n10 -> n100;
n101[label = "Equal"];
n1010[label = "FarthestInsertion"];
n101 -> n1010;
n1011[label = "NearestNeighbor"];
n101 -> n1011;
n10 -> n101;
n1 -> n10;
n11[label = "While"];
n110[label = "CplexTerminal"];
n11 -> n110;
n111[label = "CplexTerminal"];
n11 -> n111;
n1 -> n11;
n -> n1;
}


Best Individual of Run:
Subpopulation 0:
Evaluated: true
Fitness: Standardized=0.0022066727 Adjusted=0.9977982 Hits=6
Tree 0:
digraph g {
node [shape=rectangle];
n[label = "Equal"];
n0[label = "FarthestFirstNode"];
n -> n0;
n1[label = "Equal"];
n10[label = "While"];
n100[label = "If_Then_Else"];
n1000[label = "FarthestFirstNode"];
n100 -> n1000;
n1001[label = "NearestNeighbor"];
n100 -> n1001;
n1002[label = "CplexTerminal"];
n100 -> n1002;
n10 -> n100;
n101[label = "Equal"];
n1010[label = "FarthestInsertion"];
n101 -> n1010;
n1011[label = "NearestNeighbor"];
n101 -> n1011;
n10 -> n101;
n1 -> n10;
n11[label = "While"];
n110[label = "CplexTerminal"];
n11 -> n110;
n111[label = "CplexTerminal"];
n11 -> n111;
n1 -> n11;
n -> n1;
}

