
Generation: 0
Best Individual:
Subpopulation 0:
Evaluated: true
Fitness: Standardized=0.056579232 Adjusted=0.94645053 Hits=0
Tree 0:
digraph g {
node [shape=rectangle];
n[label = "Or"];
n0[label = "If_Then_Else"];
n00[label = "Or"];
n000[label = "FarthestInsertion"];
n00 -> n000;
n001[label = "CplexTerminal"];
n00 -> n001;
n0 -> n00;
n01[label = "If_Then_Else"];
n010[label = "CplexTerminal"];
n01 -> n010;
n011[label = "CplexTerminal"];
n01 -> n011;
n012[label = "NearestFirstNode"];
n01 -> n012;
n0 -> n01;
n02[label = "If_Then_Else"];
n020[label = "FarthestNeighbor"];
n02 -> n020;
n021[label = "FarthestFirstNode"];
n02 -> n021;
n022[label = "FarthestFirstNode"];
n02 -> n022;
n0 -> n02;
n -> n0;
n1[label = "Or"];
n10[label = "Or"];
n100[label = "WorstMove"];
n10 -> n100;
n101[label = "BestMove"];
n10 -> n101;
n1 -> n10;
n11[label = "And"];
n110[label = "NearestNeighbor"];
n11 -> n110;
n111[label = "FarthestNeighbor"];
n11 -> n111;
n1 -> n11;
n -> n1;
}


Generation: 1
Best Individual:
Subpopulation 0:
Evaluated: true
Fitness: Standardized=0.051428065 Adjusted=0.9510874 Hits=0
Tree 0:
digraph g {
node [shape=rectangle];
n[label = "And"];
n0[label = "Or"];
n00[label = "If_Then"];
n000[label = "FarthestInsertion"];
n00 -> n000;
n001[label = "CplexTerminal"];
n00 -> n001;
n0 -> n00;
n01[label = "And"];
n010[label = "NearestInsertion"];
n01 -> n010;
n011[label = "NearestNeighbor"];
n01 -> n011;
n0 -> n01;
n -> n0;
n1[label = "And"];
n10[label = "If_Then_Else"];
n100[label = "If_Then"];
n1000[label = "NearestInsertion"];
n100 -> n1000;
n1001[label = "WorstMove"];
n100 -> n1001;
n10 -> n100;
n101[label = "Or"];
n1010[label = "CplexTerminal"];
n101 -> n1010;
n1011[label = "NearestInsertion"];
n101 -> n1011;
n10 -> n101;
n102[label = "Equal"];
n1020[label = "FarthestFirstNode"];
n102 -> n1020;
n1021[label = "BestMove"];
n102 -> n1021;
n10 -> n102;
n1 -> n10;
n11[label = "While"];
n110[label = "CplexTerminal"];
n11 -> n110;
n111[label = "NearestFirstNode"];
n11 -> n111;
n1 -> n11;
n -> n1;
}


Generation: 2
Best Individual:
Subpopulation 0:
Evaluated: true
Fitness: Standardized=0.051428065 Adjusted=0.9510874 Hits=0
Tree 0:
digraph g {
node [shape=rectangle];
n[label = "And"];
n0[label = "Or"];
n00[label = "If_Then"];
n000[label = "FarthestInsertion"];
n00 -> n000;
n001[label = "CplexTerminal"];
n00 -> n001;
n0 -> n00;
n01[label = "And"];
n010[label = "NearestInsertion"];
n01 -> n010;
n011[label = "NearestNeighbor"];
n01 -> n011;
n0 -> n01;
n -> n0;
n1[label = "And"];
n10[label = "If_Then_Else"];
n100[label = "If_Then"];
n1000[label = "NearestInsertion"];
n100 -> n1000;
n1001[label = "WorstMove"];
n100 -> n1001;
n10 -> n100;
n101[label = "Or"];
n1010[label = "CplexTerminal"];
n101 -> n1010;
n1011[label = "NearestInsertion"];
n101 -> n1011;
n10 -> n101;
n102[label = "Equal"];
n1020[label = "FarthestFirstNode"];
n102 -> n1020;
n1021[label = "BestMove"];
n102 -> n1021;
n10 -> n102;
n1 -> n10;
n11[label = "While"];
n110[label = "CplexTerminal"];
n11 -> n110;
n111[label = "NearestFirstNode"];
n11 -> n111;
n1 -> n11;
n -> n1;
}


Generation: 3
Best Individual:
Subpopulation 0:
Evaluated: true
Fitness: Standardized=0.016393032 Adjusted=0.98387134 Hits=2
Tree 0:
digraph g {
node [shape=rectangle];
n[label = "And"];
n0[label = "Or"];
n00[label = "If_Then"];
n000[label = "FarthestInsertion"];
n00 -> n000;
n001[label = "CplexTerminal"];
n00 -> n001;
n0 -> n00;
n01[label = "And"];
n010[label = "NearestInsertion"];
n01 -> n010;
n011[label = "NearestNeighbor"];
n01 -> n011;
n0 -> n01;
n -> n0;
n1[label = "And"];
n10[label = "If_Then_Else"];
n100[label = "And"];
n1000[label = "NearestInsertion"];
n100 -> n1000;
n1001[label = "NearestNeighbor"];
n100 -> n1001;
n10 -> n100;
n101[label = "WorstMove"];
n10 -> n101;
n102[label = "FarthestFirstNode"];
n10 -> n102;
n1 -> n10;
n11[label = "While"];
n110[label = "CplexTerminal"];
n11 -> n110;
n111[label = "CplexTerminal"];
n11 -> n111;
n1 -> n11;
n -> n1;
}


Generation: 4
Best Individual:
Subpopulation 0:
Evaluated: true
Fitness: Standardized=0.016393032 Adjusted=0.98387134 Hits=2
Tree 0:
digraph g {
node [shape=rectangle];
n[label = "And"];
n0[label = "Or"];
n00[label = "If_Then"];
n000[label = "FarthestInsertion"];
n00 -> n000;
n001[label = "CplexTerminal"];
n00 -> n001;
n0 -> n00;
n01[label = "And"];
n010[label = "NearestInsertion"];
n01 -> n010;
n011[label = "NearestNeighbor"];
n01 -> n011;
n0 -> n01;
n -> n0;
n1[label = "And"];
n10[label = "If_Then_Else"];
n100[label = "And"];
n1000[label = "NearestInsertion"];
n100 -> n1000;
n1001[label = "NearestNeighbor"];
n100 -> n1001;
n10 -> n100;
n101[label = "WorstMove"];
n10 -> n101;
n102[label = "FarthestFirstNode"];
n10 -> n102;
n1 -> n10;
n11[label = "While"];
n110[label = "CplexTerminal"];
n11 -> n110;
n111[label = "CplexTerminal"];
n11 -> n111;
n1 -> n11;
n -> n1;
}


Generation: 5
Best Individual:
Subpopulation 0:
Evaluated: true
Fitness: Standardized=0.007480836 Adjusted=0.9925747 Hits=4
Tree 0:
digraph g {
node [shape=rectangle];
n[label = "And"];
n0[label = "NearestInsertion"];
n -> n0;
n1[label = "And"];
n10[label = "If_Then_Else"];
n100[label = "And"];
n1000[label = "NearestInsertion"];
n100 -> n1000;
n1001[label = "NearestNeighbor"];
n100 -> n1001;
n10 -> n100;
n101[label = "WorstMove"];
n10 -> n101;
n102[label = "FarthestFirstNode"];
n10 -> n102;
n1 -> n10;
n11[label = "While"];
n110[label = "CplexTerminal"];
n11 -> n110;
n111[label = "CplexTerminal"];
n11 -> n111;
n1 -> n11;
n -> n1;
}


Generation: 6
Best Individual:
Subpopulation 0:
Evaluated: true
Fitness: Standardized=0.007480836 Adjusted=0.9925747 Hits=4
Tree 0:
digraph g {
node [shape=rectangle];
n[label = "And"];
n0[label = "NearestInsertion"];
n -> n0;
n1[label = "And"];
n10[label = "If_Then_Else"];
n100[label = "And"];
n1000[label = "NearestInsertion"];
n100 -> n1000;
n1001[label = "NearestNeighbor"];
n100 -> n1001;
n10 -> n100;
n101[label = "WorstMove"];
n10 -> n101;
n102[label = "FarthestFirstNode"];
n10 -> n102;
n1 -> n10;
n11[label = "While"];
n110[label = "CplexTerminal"];
n11 -> n110;
n111[label = "CplexTerminal"];
n11 -> n111;
n1 -> n11;
n -> n1;
}


Generation: 7
Best Individual:
Subpopulation 0:
Evaluated: true
Fitness: Standardized=0.007480836 Adjusted=0.9925747 Hits=4
Tree 0:
digraph g {
node [shape=rectangle];
n[label = "And"];
n0[label = "NearestInsertion"];
n -> n0;
n1[label = "And"];
n10[label = "If_Then_Else"];
n100[label = "And"];
n1000[label = "NearestInsertion"];
n100 -> n1000;
n1001[label = "NearestNeighbor"];
n100 -> n1001;
n10 -> n100;
n101[label = "WorstMove"];
n10 -> n101;
n102[label = "FarthestFirstNode"];
n10 -> n102;
n1 -> n10;
n11[label = "While"];
n110[label = "CplexTerminal"];
n11 -> n110;
n111[label = "CplexTerminal"];
n11 -> n111;
n1 -> n11;
n -> n1;
}


Generation: 8
Best Individual:
Subpopulation 0:
Evaluated: true
Fitness: Standardized=0.007480836 Adjusted=0.9925747 Hits=4
Tree 0:
digraph g {
node [shape=rectangle];
n[label = "And"];
n0[label = "NearestInsertion"];
n -> n0;
n1[label = "And"];
n10[label = "If_Then_Else"];
n100[label = "And"];
n1000[label = "NearestInsertion"];
n100 -> n1000;
n1001[label = "NearestNeighbor"];
n100 -> n1001;
n10 -> n100;
n101[label = "WorstMove"];
n10 -> n101;
n102[label = "FarthestFirstNode"];
n10 -> n102;
n1 -> n10;
n11[label = "While"];
n110[label = "CplexTerminal"];
n11 -> n110;
n111[label = "CplexTerminal"];
n11 -> n111;
n1 -> n11;
n -> n1;
}


Generation: 9
Best Individual:
Subpopulation 0:
Evaluated: true
Fitness: Standardized=0.007480836 Adjusted=0.9925747 Hits=4
Tree 0:
digraph g {
node [shape=rectangle];
n[label = "And"];
n0[label = "NearestInsertion"];
n -> n0;
n1[label = "And"];
n10[label = "If_Then_Else"];
n100[label = "And"];
n1000[label = "NearestInsertion"];
n100 -> n1000;
n1001[label = "NearestNeighbor"];
n100 -> n1001;
n10 -> n100;
n101[label = "WorstMove"];
n10 -> n101;
n102[label = "FarthestFirstNode"];
n10 -> n102;
n1 -> n10;
n11[label = "While"];
n110[label = "CplexTerminal"];
n11 -> n110;
n111[label = "CplexTerminal"];
n11 -> n111;
n1 -> n11;
n -> n1;
}


Generation: 10
Best Individual:
Subpopulation 0:
Evaluated: true
Fitness: Standardized=0.007480836 Adjusted=0.9925747 Hits=4
Tree 0:
digraph g {
node [shape=rectangle];
n[label = "And"];
n0[label = "NearestInsertion"];
n -> n0;
n1[label = "And"];
n10[label = "If_Then_Else"];
n100[label = "And"];
n1000[label = "NearestInsertion"];
n100 -> n1000;
n1001[label = "NearestNeighbor"];
n100 -> n1001;
n10 -> n100;
n101[label = "WorstMove"];
n10 -> n101;
n102[label = "FarthestFirstNode"];
n10 -> n102;
n1 -> n10;
n11[label = "While"];
n110[label = "CplexTerminal"];
n11 -> n110;
n111[label = "CplexTerminal"];
n11 -> n111;
n1 -> n11;
n -> n1;
}


Generation: 11
Best Individual:
Subpopulation 0:
Evaluated: true
Fitness: Standardized=0.007480836 Adjusted=0.9925747 Hits=4
Tree 0:
digraph g {
node [shape=rectangle];
n[label = "And"];
n0[label = "NearestInsertion"];
n -> n0;
n1[label = "And"];
n10[label = "If_Then_Else"];
n100[label = "And"];
n1000[label = "NearestInsertion"];
n100 -> n1000;
n1001[label = "NearestNeighbor"];
n100 -> n1001;
n10 -> n100;
n101[label = "WorstMove"];
n10 -> n101;
n102[label = "FarthestFirstNode"];
n10 -> n102;
n1 -> n10;
n11[label = "While"];
n110[label = "CplexTerminal"];
n11 -> n110;
n111[label = "CplexTerminal"];
n11 -> n111;
n1 -> n11;
n -> n1;
}


Generation: 12
Best Individual:
Subpopulation 0:
Evaluated: true
Fitness: Standardized=0.007480836 Adjusted=0.9925747 Hits=4
Tree 0:
digraph g {
node [shape=rectangle];
n[label = "And"];
n0[label = "NearestInsertion"];
n -> n0;
n1[label = "And"];
n10[label = "If_Then_Else"];
n100[label = "And"];
n1000[label = "NearestInsertion"];
n100 -> n1000;
n1001[label = "NearestNeighbor"];
n100 -> n1001;
n10 -> n100;
n101[label = "WorstMove"];
n10 -> n101;
n102[label = "FarthestFirstNode"];
n10 -> n102;
n1 -> n10;
n11[label = "While"];
n110[label = "CplexTerminal"];
n11 -> n110;
n111[label = "CplexTerminal"];
n11 -> n111;
n1 -> n11;
n -> n1;
}


Generation: 13
Best Individual:
Subpopulation 0:
Evaluated: true
Fitness: Standardized=0.0021989043 Adjusted=0.9978059 Hits=5
Tree 0:
digraph g {
node [shape=rectangle];
n[label = "And"];
n0[label = "NearestInsertion"];
n -> n0;
n1[label = "And"];
n10[label = "If_Then_Else"];
n100[label = "And"];
n1000[label = "NearestInsertion"];
n100 -> n1000;
n1001[label = "NearestNeighbor"];
n100 -> n1001;
n10 -> n100;
n101[label = "WorstMove"];
n10 -> n101;
n102[label = "FarthestFirstNode"];
n10 -> n102;
n1 -> n10;
n11[label = "While"];
n110[label = "CplexTerminal"];
n11 -> n110;
n111[label = "CplexTerminal"];
n11 -> n111;
n1 -> n11;
n -> n1;
}


Generation: 14
Best Individual:
Subpopulation 0:
Evaluated: true
Fitness: Standardized=0.0021989043 Adjusted=0.9978059 Hits=5
Tree 0:
digraph g {
node [shape=rectangle];
n[label = "And"];
n0[label = "NearestInsertion"];
n -> n0;
n1[label = "And"];
n10[label = "If_Then_Else"];
n100[label = "And"];
n1000[label = "NearestInsertion"];
n100 -> n1000;
n1001[label = "NearestNeighbor"];
n100 -> n1001;
n10 -> n100;
n101[label = "WorstMove"];
n10 -> n101;
n102[label = "FarthestFirstNode"];
n10 -> n102;
n1 -> n10;
n11[label = "While"];
n110[label = "CplexTerminal"];
n11 -> n110;
n111[label = "CplexTerminal"];
n11 -> n111;
n1 -> n11;
n -> n1;
}


Generation: 15
Best Individual:
Subpopulation 0:
Evaluated: true
Fitness: Standardized=0.0021989043 Adjusted=0.9978059 Hits=5
Tree 0:
digraph g {
node [shape=rectangle];
n[label = "And"];
n0[label = "NearestInsertion"];
n -> n0;
n1[label = "And"];
n10[label = "If_Then_Else"];
n100[label = "And"];
n1000[label = "NearestInsertion"];
n100 -> n1000;
n1001[label = "NearestNeighbor"];
n100 -> n1001;
n10 -> n100;
n101[label = "WorstMove"];
n10 -> n101;
n102[label = "FarthestFirstNode"];
n10 -> n102;
n1 -> n10;
n11[label = "While"];
n110[label = "CplexTerminal"];
n11 -> n110;
n111[label = "CplexTerminal"];
n11 -> n111;
n1 -> n11;
n -> n1;
}


Generation: 16
Best Individual:
Subpopulation 0:
Evaluated: true
Fitness: Standardized=0.0021989043 Adjusted=0.9978059 Hits=5
Tree 0:
digraph g {
node [shape=rectangle];
n[label = "And"];
n0[label = "NearestInsertion"];
n -> n0;
n1[label = "And"];
n10[label = "If_Then_Else"];
n100[label = "And"];
n1000[label = "NearestInsertion"];
n100 -> n1000;
n1001[label = "NearestNeighbor"];
n100 -> n1001;
n10 -> n100;
n101[label = "WorstMove"];
n10 -> n101;
n102[label = "FarthestFirstNode"];
n10 -> n102;
n1 -> n10;
n11[label = "While"];
n110[label = "CplexTerminal"];
n11 -> n110;
n111[label = "CplexTerminal"];
n11 -> n111;
n1 -> n11;
n -> n1;
}


Generation: 17
Best Individual:
Subpopulation 0:
Evaluated: true
Fitness: Standardized=0.0021989043 Adjusted=0.9978059 Hits=5
Tree 0:
digraph g {
node [shape=rectangle];
n[label = "And"];
n0[label = "NearestInsertion"];
n -> n0;
n1[label = "And"];
n10[label = "If_Then_Else"];
n100[label = "And"];
n1000[label = "NearestInsertion"];
n100 -> n1000;
n1001[label = "NearestNeighbor"];
n100 -> n1001;
n10 -> n100;
n101[label = "WorstMove"];
n10 -> n101;
n102[label = "FarthestFirstNode"];
n10 -> n102;
n1 -> n10;
n11[label = "While"];
n110[label = "CplexTerminal"];
n11 -> n110;
n111[label = "CplexTerminal"];
n11 -> n111;
n1 -> n11;
n -> n1;
}


Generation: 18
Best Individual:
Subpopulation 0:
Evaluated: true
Fitness: Standardized=0.0021989043 Adjusted=0.9978059 Hits=5
Tree 0:
digraph g {
node [shape=rectangle];
n[label = "And"];
n0[label = "NearestInsertion"];
n -> n0;
n1[label = "And"];
n10[label = "If_Then_Else"];
n100[label = "And"];
n1000[label = "NearestInsertion"];
n100 -> n1000;
n1001[label = "NearestNeighbor"];
n100 -> n1001;
n10 -> n100;
n101[label = "WorstMove"];
n10 -> n101;
n102[label = "FarthestFirstNode"];
n10 -> n102;
n1 -> n10;
n11[label = "While"];
n110[label = "CplexTerminal"];
n11 -> n110;
n111[label = "CplexTerminal"];
n11 -> n111;
n1 -> n11;
n -> n1;
}


Generation: 19
Best Individual:
Subpopulation 0:
Evaluated: true
Fitness: Standardized=0.0021989043 Adjusted=0.9978059 Hits=5
Tree 0:
digraph g {
node [shape=rectangle];
n[label = "And"];
n0[label = "NearestInsertion"];
n -> n0;
n1[label = "And"];
n10[label = "If_Then_Else"];
n100[label = "And"];
n1000[label = "NearestInsertion"];
n100 -> n1000;
n1001[label = "NearestNeighbor"];
n100 -> n1001;
n10 -> n100;
n101[label = "WorstMove"];
n10 -> n101;
n102[label = "FarthestFirstNode"];
n10 -> n102;
n1 -> n10;
n11[label = "While"];
n110[label = "CplexTerminal"];
n11 -> n110;
n111[label = "CplexTerminal"];
n11 -> n111;
n1 -> n11;
n -> n1;
}


Generation: 20
Best Individual:
Subpopulation 0:
Evaluated: true
Fitness: Standardized=0.0021989043 Adjusted=0.9978059 Hits=5
Tree 0:
digraph g {
node [shape=rectangle];
n[label = "And"];
n0[label = "NearestInsertion"];
n -> n0;
n1[label = "And"];
n10[label = "If_Then_Else"];
n100[label = "And"];
n1000[label = "NearestInsertion"];
n100 -> n1000;
n1001[label = "NearestNeighbor"];
n100 -> n1001;
n10 -> n100;
n101[label = "WorstMove"];
n10 -> n101;
n102[label = "FarthestFirstNode"];
n10 -> n102;
n1 -> n10;
n11[label = "While"];
n110[label = "CplexTerminal"];
n11 -> n110;
n111[label = "CplexTerminal"];
n11 -> n111;
n1 -> n11;
n -> n1;
}


Generation: 21
Best Individual:
Subpopulation 0:
Evaluated: true
Fitness: Standardized=0.0021989043 Adjusted=0.9978059 Hits=5
Tree 0:
digraph g {
node [shape=rectangle];
n[label = "And"];
n0[label = "NearestInsertion"];
n -> n0;
n1[label = "And"];
n10[label = "If_Then_Else"];
n100[label = "And"];
n1000[label = "NearestInsertion"];
n100 -> n1000;
n1001[label = "NearestNeighbor"];
n100 -> n1001;
n10 -> n100;
n101[label = "WorstMove"];
n10 -> n101;
n102[label = "FarthestFirstNode"];
n10 -> n102;
n1 -> n10;
n11[label = "While"];
n110[label = "CplexTerminal"];
n11 -> n110;
n111[label = "CplexTerminal"];
n11 -> n111;
n1 -> n11;
n -> n1;
}


Generation: 22
Best Individual:
Subpopulation 0:
Evaluated: true
Fitness: Standardized=0.0021989043 Adjusted=0.9978059 Hits=5
Tree 0:
digraph g {
node [shape=rectangle];
n[label = "And"];
n0[label = "NearestInsertion"];
n -> n0;
n1[label = "And"];
n10[label = "If_Then_Else"];
n100[label = "And"];
n1000[label = "NearestInsertion"];
n100 -> n1000;
n1001[label = "NearestNeighbor"];
n100 -> n1001;
n10 -> n100;
n101[label = "WorstMove"];
n10 -> n101;
n102[label = "FarthestFirstNode"];
n10 -> n102;
n1 -> n10;
n11[label = "While"];
n110[label = "CplexTerminal"];
n11 -> n110;
n111[label = "CplexTerminal"];
n11 -> n111;
n1 -> n11;
n -> n1;
}


Generation: 23
Best Individual:
Subpopulation 0:
Evaluated: true
Fitness: Standardized=0.0021989043 Adjusted=0.9978059 Hits=5
Tree 0:
digraph g {
node [shape=rectangle];
n[label = "And"];
n0[label = "NearestInsertion"];
n -> n0;
n1[label = "And"];
n10[label = "If_Then_Else"];
n100[label = "And"];
n1000[label = "NearestInsertion"];
n100 -> n1000;
n1001[label = "NearestNeighbor"];
n100 -> n1001;
n10 -> n100;
n101[label = "WorstMove"];
n10 -> n101;
n102[label = "FarthestFirstNode"];
n10 -> n102;
n1 -> n10;
n11[label = "While"];
n110[label = "CplexTerminal"];
n11 -> n110;
n111[label = "CplexTerminal"];
n11 -> n111;
n1 -> n11;
n -> n1;
}


Generation: 24
Best Individual:
Subpopulation 0:
Evaluated: true
Fitness: Standardized=0.0021989043 Adjusted=0.9978059 Hits=5
Tree 0:
digraph g {
node [shape=rectangle];
n[label = "And"];
n0[label = "NearestInsertion"];
n -> n0;
n1[label = "And"];
n10[label = "If_Then_Else"];
n100[label = "And"];
n1000[label = "NearestInsertion"];
n100 -> n1000;
n1001[label = "NearestNeighbor"];
n100 -> n1001;
n10 -> n100;
n101[label = "WorstMove"];
n10 -> n101;
n102[label = "FarthestFirstNode"];
n10 -> n102;
n1 -> n10;
n11[label = "While"];
n110[label = "CplexTerminal"];
n11 -> n110;
n111[label = "CplexTerminal"];
n11 -> n111;
n1 -> n11;
n -> n1;
}


Generation: 25
Best Individual:
Subpopulation 0:
Evaluated: true
Fitness: Standardized=0.0021989043 Adjusted=0.9978059 Hits=5
Tree 0:
digraph g {
node [shape=rectangle];
n[label = "And"];
n0[label = "NearestInsertion"];
n -> n0;
n1[label = "And"];
n10[label = "If_Then_Else"];
n100[label = "And"];
n1000[label = "NearestInsertion"];
n100 -> n1000;
n1001[label = "NearestNeighbor"];
n100 -> n1001;
n10 -> n100;
n101[label = "WorstMove"];
n10 -> n101;
n102[label = "FarthestFirstNode"];
n10 -> n102;
n1 -> n10;
n11[label = "While"];
n110[label = "CplexTerminal"];
n11 -> n110;
n111[label = "CplexTerminal"];
n11 -> n111;
n1 -> n11;
n -> n1;
}


Generation: 26
Best Individual:
Subpopulation 0:
Evaluated: true
Fitness: Standardized=0.0021989043 Adjusted=0.9978059 Hits=5
Tree 0:
digraph g {
node [shape=rectangle];
n[label = "And"];
n0[label = "NearestInsertion"];
n -> n0;
n1[label = "And"];
n10[label = "If_Then_Else"];
n100[label = "And"];
n1000[label = "NearestInsertion"];
n100 -> n1000;
n1001[label = "NearestNeighbor"];
n100 -> n1001;
n10 -> n100;
n101[label = "WorstMove"];
n10 -> n101;
n102[label = "FarthestFirstNode"];
n10 -> n102;
n1 -> n10;
n11[label = "While"];
n110[label = "CplexTerminal"];
n11 -> n110;
n111[label = "CplexTerminal"];
n11 -> n111;
n1 -> n11;
n -> n1;
}


Generation: 27
Best Individual:
Subpopulation 0:
Evaluated: true
Fitness: Standardized=0.0021989043 Adjusted=0.9978059 Hits=5
Tree 0:
digraph g {
node [shape=rectangle];
n[label = "And"];
n0[label = "NearestInsertion"];
n -> n0;
n1[label = "And"];
n10[label = "If_Then_Else"];
n100[label = "And"];
n1000[label = "NearestInsertion"];
n100 -> n1000;
n1001[label = "NearestNeighbor"];
n100 -> n1001;
n10 -> n100;
n101[label = "WorstMove"];
n10 -> n101;
n102[label = "FarthestFirstNode"];
n10 -> n102;
n1 -> n10;
n11[label = "While"];
n110[label = "CplexTerminal"];
n11 -> n110;
n111[label = "CplexTerminal"];
n11 -> n111;
n1 -> n11;
n -> n1;
}


Generation: 28
Best Individual:
Subpopulation 0:
Evaluated: true
Fitness: Standardized=0.0021989043 Adjusted=0.9978059 Hits=5
Tree 0:
digraph g {
node [shape=rectangle];
n[label = "And"];
n0[label = "NearestInsertion"];
n -> n0;
n1[label = "And"];
n10[label = "If_Then_Else"];
n100[label = "And"];
n1000[label = "NearestInsertion"];
n100 -> n1000;
n1001[label = "NearestNeighbor"];
n100 -> n1001;
n10 -> n100;
n101[label = "WorstMove"];
n10 -> n101;
n102[label = "FarthestFirstNode"];
n10 -> n102;
n1 -> n10;
n11[label = "While"];
n110[label = "CplexTerminal"];
n11 -> n110;
n111[label = "CplexTerminal"];
n11 -> n111;
n1 -> n11;
n -> n1;
}


Generation: 29
Best Individual:
Subpopulation 0:
Evaluated: true
Fitness: Standardized=0.0021989043 Adjusted=0.9978059 Hits=5
Tree 0:
digraph g {
node [shape=rectangle];
n[label = "And"];
n0[label = "NearestInsertion"];
n -> n0;
n1[label = "And"];
n10[label = "If_Then_Else"];
n100[label = "And"];
n1000[label = "NearestInsertion"];
n100 -> n1000;
n1001[label = "NearestNeighbor"];
n100 -> n1001;
n10 -> n100;
n101[label = "WorstMove"];
n10 -> n101;
n102[label = "FarthestFirstNode"];
n10 -> n102;
n1 -> n10;
n11[label = "While"];
n110[label = "CplexTerminal"];
n11 -> n110;
n111[label = "CplexTerminal"];
n11 -> n111;
n1 -> n11;
n -> n1;
}


Best Individual of Run:
Subpopulation 0:
Evaluated: true
Fitness: Standardized=0.0021989043 Adjusted=0.9978059 Hits=5
Tree 0:
digraph g {
node [shape=rectangle];
n[label = "And"];
n0[label = "NearestInsertion"];
n -> n0;
n1[label = "And"];
n10[label = "If_Then_Else"];
n100[label = "And"];
n1000[label = "NearestInsertion"];
n100 -> n1000;
n1001[label = "NearestNeighbor"];
n100 -> n1001;
n10 -> n100;
n101[label = "WorstMove"];
n10 -> n101;
n102[label = "FarthestFirstNode"];
n10 -> n102;
n1 -> n10;
n11[label = "While"];
n110[label = "CplexTerminal"];
n11 -> n110;
n111[label = "CplexTerminal"];
n11 -> n111;
n1 -> n11;
n -> n1;
}

