
Generation: 0
Best Individual:
Subpopulation 0:
Evaluated: true
Fitness: Standardized=0.006864787 Adjusted=0.993182 Hits=5
Tree 0:
digraph g {
node [shape=rectangle];
n[label = "Equal"];
n0[label = "And"];
n00[label = "And"];
n000[label = "Or"];
n0000[label = "FarthestFirstNode"];
n000 -> n0000;
n0001[label = "NearestFirstNode"];
n000 -> n0001;
n00 -> n000;
n001[label = "If_Then_Else"];
n0010[label = "NearestInsertion"];
n001 -> n0010;
n0011[label = "FarthestInsertion"];
n001 -> n0011;
n0012[label = "CplexTerminal"];
n001 -> n0012;
n00 -> n001;
n0 -> n00;
n01[label = "If_Then_Else"];
n010[label = "Equal"];
n0100[label = "FarthestNeighbor"];
n010 -> n0100;
n0101[label = "NearestInsertion"];
n010 -> n0101;
n01 -> n010;
n011[label = "And"];
n0110[label = "BestMove"];
n011 -> n0110;
n0111[label = "NearestFirstNode"];
n011 -> n0111;
n01 -> n011;
n012[label = "If_Then"];
n0120[label = "NearestInsertion"];
n012 -> n0120;
n0121[label = "FarthestFirstNode"];
n012 -> n0121;
n01 -> n012;
n0 -> n01;
n -> n0;
n1[label = "Or"];
n10[label = "While"];
n100[label = "If_Then_Else"];
n1000[label = "FarthestNeighbor"];
n100 -> n1000;
n1001[label = "NearestInsertion"];
n100 -> n1001;
n1002[label = "NearestInsertion"];
n100 -> n1002;
n10 -> n100;
n101[label = "If_Then"];
n1010[label = "CplexTerminal"];
n101 -> n1010;
n1011[label = "NearestNeighbor"];
n101 -> n1011;
n10 -> n101;
n1 -> n10;
n11[label = "While"];
n110[label = "Equal"];
n1100[label = "FarthestInsertion"];
n110 -> n1100;
n1101[label = "FarthestNeighbor"];
n110 -> n1101;
n11 -> n110;
n111[label = "Or"];
n1110[label = "NearestInsertion"];
n111 -> n1110;
n1111[label = "NearestFirstNode"];
n111 -> n1111;
n11 -> n111;
n1 -> n11;
n -> n1;
}


Generation: 1
Best Individual:
Subpopulation 0:
Evaluated: true
Fitness: Standardized=0.0048457514 Adjusted=0.9951776 Hits=4
Tree 0:
digraph g {
node [shape=rectangle];
n[label = "Equal"];
n0[label = "If_Then_Else"];
n00[label = "FarthestInsertion"];
n0 -> n00;
n01[label = "CplexTerminal"];
n0 -> n01;
n02[label = "CplexTerminal"];
n0 -> n02;
n -> n0;
n1[label = "Or"];
n10[label = "While"];
n100[label = "If_Then_Else"];
n1000[label = "FarthestNeighbor"];
n100 -> n1000;
n1001[label = "NearestInsertion"];
n100 -> n1001;
n1002[label = "NearestInsertion"];
n100 -> n1002;
n10 -> n100;
n101[label = "If_Then"];
n1010[label = "CplexTerminal"];
n101 -> n1010;
n1011[label = "NearestNeighbor"];
n101 -> n1011;
n10 -> n101;
n1 -> n10;
n11[label = "While"];
n110[label = "Equal"];
n1100[label = "FarthestInsertion"];
n110 -> n1100;
n1101[label = "FarthestNeighbor"];
n110 -> n1101;
n11 -> n110;
n111[label = "Or"];
n1110[label = "NearestInsertion"];
n111 -> n1110;
n1111[label = "NearestFirstNode"];
n111 -> n1111;
n11 -> n111;
n1 -> n11;
n -> n1;
}


Generation: 2
Best Individual:
Subpopulation 0:
Evaluated: true
Fitness: Standardized=0.0048457514 Adjusted=0.9951776 Hits=4
Tree 0:
digraph g {
node [shape=rectangle];
n[label = "Equal"];
n0[label = "If_Then_Else"];
n00[label = "FarthestInsertion"];
n0 -> n00;
n01[label = "CplexTerminal"];
n0 -> n01;
n02[label = "CplexTerminal"];
n0 -> n02;
n -> n0;
n1[label = "Or"];
n10[label = "While"];
n100[label = "If_Then_Else"];
n1000[label = "FarthestNeighbor"];
n100 -> n1000;
n1001[label = "NearestInsertion"];
n100 -> n1001;
n1002[label = "NearestInsertion"];
n100 -> n1002;
n10 -> n100;
n101[label = "If_Then"];
n1010[label = "CplexTerminal"];
n101 -> n1010;
n1011[label = "NearestNeighbor"];
n101 -> n1011;
n10 -> n101;
n1 -> n10;
n11[label = "While"];
n110[label = "Equal"];
n1100[label = "FarthestInsertion"];
n110 -> n1100;
n1101[label = "FarthestNeighbor"];
n110 -> n1101;
n11 -> n110;
n111[label = "Or"];
n1110[label = "NearestInsertion"];
n111 -> n1110;
n1111[label = "NearestFirstNode"];
n111 -> n1111;
n11 -> n111;
n1 -> n11;
n -> n1;
}


Generation: 3
Best Individual:
Subpopulation 0:
Evaluated: true
Fitness: Standardized=0.0048457514 Adjusted=0.9951776 Hits=4
Tree 0:
digraph g {
node [shape=rectangle];
n[label = "Equal"];
n0[label = "If_Then_Else"];
n00[label = "FarthestInsertion"];
n0 -> n00;
n01[label = "CplexTerminal"];
n0 -> n01;
n02[label = "CplexTerminal"];
n0 -> n02;
n -> n0;
n1[label = "Or"];
n10[label = "While"];
n100[label = "If_Then_Else"];
n1000[label = "FarthestNeighbor"];
n100 -> n1000;
n1001[label = "NearestInsertion"];
n100 -> n1001;
n1002[label = "NearestInsertion"];
n100 -> n1002;
n10 -> n100;
n101[label = "If_Then"];
n1010[label = "CplexTerminal"];
n101 -> n1010;
n1011[label = "NearestNeighbor"];
n101 -> n1011;
n10 -> n101;
n1 -> n10;
n11[label = "While"];
n110[label = "Equal"];
n1100[label = "FarthestInsertion"];
n110 -> n1100;
n1101[label = "FarthestNeighbor"];
n110 -> n1101;
n11 -> n110;
n111[label = "Or"];
n1110[label = "NearestInsertion"];
n111 -> n1110;
n1111[label = "NearestFirstNode"];
n111 -> n1111;
n11 -> n111;
n1 -> n11;
n -> n1;
}


Generation: 4
Best Individual:
Subpopulation 0:
Evaluated: true
Fitness: Standardized=0.0048457514 Adjusted=0.9951776 Hits=4
Tree 0:
digraph g {
node [shape=rectangle];
n[label = "Equal"];
n0[label = "If_Then_Else"];
n00[label = "FarthestInsertion"];
n0 -> n00;
n01[label = "CplexTerminal"];
n0 -> n01;
n02[label = "CplexTerminal"];
n0 -> n02;
n -> n0;
n1[label = "Or"];
n10[label = "While"];
n100[label = "If_Then_Else"];
n1000[label = "FarthestNeighbor"];
n100 -> n1000;
n1001[label = "NearestInsertion"];
n100 -> n1001;
n1002[label = "NearestInsertion"];
n100 -> n1002;
n10 -> n100;
n101[label = "If_Then"];
n1010[label = "CplexTerminal"];
n101 -> n1010;
n1011[label = "NearestNeighbor"];
n101 -> n1011;
n10 -> n101;
n1 -> n10;
n11[label = "While"];
n110[label = "Equal"];
n1100[label = "FarthestInsertion"];
n110 -> n1100;
n1101[label = "FarthestNeighbor"];
n110 -> n1101;
n11 -> n110;
n111[label = "Or"];
n1110[label = "NearestInsertion"];
n111 -> n1110;
n1111[label = "NearestFirstNode"];
n111 -> n1111;
n11 -> n111;
n1 -> n11;
n -> n1;
}


Generation: 5
Best Individual:
Subpopulation 0:
Evaluated: true
Fitness: Standardized=0.0037458902 Adjusted=0.9962681 Hits=5
Tree 0:
digraph g {
node [shape=rectangle];
n[label = "Equal"];
n0[label = "NearestInsertion"];
n -> n0;
n1[label = "Or"];
n10[label = "While"];
n100[label = "If_Then_Else"];
n1000[label = "FarthestNeighbor"];
n100 -> n1000;
n1001[label = "NearestInsertion"];
n100 -> n1001;
n1002[label = "NearestInsertion"];
n100 -> n1002;
n10 -> n100;
n101[label = "If_Then"];
n1010[label = "CplexTerminal"];
n101 -> n1010;
n1011[label = "NearestNeighbor"];
n101 -> n1011;
n10 -> n101;
n1 -> n10;
n11[label = "While"];
n110[label = "Equal"];
n1100[label = "FarthestInsertion"];
n110 -> n1100;
n1101[label = "FarthestNeighbor"];
n110 -> n1101;
n11 -> n110;
n111[label = "Or"];
n1110[label = "NearestInsertion"];
n111 -> n1110;
n1111[label = "NearestFirstNode"];
n111 -> n1111;
n11 -> n111;
n1 -> n11;
n -> n1;
}


Generation: 6
Best Individual:
Subpopulation 0:
Evaluated: true
Fitness: Standardized=0.0037458902 Adjusted=0.9962681 Hits=5
Tree 0:
digraph g {
node [shape=rectangle];
n[label = "Equal"];
n0[label = "NearestInsertion"];
n -> n0;
n1[label = "Or"];
n10[label = "While"];
n100[label = "If_Then_Else"];
n1000[label = "FarthestNeighbor"];
n100 -> n1000;
n1001[label = "NearestInsertion"];
n100 -> n1001;
n1002[label = "NearestInsertion"];
n100 -> n1002;
n10 -> n100;
n101[label = "If_Then"];
n1010[label = "CplexTerminal"];
n101 -> n1010;
n1011[label = "NearestNeighbor"];
n101 -> n1011;
n10 -> n101;
n1 -> n10;
n11[label = "While"];
n110[label = "Equal"];
n1100[label = "FarthestInsertion"];
n110 -> n1100;
n1101[label = "FarthestNeighbor"];
n110 -> n1101;
n11 -> n110;
n111[label = "Or"];
n1110[label = "NearestInsertion"];
n111 -> n1110;
n1111[label = "NearestFirstNode"];
n111 -> n1111;
n11 -> n111;
n1 -> n11;
n -> n1;
}


Generation: 7
Best Individual:
Subpopulation 0:
Evaluated: true
Fitness: Standardized=0.0037458902 Adjusted=0.9962681 Hits=5
Tree 0:
digraph g {
node [shape=rectangle];
n[label = "Equal"];
n0[label = "NearestInsertion"];
n -> n0;
n1[label = "Or"];
n10[label = "While"];
n100[label = "If_Then_Else"];
n1000[label = "FarthestNeighbor"];
n100 -> n1000;
n1001[label = "NearestInsertion"];
n100 -> n1001;
n1002[label = "NearestInsertion"];
n100 -> n1002;
n10 -> n100;
n101[label = "If_Then"];
n1010[label = "CplexTerminal"];
n101 -> n1010;
n1011[label = "NearestNeighbor"];
n101 -> n1011;
n10 -> n101;
n1 -> n10;
n11[label = "While"];
n110[label = "Equal"];
n1100[label = "FarthestInsertion"];
n110 -> n1100;
n1101[label = "FarthestNeighbor"];
n110 -> n1101;
n11 -> n110;
n111[label = "Or"];
n1110[label = "NearestInsertion"];
n111 -> n1110;
n1111[label = "NearestFirstNode"];
n111 -> n1111;
n11 -> n111;
n1 -> n11;
n -> n1;
}


Generation: 8
Best Individual:
Subpopulation 0:
Evaluated: true
Fitness: Standardized=0.0029741793 Adjusted=0.99703467 Hits=5
Tree 0:
digraph g {
node [shape=rectangle];
n[label = "If_Then"];
n0[label = "If_Then_Else"];
n00[label = "FarthestInsertion"];
n0 -> n00;
n01[label = "CplexTerminal"];
n0 -> n01;
n02[label = "CplexTerminal"];
n0 -> n02;
n -> n0;
n1[label = "Or"];
n10[label = "While"];
n100[label = "If_Then_Else"];
n1000[label = "FarthestNeighbor"];
n100 -> n1000;
n1001[label = "NearestInsertion"];
n100 -> n1001;
n1002[label = "NearestInsertion"];
n100 -> n1002;
n10 -> n100;
n101[label = "If_Then"];
n1010[label = "CplexTerminal"];
n101 -> n1010;
n1011[label = "NearestNeighbor"];
n101 -> n1011;
n10 -> n101;
n1 -> n10;
n11[label = "While"];
n110[label = "Equal"];
n1100[label = "FarthestInsertion"];
n110 -> n1100;
n1101[label = "FarthestNeighbor"];
n110 -> n1101;
n11 -> n110;
n111[label = "If_Then"];
n1110[label = "CplexTerminal"];
n111 -> n1110;
n1111[label = "NearestNeighbor"];
n111 -> n1111;
n11 -> n111;
n1 -> n11;
n -> n1;
}


Generation: 9
Best Individual:
Subpopulation 0:
Evaluated: true
Fitness: Standardized=0.0029741793 Adjusted=0.99703467 Hits=5
Tree 0:
digraph g {
node [shape=rectangle];
n[label = "If_Then"];
n0[label = "If_Then_Else"];
n00[label = "FarthestInsertion"];
n0 -> n00;
n01[label = "CplexTerminal"];
n0 -> n01;
n02[label = "CplexTerminal"];
n0 -> n02;
n -> n0;
n1[label = "Or"];
n10[label = "While"];
n100[label = "If_Then_Else"];
n1000[label = "FarthestNeighbor"];
n100 -> n1000;
n1001[label = "NearestInsertion"];
n100 -> n1001;
n1002[label = "NearestInsertion"];
n100 -> n1002;
n10 -> n100;
n101[label = "If_Then"];
n1010[label = "CplexTerminal"];
n101 -> n1010;
n1011[label = "NearestNeighbor"];
n101 -> n1011;
n10 -> n101;
n1 -> n10;
n11[label = "While"];
n110[label = "Equal"];
n1100[label = "FarthestInsertion"];
n110 -> n1100;
n1101[label = "FarthestNeighbor"];
n110 -> n1101;
n11 -> n110;
n111[label = "If_Then"];
n1110[label = "CplexTerminal"];
n111 -> n1110;
n1111[label = "NearestNeighbor"];
n111 -> n1111;
n11 -> n111;
n1 -> n11;
n -> n1;
}


Generation: 10
Best Individual:
Subpopulation 0:
Evaluated: true
Fitness: Standardized=0.0029741793 Adjusted=0.99703467 Hits=5
Tree 0:
digraph g {
node [shape=rectangle];
n[label = "If_Then"];
n0[label = "If_Then_Else"];
n00[label = "FarthestInsertion"];
n0 -> n00;
n01[label = "CplexTerminal"];
n0 -> n01;
n02[label = "CplexTerminal"];
n0 -> n02;
n -> n0;
n1[label = "Or"];
n10[label = "While"];
n100[label = "If_Then_Else"];
n1000[label = "FarthestNeighbor"];
n100 -> n1000;
n1001[label = "NearestInsertion"];
n100 -> n1001;
n1002[label = "NearestInsertion"];
n100 -> n1002;
n10 -> n100;
n101[label = "If_Then"];
n1010[label = "CplexTerminal"];
n101 -> n1010;
n1011[label = "NearestNeighbor"];
n101 -> n1011;
n10 -> n101;
n1 -> n10;
n11[label = "While"];
n110[label = "Equal"];
n1100[label = "FarthestInsertion"];
n110 -> n1100;
n1101[label = "FarthestNeighbor"];
n110 -> n1101;
n11 -> n110;
n111[label = "If_Then"];
n1110[label = "CplexTerminal"];
n111 -> n1110;
n1111[label = "NearestNeighbor"];
n111 -> n1111;
n11 -> n111;
n1 -> n11;
n -> n1;
}


Generation: 11
Best Individual:
Subpopulation 0:
Evaluated: true
Fitness: Standardized=0.0029741793 Adjusted=0.99703467 Hits=5
Tree 0:
digraph g {
node [shape=rectangle];
n[label = "If_Then"];
n0[label = "If_Then_Else"];
n00[label = "FarthestInsertion"];
n0 -> n00;
n01[label = "CplexTerminal"];
n0 -> n01;
n02[label = "CplexTerminal"];
n0 -> n02;
n -> n0;
n1[label = "Or"];
n10[label = "While"];
n100[label = "If_Then_Else"];
n1000[label = "FarthestNeighbor"];
n100 -> n1000;
n1001[label = "NearestInsertion"];
n100 -> n1001;
n1002[label = "NearestInsertion"];
n100 -> n1002;
n10 -> n100;
n101[label = "If_Then"];
n1010[label = "CplexTerminal"];
n101 -> n1010;
n1011[label = "NearestNeighbor"];
n101 -> n1011;
n10 -> n101;
n1 -> n10;
n11[label = "While"];
n110[label = "Equal"];
n1100[label = "FarthestInsertion"];
n110 -> n1100;
n1101[label = "FarthestNeighbor"];
n110 -> n1101;
n11 -> n110;
n111[label = "If_Then"];
n1110[label = "CplexTerminal"];
n111 -> n1110;
n1111[label = "NearestNeighbor"];
n111 -> n1111;
n11 -> n111;
n1 -> n11;
n -> n1;
}


Generation: 12
Best Individual:
Subpopulation 0:
Evaluated: true
Fitness: Standardized=0.0029741793 Adjusted=0.99703467 Hits=5
Tree 0:
digraph g {
node [shape=rectangle];
n[label = "If_Then"];
n0[label = "If_Then_Else"];
n00[label = "FarthestInsertion"];
n0 -> n00;
n01[label = "CplexTerminal"];
n0 -> n01;
n02[label = "CplexTerminal"];
n0 -> n02;
n -> n0;
n1[label = "Or"];
n10[label = "While"];
n100[label = "If_Then_Else"];
n1000[label = "FarthestNeighbor"];
n100 -> n1000;
n1001[label = "NearestInsertion"];
n100 -> n1001;
n1002[label = "NearestInsertion"];
n100 -> n1002;
n10 -> n100;
n101[label = "If_Then"];
n1010[label = "CplexTerminal"];
n101 -> n1010;
n1011[label = "NearestNeighbor"];
n101 -> n1011;
n10 -> n101;
n1 -> n10;
n11[label = "While"];
n110[label = "Equal"];
n1100[label = "FarthestInsertion"];
n110 -> n1100;
n1101[label = "FarthestNeighbor"];
n110 -> n1101;
n11 -> n110;
n111[label = "If_Then"];
n1110[label = "CplexTerminal"];
n111 -> n1110;
n1111[label = "NearestNeighbor"];
n111 -> n1111;
n11 -> n111;
n1 -> n11;
n -> n1;
}


Generation: 13
Best Individual:
Subpopulation 0:
Evaluated: true
Fitness: Standardized=0.0029741793 Adjusted=0.99703467 Hits=5
Tree 0:
digraph g {
node [shape=rectangle];
n[label = "If_Then"];
n0[label = "If_Then_Else"];
n00[label = "FarthestInsertion"];
n0 -> n00;
n01[label = "CplexTerminal"];
n0 -> n01;
n02[label = "CplexTerminal"];
n0 -> n02;
n -> n0;
n1[label = "Or"];
n10[label = "While"];
n100[label = "If_Then_Else"];
n1000[label = "FarthestNeighbor"];
n100 -> n1000;
n1001[label = "NearestInsertion"];
n100 -> n1001;
n1002[label = "NearestInsertion"];
n100 -> n1002;
n10 -> n100;
n101[label = "If_Then"];
n1010[label = "CplexTerminal"];
n101 -> n1010;
n1011[label = "NearestNeighbor"];
n101 -> n1011;
n10 -> n101;
n1 -> n10;
n11[label = "While"];
n110[label = "Equal"];
n1100[label = "FarthestInsertion"];
n110 -> n1100;
n1101[label = "FarthestNeighbor"];
n110 -> n1101;
n11 -> n110;
n111[label = "If_Then"];
n1110[label = "CplexTerminal"];
n111 -> n1110;
n1111[label = "NearestNeighbor"];
n111 -> n1111;
n11 -> n111;
n1 -> n11;
n -> n1;
}


Generation: 14
Best Individual:
Subpopulation 0:
Evaluated: true
Fitness: Standardized=0.0029741793 Adjusted=0.99703467 Hits=5
Tree 0:
digraph g {
node [shape=rectangle];
n[label = "If_Then"];
n0[label = "If_Then_Else"];
n00[label = "FarthestInsertion"];
n0 -> n00;
n01[label = "CplexTerminal"];
n0 -> n01;
n02[label = "CplexTerminal"];
n0 -> n02;
n -> n0;
n1[label = "Or"];
n10[label = "While"];
n100[label = "If_Then_Else"];
n1000[label = "FarthestNeighbor"];
n100 -> n1000;
n1001[label = "NearestInsertion"];
n100 -> n1001;
n1002[label = "NearestInsertion"];
n100 -> n1002;
n10 -> n100;
n101[label = "If_Then"];
n1010[label = "CplexTerminal"];
n101 -> n1010;
n1011[label = "NearestNeighbor"];
n101 -> n1011;
n10 -> n101;
n1 -> n10;
n11[label = "While"];
n110[label = "Equal"];
n1100[label = "FarthestInsertion"];
n110 -> n1100;
n1101[label = "FarthestNeighbor"];
n110 -> n1101;
n11 -> n110;
n111[label = "If_Then"];
n1110[label = "CplexTerminal"];
n111 -> n1110;
n1111[label = "NearestNeighbor"];
n111 -> n1111;
n11 -> n111;
n1 -> n11;
n -> n1;
}


Generation: 15
Best Individual:
Subpopulation 0:
Evaluated: true
Fitness: Standardized=0.0029741793 Adjusted=0.99703467 Hits=5
Tree 0:
digraph g {
node [shape=rectangle];
n[label = "If_Then"];
n0[label = "If_Then_Else"];
n00[label = "FarthestInsertion"];
n0 -> n00;
n01[label = "CplexTerminal"];
n0 -> n01;
n02[label = "CplexTerminal"];
n0 -> n02;
n -> n0;
n1[label = "Or"];
n10[label = "While"];
n100[label = "If_Then_Else"];
n1000[label = "FarthestNeighbor"];
n100 -> n1000;
n1001[label = "NearestInsertion"];
n100 -> n1001;
n1002[label = "NearestInsertion"];
n100 -> n1002;
n10 -> n100;
n101[label = "If_Then"];
n1010[label = "CplexTerminal"];
n101 -> n1010;
n1011[label = "NearestNeighbor"];
n101 -> n1011;
n10 -> n101;
n1 -> n10;
n11[label = "While"];
n110[label = "Equal"];
n1100[label = "FarthestInsertion"];
n110 -> n1100;
n1101[label = "FarthestNeighbor"];
n110 -> n1101;
n11 -> n110;
n111[label = "If_Then"];
n1110[label = "CplexTerminal"];
n111 -> n1110;
n1111[label = "NearestNeighbor"];
n111 -> n1111;
n11 -> n111;
n1 -> n11;
n -> n1;
}


Generation: 16
Best Individual:
Subpopulation 0:
Evaluated: true
Fitness: Standardized=0.0029741793 Adjusted=0.99703467 Hits=5
Tree 0:
digraph g {
node [shape=rectangle];
n[label = "If_Then"];
n0[label = "If_Then_Else"];
n00[label = "FarthestInsertion"];
n0 -> n00;
n01[label = "CplexTerminal"];
n0 -> n01;
n02[label = "CplexTerminal"];
n0 -> n02;
n -> n0;
n1[label = "Or"];
n10[label = "While"];
n100[label = "If_Then_Else"];
n1000[label = "FarthestNeighbor"];
n100 -> n1000;
n1001[label = "NearestInsertion"];
n100 -> n1001;
n1002[label = "NearestInsertion"];
n100 -> n1002;
n10 -> n100;
n101[label = "If_Then"];
n1010[label = "CplexTerminal"];
n101 -> n1010;
n1011[label = "NearestNeighbor"];
n101 -> n1011;
n10 -> n101;
n1 -> n10;
n11[label = "While"];
n110[label = "Equal"];
n1100[label = "FarthestInsertion"];
n110 -> n1100;
n1101[label = "FarthestNeighbor"];
n110 -> n1101;
n11 -> n110;
n111[label = "If_Then"];
n1110[label = "CplexTerminal"];
n111 -> n1110;
n1111[label = "NearestNeighbor"];
n111 -> n1111;
n11 -> n111;
n1 -> n11;
n -> n1;
}


Generation: 17
Best Individual:
Subpopulation 0:
Evaluated: true
Fitness: Standardized=0.0021989043 Adjusted=0.9978059 Hits=5
Tree 0:
digraph g {
node [shape=rectangle];
n[label = "If_Then"];
n0[label = "FarthestInsertion"];
n -> n0;
n1[label = "Or"];
n10[label = "While"];
n100[label = "If_Then_Else"];
n1000[label = "FarthestInsertion"];
n100 -> n1000;
n1001[label = "CplexTerminal"];
n100 -> n1001;
n1002[label = "CplexTerminal"];
n100 -> n1002;
n10 -> n100;
n101[label = "If_Then"];
n1010[label = "CplexTerminal"];
n101 -> n1010;
n1011[label = "NearestNeighbor"];
n101 -> n1011;
n10 -> n101;
n1 -> n10;
n11[label = "While"];
n110[label = "If_Then_Else"];
n1100[label = "FarthestNeighbor"];
n110 -> n1100;
n1101[label = "NearestInsertion"];
n110 -> n1101;
n1102[label = "FarthestInsertion"];
n110 -> n1102;
n11 -> n110;
n111[label = "If_Then"];
n1110[label = "CplexTerminal"];
n111 -> n1110;
n1111[label = "NearestNeighbor"];
n111 -> n1111;
n11 -> n111;
n1 -> n11;
n -> n1;
}


Generation: 18
Best Individual:
Subpopulation 0:
Evaluated: true
Fitness: Standardized=0.0021989043 Adjusted=0.9978059 Hits=5
Tree 0:
digraph g {
node [shape=rectangle];
n[label = "If_Then"];
n0[label = "FarthestInsertion"];
n -> n0;
n1[label = "Or"];
n10[label = "While"];
n100[label = "If_Then_Else"];
n1000[label = "FarthestInsertion"];
n100 -> n1000;
n1001[label = "CplexTerminal"];
n100 -> n1001;
n1002[label = "CplexTerminal"];
n100 -> n1002;
n10 -> n100;
n101[label = "If_Then"];
n1010[label = "CplexTerminal"];
n101 -> n1010;
n1011[label = "NearestNeighbor"];
n101 -> n1011;
n10 -> n101;
n1 -> n10;
n11[label = "While"];
n110[label = "If_Then_Else"];
n1100[label = "FarthestNeighbor"];
n110 -> n1100;
n1101[label = "NearestInsertion"];
n110 -> n1101;
n1102[label = "FarthestInsertion"];
n110 -> n1102;
n11 -> n110;
n111[label = "If_Then"];
n1110[label = "CplexTerminal"];
n111 -> n1110;
n1111[label = "NearestNeighbor"];
n111 -> n1111;
n11 -> n111;
n1 -> n11;
n -> n1;
}


Generation: 19
Best Individual:
Subpopulation 0:
Evaluated: true
Fitness: Standardized=0.0021989043 Adjusted=0.9978059 Hits=5
Tree 0:
digraph g {
node [shape=rectangle];
n[label = "If_Then"];
n0[label = "FarthestInsertion"];
n -> n0;
n1[label = "Or"];
n10[label = "While"];
n100[label = "If_Then_Else"];
n1000[label = "FarthestInsertion"];
n100 -> n1000;
n1001[label = "CplexTerminal"];
n100 -> n1001;
n1002[label = "CplexTerminal"];
n100 -> n1002;
n10 -> n100;
n101[label = "If_Then"];
n1010[label = "CplexTerminal"];
n101 -> n1010;
n1011[label = "NearestNeighbor"];
n101 -> n1011;
n10 -> n101;
n1 -> n10;
n11[label = "While"];
n110[label = "If_Then_Else"];
n1100[label = "FarthestNeighbor"];
n110 -> n1100;
n1101[label = "NearestInsertion"];
n110 -> n1101;
n1102[label = "FarthestInsertion"];
n110 -> n1102;
n11 -> n110;
n111[label = "If_Then"];
n1110[label = "CplexTerminal"];
n111 -> n1110;
n1111[label = "NearestNeighbor"];
n111 -> n1111;
n11 -> n111;
n1 -> n11;
n -> n1;
}


Generation: 20
Best Individual:
Subpopulation 0:
Evaluated: true
Fitness: Standardized=0.0021989043 Adjusted=0.9978059 Hits=5
Tree 0:
digraph g {
node [shape=rectangle];
n[label = "If_Then"];
n0[label = "FarthestInsertion"];
n -> n0;
n1[label = "Or"];
n10[label = "While"];
n100[label = "If_Then_Else"];
n1000[label = "FarthestInsertion"];
n100 -> n1000;
n1001[label = "CplexTerminal"];
n100 -> n1001;
n1002[label = "CplexTerminal"];
n100 -> n1002;
n10 -> n100;
n101[label = "If_Then"];
n1010[label = "CplexTerminal"];
n101 -> n1010;
n1011[label = "NearestNeighbor"];
n101 -> n1011;
n10 -> n101;
n1 -> n10;
n11[label = "While"];
n110[label = "If_Then_Else"];
n1100[label = "FarthestNeighbor"];
n110 -> n1100;
n1101[label = "NearestInsertion"];
n110 -> n1101;
n1102[label = "FarthestInsertion"];
n110 -> n1102;
n11 -> n110;
n111[label = "If_Then"];
n1110[label = "CplexTerminal"];
n111 -> n1110;
n1111[label = "NearestNeighbor"];
n111 -> n1111;
n11 -> n111;
n1 -> n11;
n -> n1;
}


Generation: 21
Best Individual:
Subpopulation 0:
Evaluated: true
Fitness: Standardized=0.0021989043 Adjusted=0.9978059 Hits=5
Tree 0:
digraph g {
node [shape=rectangle];
n[label = "If_Then"];
n0[label = "FarthestInsertion"];
n -> n0;
n1[label = "Or"];
n10[label = "While"];
n100[label = "If_Then_Else"];
n1000[label = "FarthestInsertion"];
n100 -> n1000;
n1001[label = "CplexTerminal"];
n100 -> n1001;
n1002[label = "CplexTerminal"];
n100 -> n1002;
n10 -> n100;
n101[label = "If_Then"];
n1010[label = "CplexTerminal"];
n101 -> n1010;
n1011[label = "NearestNeighbor"];
n101 -> n1011;
n10 -> n101;
n1 -> n10;
n11[label = "While"];
n110[label = "If_Then_Else"];
n1100[label = "FarthestNeighbor"];
n110 -> n1100;
n1101[label = "NearestInsertion"];
n110 -> n1101;
n1102[label = "FarthestInsertion"];
n110 -> n1102;
n11 -> n110;
n111[label = "If_Then"];
n1110[label = "CplexTerminal"];
n111 -> n1110;
n1111[label = "NearestNeighbor"];
n111 -> n1111;
n11 -> n111;
n1 -> n11;
n -> n1;
}


Generation: 22
Best Individual:
Subpopulation 0:
Evaluated: true
Fitness: Standardized=0.0021989043 Adjusted=0.9978059 Hits=5
Tree 0:
digraph g {
node [shape=rectangle];
n[label = "If_Then"];
n0[label = "FarthestInsertion"];
n -> n0;
n1[label = "Or"];
n10[label = "While"];
n100[label = "If_Then_Else"];
n1000[label = "FarthestInsertion"];
n100 -> n1000;
n1001[label = "CplexTerminal"];
n100 -> n1001;
n1002[label = "CplexTerminal"];
n100 -> n1002;
n10 -> n100;
n101[label = "If_Then"];
n1010[label = "CplexTerminal"];
n101 -> n1010;
n1011[label = "NearestNeighbor"];
n101 -> n1011;
n10 -> n101;
n1 -> n10;
n11[label = "While"];
n110[label = "If_Then_Else"];
n1100[label = "FarthestNeighbor"];
n110 -> n1100;
n1101[label = "NearestInsertion"];
n110 -> n1101;
n1102[label = "FarthestInsertion"];
n110 -> n1102;
n11 -> n110;
n111[label = "If_Then"];
n1110[label = "CplexTerminal"];
n111 -> n1110;
n1111[label = "NearestNeighbor"];
n111 -> n1111;
n11 -> n111;
n1 -> n11;
n -> n1;
}


Generation: 23
Best Individual:
Subpopulation 0:
Evaluated: true
Fitness: Standardized=0.0021989043 Adjusted=0.9978059 Hits=5
Tree 0:
digraph g {
node [shape=rectangle];
n[label = "If_Then"];
n0[label = "FarthestInsertion"];
n -> n0;
n1[label = "Or"];
n10[label = "While"];
n100[label = "If_Then_Else"];
n1000[label = "FarthestInsertion"];
n100 -> n1000;
n1001[label = "CplexTerminal"];
n100 -> n1001;
n1002[label = "CplexTerminal"];
n100 -> n1002;
n10 -> n100;
n101[label = "If_Then"];
n1010[label = "CplexTerminal"];
n101 -> n1010;
n1011[label = "NearestNeighbor"];
n101 -> n1011;
n10 -> n101;
n1 -> n10;
n11[label = "While"];
n110[label = "If_Then_Else"];
n1100[label = "FarthestNeighbor"];
n110 -> n1100;
n1101[label = "NearestInsertion"];
n110 -> n1101;
n1102[label = "FarthestInsertion"];
n110 -> n1102;
n11 -> n110;
n111[label = "If_Then"];
n1110[label = "CplexTerminal"];
n111 -> n1110;
n1111[label = "NearestNeighbor"];
n111 -> n1111;
n11 -> n111;
n1 -> n11;
n -> n1;
}


Generation: 24
Best Individual:
Subpopulation 0:
Evaluated: true
Fitness: Standardized=0.0021989043 Adjusted=0.9978059 Hits=5
Tree 0:
digraph g {
node [shape=rectangle];
n[label = "If_Then"];
n0[label = "FarthestInsertion"];
n -> n0;
n1[label = "Or"];
n10[label = "While"];
n100[label = "If_Then_Else"];
n1000[label = "FarthestInsertion"];
n100 -> n1000;
n1001[label = "CplexTerminal"];
n100 -> n1001;
n1002[label = "CplexTerminal"];
n100 -> n1002;
n10 -> n100;
n101[label = "If_Then"];
n1010[label = "CplexTerminal"];
n101 -> n1010;
n1011[label = "NearestNeighbor"];
n101 -> n1011;
n10 -> n101;
n1 -> n10;
n11[label = "While"];
n110[label = "If_Then_Else"];
n1100[label = "FarthestNeighbor"];
n110 -> n1100;
n1101[label = "NearestInsertion"];
n110 -> n1101;
n1102[label = "FarthestInsertion"];
n110 -> n1102;
n11 -> n110;
n111[label = "If_Then"];
n1110[label = "CplexTerminal"];
n111 -> n1110;
n1111[label = "NearestNeighbor"];
n111 -> n1111;
n11 -> n111;
n1 -> n11;
n -> n1;
}


Generation: 25
Best Individual:
Subpopulation 0:
Evaluated: true
Fitness: Standardized=0.0021989043 Adjusted=0.9978059 Hits=5
Tree 0:
digraph g {
node [shape=rectangle];
n[label = "If_Then"];
n0[label = "FarthestInsertion"];
n -> n0;
n1[label = "Or"];
n10[label = "While"];
n100[label = "If_Then_Else"];
n1000[label = "FarthestInsertion"];
n100 -> n1000;
n1001[label = "CplexTerminal"];
n100 -> n1001;
n1002[label = "CplexTerminal"];
n100 -> n1002;
n10 -> n100;
n101[label = "If_Then"];
n1010[label = "CplexTerminal"];
n101 -> n1010;
n1011[label = "NearestNeighbor"];
n101 -> n1011;
n10 -> n101;
n1 -> n10;
n11[label = "While"];
n110[label = "If_Then_Else"];
n1100[label = "FarthestNeighbor"];
n110 -> n1100;
n1101[label = "NearestInsertion"];
n110 -> n1101;
n1102[label = "FarthestInsertion"];
n110 -> n1102;
n11 -> n110;
n111[label = "If_Then"];
n1110[label = "CplexTerminal"];
n111 -> n1110;
n1111[label = "NearestNeighbor"];
n111 -> n1111;
n11 -> n111;
n1 -> n11;
n -> n1;
}


Generation: 26
Best Individual:
Subpopulation 0:
Evaluated: true
Fitness: Standardized=0.0021989043 Adjusted=0.9978059 Hits=5
Tree 0:
digraph g {
node [shape=rectangle];
n[label = "If_Then"];
n0[label = "FarthestInsertion"];
n -> n0;
n1[label = "Or"];
n10[label = "While"];
n100[label = "If_Then_Else"];
n1000[label = "FarthestInsertion"];
n100 -> n1000;
n1001[label = "CplexTerminal"];
n100 -> n1001;
n1002[label = "CplexTerminal"];
n100 -> n1002;
n10 -> n100;
n101[label = "If_Then"];
n1010[label = "CplexTerminal"];
n101 -> n1010;
n1011[label = "NearestNeighbor"];
n101 -> n1011;
n10 -> n101;
n1 -> n10;
n11[label = "While"];
n110[label = "If_Then_Else"];
n1100[label = "FarthestNeighbor"];
n110 -> n1100;
n1101[label = "NearestInsertion"];
n110 -> n1101;
n1102[label = "FarthestInsertion"];
n110 -> n1102;
n11 -> n110;
n111[label = "If_Then"];
n1110[label = "CplexTerminal"];
n111 -> n1110;
n1111[label = "NearestNeighbor"];
n111 -> n1111;
n11 -> n111;
n1 -> n11;
n -> n1;
}


Generation: 27
Best Individual:
Subpopulation 0:
Evaluated: true
Fitness: Standardized=0.0021989043 Adjusted=0.9978059 Hits=5
Tree 0:
digraph g {
node [shape=rectangle];
n[label = "If_Then"];
n0[label = "FarthestInsertion"];
n -> n0;
n1[label = "Or"];
n10[label = "While"];
n100[label = "If_Then_Else"];
n1000[label = "FarthestInsertion"];
n100 -> n1000;
n1001[label = "CplexTerminal"];
n100 -> n1001;
n1002[label = "CplexTerminal"];
n100 -> n1002;
n10 -> n100;
n101[label = "If_Then"];
n1010[label = "CplexTerminal"];
n101 -> n1010;
n1011[label = "NearestNeighbor"];
n101 -> n1011;
n10 -> n101;
n1 -> n10;
n11[label = "While"];
n110[label = "If_Then_Else"];
n1100[label = "FarthestNeighbor"];
n110 -> n1100;
n1101[label = "NearestInsertion"];
n110 -> n1101;
n1102[label = "FarthestInsertion"];
n110 -> n1102;
n11 -> n110;
n111[label = "If_Then"];
n1110[label = "CplexTerminal"];
n111 -> n1110;
n1111[label = "NearestNeighbor"];
n111 -> n1111;
n11 -> n111;
n1 -> n11;
n -> n1;
}


Generation: 28
Best Individual:
Subpopulation 0:
Evaluated: true
Fitness: Standardized=0.0021989043 Adjusted=0.9978059 Hits=5
Tree 0:
digraph g {
node [shape=rectangle];
n[label = "If_Then"];
n0[label = "FarthestInsertion"];
n -> n0;
n1[label = "Or"];
n10[label = "While"];
n100[label = "If_Then_Else"];
n1000[label = "FarthestInsertion"];
n100 -> n1000;
n1001[label = "CplexTerminal"];
n100 -> n1001;
n1002[label = "CplexTerminal"];
n100 -> n1002;
n10 -> n100;
n101[label = "If_Then"];
n1010[label = "CplexTerminal"];
n101 -> n1010;
n1011[label = "NearestNeighbor"];
n101 -> n1011;
n10 -> n101;
n1 -> n10;
n11[label = "While"];
n110[label = "If_Then_Else"];
n1100[label = "FarthestNeighbor"];
n110 -> n1100;
n1101[label = "NearestInsertion"];
n110 -> n1101;
n1102[label = "FarthestInsertion"];
n110 -> n1102;
n11 -> n110;
n111[label = "If_Then"];
n1110[label = "CplexTerminal"];
n111 -> n1110;
n1111[label = "NearestNeighbor"];
n111 -> n1111;
n11 -> n111;
n1 -> n11;
n -> n1;
}


Generation: 29
Best Individual:
Subpopulation 0:
Evaluated: true
Fitness: Standardized=0.0021989043 Adjusted=0.9978059 Hits=5
Tree 0:
digraph g {
node [shape=rectangle];
n[label = "If_Then"];
n0[label = "FarthestInsertion"];
n -> n0;
n1[label = "Or"];
n10[label = "While"];
n100[label = "If_Then_Else"];
n1000[label = "FarthestInsertion"];
n100 -> n1000;
n1001[label = "CplexTerminal"];
n100 -> n1001;
n1002[label = "CplexTerminal"];
n100 -> n1002;
n10 -> n100;
n101[label = "If_Then"];
n1010[label = "CplexTerminal"];
n101 -> n1010;
n1011[label = "NearestNeighbor"];
n101 -> n1011;
n10 -> n101;
n1 -> n10;
n11[label = "While"];
n110[label = "If_Then_Else"];
n1100[label = "FarthestNeighbor"];
n110 -> n1100;
n1101[label = "NearestInsertion"];
n110 -> n1101;
n1102[label = "FarthestInsertion"];
n110 -> n1102;
n11 -> n110;
n111[label = "If_Then"];
n1110[label = "CplexTerminal"];
n111 -> n1110;
n1111[label = "NearestNeighbor"];
n111 -> n1111;
n11 -> n111;
n1 -> n11;
n -> n1;
}


Generation: 30
Best Individual:
Subpopulation 0:
Evaluated: true
Fitness: Standardized=0.0021989043 Adjusted=0.9978059 Hits=5
Tree 0:
digraph g {
node [shape=rectangle];
n[label = "If_Then"];
n0[label = "FarthestInsertion"];
n -> n0;
n1[label = "Or"];
n10[label = "While"];
n100[label = "If_Then_Else"];
n1000[label = "FarthestInsertion"];
n100 -> n1000;
n1001[label = "CplexTerminal"];
n100 -> n1001;
n1002[label = "CplexTerminal"];
n100 -> n1002;
n10 -> n100;
n101[label = "If_Then"];
n1010[label = "CplexTerminal"];
n101 -> n1010;
n1011[label = "NearestNeighbor"];
n101 -> n1011;
n10 -> n101;
n1 -> n10;
n11[label = "While"];
n110[label = "If_Then_Else"];
n1100[label = "FarthestNeighbor"];
n110 -> n1100;
n1101[label = "NearestInsertion"];
n110 -> n1101;
n1102[label = "FarthestInsertion"];
n110 -> n1102;
n11 -> n110;
n111[label = "If_Then"];
n1110[label = "CplexTerminal"];
n111 -> n1110;
n1111[label = "NearestNeighbor"];
n111 -> n1111;
n11 -> n111;
n1 -> n11;
n -> n1;
}


Generation: 31
Best Individual:
Subpopulation 0:
Evaluated: true
Fitness: Standardized=0.0021989043 Adjusted=0.9978059 Hits=5
Tree 0:
digraph g {
node [shape=rectangle];
n[label = "If_Then"];
n0[label = "FarthestInsertion"];
n -> n0;
n1[label = "Or"];
n10[label = "While"];
n100[label = "If_Then_Else"];
n1000[label = "FarthestInsertion"];
n100 -> n1000;
n1001[label = "CplexTerminal"];
n100 -> n1001;
n1002[label = "CplexTerminal"];
n100 -> n1002;
n10 -> n100;
n101[label = "If_Then"];
n1010[label = "CplexTerminal"];
n101 -> n1010;
n1011[label = "NearestNeighbor"];
n101 -> n1011;
n10 -> n101;
n1 -> n10;
n11[label = "While"];
n110[label = "If_Then_Else"];
n1100[label = "FarthestNeighbor"];
n110 -> n1100;
n1101[label = "NearestInsertion"];
n110 -> n1101;
n1102[label = "FarthestInsertion"];
n110 -> n1102;
n11 -> n110;
n111[label = "If_Then"];
n1110[label = "CplexTerminal"];
n111 -> n1110;
n1111[label = "NearestNeighbor"];
n111 -> n1111;
n11 -> n111;
n1 -> n11;
n -> n1;
}


Generation: 32
Best Individual:
Subpopulation 0:
Evaluated: true
Fitness: Standardized=0.0019538063 Adjusted=0.99805 Hits=6
Tree 0:
digraph g {
node [shape=rectangle];
n[label = "If_Then"];
n0[label = "FarthestInsertion"];
n -> n0;
n1[label = "Or"];
n10[label = "While"];
n100[label = "If_Then_Else"];
n1000[label = "FarthestInsertion"];
n100 -> n1000;
n1001[label = "CplexTerminal"];
n100 -> n1001;
n1002[label = "CplexTerminal"];
n100 -> n1002;
n10 -> n100;
n101[label = "FarthestInsertion"];
n10 -> n101;
n1 -> n10;
n11[label = "While"];
n110[label = "If_Then_Else"];
n1100[label = "FarthestNeighbor"];
n110 -> n1100;
n1101[label = "NearestInsertion"];
n110 -> n1101;
n1102[label = "CplexTerminal"];
n110 -> n1102;
n11 -> n110;
n111[label = "If_Then"];
n1110[label = "CplexTerminal"];
n111 -> n1110;
n1111[label = "NearestNeighbor"];
n111 -> n1111;
n11 -> n111;
n1 -> n11;
n -> n1;
}


Generation: 33
Best Individual:
Subpopulation 0:
Evaluated: true
Fitness: Standardized=0.0019538063 Adjusted=0.99805 Hits=6
Tree 0:
digraph g {
node [shape=rectangle];
n[label = "If_Then"];
n0[label = "FarthestInsertion"];
n -> n0;
n1[label = "Or"];
n10[label = "While"];
n100[label = "If_Then_Else"];
n1000[label = "FarthestInsertion"];
n100 -> n1000;
n1001[label = "CplexTerminal"];
n100 -> n1001;
n1002[label = "CplexTerminal"];
n100 -> n1002;
n10 -> n100;
n101[label = "FarthestInsertion"];
n10 -> n101;
n1 -> n10;
n11[label = "While"];
n110[label = "If_Then_Else"];
n1100[label = "FarthestNeighbor"];
n110 -> n1100;
n1101[label = "NearestInsertion"];
n110 -> n1101;
n1102[label = "CplexTerminal"];
n110 -> n1102;
n11 -> n110;
n111[label = "If_Then"];
n1110[label = "CplexTerminal"];
n111 -> n1110;
n1111[label = "NearestNeighbor"];
n111 -> n1111;
n11 -> n111;
n1 -> n11;
n -> n1;
}


Generation: 34
Best Individual:
Subpopulation 0:
Evaluated: true
Fitness: Standardized=0.0019538063 Adjusted=0.99805 Hits=6
Tree 0:
digraph g {
node [shape=rectangle];
n[label = "If_Then"];
n0[label = "FarthestInsertion"];
n -> n0;
n1[label = "Or"];
n10[label = "While"];
n100[label = "If_Then_Else"];
n1000[label = "FarthestInsertion"];
n100 -> n1000;
n1001[label = "CplexTerminal"];
n100 -> n1001;
n1002[label = "CplexTerminal"];
n100 -> n1002;
n10 -> n100;
n101[label = "FarthestInsertion"];
n10 -> n101;
n1 -> n10;
n11[label = "While"];
n110[label = "If_Then_Else"];
n1100[label = "FarthestNeighbor"];
n110 -> n1100;
n1101[label = "NearestInsertion"];
n110 -> n1101;
n1102[label = "CplexTerminal"];
n110 -> n1102;
n11 -> n110;
n111[label = "If_Then"];
n1110[label = "CplexTerminal"];
n111 -> n1110;
n1111[label = "NearestNeighbor"];
n111 -> n1111;
n11 -> n111;
n1 -> n11;
n -> n1;
}


Generation: 35
Best Individual:
Subpopulation 0:
Evaluated: true
Fitness: Standardized=0.0019538063 Adjusted=0.99805 Hits=6
Tree 0:
digraph g {
node [shape=rectangle];
n[label = "If_Then"];
n0[label = "FarthestInsertion"];
n -> n0;
n1[label = "Or"];
n10[label = "While"];
n100[label = "If_Then_Else"];
n1000[label = "FarthestInsertion"];
n100 -> n1000;
n1001[label = "CplexTerminal"];
n100 -> n1001;
n1002[label = "CplexTerminal"];
n100 -> n1002;
n10 -> n100;
n101[label = "FarthestInsertion"];
n10 -> n101;
n1 -> n10;
n11[label = "While"];
n110[label = "If_Then_Else"];
n1100[label = "FarthestNeighbor"];
n110 -> n1100;
n1101[label = "NearestInsertion"];
n110 -> n1101;
n1102[label = "CplexTerminal"];
n110 -> n1102;
n11 -> n110;
n111[label = "If_Then"];
n1110[label = "CplexTerminal"];
n111 -> n1110;
n1111[label = "NearestNeighbor"];
n111 -> n1111;
n11 -> n111;
n1 -> n11;
n -> n1;
}


Generation: 36
Best Individual:
Subpopulation 0:
Evaluated: true
Fitness: Standardized=0.0019538063 Adjusted=0.99805 Hits=6
Tree 0:
digraph g {
node [shape=rectangle];
n[label = "If_Then"];
n0[label = "FarthestInsertion"];
n -> n0;
n1[label = "Or"];
n10[label = "While"];
n100[label = "If_Then_Else"];
n1000[label = "FarthestInsertion"];
n100 -> n1000;
n1001[label = "CplexTerminal"];
n100 -> n1001;
n1002[label = "CplexTerminal"];
n100 -> n1002;
n10 -> n100;
n101[label = "FarthestInsertion"];
n10 -> n101;
n1 -> n10;
n11[label = "While"];
n110[label = "If_Then_Else"];
n1100[label = "FarthestNeighbor"];
n110 -> n1100;
n1101[label = "NearestInsertion"];
n110 -> n1101;
n1102[label = "CplexTerminal"];
n110 -> n1102;
n11 -> n110;
n111[label = "If_Then"];
n1110[label = "CplexTerminal"];
n111 -> n1110;
n1111[label = "NearestNeighbor"];
n111 -> n1111;
n11 -> n111;
n1 -> n11;
n -> n1;
}


Generation: 37
Best Individual:
Subpopulation 0:
Evaluated: true
Fitness: Standardized=0.0019538063 Adjusted=0.99805 Hits=6
Tree 0:
digraph g {
node [shape=rectangle];
n[label = "If_Then"];
n0[label = "FarthestInsertion"];
n -> n0;
n1[label = "Or"];
n10[label = "While"];
n100[label = "If_Then_Else"];
n1000[label = "FarthestInsertion"];
n100 -> n1000;
n1001[label = "CplexTerminal"];
n100 -> n1001;
n1002[label = "CplexTerminal"];
n100 -> n1002;
n10 -> n100;
n101[label = "FarthestInsertion"];
n10 -> n101;
n1 -> n10;
n11[label = "While"];
n110[label = "If_Then_Else"];
n1100[label = "FarthestNeighbor"];
n110 -> n1100;
n1101[label = "NearestInsertion"];
n110 -> n1101;
n1102[label = "CplexTerminal"];
n110 -> n1102;
n11 -> n110;
n111[label = "If_Then"];
n1110[label = "CplexTerminal"];
n111 -> n1110;
n1111[label = "NearestNeighbor"];
n111 -> n1111;
n11 -> n111;
n1 -> n11;
n -> n1;
}


Generation: 38
Best Individual:
Subpopulation 0:
Evaluated: true
Fitness: Standardized=0.0019538063 Adjusted=0.99805 Hits=6
Tree 0:
digraph g {
node [shape=rectangle];
n[label = "If_Then"];
n0[label = "FarthestInsertion"];
n -> n0;
n1[label = "Or"];
n10[label = "While"];
n100[label = "If_Then_Else"];
n1000[label = "FarthestInsertion"];
n100 -> n1000;
n1001[label = "CplexTerminal"];
n100 -> n1001;
n1002[label = "CplexTerminal"];
n100 -> n1002;
n10 -> n100;
n101[label = "FarthestInsertion"];
n10 -> n101;
n1 -> n10;
n11[label = "While"];
n110[label = "If_Then_Else"];
n1100[label = "FarthestNeighbor"];
n110 -> n1100;
n1101[label = "NearestInsertion"];
n110 -> n1101;
n1102[label = "CplexTerminal"];
n110 -> n1102;
n11 -> n110;
n111[label = "If_Then"];
n1110[label = "CplexTerminal"];
n111 -> n1110;
n1111[label = "NearestNeighbor"];
n111 -> n1111;
n11 -> n111;
n1 -> n11;
n -> n1;
}


Generation: 39
Best Individual:
Subpopulation 0:
Evaluated: true
Fitness: Standardized=0.0019538063 Adjusted=0.99805 Hits=6
Tree 0:
digraph g {
node [shape=rectangle];
n[label = "If_Then"];
n0[label = "FarthestInsertion"];
n -> n0;
n1[label = "Or"];
n10[label = "While"];
n100[label = "If_Then_Else"];
n1000[label = "FarthestInsertion"];
n100 -> n1000;
n1001[label = "CplexTerminal"];
n100 -> n1001;
n1002[label = "CplexTerminal"];
n100 -> n1002;
n10 -> n100;
n101[label = "FarthestInsertion"];
n10 -> n101;
n1 -> n10;
n11[label = "While"];
n110[label = "If_Then_Else"];
n1100[label = "FarthestNeighbor"];
n110 -> n1100;
n1101[label = "NearestInsertion"];
n110 -> n1101;
n1102[label = "CplexTerminal"];
n110 -> n1102;
n11 -> n110;
n111[label = "If_Then"];
n1110[label = "CplexTerminal"];
n111 -> n1110;
n1111[label = "NearestNeighbor"];
n111 -> n1111;
n11 -> n111;
n1 -> n11;
n -> n1;
}


Generation: 40
Best Individual:
Subpopulation 0:
Evaluated: true
Fitness: Standardized=0.0019538063 Adjusted=0.99805 Hits=6
Tree 0:
digraph g {
node [shape=rectangle];
n[label = "If_Then"];
n0[label = "FarthestInsertion"];
n -> n0;
n1[label = "Or"];
n10[label = "While"];
n100[label = "If_Then_Else"];
n1000[label = "FarthestInsertion"];
n100 -> n1000;
n1001[label = "CplexTerminal"];
n100 -> n1001;
n1002[label = "CplexTerminal"];
n100 -> n1002;
n10 -> n100;
n101[label = "FarthestInsertion"];
n10 -> n101;
n1 -> n10;
n11[label = "While"];
n110[label = "If_Then_Else"];
n1100[label = "FarthestNeighbor"];
n110 -> n1100;
n1101[label = "NearestInsertion"];
n110 -> n1101;
n1102[label = "CplexTerminal"];
n110 -> n1102;
n11 -> n110;
n111[label = "If_Then"];
n1110[label = "CplexTerminal"];
n111 -> n1110;
n1111[label = "NearestNeighbor"];
n111 -> n1111;
n11 -> n111;
n1 -> n11;
n -> n1;
}


Generation: 41
Best Individual:
Subpopulation 0:
Evaluated: true
Fitness: Standardized=0.0019538063 Adjusted=0.99805 Hits=6
Tree 0:
digraph g {
node [shape=rectangle];
n[label = "If_Then"];
n0[label = "FarthestInsertion"];
n -> n0;
n1[label = "Or"];
n10[label = "While"];
n100[label = "If_Then_Else"];
n1000[label = "FarthestInsertion"];
n100 -> n1000;
n1001[label = "CplexTerminal"];
n100 -> n1001;
n1002[label = "CplexTerminal"];
n100 -> n1002;
n10 -> n100;
n101[label = "FarthestInsertion"];
n10 -> n101;
n1 -> n10;
n11[label = "While"];
n110[label = "If_Then_Else"];
n1100[label = "FarthestNeighbor"];
n110 -> n1100;
n1101[label = "NearestInsertion"];
n110 -> n1101;
n1102[label = "CplexTerminal"];
n110 -> n1102;
n11 -> n110;
n111[label = "If_Then"];
n1110[label = "CplexTerminal"];
n111 -> n1110;
n1111[label = "NearestNeighbor"];
n111 -> n1111;
n11 -> n111;
n1 -> n11;
n -> n1;
}


Generation: 42
Best Individual:
Subpopulation 0:
Evaluated: true
Fitness: Standardized=0.0019538063 Adjusted=0.99805 Hits=6
Tree 0:
digraph g {
node [shape=rectangle];
n[label = "If_Then"];
n0[label = "FarthestInsertion"];
n -> n0;
n1[label = "Or"];
n10[label = "While"];
n100[label = "If_Then_Else"];
n1000[label = "FarthestInsertion"];
n100 -> n1000;
n1001[label = "CplexTerminal"];
n100 -> n1001;
n1002[label = "CplexTerminal"];
n100 -> n1002;
n10 -> n100;
n101[label = "FarthestInsertion"];
n10 -> n101;
n1 -> n10;
n11[label = "While"];
n110[label = "If_Then_Else"];
n1100[label = "FarthestNeighbor"];
n110 -> n1100;
n1101[label = "NearestInsertion"];
n110 -> n1101;
n1102[label = "CplexTerminal"];
n110 -> n1102;
n11 -> n110;
n111[label = "If_Then"];
n1110[label = "CplexTerminal"];
n111 -> n1110;
n1111[label = "NearestNeighbor"];
n111 -> n1111;
n11 -> n111;
n1 -> n11;
n -> n1;
}


Generation: 43
Best Individual:
Subpopulation 0:
Evaluated: true
Fitness: Standardized=0.0019538063 Adjusted=0.99805 Hits=6
Tree 0:
digraph g {
node [shape=rectangle];
n[label = "If_Then"];
n0[label = "FarthestInsertion"];
n -> n0;
n1[label = "Or"];
n10[label = "While"];
n100[label = "If_Then_Else"];
n1000[label = "FarthestInsertion"];
n100 -> n1000;
n1001[label = "CplexTerminal"];
n100 -> n1001;
n1002[label = "CplexTerminal"];
n100 -> n1002;
n10 -> n100;
n101[label = "FarthestInsertion"];
n10 -> n101;
n1 -> n10;
n11[label = "While"];
n110[label = "If_Then_Else"];
n1100[label = "FarthestNeighbor"];
n110 -> n1100;
n1101[label = "NearestInsertion"];
n110 -> n1101;
n1102[label = "CplexTerminal"];
n110 -> n1102;
n11 -> n110;
n111[label = "If_Then"];
n1110[label = "CplexTerminal"];
n111 -> n1110;
n1111[label = "NearestNeighbor"];
n111 -> n1111;
n11 -> n111;
n1 -> n11;
n -> n1;
}


Generation: 44
Best Individual:
Subpopulation 0:
Evaluated: true
Fitness: Standardized=0.0019538063 Adjusted=0.99805 Hits=6
Tree 0:
digraph g {
node [shape=rectangle];
n[label = "If_Then"];
n0[label = "FarthestInsertion"];
n -> n0;
n1[label = "Or"];
n10[label = "While"];
n100[label = "If_Then_Else"];
n1000[label = "FarthestInsertion"];
n100 -> n1000;
n1001[label = "CplexTerminal"];
n100 -> n1001;
n1002[label = "CplexTerminal"];
n100 -> n1002;
n10 -> n100;
n101[label = "FarthestInsertion"];
n10 -> n101;
n1 -> n10;
n11[label = "While"];
n110[label = "If_Then_Else"];
n1100[label = "FarthestNeighbor"];
n110 -> n1100;
n1101[label = "NearestInsertion"];
n110 -> n1101;
n1102[label = "CplexTerminal"];
n110 -> n1102;
n11 -> n110;
n111[label = "If_Then"];
n1110[label = "CplexTerminal"];
n111 -> n1110;
n1111[label = "NearestNeighbor"];
n111 -> n1111;
n11 -> n111;
n1 -> n11;
n -> n1;
}


Generation: 45
Best Individual:
Subpopulation 0:
Evaluated: true
Fitness: Standardized=0.0019538063 Adjusted=0.99805 Hits=6
Tree 0:
digraph g {
node [shape=rectangle];
n[label = "If_Then"];
n0[label = "FarthestInsertion"];
n -> n0;
n1[label = "Or"];
n10[label = "While"];
n100[label = "If_Then_Else"];
n1000[label = "FarthestInsertion"];
n100 -> n1000;
n1001[label = "CplexTerminal"];
n100 -> n1001;
n1002[label = "CplexTerminal"];
n100 -> n1002;
n10 -> n100;
n101[label = "FarthestInsertion"];
n10 -> n101;
n1 -> n10;
n11[label = "While"];
n110[label = "If_Then_Else"];
n1100[label = "FarthestNeighbor"];
n110 -> n1100;
n1101[label = "NearestInsertion"];
n110 -> n1101;
n1102[label = "CplexTerminal"];
n110 -> n1102;
n11 -> n110;
n111[label = "If_Then"];
n1110[label = "CplexTerminal"];
n111 -> n1110;
n1111[label = "NearestNeighbor"];
n111 -> n1111;
n11 -> n111;
n1 -> n11;
n -> n1;
}


Generation: 46
Best Individual:
Subpopulation 0:
Evaluated: true
Fitness: Standardized=0.0019538063 Adjusted=0.99805 Hits=6
Tree 0:
digraph g {
node [shape=rectangle];
n[label = "If_Then"];
n0[label = "FarthestInsertion"];
n -> n0;
n1[label = "Or"];
n10[label = "While"];
n100[label = "If_Then_Else"];
n1000[label = "FarthestInsertion"];
n100 -> n1000;
n1001[label = "CplexTerminal"];
n100 -> n1001;
n1002[label = "CplexTerminal"];
n100 -> n1002;
n10 -> n100;
n101[label = "FarthestInsertion"];
n10 -> n101;
n1 -> n10;
n11[label = "While"];
n110[label = "If_Then_Else"];
n1100[label = "FarthestNeighbor"];
n110 -> n1100;
n1101[label = "NearestInsertion"];
n110 -> n1101;
n1102[label = "CplexTerminal"];
n110 -> n1102;
n11 -> n110;
n111[label = "If_Then"];
n1110[label = "CplexTerminal"];
n111 -> n1110;
n1111[label = "NearestNeighbor"];
n111 -> n1111;
n11 -> n111;
n1 -> n11;
n -> n1;
}


Generation: 47
Best Individual:
Subpopulation 0:
Evaluated: true
Fitness: Standardized=0.0019538063 Adjusted=0.99805 Hits=6
Tree 0:
digraph g {
node [shape=rectangle];
n[label = "If_Then"];
n0[label = "FarthestInsertion"];
n -> n0;
n1[label = "Or"];
n10[label = "While"];
n100[label = "If_Then_Else"];
n1000[label = "FarthestInsertion"];
n100 -> n1000;
n1001[label = "CplexTerminal"];
n100 -> n1001;
n1002[label = "CplexTerminal"];
n100 -> n1002;
n10 -> n100;
n101[label = "FarthestInsertion"];
n10 -> n101;
n1 -> n10;
n11[label = "While"];
n110[label = "If_Then_Else"];
n1100[label = "FarthestNeighbor"];
n110 -> n1100;
n1101[label = "NearestInsertion"];
n110 -> n1101;
n1102[label = "CplexTerminal"];
n110 -> n1102;
n11 -> n110;
n111[label = "If_Then"];
n1110[label = "CplexTerminal"];
n111 -> n1110;
n1111[label = "NearestNeighbor"];
n111 -> n1111;
n11 -> n111;
n1 -> n11;
n -> n1;
}


Generation: 48
Best Individual:
Subpopulation 0:
Evaluated: true
Fitness: Standardized=0.0019538063 Adjusted=0.99805 Hits=6
Tree 0:
digraph g {
node [shape=rectangle];
n[label = "If_Then"];
n0[label = "FarthestInsertion"];
n -> n0;
n1[label = "Or"];
n10[label = "While"];
n100[label = "If_Then_Else"];
n1000[label = "FarthestInsertion"];
n100 -> n1000;
n1001[label = "CplexTerminal"];
n100 -> n1001;
n1002[label = "CplexTerminal"];
n100 -> n1002;
n10 -> n100;
n101[label = "FarthestInsertion"];
n10 -> n101;
n1 -> n10;
n11[label = "While"];
n110[label = "If_Then_Else"];
n1100[label = "FarthestNeighbor"];
n110 -> n1100;
n1101[label = "NearestInsertion"];
n110 -> n1101;
n1102[label = "CplexTerminal"];
n110 -> n1102;
n11 -> n110;
n111[label = "If_Then"];
n1110[label = "CplexTerminal"];
n111 -> n1110;
n1111[label = "NearestNeighbor"];
n111 -> n1111;
n11 -> n111;
n1 -> n11;
n -> n1;
}


Generation: 49
Best Individual:
Subpopulation 0:
Evaluated: true
Fitness: Standardized=0.0019538063 Adjusted=0.99805 Hits=6
Tree 0:
digraph g {
node [shape=rectangle];
n[label = "If_Then"];
n0[label = "FarthestInsertion"];
n -> n0;
n1[label = "Or"];
n10[label = "While"];
n100[label = "If_Then_Else"];
n1000[label = "FarthestInsertion"];
n100 -> n1000;
n1001[label = "CplexTerminal"];
n100 -> n1001;
n1002[label = "CplexTerminal"];
n100 -> n1002;
n10 -> n100;
n101[label = "FarthestInsertion"];
n10 -> n101;
n1 -> n10;
n11[label = "While"];
n110[label = "If_Then_Else"];
n1100[label = "FarthestNeighbor"];
n110 -> n1100;
n1101[label = "NearestInsertion"];
n110 -> n1101;
n1102[label = "CplexTerminal"];
n110 -> n1102;
n11 -> n110;
n111[label = "If_Then"];
n1110[label = "CplexTerminal"];
n111 -> n1110;
n1111[label = "NearestNeighbor"];
n111 -> n1111;
n11 -> n111;
n1 -> n11;
n -> n1;
}


Generation: 50
Best Individual:
Subpopulation 0:
Evaluated: true
Fitness: Standardized=0.0019538063 Adjusted=0.99805 Hits=6
Tree 0:
digraph g {
node [shape=rectangle];
n[label = "If_Then"];
n0[label = "FarthestInsertion"];
n -> n0;
n1[label = "Or"];
n10[label = "While"];
n100[label = "If_Then_Else"];
n1000[label = "FarthestInsertion"];
n100 -> n1000;
n1001[label = "CplexTerminal"];
n100 -> n1001;
n1002[label = "CplexTerminal"];
n100 -> n1002;
n10 -> n100;
n101[label = "FarthestInsertion"];
n10 -> n101;
n1 -> n10;
n11[label = "While"];
n110[label = "If_Then_Else"];
n1100[label = "FarthestNeighbor"];
n110 -> n1100;
n1101[label = "NearestInsertion"];
n110 -> n1101;
n1102[label = "CplexTerminal"];
n110 -> n1102;
n11 -> n110;
n111[label = "If_Then"];
n1110[label = "CplexTerminal"];
n111 -> n1110;
n1111[label = "NearestNeighbor"];
n111 -> n1111;
n11 -> n111;
n1 -> n11;
n -> n1;
}


Generation: 51
Best Individual:
Subpopulation 0:
Evaluated: true
Fitness: Standardized=0.0019538063 Adjusted=0.99805 Hits=6
Tree 0:
digraph g {
node [shape=rectangle];
n[label = "If_Then"];
n0[label = "FarthestInsertion"];
n -> n0;
n1[label = "Or"];
n10[label = "While"];
n100[label = "If_Then_Else"];
n1000[label = "FarthestInsertion"];
n100 -> n1000;
n1001[label = "CplexTerminal"];
n100 -> n1001;
n1002[label = "CplexTerminal"];
n100 -> n1002;
n10 -> n100;
n101[label = "FarthestInsertion"];
n10 -> n101;
n1 -> n10;
n11[label = "While"];
n110[label = "If_Then_Else"];
n1100[label = "FarthestNeighbor"];
n110 -> n1100;
n1101[label = "NearestInsertion"];
n110 -> n1101;
n1102[label = "CplexTerminal"];
n110 -> n1102;
n11 -> n110;
n111[label = "If_Then"];
n1110[label = "CplexTerminal"];
n111 -> n1110;
n1111[label = "NearestNeighbor"];
n111 -> n1111;
n11 -> n111;
n1 -> n11;
n -> n1;
}


Generation: 52
Best Individual:
Subpopulation 0:
Evaluated: true
Fitness: Standardized=0.0019538063 Adjusted=0.99805 Hits=6
Tree 0:
digraph g {
node [shape=rectangle];
n[label = "If_Then"];
n0[label = "FarthestInsertion"];
n -> n0;
n1[label = "Or"];
n10[label = "While"];
n100[label = "If_Then_Else"];
n1000[label = "FarthestInsertion"];
n100 -> n1000;
n1001[label = "CplexTerminal"];
n100 -> n1001;
n1002[label = "CplexTerminal"];
n100 -> n1002;
n10 -> n100;
n101[label = "FarthestInsertion"];
n10 -> n101;
n1 -> n10;
n11[label = "While"];
n110[label = "If_Then_Else"];
n1100[label = "FarthestNeighbor"];
n110 -> n1100;
n1101[label = "NearestInsertion"];
n110 -> n1101;
n1102[label = "CplexTerminal"];
n110 -> n1102;
n11 -> n110;
n111[label = "If_Then"];
n1110[label = "CplexTerminal"];
n111 -> n1110;
n1111[label = "NearestNeighbor"];
n111 -> n1111;
n11 -> n111;
n1 -> n11;
n -> n1;
}


Generation: 53
Best Individual:
Subpopulation 0:
Evaluated: true
Fitness: Standardized=0.0019538063 Adjusted=0.99805 Hits=6
Tree 0:
digraph g {
node [shape=rectangle];
n[label = "If_Then"];
n0[label = "FarthestInsertion"];
n -> n0;
n1[label = "Or"];
n10[label = "While"];
n100[label = "If_Then_Else"];
n1000[label = "FarthestInsertion"];
n100 -> n1000;
n1001[label = "CplexTerminal"];
n100 -> n1001;
n1002[label = "CplexTerminal"];
n100 -> n1002;
n10 -> n100;
n101[label = "FarthestInsertion"];
n10 -> n101;
n1 -> n10;
n11[label = "While"];
n110[label = "If_Then_Else"];
n1100[label = "FarthestNeighbor"];
n110 -> n1100;
n1101[label = "NearestInsertion"];
n110 -> n1101;
n1102[label = "CplexTerminal"];
n110 -> n1102;
n11 -> n110;
n111[label = "If_Then"];
n1110[label = "CplexTerminal"];
n111 -> n1110;
n1111[label = "NearestNeighbor"];
n111 -> n1111;
n11 -> n111;
n1 -> n11;
n -> n1;
}


Generation: 54
Best Individual:
Subpopulation 0:
Evaluated: true
Fitness: Standardized=0.0019538063 Adjusted=0.99805 Hits=6
Tree 0:
digraph g {
node [shape=rectangle];
n[label = "If_Then"];
n0[label = "FarthestInsertion"];
n -> n0;
n1[label = "Or"];
n10[label = "While"];
n100[label = "If_Then_Else"];
n1000[label = "FarthestInsertion"];
n100 -> n1000;
n1001[label = "CplexTerminal"];
n100 -> n1001;
n1002[label = "CplexTerminal"];
n100 -> n1002;
n10 -> n100;
n101[label = "FarthestInsertion"];
n10 -> n101;
n1 -> n10;
n11[label = "While"];
n110[label = "If_Then_Else"];
n1100[label = "FarthestNeighbor"];
n110 -> n1100;
n1101[label = "NearestInsertion"];
n110 -> n1101;
n1102[label = "CplexTerminal"];
n110 -> n1102;
n11 -> n110;
n111[label = "If_Then"];
n1110[label = "CplexTerminal"];
n111 -> n1110;
n1111[label = "NearestNeighbor"];
n111 -> n1111;
n11 -> n111;
n1 -> n11;
n -> n1;
}


Generation: 55
Best Individual:
Subpopulation 0:
Evaluated: true
Fitness: Standardized=0.0019538063 Adjusted=0.99805 Hits=6
Tree 0:
digraph g {
node [shape=rectangle];
n[label = "If_Then"];
n0[label = "FarthestInsertion"];
n -> n0;
n1[label = "Or"];
n10[label = "While"];
n100[label = "If_Then_Else"];
n1000[label = "FarthestInsertion"];
n100 -> n1000;
n1001[label = "CplexTerminal"];
n100 -> n1001;
n1002[label = "CplexTerminal"];
n100 -> n1002;
n10 -> n100;
n101[label = "FarthestInsertion"];
n10 -> n101;
n1 -> n10;
n11[label = "While"];
n110[label = "If_Then_Else"];
n1100[label = "FarthestNeighbor"];
n110 -> n1100;
n1101[label = "NearestInsertion"];
n110 -> n1101;
n1102[label = "CplexTerminal"];
n110 -> n1102;
n11 -> n110;
n111[label = "If_Then"];
n1110[label = "CplexTerminal"];
n111 -> n1110;
n1111[label = "NearestNeighbor"];
n111 -> n1111;
n11 -> n111;
n1 -> n11;
n -> n1;
}


Generation: 56
Best Individual:
Subpopulation 0:
Evaluated: true
Fitness: Standardized=0.0019538063 Adjusted=0.99805 Hits=6
Tree 0:
digraph g {
node [shape=rectangle];
n[label = "If_Then"];
n0[label = "FarthestInsertion"];
n -> n0;
n1[label = "Or"];
n10[label = "While"];
n100[label = "If_Then_Else"];
n1000[label = "FarthestInsertion"];
n100 -> n1000;
n1001[label = "CplexTerminal"];
n100 -> n1001;
n1002[label = "CplexTerminal"];
n100 -> n1002;
n10 -> n100;
n101[label = "FarthestInsertion"];
n10 -> n101;
n1 -> n10;
n11[label = "While"];
n110[label = "If_Then_Else"];
n1100[label = "FarthestNeighbor"];
n110 -> n1100;
n1101[label = "NearestInsertion"];
n110 -> n1101;
n1102[label = "CplexTerminal"];
n110 -> n1102;
n11 -> n110;
n111[label = "If_Then"];
n1110[label = "CplexTerminal"];
n111 -> n1110;
n1111[label = "NearestNeighbor"];
n111 -> n1111;
n11 -> n111;
n1 -> n11;
n -> n1;
}


Generation: 57
Best Individual:
Subpopulation 0:
Evaluated: true
Fitness: Standardized=0.0019538063 Adjusted=0.99805 Hits=6
Tree 0:
digraph g {
node [shape=rectangle];
n[label = "If_Then"];
n0[label = "FarthestInsertion"];
n -> n0;
n1[label = "Or"];
n10[label = "While"];
n100[label = "If_Then_Else"];
n1000[label = "FarthestInsertion"];
n100 -> n1000;
n1001[label = "CplexTerminal"];
n100 -> n1001;
n1002[label = "CplexTerminal"];
n100 -> n1002;
n10 -> n100;
n101[label = "FarthestInsertion"];
n10 -> n101;
n1 -> n10;
n11[label = "While"];
n110[label = "If_Then_Else"];
n1100[label = "FarthestNeighbor"];
n110 -> n1100;
n1101[label = "NearestInsertion"];
n110 -> n1101;
n1102[label = "CplexTerminal"];
n110 -> n1102;
n11 -> n110;
n111[label = "If_Then"];
n1110[label = "CplexTerminal"];
n111 -> n1110;
n1111[label = "NearestNeighbor"];
n111 -> n1111;
n11 -> n111;
n1 -> n11;
n -> n1;
}


Generation: 58
Best Individual:
Subpopulation 0:
Evaluated: true
Fitness: Standardized=0.0019538063 Adjusted=0.99805 Hits=6
Tree 0:
digraph g {
node [shape=rectangle];
n[label = "If_Then"];
n0[label = "FarthestInsertion"];
n -> n0;
n1[label = "Or"];
n10[label = "While"];
n100[label = "If_Then_Else"];
n1000[label = "FarthestInsertion"];
n100 -> n1000;
n1001[label = "CplexTerminal"];
n100 -> n1001;
n1002[label = "CplexTerminal"];
n100 -> n1002;
n10 -> n100;
n101[label = "FarthestInsertion"];
n10 -> n101;
n1 -> n10;
n11[label = "While"];
n110[label = "If_Then_Else"];
n1100[label = "FarthestNeighbor"];
n110 -> n1100;
n1101[label = "NearestInsertion"];
n110 -> n1101;
n1102[label = "CplexTerminal"];
n110 -> n1102;
n11 -> n110;
n111[label = "If_Then"];
n1110[label = "CplexTerminal"];
n111 -> n1110;
n1111[label = "NearestNeighbor"];
n111 -> n1111;
n11 -> n111;
n1 -> n11;
n -> n1;
}


Generation: 59
Best Individual:
Subpopulation 0:
Evaluated: true
Fitness: Standardized=0.0019538063 Adjusted=0.99805 Hits=6
Tree 0:
digraph g {
node [shape=rectangle];
n[label = "If_Then"];
n0[label = "FarthestInsertion"];
n -> n0;
n1[label = "Or"];
n10[label = "While"];
n100[label = "If_Then_Else"];
n1000[label = "FarthestInsertion"];
n100 -> n1000;
n1001[label = "CplexTerminal"];
n100 -> n1001;
n1002[label = "CplexTerminal"];
n100 -> n1002;
n10 -> n100;
n101[label = "FarthestInsertion"];
n10 -> n101;
n1 -> n10;
n11[label = "While"];
n110[label = "If_Then_Else"];
n1100[label = "FarthestNeighbor"];
n110 -> n1100;
n1101[label = "NearestInsertion"];
n110 -> n1101;
n1102[label = "CplexTerminal"];
n110 -> n1102;
n11 -> n110;
n111[label = "If_Then"];
n1110[label = "CplexTerminal"];
n111 -> n1110;
n1111[label = "NearestNeighbor"];
n111 -> n1111;
n11 -> n111;
n1 -> n11;
n -> n1;
}


Generation: 60
Best Individual:
Subpopulation 0:
Evaluated: true
Fitness: Standardized=0.0019538063 Adjusted=0.99805 Hits=6
Tree 0:
digraph g {
node [shape=rectangle];
n[label = "If_Then"];
n0[label = "FarthestInsertion"];
n -> n0;
n1[label = "Or"];
n10[label = "While"];
n100[label = "If_Then_Else"];
n1000[label = "FarthestInsertion"];
n100 -> n1000;
n1001[label = "CplexTerminal"];
n100 -> n1001;
n1002[label = "CplexTerminal"];
n100 -> n1002;
n10 -> n100;
n101[label = "FarthestInsertion"];
n10 -> n101;
n1 -> n10;
n11[label = "While"];
n110[label = "If_Then_Else"];
n1100[label = "FarthestNeighbor"];
n110 -> n1100;
n1101[label = "NearestInsertion"];
n110 -> n1101;
n1102[label = "CplexTerminal"];
n110 -> n1102;
n11 -> n110;
n111[label = "If_Then"];
n1110[label = "CplexTerminal"];
n111 -> n1110;
n1111[label = "NearestNeighbor"];
n111 -> n1111;
n11 -> n111;
n1 -> n11;
n -> n1;
}


Generation: 61
Best Individual:
Subpopulation 0:
Evaluated: true
Fitness: Standardized=0.0019538063 Adjusted=0.99805 Hits=6
Tree 0:
digraph g {
node [shape=rectangle];
n[label = "If_Then"];
n0[label = "FarthestInsertion"];
n -> n0;
n1[label = "Or"];
n10[label = "While"];
n100[label = "If_Then_Else"];
n1000[label = "FarthestInsertion"];
n100 -> n1000;
n1001[label = "CplexTerminal"];
n100 -> n1001;
n1002[label = "CplexTerminal"];
n100 -> n1002;
n10 -> n100;
n101[label = "FarthestInsertion"];
n10 -> n101;
n1 -> n10;
n11[label = "While"];
n110[label = "If_Then_Else"];
n1100[label = "FarthestNeighbor"];
n110 -> n1100;
n1101[label = "NearestInsertion"];
n110 -> n1101;
n1102[label = "CplexTerminal"];
n110 -> n1102;
n11 -> n110;
n111[label = "If_Then"];
n1110[label = "CplexTerminal"];
n111 -> n1110;
n1111[label = "NearestNeighbor"];
n111 -> n1111;
n11 -> n111;
n1 -> n11;
n -> n1;
}


Generation: 62
Best Individual:
Subpopulation 0:
Evaluated: true
Fitness: Standardized=0.0019538063 Adjusted=0.99805 Hits=6
Tree 0:
digraph g {
node [shape=rectangle];
n[label = "If_Then"];
n0[label = "FarthestInsertion"];
n -> n0;
n1[label = "Or"];
n10[label = "While"];
n100[label = "If_Then_Else"];
n1000[label = "FarthestInsertion"];
n100 -> n1000;
n1001[label = "CplexTerminal"];
n100 -> n1001;
n1002[label = "CplexTerminal"];
n100 -> n1002;
n10 -> n100;
n101[label = "FarthestInsertion"];
n10 -> n101;
n1 -> n10;
n11[label = "While"];
n110[label = "If_Then_Else"];
n1100[label = "FarthestNeighbor"];
n110 -> n1100;
n1101[label = "NearestInsertion"];
n110 -> n1101;
n1102[label = "CplexTerminal"];
n110 -> n1102;
n11 -> n110;
n111[label = "If_Then"];
n1110[label = "CplexTerminal"];
n111 -> n1110;
n1111[label = "NearestNeighbor"];
n111 -> n1111;
n11 -> n111;
n1 -> n11;
n -> n1;
}


Generation: 63
Best Individual:
Subpopulation 0:
Evaluated: true
Fitness: Standardized=0.0019538063 Adjusted=0.99805 Hits=6
Tree 0:
digraph g {
node [shape=rectangle];
n[label = "If_Then"];
n0[label = "FarthestInsertion"];
n -> n0;
n1[label = "Or"];
n10[label = "While"];
n100[label = "If_Then_Else"];
n1000[label = "FarthestInsertion"];
n100 -> n1000;
n1001[label = "CplexTerminal"];
n100 -> n1001;
n1002[label = "CplexTerminal"];
n100 -> n1002;
n10 -> n100;
n101[label = "FarthestInsertion"];
n10 -> n101;
n1 -> n10;
n11[label = "While"];
n110[label = "If_Then_Else"];
n1100[label = "FarthestNeighbor"];
n110 -> n1100;
n1101[label = "NearestInsertion"];
n110 -> n1101;
n1102[label = "CplexTerminal"];
n110 -> n1102;
n11 -> n110;
n111[label = "If_Then"];
n1110[label = "CplexTerminal"];
n111 -> n1110;
n1111[label = "NearestNeighbor"];
n111 -> n1111;
n11 -> n111;
n1 -> n11;
n -> n1;
}


Generation: 64
Best Individual:
Subpopulation 0:
Evaluated: true
Fitness: Standardized=0.0019538063 Adjusted=0.99805 Hits=6
Tree 0:
digraph g {
node [shape=rectangle];
n[label = "If_Then"];
n0[label = "FarthestInsertion"];
n -> n0;
n1[label = "Or"];
n10[label = "While"];
n100[label = "If_Then_Else"];
n1000[label = "FarthestInsertion"];
n100 -> n1000;
n1001[label = "CplexTerminal"];
n100 -> n1001;
n1002[label = "CplexTerminal"];
n100 -> n1002;
n10 -> n100;
n101[label = "FarthestInsertion"];
n10 -> n101;
n1 -> n10;
n11[label = "While"];
n110[label = "If_Then_Else"];
n1100[label = "FarthestNeighbor"];
n110 -> n1100;
n1101[label = "NearestInsertion"];
n110 -> n1101;
n1102[label = "CplexTerminal"];
n110 -> n1102;
n11 -> n110;
n111[label = "If_Then"];
n1110[label = "CplexTerminal"];
n111 -> n1110;
n1111[label = "NearestNeighbor"];
n111 -> n1111;
n11 -> n111;
n1 -> n11;
n -> n1;
}


Generation: 65
Best Individual:
Subpopulation 0:
Evaluated: true
Fitness: Standardized=0.0019538063 Adjusted=0.99805 Hits=6
Tree 0:
digraph g {
node [shape=rectangle];
n[label = "If_Then"];
n0[label = "FarthestInsertion"];
n -> n0;
n1[label = "Or"];
n10[label = "While"];
n100[label = "If_Then_Else"];
n1000[label = "FarthestInsertion"];
n100 -> n1000;
n1001[label = "CplexTerminal"];
n100 -> n1001;
n1002[label = "CplexTerminal"];
n100 -> n1002;
n10 -> n100;
n101[label = "FarthestInsertion"];
n10 -> n101;
n1 -> n10;
n11[label = "While"];
n110[label = "If_Then_Else"];
n1100[label = "FarthestNeighbor"];
n110 -> n1100;
n1101[label = "NearestInsertion"];
n110 -> n1101;
n1102[label = "CplexTerminal"];
n110 -> n1102;
n11 -> n110;
n111[label = "If_Then"];
n1110[label = "CplexTerminal"];
n111 -> n1110;
n1111[label = "NearestNeighbor"];
n111 -> n1111;
n11 -> n111;
n1 -> n11;
n -> n1;
}


Generation: 66
Best Individual:
Subpopulation 0:
Evaluated: true
Fitness: Standardized=0.0019538063 Adjusted=0.99805 Hits=6
Tree 0:
digraph g {
node [shape=rectangle];
n[label = "If_Then"];
n0[label = "FarthestInsertion"];
n -> n0;
n1[label = "Or"];
n10[label = "While"];
n100[label = "If_Then_Else"];
n1000[label = "FarthestInsertion"];
n100 -> n1000;
n1001[label = "CplexTerminal"];
n100 -> n1001;
n1002[label = "CplexTerminal"];
n100 -> n1002;
n10 -> n100;
n101[label = "FarthestInsertion"];
n10 -> n101;
n1 -> n10;
n11[label = "While"];
n110[label = "If_Then_Else"];
n1100[label = "FarthestNeighbor"];
n110 -> n1100;
n1101[label = "NearestInsertion"];
n110 -> n1101;
n1102[label = "CplexTerminal"];
n110 -> n1102;
n11 -> n110;
n111[label = "If_Then"];
n1110[label = "CplexTerminal"];
n111 -> n1110;
n1111[label = "NearestNeighbor"];
n111 -> n1111;
n11 -> n111;
n1 -> n11;
n -> n1;
}


Generation: 67
Best Individual:
Subpopulation 0:
Evaluated: true
Fitness: Standardized=0.0019538063 Adjusted=0.99805 Hits=6
Tree 0:
digraph g {
node [shape=rectangle];
n[label = "If_Then"];
n0[label = "FarthestInsertion"];
n -> n0;
n1[label = "Or"];
n10[label = "While"];
n100[label = "If_Then_Else"];
n1000[label = "FarthestInsertion"];
n100 -> n1000;
n1001[label = "CplexTerminal"];
n100 -> n1001;
n1002[label = "CplexTerminal"];
n100 -> n1002;
n10 -> n100;
n101[label = "FarthestInsertion"];
n10 -> n101;
n1 -> n10;
n11[label = "While"];
n110[label = "If_Then_Else"];
n1100[label = "FarthestNeighbor"];
n110 -> n1100;
n1101[label = "NearestInsertion"];
n110 -> n1101;
n1102[label = "CplexTerminal"];
n110 -> n1102;
n11 -> n110;
n111[label = "If_Then"];
n1110[label = "CplexTerminal"];
n111 -> n1110;
n1111[label = "NearestNeighbor"];
n111 -> n1111;
n11 -> n111;
n1 -> n11;
n -> n1;
}


Generation: 68
Best Individual:
Subpopulation 0:
Evaluated: true
Fitness: Standardized=0.0019538063 Adjusted=0.99805 Hits=6
Tree 0:
digraph g {
node [shape=rectangle];
n[label = "If_Then"];
n0[label = "FarthestInsertion"];
n -> n0;
n1[label = "Or"];
n10[label = "While"];
n100[label = "If_Then_Else"];
n1000[label = "FarthestInsertion"];
n100 -> n1000;
n1001[label = "CplexTerminal"];
n100 -> n1001;
n1002[label = "CplexTerminal"];
n100 -> n1002;
n10 -> n100;
n101[label = "FarthestInsertion"];
n10 -> n101;
n1 -> n10;
n11[label = "While"];
n110[label = "If_Then_Else"];
n1100[label = "FarthestNeighbor"];
n110 -> n1100;
n1101[label = "NearestInsertion"];
n110 -> n1101;
n1102[label = "CplexTerminal"];
n110 -> n1102;
n11 -> n110;
n111[label = "If_Then"];
n1110[label = "CplexTerminal"];
n111 -> n1110;
n1111[label = "NearestNeighbor"];
n111 -> n1111;
n11 -> n111;
n1 -> n11;
n -> n1;
}


Generation: 69
Best Individual:
Subpopulation 0:
Evaluated: true
Fitness: Standardized=0.0019538063 Adjusted=0.99805 Hits=6
Tree 0:
digraph g {
node [shape=rectangle];
n[label = "If_Then"];
n0[label = "FarthestInsertion"];
n -> n0;
n1[label = "Or"];
n10[label = "While"];
n100[label = "If_Then_Else"];
n1000[label = "FarthestInsertion"];
n100 -> n1000;
n1001[label = "CplexTerminal"];
n100 -> n1001;
n1002[label = "CplexTerminal"];
n100 -> n1002;
n10 -> n100;
n101[label = "FarthestInsertion"];
n10 -> n101;
n1 -> n10;
n11[label = "While"];
n110[label = "If_Then_Else"];
n1100[label = "FarthestNeighbor"];
n110 -> n1100;
n1101[label = "NearestInsertion"];
n110 -> n1101;
n1102[label = "CplexTerminal"];
n110 -> n1102;
n11 -> n110;
n111[label = "If_Then"];
n1110[label = "CplexTerminal"];
n111 -> n1110;
n1111[label = "NearestNeighbor"];
n111 -> n1111;
n11 -> n111;
n1 -> n11;
n -> n1;
}


Generation: 70
Best Individual:
Subpopulation 0:
Evaluated: true
Fitness: Standardized=0.0019538063 Adjusted=0.99805 Hits=6
Tree 0:
digraph g {
node [shape=rectangle];
n[label = "If_Then"];
n0[label = "FarthestInsertion"];
n -> n0;
n1[label = "Or"];
n10[label = "While"];
n100[label = "If_Then_Else"];
n1000[label = "FarthestInsertion"];
n100 -> n1000;
n1001[label = "CplexTerminal"];
n100 -> n1001;
n1002[label = "CplexTerminal"];
n100 -> n1002;
n10 -> n100;
n101[label = "FarthestInsertion"];
n10 -> n101;
n1 -> n10;
n11[label = "While"];
n110[label = "If_Then_Else"];
n1100[label = "FarthestNeighbor"];
n110 -> n1100;
n1101[label = "NearestInsertion"];
n110 -> n1101;
n1102[label = "CplexTerminal"];
n110 -> n1102;
n11 -> n110;
n111[label = "If_Then"];
n1110[label = "CplexTerminal"];
n111 -> n1110;
n1111[label = "NearestNeighbor"];
n111 -> n1111;
n11 -> n111;
n1 -> n11;
n -> n1;
}


Generation: 71
Best Individual:
Subpopulation 0:
Evaluated: true
Fitness: Standardized=0.0019538063 Adjusted=0.99805 Hits=6
Tree 0:
digraph g {
node [shape=rectangle];
n[label = "If_Then"];
n0[label = "FarthestInsertion"];
n -> n0;
n1[label = "Or"];
n10[label = "While"];
n100[label = "If_Then_Else"];
n1000[label = "FarthestInsertion"];
n100 -> n1000;
n1001[label = "CplexTerminal"];
n100 -> n1001;
n1002[label = "CplexTerminal"];
n100 -> n1002;
n10 -> n100;
n101[label = "FarthestInsertion"];
n10 -> n101;
n1 -> n10;
n11[label = "While"];
n110[label = "If_Then_Else"];
n1100[label = "FarthestNeighbor"];
n110 -> n1100;
n1101[label = "NearestInsertion"];
n110 -> n1101;
n1102[label = "CplexTerminal"];
n110 -> n1102;
n11 -> n110;
n111[label = "If_Then"];
n1110[label = "CplexTerminal"];
n111 -> n1110;
n1111[label = "NearestNeighbor"];
n111 -> n1111;
n11 -> n111;
n1 -> n11;
n -> n1;
}


Generation: 72
Best Individual:
Subpopulation 0:
Evaluated: true
Fitness: Standardized=0.0019538063 Adjusted=0.99805 Hits=6
Tree 0:
digraph g {
node [shape=rectangle];
n[label = "If_Then"];
n0[label = "FarthestInsertion"];
n -> n0;
n1[label = "Or"];
n10[label = "While"];
n100[label = "If_Then_Else"];
n1000[label = "FarthestInsertion"];
n100 -> n1000;
n1001[label = "CplexTerminal"];
n100 -> n1001;
n1002[label = "CplexTerminal"];
n100 -> n1002;
n10 -> n100;
n101[label = "FarthestInsertion"];
n10 -> n101;
n1 -> n10;
n11[label = "While"];
n110[label = "If_Then_Else"];
n1100[label = "FarthestNeighbor"];
n110 -> n1100;
n1101[label = "NearestInsertion"];
n110 -> n1101;
n1102[label = "CplexTerminal"];
n110 -> n1102;
n11 -> n110;
n111[label = "If_Then"];
n1110[label = "CplexTerminal"];
n111 -> n1110;
n1111[label = "NearestNeighbor"];
n111 -> n1111;
n11 -> n111;
n1 -> n11;
n -> n1;
}


Generation: 73
Best Individual:
Subpopulation 0:
Evaluated: true
Fitness: Standardized=0.0019538063 Adjusted=0.99805 Hits=6
Tree 0:
digraph g {
node [shape=rectangle];
n[label = "If_Then"];
n0[label = "FarthestInsertion"];
n -> n0;
n1[label = "Or"];
n10[label = "While"];
n100[label = "If_Then_Else"];
n1000[label = "FarthestInsertion"];
n100 -> n1000;
n1001[label = "CplexTerminal"];
n100 -> n1001;
n1002[label = "CplexTerminal"];
n100 -> n1002;
n10 -> n100;
n101[label = "FarthestInsertion"];
n10 -> n101;
n1 -> n10;
n11[label = "While"];
n110[label = "If_Then_Else"];
n1100[label = "FarthestNeighbor"];
n110 -> n1100;
n1101[label = "NearestInsertion"];
n110 -> n1101;
n1102[label = "CplexTerminal"];
n110 -> n1102;
n11 -> n110;
n111[label = "If_Then"];
n1110[label = "CplexTerminal"];
n111 -> n1110;
n1111[label = "NearestNeighbor"];
n111 -> n1111;
n11 -> n111;
n1 -> n11;
n -> n1;
}


Generation: 74
Best Individual:
Subpopulation 0:
Evaluated: true
Fitness: Standardized=0.0019538063 Adjusted=0.99805 Hits=6
Tree 0:
digraph g {
node [shape=rectangle];
n[label = "If_Then"];
n0[label = "FarthestInsertion"];
n -> n0;
n1[label = "Or"];
n10[label = "While"];
n100[label = "If_Then_Else"];
n1000[label = "FarthestInsertion"];
n100 -> n1000;
n1001[label = "CplexTerminal"];
n100 -> n1001;
n1002[label = "CplexTerminal"];
n100 -> n1002;
n10 -> n100;
n101[label = "FarthestInsertion"];
n10 -> n101;
n1 -> n10;
n11[label = "While"];
n110[label = "If_Then_Else"];
n1100[label = "FarthestNeighbor"];
n110 -> n1100;
n1101[label = "NearestInsertion"];
n110 -> n1101;
n1102[label = "CplexTerminal"];
n110 -> n1102;
n11 -> n110;
n111[label = "If_Then"];
n1110[label = "CplexTerminal"];
n111 -> n1110;
n1111[label = "NearestNeighbor"];
n111 -> n1111;
n11 -> n111;
n1 -> n11;
n -> n1;
}


Generation: 75
Best Individual:
Subpopulation 0:
Evaluated: true
Fitness: Standardized=0.0019538063 Adjusted=0.99805 Hits=6
Tree 0:
digraph g {
node [shape=rectangle];
n[label = "If_Then"];
n0[label = "FarthestInsertion"];
n -> n0;
n1[label = "Or"];
n10[label = "While"];
n100[label = "If_Then_Else"];
n1000[label = "FarthestInsertion"];
n100 -> n1000;
n1001[label = "CplexTerminal"];
n100 -> n1001;
n1002[label = "CplexTerminal"];
n100 -> n1002;
n10 -> n100;
n101[label = "FarthestInsertion"];
n10 -> n101;
n1 -> n10;
n11[label = "While"];
n110[label = "If_Then_Else"];
n1100[label = "FarthestNeighbor"];
n110 -> n1100;
n1101[label = "NearestInsertion"];
n110 -> n1101;
n1102[label = "CplexTerminal"];
n110 -> n1102;
n11 -> n110;
n111[label = "If_Then"];
n1110[label = "CplexTerminal"];
n111 -> n1110;
n1111[label = "NearestNeighbor"];
n111 -> n1111;
n11 -> n111;
n1 -> n11;
n -> n1;
}


Generation: 76
Best Individual:
Subpopulation 0:
Evaluated: true
Fitness: Standardized=0.0019538063 Adjusted=0.99805 Hits=6
Tree 0:
digraph g {
node [shape=rectangle];
n[label = "If_Then"];
n0[label = "FarthestInsertion"];
n -> n0;
n1[label = "Or"];
n10[label = "While"];
n100[label = "If_Then_Else"];
n1000[label = "FarthestInsertion"];
n100 -> n1000;
n1001[label = "CplexTerminal"];
n100 -> n1001;
n1002[label = "CplexTerminal"];
n100 -> n1002;
n10 -> n100;
n101[label = "FarthestInsertion"];
n10 -> n101;
n1 -> n10;
n11[label = "While"];
n110[label = "If_Then_Else"];
n1100[label = "FarthestNeighbor"];
n110 -> n1100;
n1101[label = "NearestInsertion"];
n110 -> n1101;
n1102[label = "CplexTerminal"];
n110 -> n1102;
n11 -> n110;
n111[label = "If_Then"];
n1110[label = "CplexTerminal"];
n111 -> n1110;
n1111[label = "NearestNeighbor"];
n111 -> n1111;
n11 -> n111;
n1 -> n11;
n -> n1;
}


Generation: 77
Best Individual:
Subpopulation 0:
Evaluated: true
Fitness: Standardized=0.0019538063 Adjusted=0.99805 Hits=6
Tree 0:
digraph g {
node [shape=rectangle];
n[label = "If_Then"];
n0[label = "FarthestInsertion"];
n -> n0;
n1[label = "Or"];
n10[label = "While"];
n100[label = "If_Then_Else"];
n1000[label = "FarthestInsertion"];
n100 -> n1000;
n1001[label = "CplexTerminal"];
n100 -> n1001;
n1002[label = "CplexTerminal"];
n100 -> n1002;
n10 -> n100;
n101[label = "FarthestInsertion"];
n10 -> n101;
n1 -> n10;
n11[label = "While"];
n110[label = "If_Then_Else"];
n1100[label = "FarthestNeighbor"];
n110 -> n1100;
n1101[label = "NearestInsertion"];
n110 -> n1101;
n1102[label = "CplexTerminal"];
n110 -> n1102;
n11 -> n110;
n111[label = "If_Then"];
n1110[label = "CplexTerminal"];
n111 -> n1110;
n1111[label = "NearestNeighbor"];
n111 -> n1111;
n11 -> n111;
n1 -> n11;
n -> n1;
}


Generation: 78
Best Individual:
Subpopulation 0:
Evaluated: true
Fitness: Standardized=0.0019538063 Adjusted=0.99805 Hits=6
Tree 0:
digraph g {
node [shape=rectangle];
n[label = "If_Then"];
n0[label = "FarthestInsertion"];
n -> n0;
n1[label = "Or"];
n10[label = "While"];
n100[label = "If_Then_Else"];
n1000[label = "FarthestInsertion"];
n100 -> n1000;
n1001[label = "CplexTerminal"];
n100 -> n1001;
n1002[label = "CplexTerminal"];
n100 -> n1002;
n10 -> n100;
n101[label = "FarthestInsertion"];
n10 -> n101;
n1 -> n10;
n11[label = "While"];
n110[label = "If_Then_Else"];
n1100[label = "FarthestNeighbor"];
n110 -> n1100;
n1101[label = "NearestInsertion"];
n110 -> n1101;
n1102[label = "CplexTerminal"];
n110 -> n1102;
n11 -> n110;
n111[label = "If_Then"];
n1110[label = "CplexTerminal"];
n111 -> n1110;
n1111[label = "NearestNeighbor"];
n111 -> n1111;
n11 -> n111;
n1 -> n11;
n -> n1;
}


Generation: 79
Best Individual:
Subpopulation 0:
Evaluated: true
Fitness: Standardized=0.0019538063 Adjusted=0.99805 Hits=6
Tree 0:
digraph g {
node [shape=rectangle];
n[label = "If_Then"];
n0[label = "FarthestInsertion"];
n -> n0;
n1[label = "Or"];
n10[label = "While"];
n100[label = "If_Then_Else"];
n1000[label = "FarthestInsertion"];
n100 -> n1000;
n1001[label = "CplexTerminal"];
n100 -> n1001;
n1002[label = "CplexTerminal"];
n100 -> n1002;
n10 -> n100;
n101[label = "FarthestInsertion"];
n10 -> n101;
n1 -> n10;
n11[label = "While"];
n110[label = "If_Then_Else"];
n1100[label = "FarthestNeighbor"];
n110 -> n1100;
n1101[label = "NearestInsertion"];
n110 -> n1101;
n1102[label = "CplexTerminal"];
n110 -> n1102;
n11 -> n110;
n111[label = "If_Then"];
n1110[label = "CplexTerminal"];
n111 -> n1110;
n1111[label = "NearestNeighbor"];
n111 -> n1111;
n11 -> n111;
n1 -> n11;
n -> n1;
}


Generation: 80
Best Individual:
Subpopulation 0:
Evaluated: true
Fitness: Standardized=0.0019538063 Adjusted=0.99805 Hits=6
Tree 0:
digraph g {
node [shape=rectangle];
n[label = "If_Then"];
n0[label = "FarthestInsertion"];
n -> n0;
n1[label = "Or"];
n10[label = "While"];
n100[label = "If_Then_Else"];
n1000[label = "FarthestInsertion"];
n100 -> n1000;
n1001[label = "CplexTerminal"];
n100 -> n1001;
n1002[label = "CplexTerminal"];
n100 -> n1002;
n10 -> n100;
n101[label = "FarthestInsertion"];
n10 -> n101;
n1 -> n10;
n11[label = "While"];
n110[label = "If_Then_Else"];
n1100[label = "FarthestNeighbor"];
n110 -> n1100;
n1101[label = "NearestInsertion"];
n110 -> n1101;
n1102[label = "CplexTerminal"];
n110 -> n1102;
n11 -> n110;
n111[label = "If_Then"];
n1110[label = "CplexTerminal"];
n111 -> n1110;
n1111[label = "NearestNeighbor"];
n111 -> n1111;
n11 -> n111;
n1 -> n11;
n -> n1;
}


Generation: 81
Best Individual:
Subpopulation 0:
Evaluated: true
Fitness: Standardized=0.0019538063 Adjusted=0.99805 Hits=6
Tree 0:
digraph g {
node [shape=rectangle];
n[label = "If_Then"];
n0[label = "FarthestInsertion"];
n -> n0;
n1[label = "Or"];
n10[label = "While"];
n100[label = "If_Then_Else"];
n1000[label = "FarthestInsertion"];
n100 -> n1000;
n1001[label = "CplexTerminal"];
n100 -> n1001;
n1002[label = "CplexTerminal"];
n100 -> n1002;
n10 -> n100;
n101[label = "FarthestInsertion"];
n10 -> n101;
n1 -> n10;
n11[label = "While"];
n110[label = "If_Then_Else"];
n1100[label = "FarthestNeighbor"];
n110 -> n1100;
n1101[label = "NearestInsertion"];
n110 -> n1101;
n1102[label = "CplexTerminal"];
n110 -> n1102;
n11 -> n110;
n111[label = "If_Then"];
n1110[label = "CplexTerminal"];
n111 -> n1110;
n1111[label = "NearestNeighbor"];
n111 -> n1111;
n11 -> n111;
n1 -> n11;
n -> n1;
}


Generation: 82
Best Individual:
Subpopulation 0:
Evaluated: true
Fitness: Standardized=0.0019538063 Adjusted=0.99805 Hits=6
Tree 0:
digraph g {
node [shape=rectangle];
n[label = "If_Then"];
n0[label = "FarthestInsertion"];
n -> n0;
n1[label = "Or"];
n10[label = "While"];
n100[label = "If_Then_Else"];
n1000[label = "FarthestInsertion"];
n100 -> n1000;
n1001[label = "CplexTerminal"];
n100 -> n1001;
n1002[label = "CplexTerminal"];
n100 -> n1002;
n10 -> n100;
n101[label = "FarthestInsertion"];
n10 -> n101;
n1 -> n10;
n11[label = "While"];
n110[label = "If_Then_Else"];
n1100[label = "FarthestNeighbor"];
n110 -> n1100;
n1101[label = "NearestInsertion"];
n110 -> n1101;
n1102[label = "CplexTerminal"];
n110 -> n1102;
n11 -> n110;
n111[label = "If_Then"];
n1110[label = "CplexTerminal"];
n111 -> n1110;
n1111[label = "NearestNeighbor"];
n111 -> n1111;
n11 -> n111;
n1 -> n11;
n -> n1;
}


Generation: 83
Best Individual:
Subpopulation 0:
Evaluated: true
Fitness: Standardized=0.0019538063 Adjusted=0.99805 Hits=6
Tree 0:
digraph g {
node [shape=rectangle];
n[label = "If_Then"];
n0[label = "FarthestInsertion"];
n -> n0;
n1[label = "Or"];
n10[label = "While"];
n100[label = "If_Then_Else"];
n1000[label = "FarthestInsertion"];
n100 -> n1000;
n1001[label = "CplexTerminal"];
n100 -> n1001;
n1002[label = "CplexTerminal"];
n100 -> n1002;
n10 -> n100;
n101[label = "FarthestInsertion"];
n10 -> n101;
n1 -> n10;
n11[label = "While"];
n110[label = "If_Then_Else"];
n1100[label = "FarthestNeighbor"];
n110 -> n1100;
n1101[label = "NearestInsertion"];
n110 -> n1101;
n1102[label = "CplexTerminal"];
n110 -> n1102;
n11 -> n110;
n111[label = "If_Then"];
n1110[label = "CplexTerminal"];
n111 -> n1110;
n1111[label = "NearestNeighbor"];
n111 -> n1111;
n11 -> n111;
n1 -> n11;
n -> n1;
}


Generation: 84
Best Individual:
Subpopulation 0:
Evaluated: true
Fitness: Standardized=0.0019538063 Adjusted=0.99805 Hits=6
Tree 0:
digraph g {
node [shape=rectangle];
n[label = "If_Then"];
n0[label = "FarthestInsertion"];
n -> n0;
n1[label = "Or"];
n10[label = "While"];
n100[label = "If_Then_Else"];
n1000[label = "FarthestInsertion"];
n100 -> n1000;
n1001[label = "CplexTerminal"];
n100 -> n1001;
n1002[label = "CplexTerminal"];
n100 -> n1002;
n10 -> n100;
n101[label = "FarthestInsertion"];
n10 -> n101;
n1 -> n10;
n11[label = "While"];
n110[label = "If_Then_Else"];
n1100[label = "FarthestNeighbor"];
n110 -> n1100;
n1101[label = "NearestInsertion"];
n110 -> n1101;
n1102[label = "CplexTerminal"];
n110 -> n1102;
n11 -> n110;
n111[label = "If_Then"];
n1110[label = "CplexTerminal"];
n111 -> n1110;
n1111[label = "NearestNeighbor"];
n111 -> n1111;
n11 -> n111;
n1 -> n11;
n -> n1;
}


Generation: 85
Best Individual:
Subpopulation 0:
Evaluated: true
Fitness: Standardized=0.0019538063 Adjusted=0.99805 Hits=6
Tree 0:
digraph g {
node [shape=rectangle];
n[label = "If_Then"];
n0[label = "FarthestInsertion"];
n -> n0;
n1[label = "Or"];
n10[label = "While"];
n100[label = "If_Then_Else"];
n1000[label = "FarthestInsertion"];
n100 -> n1000;
n1001[label = "CplexTerminal"];
n100 -> n1001;
n1002[label = "CplexTerminal"];
n100 -> n1002;
n10 -> n100;
n101[label = "FarthestInsertion"];
n10 -> n101;
n1 -> n10;
n11[label = "While"];
n110[label = "If_Then_Else"];
n1100[label = "FarthestNeighbor"];
n110 -> n1100;
n1101[label = "NearestInsertion"];
n110 -> n1101;
n1102[label = "CplexTerminal"];
n110 -> n1102;
n11 -> n110;
n111[label = "If_Then"];
n1110[label = "CplexTerminal"];
n111 -> n1110;
n1111[label = "NearestNeighbor"];
n111 -> n1111;
n11 -> n111;
n1 -> n11;
n -> n1;
}


Generation: 86
Best Individual:
Subpopulation 0:
Evaluated: true
Fitness: Standardized=0.0019538063 Adjusted=0.99805 Hits=6
Tree 0:
digraph g {
node [shape=rectangle];
n[label = "If_Then"];
n0[label = "FarthestInsertion"];
n -> n0;
n1[label = "Or"];
n10[label = "While"];
n100[label = "If_Then_Else"];
n1000[label = "FarthestInsertion"];
n100 -> n1000;
n1001[label = "CplexTerminal"];
n100 -> n1001;
n1002[label = "CplexTerminal"];
n100 -> n1002;
n10 -> n100;
n101[label = "FarthestInsertion"];
n10 -> n101;
n1 -> n10;
n11[label = "While"];
n110[label = "If_Then_Else"];
n1100[label = "FarthestNeighbor"];
n110 -> n1100;
n1101[label = "NearestInsertion"];
n110 -> n1101;
n1102[label = "CplexTerminal"];
n110 -> n1102;
n11 -> n110;
n111[label = "If_Then"];
n1110[label = "CplexTerminal"];
n111 -> n1110;
n1111[label = "NearestNeighbor"];
n111 -> n1111;
n11 -> n111;
n1 -> n11;
n -> n1;
}


Generation: 87
Best Individual:
Subpopulation 0:
Evaluated: true
Fitness: Standardized=0.0019538063 Adjusted=0.99805 Hits=6
Tree 0:
digraph g {
node [shape=rectangle];
n[label = "If_Then"];
n0[label = "FarthestInsertion"];
n -> n0;
n1[label = "Or"];
n10[label = "While"];
n100[label = "If_Then_Else"];
n1000[label = "FarthestInsertion"];
n100 -> n1000;
n1001[label = "CplexTerminal"];
n100 -> n1001;
n1002[label = "CplexTerminal"];
n100 -> n1002;
n10 -> n100;
n101[label = "FarthestInsertion"];
n10 -> n101;
n1 -> n10;
n11[label = "While"];
n110[label = "If_Then_Else"];
n1100[label = "FarthestNeighbor"];
n110 -> n1100;
n1101[label = "NearestInsertion"];
n110 -> n1101;
n1102[label = "CplexTerminal"];
n110 -> n1102;
n11 -> n110;
n111[label = "If_Then"];
n1110[label = "CplexTerminal"];
n111 -> n1110;
n1111[label = "NearestNeighbor"];
n111 -> n1111;
n11 -> n111;
n1 -> n11;
n -> n1;
}


Generation: 88
Best Individual:
Subpopulation 0:
Evaluated: true
Fitness: Standardized=0.0019538063 Adjusted=0.99805 Hits=6
Tree 0:
digraph g {
node [shape=rectangle];
n[label = "If_Then"];
n0[label = "FarthestInsertion"];
n -> n0;
n1[label = "Or"];
n10[label = "While"];
n100[label = "If_Then_Else"];
n1000[label = "FarthestInsertion"];
n100 -> n1000;
n1001[label = "CplexTerminal"];
n100 -> n1001;
n1002[label = "CplexTerminal"];
n100 -> n1002;
n10 -> n100;
n101[label = "FarthestInsertion"];
n10 -> n101;
n1 -> n10;
n11[label = "While"];
n110[label = "If_Then_Else"];
n1100[label = "FarthestNeighbor"];
n110 -> n1100;
n1101[label = "NearestInsertion"];
n110 -> n1101;
n1102[label = "CplexTerminal"];
n110 -> n1102;
n11 -> n110;
n111[label = "If_Then"];
n1110[label = "CplexTerminal"];
n111 -> n1110;
n1111[label = "NearestNeighbor"];
n111 -> n1111;
n11 -> n111;
n1 -> n11;
n -> n1;
}


Generation: 89
Best Individual:
Subpopulation 0:
Evaluated: true
Fitness: Standardized=0.0019295183 Adjusted=0.9980742 Hits=6
Tree 0:
digraph g {
node [shape=rectangle];
n[label = "If_Then"];
n0[label = "FarthestInsertion"];
n -> n0;
n1[label = "Or"];
n10[label = "While"];
n100[label = "If_Then_Else"];
n1000[label = "FarthestNeighbor"];
n100 -> n1000;
n1001[label = "NearestInsertion"];
n100 -> n1001;
n1002[label = "CplexTerminal"];
n100 -> n1002;
n10 -> n100;
n101[label = "If_Then_Else"];
n1010[label = "FarthestNeighbor"];
n101 -> n1010;
n1011[label = "NearestInsertion"];
n101 -> n1011;
n1012[label = "CplexTerminal"];
n101 -> n1012;
n10 -> n101;
n1 -> n10;
n11[label = "While"];
n110[label = "If_Then_Else"];
n1100[label = "FarthestNeighbor"];
n110 -> n1100;
n1101[label = "NearestInsertion"];
n110 -> n1101;
n1102[label = "CplexTerminal"];
n110 -> n1102;
n11 -> n110;
n111[label = "And"];
n1110[label = "CplexTerminal"];
n111 -> n1110;
n1111[label = "NearestNeighbor"];
n111 -> n1111;
n11 -> n111;
n1 -> n11;
n -> n1;
}


Generation: 90
Best Individual:
Subpopulation 0:
Evaluated: true
Fitness: Standardized=0.0019295183 Adjusted=0.9980742 Hits=6
Tree 0:
digraph g {
node [shape=rectangle];
n[label = "If_Then"];
n0[label = "FarthestInsertion"];
n -> n0;
n1[label = "Or"];
n10[label = "While"];
n100[label = "If_Then_Else"];
n1000[label = "FarthestNeighbor"];
n100 -> n1000;
n1001[label = "NearestInsertion"];
n100 -> n1001;
n1002[label = "CplexTerminal"];
n100 -> n1002;
n10 -> n100;
n101[label = "If_Then_Else"];
n1010[label = "FarthestNeighbor"];
n101 -> n1010;
n1011[label = "NearestInsertion"];
n101 -> n1011;
n1012[label = "CplexTerminal"];
n101 -> n1012;
n10 -> n101;
n1 -> n10;
n11[label = "While"];
n110[label = "If_Then_Else"];
n1100[label = "FarthestNeighbor"];
n110 -> n1100;
n1101[label = "NearestInsertion"];
n110 -> n1101;
n1102[label = "CplexTerminal"];
n110 -> n1102;
n11 -> n110;
n111[label = "And"];
n1110[label = "CplexTerminal"];
n111 -> n1110;
n1111[label = "NearestNeighbor"];
n111 -> n1111;
n11 -> n111;
n1 -> n11;
n -> n1;
}


Generation: 91
Best Individual:
Subpopulation 0:
Evaluated: true
Fitness: Standardized=0.0012533173 Adjusted=0.9987482 Hits=6
Tree 0:
digraph g {
node [shape=rectangle];
n[label = "If_Then"];
n0[label = "FarthestInsertion"];
n -> n0;
n1[label = "While"];
n10[label = "If_Then_Else"];
n100[label = "If_Then"];
n1000[label = "CplexTerminal"];
n100 -> n1000;
n1001[label = "NearestNeighbor"];
n100 -> n1001;
n10 -> n100;
n101[label = "NearestInsertion"];
n10 -> n101;
n102[label = "CplexTerminal"];
n10 -> n102;
n1 -> n10;
n11[label = "If_Then"];
n110[label = "CplexTerminal"];
n11 -> n110;
n111[label = "NearestNeighbor"];
n11 -> n111;
n1 -> n11;
n -> n1;
}


Generation: 92
Best Individual:
Subpopulation 0:
Evaluated: true
Fitness: Standardized=0.0012533173 Adjusted=0.9987482 Hits=6
Tree 0:
digraph g {
node [shape=rectangle];
n[label = "If_Then"];
n0[label = "FarthestInsertion"];
n -> n0;
n1[label = "While"];
n10[label = "If_Then_Else"];
n100[label = "If_Then"];
n1000[label = "CplexTerminal"];
n100 -> n1000;
n1001[label = "NearestNeighbor"];
n100 -> n1001;
n10 -> n100;
n101[label = "NearestInsertion"];
n10 -> n101;
n102[label = "CplexTerminal"];
n10 -> n102;
n1 -> n10;
n11[label = "If_Then"];
n110[label = "CplexTerminal"];
n11 -> n110;
n111[label = "NearestNeighbor"];
n11 -> n111;
n1 -> n11;
n -> n1;
}


Generation: 93
Best Individual:
Subpopulation 0:
Evaluated: true
Fitness: Standardized=0.0012533173 Adjusted=0.9987482 Hits=6
Tree 0:
digraph g {
node [shape=rectangle];
n[label = "If_Then"];
n0[label = "FarthestInsertion"];
n -> n0;
n1[label = "While"];
n10[label = "If_Then_Else"];
n100[label = "If_Then"];
n1000[label = "CplexTerminal"];
n100 -> n1000;
n1001[label = "NearestNeighbor"];
n100 -> n1001;
n10 -> n100;
n101[label = "NearestInsertion"];
n10 -> n101;
n102[label = "CplexTerminal"];
n10 -> n102;
n1 -> n10;
n11[label = "If_Then"];
n110[label = "CplexTerminal"];
n11 -> n110;
n111[label = "NearestNeighbor"];
n11 -> n111;
n1 -> n11;
n -> n1;
}


Generation: 94
Best Individual:
Subpopulation 0:
Evaluated: true
Fitness: Standardized=0.0012533173 Adjusted=0.9987482 Hits=6
Tree 0:
digraph g {
node [shape=rectangle];
n[label = "If_Then"];
n0[label = "FarthestInsertion"];
n -> n0;
n1[label = "While"];
n10[label = "If_Then_Else"];
n100[label = "If_Then"];
n1000[label = "CplexTerminal"];
n100 -> n1000;
n1001[label = "NearestNeighbor"];
n100 -> n1001;
n10 -> n100;
n101[label = "NearestInsertion"];
n10 -> n101;
n102[label = "CplexTerminal"];
n10 -> n102;
n1 -> n10;
n11[label = "If_Then"];
n110[label = "CplexTerminal"];
n11 -> n110;
n111[label = "NearestNeighbor"];
n11 -> n111;
n1 -> n11;
n -> n1;
}


Generation: 95
Best Individual:
Subpopulation 0:
Evaluated: true
Fitness: Standardized=0.0012533173 Adjusted=0.9987482 Hits=6
Tree 0:
digraph g {
node [shape=rectangle];
n[label = "If_Then"];
n0[label = "FarthestInsertion"];
n -> n0;
n1[label = "While"];
n10[label = "If_Then_Else"];
n100[label = "If_Then"];
n1000[label = "CplexTerminal"];
n100 -> n1000;
n1001[label = "NearestNeighbor"];
n100 -> n1001;
n10 -> n100;
n101[label = "NearestInsertion"];
n10 -> n101;
n102[label = "CplexTerminal"];
n10 -> n102;
n1 -> n10;
n11[label = "If_Then"];
n110[label = "CplexTerminal"];
n11 -> n110;
n111[label = "NearestNeighbor"];
n11 -> n111;
n1 -> n11;
n -> n1;
}


Generation: 96
Best Individual:
Subpopulation 0:
Evaluated: true
Fitness: Standardized=0.0012533173 Adjusted=0.9987482 Hits=6
Tree 0:
digraph g {
node [shape=rectangle];
n[label = "If_Then"];
n0[label = "FarthestInsertion"];
n -> n0;
n1[label = "While"];
n10[label = "If_Then_Else"];
n100[label = "If_Then"];
n1000[label = "CplexTerminal"];
n100 -> n1000;
n1001[label = "NearestNeighbor"];
n100 -> n1001;
n10 -> n100;
n101[label = "NearestInsertion"];
n10 -> n101;
n102[label = "CplexTerminal"];
n10 -> n102;
n1 -> n10;
n11[label = "If_Then"];
n110[label = "CplexTerminal"];
n11 -> n110;
n111[label = "NearestNeighbor"];
n11 -> n111;
n1 -> n11;
n -> n1;
}


Generation: 97
Best Individual:
Subpopulation 0:
Evaluated: true
Fitness: Standardized=0.0012533173 Adjusted=0.9987482 Hits=6
Tree 0:
digraph g {
node [shape=rectangle];
n[label = "If_Then"];
n0[label = "FarthestInsertion"];
n -> n0;
n1[label = "While"];
n10[label = "If_Then_Else"];
n100[label = "If_Then"];
n1000[label = "CplexTerminal"];
n100 -> n1000;
n1001[label = "NearestNeighbor"];
n100 -> n1001;
n10 -> n100;
n101[label = "NearestInsertion"];
n10 -> n101;
n102[label = "CplexTerminal"];
n10 -> n102;
n1 -> n10;
n11[label = "If_Then"];
n110[label = "CplexTerminal"];
n11 -> n110;
n111[label = "NearestNeighbor"];
n11 -> n111;
n1 -> n11;
n -> n1;
}


Generation: 98
Best Individual:
Subpopulation 0:
Evaluated: true
Fitness: Standardized=0.0012533173 Adjusted=0.9987482 Hits=6
Tree 0:
digraph g {
node [shape=rectangle];
n[label = "If_Then"];
n0[label = "FarthestInsertion"];
n -> n0;
n1[label = "While"];
n10[label = "If_Then_Else"];
n100[label = "If_Then"];
n1000[label = "CplexTerminal"];
n100 -> n1000;
n1001[label = "NearestNeighbor"];
n100 -> n1001;
n10 -> n100;
n101[label = "NearestInsertion"];
n10 -> n101;
n102[label = "CplexTerminal"];
n10 -> n102;
n1 -> n10;
n11[label = "If_Then"];
n110[label = "CplexTerminal"];
n11 -> n110;
n111[label = "NearestNeighbor"];
n11 -> n111;
n1 -> n11;
n -> n1;
}


Generation: 99
Best Individual:
Subpopulation 0:
Evaluated: true
Fitness: Standardized=0.0012533173 Adjusted=0.9987482 Hits=6
Tree 0:
digraph g {
node [shape=rectangle];
n[label = "If_Then"];
n0[label = "FarthestInsertion"];
n -> n0;
n1[label = "While"];
n10[label = "If_Then_Else"];
n100[label = "If_Then"];
n1000[label = "CplexTerminal"];
n100 -> n1000;
n1001[label = "NearestNeighbor"];
n100 -> n1001;
n10 -> n100;
n101[label = "NearestInsertion"];
n10 -> n101;
n102[label = "CplexTerminal"];
n10 -> n102;
n1 -> n10;
n11[label = "If_Then"];
n110[label = "CplexTerminal"];
n11 -> n110;
n111[label = "NearestNeighbor"];
n11 -> n111;
n1 -> n11;
n -> n1;
}


Best Individual of Run:
Subpopulation 0:
Evaluated: true
Fitness: Standardized=0.0012533173 Adjusted=0.9987482 Hits=6
Tree 0:
digraph g {
node [shape=rectangle];
n[label = "If_Then"];
n0[label = "FarthestInsertion"];
n -> n0;
n1[label = "While"];
n10[label = "If_Then_Else"];
n100[label = "If_Then"];
n1000[label = "CplexTerminal"];
n100 -> n1000;
n1001[label = "NearestNeighbor"];
n100 -> n1001;
n10 -> n100;
n101[label = "NearestInsertion"];
n10 -> n101;
n102[label = "CplexTerminal"];
n10 -> n102;
n1 -> n10;
n11[label = "If_Then"];
n110[label = "CplexTerminal"];
n11 -> n110;
n111[label = "NearestNeighbor"];
n11 -> n111;
n1 -> n11;
n -> n1;
}

