
Generation: 0
Best Individual:
Subpopulation 0:
Evaluated: true
Fitness: Standardized=0.055121556 Adjusted=0.94775814 Hits=0
Tree 0:
digraph g {
node [shape=rectangle];
n[label = "If_Then_Else"];
n0[label = "And"];
n00[label = "Equal"];
n000[label = "NearestFirstNode"];
n00 -> n000;
n001[label = "NearestFirstNode"];
n00 -> n001;
n0 -> n00;
n01[label = "While"];
n010[label = "CplexTerminal"];
n01 -> n010;
n011[label = "FarthestNeighbor"];
n01 -> n011;
n0 -> n01;
n -> n0;
n1[label = "While"];
n10[label = "Equal"];
n100[label = "CplexTerminal"];
n10 -> n100;
n101[label = "FarthestInsertion"];
n10 -> n101;
n1 -> n10;
n11[label = "If_Then_Else"];
n110[label = "WorstMove"];
n11 -> n110;
n111[label = "FarthestNeighbor"];
n11 -> n111;
n112[label = "BestMove"];
n11 -> n112;
n1 -> n11;
n -> n1;
n2[label = "Or"];
n20[label = "Or"];
n200[label = "CplexTerminal"];
n20 -> n200;
n201[label = "FarthestInsertion"];
n20 -> n201;
n2 -> n20;
n21[label = "While"];
n210[label = "FarthestNeighbor"];
n21 -> n210;
n211[label = "NearestInsertion"];
n21 -> n211;
n2 -> n21;
n -> n2;
}


Generation: 1
Best Individual:
Subpopulation 0:
Evaluated: true
Fitness: Standardized=0.055121556 Adjusted=0.94775814 Hits=0
Tree 0:
digraph g {
node [shape=rectangle];
n[label = "If_Then_Else"];
n0[label = "And"];
n00[label = "Equal"];
n000[label = "NearestFirstNode"];
n00 -> n000;
n001[label = "NearestFirstNode"];
n00 -> n001;
n0 -> n00;
n01[label = "While"];
n010[label = "CplexTerminal"];
n01 -> n010;
n011[label = "FarthestNeighbor"];
n01 -> n011;
n0 -> n01;
n -> n0;
n1[label = "While"];
n10[label = "Equal"];
n100[label = "CplexTerminal"];
n10 -> n100;
n101[label = "FarthestInsertion"];
n10 -> n101;
n1 -> n10;
n11[label = "If_Then_Else"];
n110[label = "WorstMove"];
n11 -> n110;
n111[label = "FarthestNeighbor"];
n11 -> n111;
n112[label = "BestMove"];
n11 -> n112;
n1 -> n11;
n -> n1;
n2[label = "Or"];
n20[label = "Or"];
n200[label = "CplexTerminal"];
n20 -> n200;
n201[label = "FarthestInsertion"];
n20 -> n201;
n2 -> n20;
n21[label = "While"];
n210[label = "FarthestNeighbor"];
n21 -> n210;
n211[label = "NearestInsertion"];
n21 -> n211;
n2 -> n21;
n -> n2;
}


Generation: 2
Best Individual:
Subpopulation 0:
Evaluated: true
Fitness: Standardized=0.04119358 Adjusted=0.96043617 Hits=1
Tree 0:
digraph g {
node [shape=rectangle];
n[label = "And"];
n0[label = "Equal"];
n00[label = "While"];
n000[label = "Or"];
n0000[label = "NearestInsertion"];
n000 -> n0000;
n0001[label = "BestMove"];
n000 -> n0001;
n00 -> n000;
n001[label = "Equal"];
n0010[label = "BestMove"];
n001 -> n0010;
n0011[label = "CplexTerminal"];
n001 -> n0011;
n00 -> n001;
n0 -> n00;
n01[label = "Or"];
n010[label = "While"];
n0100[label = "FarthestFirstNode"];
n010 -> n0100;
n0101[label = "WorstMove"];
n010 -> n0101;
n01 -> n010;
n011[label = "Or"];
n0110[label = "FarthestFirstNode"];
n011 -> n0110;
n0111[label = "CplexTerminal"];
n011 -> n0111;
n01 -> n011;
n0 -> n01;
n -> n0;
n1[label = "Or"];
n10[label = "FarthestNeighbor"];
n1 -> n10;
n11[label = "NearestInsertion"];
n1 -> n11;
n -> n1;
}


Generation: 3
Best Individual:
Subpopulation 0:
Evaluated: true
Fitness: Standardized=0.02387955 Adjusted=0.9766774 Hits=1
Tree 0:
digraph g {
node [shape=rectangle];
n[label = "And"];
n0[label = "Equal"];
n00[label = "While"];
n000[label = "Or"];
n0000[label = "NearestInsertion"];
n000 -> n0000;
n0001[label = "BestMove"];
n000 -> n0001;
n00 -> n000;
n001[label = "Equal"];
n0010[label = "BestMove"];
n001 -> n0010;
n0011[label = "CplexTerminal"];
n001 -> n0011;
n00 -> n001;
n0 -> n00;
n01[label = "Or"];
n010[label = "While"];
n0100[label = "FarthestFirstNode"];
n010 -> n0100;
n0101[label = "WorstMove"];
n010 -> n0101;
n01 -> n010;
n011[label = "Or"];
n0110[label = "FarthestFirstNode"];
n011 -> n0110;
n0111[label = "CplexTerminal"];
n011 -> n0111;
n01 -> n011;
n0 -> n01;
n -> n0;
n1[label = "And"];
n10[label = "If_Then_Else"];
n100[label = "FarthestInsertion"];
n10 -> n100;
n101[label = "BestMove"];
n10 -> n101;
n102[label = "BestMove"];
n10 -> n102;
n1 -> n10;
n11[label = "If_Then_Else"];
n110[label = "If_Then"];
n1100[label = "CplexTerminal"];
n110 -> n1100;
n1101[label = "NearestNeighbor"];
n110 -> n1101;
n11 -> n110;
n111[label = "While"];
n1110[label = "BestMove"];
n111 -> n1110;
n1111[label = "BestMove"];
n111 -> n1111;
n11 -> n111;
n112[label = "While"];
n1120[label = "WorstMove"];
n112 -> n1120;
n1121[label = "NearestInsertion"];
n112 -> n1121;
n11 -> n112;
n1 -> n11;
n -> n1;
}


Generation: 4
Best Individual:
Subpopulation 0:
Evaluated: true
Fitness: Standardized=0.02376879 Adjusted=0.97678304 Hits=2
Tree 0:
digraph g {
node [shape=rectangle];
n[label = "Equal"];
n0[label = "And"];
n00[label = "And"];
n000[label = "And"];
n0000[label = "NearestInsertion"];
n000 -> n0000;
n0001[label = "NearestFirstNode"];
n000 -> n0001;
n00 -> n000;
n001[label = "Equal"];
n0010[label = "NearestInsertion"];
n001 -> n0010;
n0011[label = "NearestNeighbor"];
n001 -> n0011;
n00 -> n001;
n0 -> n00;
n01[label = "And"];
n010[label = "Or"];
n0100[label = "NearestFirstNode"];
n010 -> n0100;
n0101[label = "WorstMove"];
n010 -> n0101;
n01 -> n010;
n011[label = "Equal"];
n0110[label = "CplexTerminal"];
n011 -> n0110;
n0111[label = "FarthestInsertion"];
n011 -> n0111;
n01 -> n011;
n0 -> n01;
n -> n0;
n1[label = "While"];
n10[label = "Or"];
n100[label = "CplexTerminal"];
n10 -> n100;
n101[label = "And"];
n1010[label = "FarthestNeighbor"];
n101 -> n1010;
n1011[label = "FarthestNeighbor"];
n101 -> n1011;
n10 -> n101;
n1 -> n10;
n11[label = "Or"];
n110[label = "Or"];
n1100[label = "NearestInsertion"];
n110 -> n1100;
n1101[label = "NearestFirstNode"];
n110 -> n1101;
n11 -> n110;
n111[label = "And"];
n1110[label = "CplexTerminal"];
n111 -> n1110;
n1111[label = "FarthestFirstNode"];
n111 -> n1111;
n11 -> n111;
n1 -> n11;
n -> n1;
}


Generation: 5
Best Individual:
Subpopulation 0:
Evaluated: true
Fitness: Standardized=0.01191014 Adjusted=0.9882301 Hits=4
Tree 0:
digraph g {
node [shape=rectangle];
n[label = "Equal"];
n0[label = "And"];
n00[label = "And"];
n000[label = "And"];
n0000[label = "NearestInsertion"];
n000 -> n0000;
n0001[label = "NearestFirstNode"];
n000 -> n0001;
n00 -> n000;
n001[label = "Equal"];
n0010[label = "NearestInsertion"];
n001 -> n0010;
n0011[label = "NearestNeighbor"];
n001 -> n0011;
n00 -> n001;
n0 -> n00;
n01[label = "And"];
n010[label = "Or"];
n0100[label = "NearestFirstNode"];
n010 -> n0100;
n0101[label = "WorstMove"];
n010 -> n0101;
n01 -> n010;
n011[label = "Equal"];
n0110[label = "CplexTerminal"];
n011 -> n0110;
n0111[label = "FarthestInsertion"];
n011 -> n0111;
n01 -> n011;
n0 -> n01;
n -> n0;
n1[label = "While"];
n10[label = "Or"];
n100[label = "CplexTerminal"];
n10 -> n100;
n101[label = "And"];
n1010[label = "FarthestNeighbor"];
n101 -> n1010;
n1011[label = "FarthestNeighbor"];
n101 -> n1011;
n10 -> n101;
n1 -> n10;
n11[label = "Or"];
n110[label = "FarthestInsertion"];
n11 -> n110;
n111[label = "And"];
n1110[label = "CplexTerminal"];
n111 -> n1110;
n1111[label = "FarthestFirstNode"];
n111 -> n1111;
n11 -> n111;
n1 -> n11;
n -> n1;
}


Generation: 6
Best Individual:
Subpopulation 0:
Evaluated: true
Fitness: Standardized=0.0038758207 Adjusted=0.9961391 Hits=5
Tree 0:
digraph g {
node [shape=rectangle];
n[label = "Equal"];
n0[label = "CplexTerminal"];
n -> n0;
n1[label = "While"];
n10[label = "Or"];
n100[label = "CplexTerminal"];
n10 -> n100;
n101[label = "And"];
n1010[label = "FarthestNeighbor"];
n101 -> n1010;
n1011[label = "FarthestNeighbor"];
n101 -> n1011;
n10 -> n101;
n1 -> n10;
n11[label = "Or"];
n110[label = "Or"];
n1100[label = "NearestInsertion"];
n110 -> n1100;
n1101[label = "NearestFirstNode"];
n110 -> n1101;
n11 -> n110;
n111[label = "And"];
n1110[label = "CplexTerminal"];
n111 -> n1110;
n1111[label = "FarthestFirstNode"];
n111 -> n1111;
n11 -> n111;
n1 -> n11;
n -> n1;
}


Generation: 7
Best Individual:
Subpopulation 0:
Evaluated: true
Fitness: Standardized=0.0038758207 Adjusted=0.9961391 Hits=5
Tree 0:
digraph g {
node [shape=rectangle];
n[label = "Equal"];
n0[label = "CplexTerminal"];
n -> n0;
n1[label = "While"];
n10[label = "Or"];
n100[label = "CplexTerminal"];
n10 -> n100;
n101[label = "And"];
n1010[label = "FarthestNeighbor"];
n101 -> n1010;
n1011[label = "FarthestNeighbor"];
n101 -> n1011;
n10 -> n101;
n1 -> n10;
n11[label = "Or"];
n110[label = "Or"];
n1100[label = "NearestInsertion"];
n110 -> n1100;
n1101[label = "NearestFirstNode"];
n110 -> n1101;
n11 -> n110;
n111[label = "And"];
n1110[label = "CplexTerminal"];
n111 -> n1110;
n1111[label = "FarthestFirstNode"];
n111 -> n1111;
n11 -> n111;
n1 -> n11;
n -> n1;
}


Generation: 8
Best Individual:
Subpopulation 0:
Evaluated: true
Fitness: Standardized=0.0038758207 Adjusted=0.9961391 Hits=5
Tree 0:
digraph g {
node [shape=rectangle];
n[label = "Equal"];
n0[label = "CplexTerminal"];
n -> n0;
n1[label = "While"];
n10[label = "Or"];
n100[label = "CplexTerminal"];
n10 -> n100;
n101[label = "And"];
n1010[label = "FarthestNeighbor"];
n101 -> n1010;
n1011[label = "FarthestNeighbor"];
n101 -> n1011;
n10 -> n101;
n1 -> n10;
n11[label = "Or"];
n110[label = "Or"];
n1100[label = "NearestInsertion"];
n110 -> n1100;
n1101[label = "NearestFirstNode"];
n110 -> n1101;
n11 -> n110;
n111[label = "And"];
n1110[label = "CplexTerminal"];
n111 -> n1110;
n1111[label = "FarthestFirstNode"];
n111 -> n1111;
n11 -> n111;
n1 -> n11;
n -> n1;
}


Generation: 9
Best Individual:
Subpopulation 0:
Evaluated: true
Fitness: Standardized=0.0038758207 Adjusted=0.9961391 Hits=5
Tree 0:
digraph g {
node [shape=rectangle];
n[label = "Equal"];
n0[label = "CplexTerminal"];
n -> n0;
n1[label = "While"];
n10[label = "Or"];
n100[label = "CplexTerminal"];
n10 -> n100;
n101[label = "And"];
n1010[label = "FarthestNeighbor"];
n101 -> n1010;
n1011[label = "FarthestNeighbor"];
n101 -> n1011;
n10 -> n101;
n1 -> n10;
n11[label = "Or"];
n110[label = "Or"];
n1100[label = "NearestInsertion"];
n110 -> n1100;
n1101[label = "NearestFirstNode"];
n110 -> n1101;
n11 -> n110;
n111[label = "And"];
n1110[label = "CplexTerminal"];
n111 -> n1110;
n1111[label = "FarthestFirstNode"];
n111 -> n1111;
n11 -> n111;
n1 -> n11;
n -> n1;
}


Generation: 10
Best Individual:
Subpopulation 0:
Evaluated: true
Fitness: Standardized=0.0038758207 Adjusted=0.9961391 Hits=5
Tree 0:
digraph g {
node [shape=rectangle];
n[label = "Equal"];
n0[label = "CplexTerminal"];
n -> n0;
n1[label = "While"];
n10[label = "Or"];
n100[label = "CplexTerminal"];
n10 -> n100;
n101[label = "And"];
n1010[label = "FarthestNeighbor"];
n101 -> n1010;
n1011[label = "FarthestNeighbor"];
n101 -> n1011;
n10 -> n101;
n1 -> n10;
n11[label = "Or"];
n110[label = "Or"];
n1100[label = "NearestInsertion"];
n110 -> n1100;
n1101[label = "NearestFirstNode"];
n110 -> n1101;
n11 -> n110;
n111[label = "And"];
n1110[label = "CplexTerminal"];
n111 -> n1110;
n1111[label = "FarthestFirstNode"];
n111 -> n1111;
n11 -> n111;
n1 -> n11;
n -> n1;
}


Generation: 11
Best Individual:
Subpopulation 0:
Evaluated: true
Fitness: Standardized=0.0038758207 Adjusted=0.9961391 Hits=5
Tree 0:
digraph g {
node [shape=rectangle];
n[label = "Equal"];
n0[label = "CplexTerminal"];
n -> n0;
n1[label = "While"];
n10[label = "Or"];
n100[label = "CplexTerminal"];
n10 -> n100;
n101[label = "And"];
n1010[label = "FarthestNeighbor"];
n101 -> n1010;
n1011[label = "FarthestNeighbor"];
n101 -> n1011;
n10 -> n101;
n1 -> n10;
n11[label = "Or"];
n110[label = "Or"];
n1100[label = "NearestInsertion"];
n110 -> n1100;
n1101[label = "NearestFirstNode"];
n110 -> n1101;
n11 -> n110;
n111[label = "And"];
n1110[label = "CplexTerminal"];
n111 -> n1110;
n1111[label = "FarthestFirstNode"];
n111 -> n1111;
n11 -> n111;
n1 -> n11;
n -> n1;
}


Generation: 12
Best Individual:
Subpopulation 0:
Evaluated: true
Fitness: Standardized=0.0038758207 Adjusted=0.9961391 Hits=5
Tree 0:
digraph g {
node [shape=rectangle];
n[label = "Equal"];
n0[label = "CplexTerminal"];
n -> n0;
n1[label = "While"];
n10[label = "Or"];
n100[label = "CplexTerminal"];
n10 -> n100;
n101[label = "And"];
n1010[label = "FarthestNeighbor"];
n101 -> n1010;
n1011[label = "FarthestNeighbor"];
n101 -> n1011;
n10 -> n101;
n1 -> n10;
n11[label = "Or"];
n110[label = "Or"];
n1100[label = "NearestInsertion"];
n110 -> n1100;
n1101[label = "NearestFirstNode"];
n110 -> n1101;
n11 -> n110;
n111[label = "And"];
n1110[label = "CplexTerminal"];
n111 -> n1110;
n1111[label = "FarthestFirstNode"];
n111 -> n1111;
n11 -> n111;
n1 -> n11;
n -> n1;
}


Generation: 13
Best Individual:
Subpopulation 0:
Evaluated: true
Fitness: Standardized=0.0038758207 Adjusted=0.9961391 Hits=5
Tree 0:
digraph g {
node [shape=rectangle];
n[label = "Equal"];
n0[label = "CplexTerminal"];
n -> n0;
n1[label = "While"];
n10[label = "Or"];
n100[label = "CplexTerminal"];
n10 -> n100;
n101[label = "And"];
n1010[label = "FarthestNeighbor"];
n101 -> n1010;
n1011[label = "FarthestNeighbor"];
n101 -> n1011;
n10 -> n101;
n1 -> n10;
n11[label = "Or"];
n110[label = "Or"];
n1100[label = "NearestInsertion"];
n110 -> n1100;
n1101[label = "NearestFirstNode"];
n110 -> n1101;
n11 -> n110;
n111[label = "And"];
n1110[label = "CplexTerminal"];
n111 -> n1110;
n1111[label = "FarthestFirstNode"];
n111 -> n1111;
n11 -> n111;
n1 -> n11;
n -> n1;
}


Generation: 14
Best Individual:
Subpopulation 0:
Evaluated: true
Fitness: Standardized=0.003396937 Adjusted=0.9966145 Hits=4
Tree 0:
digraph g {
node [shape=rectangle];
n[label = "Equal"];
n0[label = "Or"];
n00[label = "Or"];
n000[label = "NearestInsertion"];
n00 -> n000;
n001[label = "Equal"];
n0010[label = "CplexTerminal"];
n001 -> n0010;
n0011[label = "FarthestInsertion"];
n001 -> n0011;
n00 -> n001;
n0 -> n00;
n01[label = "And"];
n010[label = "FarthestNeighbor"];
n01 -> n010;
n011[label = "FarthestNeighbor"];
n01 -> n011;
n0 -> n01;
n -> n0;
n1[label = "While"];
n10[label = "Or"];
n100[label = "CplexTerminal"];
n10 -> n100;
n101[label = "Or"];
n1010[label = "NearestInsertion"];
n101 -> n1010;
n1011[label = "NearestFirstNode"];
n101 -> n1011;
n10 -> n101;
n1 -> n10;
n11[label = "Or"];
n110[label = "Or"];
n1100[label = "NearestInsertion"];
n110 -> n1100;
n1101[label = "NearestFirstNode"];
n110 -> n1101;
n11 -> n110;
n111[label = "While"];
n1110[label = "CplexTerminal"];
n111 -> n1110;
n1111[label = "FarthestFirstNode"];
n111 -> n1111;
n11 -> n111;
n1 -> n11;
n -> n1;
}


Generation: 15
Best Individual:
Subpopulation 0:
Evaluated: true
Fitness: Standardized=0.003396937 Adjusted=0.9966145 Hits=4
Tree 0:
digraph g {
node [shape=rectangle];
n[label = "Equal"];
n0[label = "Or"];
n00[label = "Or"];
n000[label = "NearestInsertion"];
n00 -> n000;
n001[label = "Equal"];
n0010[label = "CplexTerminal"];
n001 -> n0010;
n0011[label = "FarthestInsertion"];
n001 -> n0011;
n00 -> n001;
n0 -> n00;
n01[label = "And"];
n010[label = "FarthestNeighbor"];
n01 -> n010;
n011[label = "FarthestNeighbor"];
n01 -> n011;
n0 -> n01;
n -> n0;
n1[label = "While"];
n10[label = "Or"];
n100[label = "CplexTerminal"];
n10 -> n100;
n101[label = "Or"];
n1010[label = "NearestInsertion"];
n101 -> n1010;
n1011[label = "NearestFirstNode"];
n101 -> n1011;
n10 -> n101;
n1 -> n10;
n11[label = "Or"];
n110[label = "Or"];
n1100[label = "NearestInsertion"];
n110 -> n1100;
n1101[label = "NearestFirstNode"];
n110 -> n1101;
n11 -> n110;
n111[label = "While"];
n1110[label = "CplexTerminal"];
n111 -> n1110;
n1111[label = "FarthestFirstNode"];
n111 -> n1111;
n11 -> n111;
n1 -> n11;
n -> n1;
}


Generation: 16
Best Individual:
Subpopulation 0:
Evaluated: true
Fitness: Standardized=0.003396937 Adjusted=0.9966145 Hits=4
Tree 0:
digraph g {
node [shape=rectangle];
n[label = "Equal"];
n0[label = "Or"];
n00[label = "Or"];
n000[label = "NearestInsertion"];
n00 -> n000;
n001[label = "Equal"];
n0010[label = "CplexTerminal"];
n001 -> n0010;
n0011[label = "FarthestInsertion"];
n001 -> n0011;
n00 -> n001;
n0 -> n00;
n01[label = "And"];
n010[label = "FarthestNeighbor"];
n01 -> n010;
n011[label = "FarthestNeighbor"];
n01 -> n011;
n0 -> n01;
n -> n0;
n1[label = "While"];
n10[label = "Or"];
n100[label = "CplexTerminal"];
n10 -> n100;
n101[label = "Or"];
n1010[label = "NearestInsertion"];
n101 -> n1010;
n1011[label = "NearestFirstNode"];
n101 -> n1011;
n10 -> n101;
n1 -> n10;
n11[label = "Or"];
n110[label = "Or"];
n1100[label = "NearestInsertion"];
n110 -> n1100;
n1101[label = "NearestFirstNode"];
n110 -> n1101;
n11 -> n110;
n111[label = "While"];
n1110[label = "CplexTerminal"];
n111 -> n1110;
n1111[label = "FarthestFirstNode"];
n111 -> n1111;
n11 -> n111;
n1 -> n11;
n -> n1;
}


Generation: 17
Best Individual:
Subpopulation 0:
Evaluated: true
Fitness: Standardized=0.003396937 Adjusted=0.9966145 Hits=4
Tree 0:
digraph g {
node [shape=rectangle];
n[label = "Equal"];
n0[label = "Or"];
n00[label = "Or"];
n000[label = "NearestInsertion"];
n00 -> n000;
n001[label = "Equal"];
n0010[label = "CplexTerminal"];
n001 -> n0010;
n0011[label = "FarthestInsertion"];
n001 -> n0011;
n00 -> n001;
n0 -> n00;
n01[label = "And"];
n010[label = "FarthestNeighbor"];
n01 -> n010;
n011[label = "FarthestNeighbor"];
n01 -> n011;
n0 -> n01;
n -> n0;
n1[label = "While"];
n10[label = "Or"];
n100[label = "CplexTerminal"];
n10 -> n100;
n101[label = "Or"];
n1010[label = "NearestInsertion"];
n101 -> n1010;
n1011[label = "NearestFirstNode"];
n101 -> n1011;
n10 -> n101;
n1 -> n10;
n11[label = "Or"];
n110[label = "Or"];
n1100[label = "NearestInsertion"];
n110 -> n1100;
n1101[label = "NearestFirstNode"];
n110 -> n1101;
n11 -> n110;
n111[label = "While"];
n1110[label = "CplexTerminal"];
n111 -> n1110;
n1111[label = "FarthestFirstNode"];
n111 -> n1111;
n11 -> n111;
n1 -> n11;
n -> n1;
}


Generation: 18
Best Individual:
Subpopulation 0:
Evaluated: true
Fitness: Standardized=0.003396937 Adjusted=0.9966145 Hits=4
Tree 0:
digraph g {
node [shape=rectangle];
n[label = "Equal"];
n0[label = "Or"];
n00[label = "Or"];
n000[label = "NearestInsertion"];
n00 -> n000;
n001[label = "Equal"];
n0010[label = "CplexTerminal"];
n001 -> n0010;
n0011[label = "FarthestInsertion"];
n001 -> n0011;
n00 -> n001;
n0 -> n00;
n01[label = "And"];
n010[label = "FarthestNeighbor"];
n01 -> n010;
n011[label = "FarthestNeighbor"];
n01 -> n011;
n0 -> n01;
n -> n0;
n1[label = "While"];
n10[label = "Or"];
n100[label = "CplexTerminal"];
n10 -> n100;
n101[label = "Or"];
n1010[label = "NearestInsertion"];
n101 -> n1010;
n1011[label = "NearestFirstNode"];
n101 -> n1011;
n10 -> n101;
n1 -> n10;
n11[label = "Or"];
n110[label = "Or"];
n1100[label = "NearestInsertion"];
n110 -> n1100;
n1101[label = "NearestFirstNode"];
n110 -> n1101;
n11 -> n110;
n111[label = "While"];
n1110[label = "CplexTerminal"];
n111 -> n1110;
n1111[label = "FarthestFirstNode"];
n111 -> n1111;
n11 -> n111;
n1 -> n11;
n -> n1;
}


Generation: 19
Best Individual:
Subpopulation 0:
Evaluated: true
Fitness: Standardized=0.003396937 Adjusted=0.9966145 Hits=4
Tree 0:
digraph g {
node [shape=rectangle];
n[label = "Equal"];
n0[label = "Or"];
n00[label = "Or"];
n000[label = "NearestInsertion"];
n00 -> n000;
n001[label = "Equal"];
n0010[label = "CplexTerminal"];
n001 -> n0010;
n0011[label = "FarthestInsertion"];
n001 -> n0011;
n00 -> n001;
n0 -> n00;
n01[label = "And"];
n010[label = "FarthestNeighbor"];
n01 -> n010;
n011[label = "FarthestNeighbor"];
n01 -> n011;
n0 -> n01;
n -> n0;
n1[label = "While"];
n10[label = "Or"];
n100[label = "CplexTerminal"];
n10 -> n100;
n101[label = "Or"];
n1010[label = "NearestInsertion"];
n101 -> n1010;
n1011[label = "NearestFirstNode"];
n101 -> n1011;
n10 -> n101;
n1 -> n10;
n11[label = "Or"];
n110[label = "Or"];
n1100[label = "NearestInsertion"];
n110 -> n1100;
n1101[label = "NearestFirstNode"];
n110 -> n1101;
n11 -> n110;
n111[label = "While"];
n1110[label = "CplexTerminal"];
n111 -> n1110;
n1111[label = "FarthestFirstNode"];
n111 -> n1111;
n11 -> n111;
n1 -> n11;
n -> n1;
}


Generation: 20
Best Individual:
Subpopulation 0:
Evaluated: true
Fitness: Standardized=0.0030354653 Adjusted=0.99697375 Hits=5
Tree 0:
digraph g {
node [shape=rectangle];
n[label = "Equal"];
n0[label = "While"];
n00[label = "WorstMove"];
n0 -> n00;
n01[label = "FarthestInsertion"];
n0 -> n01;
n -> n0;
n1[label = "While"];
n10[label = "Or"];
n100[label = "CplexTerminal"];
n10 -> n100;
n101[label = "And"];
n1010[label = "FarthestNeighbor"];
n101 -> n1010;
n1011[label = "FarthestNeighbor"];
n101 -> n1011;
n10 -> n101;
n1 -> n10;
n11[label = "Or"];
n110[label = "Or"];
n1100[label = "NearestInsertion"];
n110 -> n1100;
n1101[label = "NearestFirstNode"];
n110 -> n1101;
n11 -> n110;
n111[label = "And"];
n1110[label = "CplexTerminal"];
n111 -> n1110;
n1111[label = "FarthestFirstNode"];
n111 -> n1111;
n11 -> n111;
n1 -> n11;
n -> n1;
}


Generation: 21
Best Individual:
Subpopulation 0:
Evaluated: true
Fitness: Standardized=0.0030354653 Adjusted=0.99697375 Hits=5
Tree 0:
digraph g {
node [shape=rectangle];
n[label = "Equal"];
n0[label = "While"];
n00[label = "WorstMove"];
n0 -> n00;
n01[label = "FarthestInsertion"];
n0 -> n01;
n -> n0;
n1[label = "While"];
n10[label = "Or"];
n100[label = "CplexTerminal"];
n10 -> n100;
n101[label = "And"];
n1010[label = "FarthestNeighbor"];
n101 -> n1010;
n1011[label = "FarthestNeighbor"];
n101 -> n1011;
n10 -> n101;
n1 -> n10;
n11[label = "Or"];
n110[label = "Or"];
n1100[label = "NearestInsertion"];
n110 -> n1100;
n1101[label = "NearestFirstNode"];
n110 -> n1101;
n11 -> n110;
n111[label = "And"];
n1110[label = "CplexTerminal"];
n111 -> n1110;
n1111[label = "FarthestFirstNode"];
n111 -> n1111;
n11 -> n111;
n1 -> n11;
n -> n1;
}


Generation: 22
Best Individual:
Subpopulation 0:
Evaluated: true
Fitness: Standardized=0.0030354653 Adjusted=0.99697375 Hits=5
Tree 0:
digraph g {
node [shape=rectangle];
n[label = "Equal"];
n0[label = "While"];
n00[label = "WorstMove"];
n0 -> n00;
n01[label = "FarthestInsertion"];
n0 -> n01;
n -> n0;
n1[label = "While"];
n10[label = "Or"];
n100[label = "CplexTerminal"];
n10 -> n100;
n101[label = "And"];
n1010[label = "FarthestNeighbor"];
n101 -> n1010;
n1011[label = "FarthestNeighbor"];
n101 -> n1011;
n10 -> n101;
n1 -> n10;
n11[label = "Or"];
n110[label = "Or"];
n1100[label = "NearestInsertion"];
n110 -> n1100;
n1101[label = "NearestFirstNode"];
n110 -> n1101;
n11 -> n110;
n111[label = "And"];
n1110[label = "CplexTerminal"];
n111 -> n1110;
n1111[label = "FarthestFirstNode"];
n111 -> n1111;
n11 -> n111;
n1 -> n11;
n -> n1;
}


Generation: 23
Best Individual:
Subpopulation 0:
Evaluated: true
Fitness: Standardized=0.0030354653 Adjusted=0.99697375 Hits=5
Tree 0:
digraph g {
node [shape=rectangle];
n[label = "Equal"];
n0[label = "While"];
n00[label = "WorstMove"];
n0 -> n00;
n01[label = "FarthestInsertion"];
n0 -> n01;
n -> n0;
n1[label = "While"];
n10[label = "Or"];
n100[label = "CplexTerminal"];
n10 -> n100;
n101[label = "And"];
n1010[label = "FarthestNeighbor"];
n101 -> n1010;
n1011[label = "FarthestNeighbor"];
n101 -> n1011;
n10 -> n101;
n1 -> n10;
n11[label = "Or"];
n110[label = "Or"];
n1100[label = "NearestInsertion"];
n110 -> n1100;
n1101[label = "NearestFirstNode"];
n110 -> n1101;
n11 -> n110;
n111[label = "And"];
n1110[label = "CplexTerminal"];
n111 -> n1110;
n1111[label = "FarthestFirstNode"];
n111 -> n1111;
n11 -> n111;
n1 -> n11;
n -> n1;
}


Generation: 24
Best Individual:
Subpopulation 0:
Evaluated: true
Fitness: Standardized=0.0030354653 Adjusted=0.99697375 Hits=5
Tree 0:
digraph g {
node [shape=rectangle];
n[label = "Equal"];
n0[label = "While"];
n00[label = "WorstMove"];
n0 -> n00;
n01[label = "FarthestInsertion"];
n0 -> n01;
n -> n0;
n1[label = "While"];
n10[label = "Or"];
n100[label = "CplexTerminal"];
n10 -> n100;
n101[label = "And"];
n1010[label = "FarthestNeighbor"];
n101 -> n1010;
n1011[label = "FarthestNeighbor"];
n101 -> n1011;
n10 -> n101;
n1 -> n10;
n11[label = "Or"];
n110[label = "Or"];
n1100[label = "NearestInsertion"];
n110 -> n1100;
n1101[label = "NearestFirstNode"];
n110 -> n1101;
n11 -> n110;
n111[label = "And"];
n1110[label = "CplexTerminal"];
n111 -> n1110;
n1111[label = "FarthestFirstNode"];
n111 -> n1111;
n11 -> n111;
n1 -> n11;
n -> n1;
}


Generation: 25
Best Individual:
Subpopulation 0:
Evaluated: true
Fitness: Standardized=0.0030354653 Adjusted=0.99697375 Hits=5
Tree 0:
digraph g {
node [shape=rectangle];
n[label = "Equal"];
n0[label = "While"];
n00[label = "WorstMove"];
n0 -> n00;
n01[label = "FarthestInsertion"];
n0 -> n01;
n -> n0;
n1[label = "While"];
n10[label = "Or"];
n100[label = "CplexTerminal"];
n10 -> n100;
n101[label = "And"];
n1010[label = "FarthestNeighbor"];
n101 -> n1010;
n1011[label = "FarthestNeighbor"];
n101 -> n1011;
n10 -> n101;
n1 -> n10;
n11[label = "Or"];
n110[label = "Or"];
n1100[label = "NearestInsertion"];
n110 -> n1100;
n1101[label = "NearestFirstNode"];
n110 -> n1101;
n11 -> n110;
n111[label = "And"];
n1110[label = "CplexTerminal"];
n111 -> n1110;
n1111[label = "FarthestFirstNode"];
n111 -> n1111;
n11 -> n111;
n1 -> n11;
n -> n1;
}


Generation: 26
Best Individual:
Subpopulation 0:
Evaluated: true
Fitness: Standardized=0.0030354653 Adjusted=0.99697375 Hits=5
Tree 0:
digraph g {
node [shape=rectangle];
n[label = "Equal"];
n0[label = "While"];
n00[label = "WorstMove"];
n0 -> n00;
n01[label = "FarthestInsertion"];
n0 -> n01;
n -> n0;
n1[label = "While"];
n10[label = "Or"];
n100[label = "CplexTerminal"];
n10 -> n100;
n101[label = "And"];
n1010[label = "FarthestNeighbor"];
n101 -> n1010;
n1011[label = "FarthestNeighbor"];
n101 -> n1011;
n10 -> n101;
n1 -> n10;
n11[label = "Or"];
n110[label = "Or"];
n1100[label = "NearestInsertion"];
n110 -> n1100;
n1101[label = "NearestFirstNode"];
n110 -> n1101;
n11 -> n110;
n111[label = "And"];
n1110[label = "CplexTerminal"];
n111 -> n1110;
n1111[label = "FarthestFirstNode"];
n111 -> n1111;
n11 -> n111;
n1 -> n11;
n -> n1;
}


Generation: 27
Best Individual:
Subpopulation 0:
Evaluated: true
Fitness: Standardized=0.0030354653 Adjusted=0.99697375 Hits=5
Tree 0:
digraph g {
node [shape=rectangle];
n[label = "Equal"];
n0[label = "While"];
n00[label = "WorstMove"];
n0 -> n00;
n01[label = "FarthestInsertion"];
n0 -> n01;
n -> n0;
n1[label = "While"];
n10[label = "Or"];
n100[label = "CplexTerminal"];
n10 -> n100;
n101[label = "And"];
n1010[label = "FarthestNeighbor"];
n101 -> n1010;
n1011[label = "FarthestNeighbor"];
n101 -> n1011;
n10 -> n101;
n1 -> n10;
n11[label = "Or"];
n110[label = "Or"];
n1100[label = "NearestInsertion"];
n110 -> n1100;
n1101[label = "NearestFirstNode"];
n110 -> n1101;
n11 -> n110;
n111[label = "And"];
n1110[label = "CplexTerminal"];
n111 -> n1110;
n1111[label = "FarthestFirstNode"];
n111 -> n1111;
n11 -> n111;
n1 -> n11;
n -> n1;
}


Generation: 28
Best Individual:
Subpopulation 0:
Evaluated: true
Fitness: Standardized=0.0030354653 Adjusted=0.99697375 Hits=5
Tree 0:
digraph g {
node [shape=rectangle];
n[label = "Equal"];
n0[label = "While"];
n00[label = "WorstMove"];
n0 -> n00;
n01[label = "FarthestInsertion"];
n0 -> n01;
n -> n0;
n1[label = "While"];
n10[label = "Or"];
n100[label = "CplexTerminal"];
n10 -> n100;
n101[label = "And"];
n1010[label = "FarthestNeighbor"];
n101 -> n1010;
n1011[label = "FarthestNeighbor"];
n101 -> n1011;
n10 -> n101;
n1 -> n10;
n11[label = "Or"];
n110[label = "Or"];
n1100[label = "NearestInsertion"];
n110 -> n1100;
n1101[label = "NearestFirstNode"];
n110 -> n1101;
n11 -> n110;
n111[label = "And"];
n1110[label = "CplexTerminal"];
n111 -> n1110;
n1111[label = "FarthestFirstNode"];
n111 -> n1111;
n11 -> n111;
n1 -> n11;
n -> n1;
}


Generation: 29
Best Individual:
Subpopulation 0:
Evaluated: true
Fitness: Standardized=0.0030354653 Adjusted=0.99697375 Hits=5
Tree 0:
digraph g {
node [shape=rectangle];
n[label = "Equal"];
n0[label = "While"];
n00[label = "WorstMove"];
n0 -> n00;
n01[label = "FarthestInsertion"];
n0 -> n01;
n -> n0;
n1[label = "While"];
n10[label = "Or"];
n100[label = "CplexTerminal"];
n10 -> n100;
n101[label = "And"];
n1010[label = "FarthestNeighbor"];
n101 -> n1010;
n1011[label = "FarthestNeighbor"];
n101 -> n1011;
n10 -> n101;
n1 -> n10;
n11[label = "Or"];
n110[label = "Or"];
n1100[label = "NearestInsertion"];
n110 -> n1100;
n1101[label = "NearestFirstNode"];
n110 -> n1101;
n11 -> n110;
n111[label = "And"];
n1110[label = "CplexTerminal"];
n111 -> n1110;
n1111[label = "FarthestFirstNode"];
n111 -> n1111;
n11 -> n111;
n1 -> n11;
n -> n1;
}


Best Individual of Run:
Subpopulation 0:
Evaluated: true
Fitness: Standardized=0.0030354653 Adjusted=0.99697375 Hits=5
Tree 0:
digraph g {
node [shape=rectangle];
n[label = "Equal"];
n0[label = "While"];
n00[label = "WorstMove"];
n0 -> n00;
n01[label = "FarthestInsertion"];
n0 -> n01;
n -> n0;
n1[label = "While"];
n10[label = "Or"];
n100[label = "CplexTerminal"];
n10 -> n100;
n101[label = "And"];
n1010[label = "FarthestNeighbor"];
n101 -> n1010;
n1011[label = "FarthestNeighbor"];
n101 -> n1011;
n10 -> n101;
n1 -> n10;
n11[label = "Or"];
n110[label = "Or"];
n1100[label = "NearestInsertion"];
n110 -> n1100;
n1101[label = "NearestFirstNode"];
n110 -> n1101;
n11 -> n110;
n111[label = "And"];
n1110[label = "CplexTerminal"];
n111 -> n1110;
n1111[label = "FarthestFirstNode"];
n111 -> n1111;
n11 -> n111;
n1 -> n11;
n -> n1;
}

