
Generation: 0
Best Individual:
Subpopulation 0:
Evaluated: true
Fitness: Standardized=0.018422527 Adjusted=0.98191077 Hits=1
Tree 0:
digraph g {
node [shape=rectangle];
n[label = "If_Then"];
n0[label = "If_Then"];
n00[label = "While"];
n000[label = "Or"];
n0000[label = "CplexTerminal"];
n000 -> n0000;
n0001[label = "NearestFirstNode"];
n000 -> n0001;
n00 -> n000;
n001[label = "And"];
n0010[label = "FarthestNeighbor"];
n001 -> n0010;
n0011[label = "NearestNeighbor"];
n001 -> n0011;
n00 -> n001;
n0 -> n00;
n01[label = "Equal"];
n010[label = "Or"];
n0100[label = "NearestInsertion"];
n010 -> n0100;
n0101[label = "NearestInsertion"];
n010 -> n0101;
n01 -> n010;
n011[label = "Equal"];
n0110[label = "FarthestInsertion"];
n011 -> n0110;
n0111[label = "FarthestInsertion"];
n011 -> n0111;
n01 -> n011;
n0 -> n01;
n -> n0;
n1[label = "Or"];
n10[label = "And"];
n100[label = "And"];
n1000[label = "NearestInsertion"];
n100 -> n1000;
n1001[label = "FarthestFirstNode"];
n100 -> n1001;
n10 -> n100;
n101[label = "If_Then_Else"];
n1010[label = "CplexTerminal"];
n101 -> n1010;
n1011[label = "WorstMove"];
n101 -> n1011;
n1012[label = "FarthestInsertion"];
n101 -> n1012;
n10 -> n101;
n1 -> n10;
n11[label = "Equal"];
n110[label = "Equal"];
n1100[label = "CplexTerminal"];
n110 -> n1100;
n1101[label = "FarthestFirstNode"];
n110 -> n1101;
n11 -> n110;
n111[label = "Equal"];
n1110[label = "FarthestFirstNode"];
n111 -> n1110;
n1111[label = "NearestNeighbor"];
n111 -> n1111;
n11 -> n111;
n1 -> n11;
n -> n1;
}


Generation: 1
Best Individual:
Subpopulation 0:
Evaluated: true
Fitness: Standardized=0.010452463 Adjusted=0.9896556 Hits=4
Tree 0:
digraph g {
node [shape=rectangle];
n[label = "If_Then"];
n0[label = "If_Then"];
n00[label = "While"];
n000[label = "Or"];
n0000[label = "CplexTerminal"];
n000 -> n0000;
n0001[label = "NearestFirstNode"];
n000 -> n0001;
n00 -> n000;
n001[label = "And"];
n0010[label = "FarthestNeighbor"];
n001 -> n0010;
n0011[label = "NearestNeighbor"];
n001 -> n0011;
n00 -> n001;
n0 -> n00;
n01[label = "Equal"];
n010[label = "Or"];
n0100[label = "NearestInsertion"];
n010 -> n0100;
n0101[label = "NearestInsertion"];
n010 -> n0101;
n01 -> n010;
n011[label = "Equal"];
n0110[label = "FarthestInsertion"];
n011 -> n0110;
n0111[label = "FarthestInsertion"];
n011 -> n0111;
n01 -> n011;
n0 -> n01;
n -> n0;
n1[label = "FarthestFirstNode"];
n -> n1;
}


Generation: 2
Best Individual:
Subpopulation 0:
Evaluated: true
Fitness: Standardized=0.008078262 Adjusted=0.9919865 Hits=4
Tree 0:
digraph g {
node [shape=rectangle];
n[label = "If_Then"];
n0[label = "If_Then"];
n00[label = "While"];
n000[label = "Or"];
n0000[label = "CplexTerminal"];
n000 -> n0000;
n0001[label = "NearestFirstNode"];
n000 -> n0001;
n00 -> n000;
n001[label = "And"];
n0010[label = "FarthestNeighbor"];
n001 -> n0010;
n0011[label = "NearestNeighbor"];
n001 -> n0011;
n00 -> n001;
n0 -> n00;
n01[label = "Equal"];
n010[label = "FarthestFirstNode"];
n01 -> n010;
n011[label = "Equal"];
n0110[label = "FarthestInsertion"];
n011 -> n0110;
n0111[label = "FarthestInsertion"];
n011 -> n0111;
n01 -> n011;
n0 -> n01;
n -> n0;
n1[label = "Or"];
n10[label = "If_Then_Else"];
n100[label = "Equal"];
n1000[label = "FarthestFirstNode"];
n100 -> n1000;
n1001[label = "FarthestNeighbor"];
n100 -> n1001;
n10 -> n100;
n101[label = "And"];
n1010[label = "NearestInsertion"];
n101 -> n1010;
n1011[label = "CplexTerminal"];
n101 -> n1011;
n10 -> n101;
n102[label = "While"];
n1020[label = "BestMove"];
n102 -> n1020;
n1021[label = "NearestInsertion"];
n102 -> n1021;
n10 -> n102;
n1 -> n10;
n11[label = "Equal"];
n110[label = "Equal"];
n1100[label = "CplexTerminal"];
n110 -> n1100;
n1101[label = "FarthestFirstNode"];
n110 -> n1101;
n11 -> n110;
n111[label = "Equal"];
n1110[label = "FarthestFirstNode"];
n111 -> n1110;
n1111[label = "NearestNeighbor"];
n111 -> n1111;
n11 -> n111;
n1 -> n11;
n -> n1;
}


Generation: 3
Best Individual:
Subpopulation 0:
Evaluated: true
Fitness: Standardized=0.008078262 Adjusted=0.9919865 Hits=4
Tree 0:
digraph g {
node [shape=rectangle];
n[label = "If_Then"];
n0[label = "If_Then"];
n00[label = "While"];
n000[label = "Or"];
n0000[label = "CplexTerminal"];
n000 -> n0000;
n0001[label = "NearestFirstNode"];
n000 -> n0001;
n00 -> n000;
n001[label = "And"];
n0010[label = "FarthestNeighbor"];
n001 -> n0010;
n0011[label = "NearestNeighbor"];
n001 -> n0011;
n00 -> n001;
n0 -> n00;
n01[label = "Equal"];
n010[label = "FarthestFirstNode"];
n01 -> n010;
n011[label = "Equal"];
n0110[label = "FarthestInsertion"];
n011 -> n0110;
n0111[label = "FarthestInsertion"];
n011 -> n0111;
n01 -> n011;
n0 -> n01;
n -> n0;
n1[label = "Or"];
n10[label = "If_Then_Else"];
n100[label = "Equal"];
n1000[label = "FarthestFirstNode"];
n100 -> n1000;
n1001[label = "FarthestNeighbor"];
n100 -> n1001;
n10 -> n100;
n101[label = "And"];
n1010[label = "NearestInsertion"];
n101 -> n1010;
n1011[label = "CplexTerminal"];
n101 -> n1011;
n10 -> n101;
n102[label = "While"];
n1020[label = "BestMove"];
n102 -> n1020;
n1021[label = "NearestInsertion"];
n102 -> n1021;
n10 -> n102;
n1 -> n10;
n11[label = "Equal"];
n110[label = "Equal"];
n1100[label = "CplexTerminal"];
n110 -> n1100;
n1101[label = "FarthestFirstNode"];
n110 -> n1101;
n11 -> n110;
n111[label = "Equal"];
n1110[label = "FarthestFirstNode"];
n111 -> n1110;
n1111[label = "NearestNeighbor"];
n111 -> n1111;
n11 -> n111;
n1 -> n11;
n -> n1;
}


Generation: 4
Best Individual:
Subpopulation 0:
Evaluated: true
Fitness: Standardized=0.008078262 Adjusted=0.9919865 Hits=4
Tree 0:
digraph g {
node [shape=rectangle];
n[label = "If_Then"];
n0[label = "If_Then"];
n00[label = "While"];
n000[label = "Or"];
n0000[label = "CplexTerminal"];
n000 -> n0000;
n0001[label = "NearestFirstNode"];
n000 -> n0001;
n00 -> n000;
n001[label = "And"];
n0010[label = "FarthestNeighbor"];
n001 -> n0010;
n0011[label = "NearestNeighbor"];
n001 -> n0011;
n00 -> n001;
n0 -> n00;
n01[label = "Equal"];
n010[label = "Or"];
n0100[label = "NearestInsertion"];
n010 -> n0100;
n0101[label = "NearestInsertion"];
n010 -> n0101;
n01 -> n010;
n011[label = "Equal"];
n0110[label = "FarthestInsertion"];
n011 -> n0110;
n0111[label = "FarthestInsertion"];
n011 -> n0111;
n01 -> n011;
n0 -> n01;
n -> n0;
n1[label = "Or"];
n10[label = "FarthestFirstNode"];
n1 -> n10;
n11[label = "Equal"];
n110[label = "Equal"];
n1100[label = "CplexTerminal"];
n110 -> n1100;
n1101[label = "FarthestFirstNode"];
n110 -> n1101;
n11 -> n110;
n111[label = "Equal"];
n1110[label = "FarthestFirstNode"];
n111 -> n1110;
n1111[label = "NearestNeighbor"];
n111 -> n1111;
n11 -> n111;
n1 -> n11;
n -> n1;
}


Generation: 5
Best Individual:
Subpopulation 0:
Evaluated: true
Fitness: Standardized=0.008078262 Adjusted=0.9919865 Hits=4
Tree 0:
digraph g {
node [shape=rectangle];
n[label = "If_Then"];
n0[label = "If_Then"];
n00[label = "While"];
n000[label = "Or"];
n0000[label = "CplexTerminal"];
n000 -> n0000;
n0001[label = "NearestFirstNode"];
n000 -> n0001;
n00 -> n000;
n001[label = "And"];
n0010[label = "FarthestNeighbor"];
n001 -> n0010;
n0011[label = "NearestNeighbor"];
n001 -> n0011;
n00 -> n001;
n0 -> n00;
n01[label = "Equal"];
n010[label = "FarthestFirstNode"];
n01 -> n010;
n011[label = "Equal"];
n0110[label = "FarthestInsertion"];
n011 -> n0110;
n0111[label = "FarthestInsertion"];
n011 -> n0111;
n01 -> n011;
n0 -> n01;
n -> n0;
n1[label = "Or"];
n10[label = "If_Then_Else"];
n100[label = "Equal"];
n1000[label = "FarthestFirstNode"];
n100 -> n1000;
n1001[label = "FarthestNeighbor"];
n100 -> n1001;
n10 -> n100;
n101[label = "And"];
n1010[label = "NearestInsertion"];
n101 -> n1010;
n1011[label = "CplexTerminal"];
n101 -> n1011;
n10 -> n101;
n102[label = "While"];
n1020[label = "BestMove"];
n102 -> n1020;
n1021[label = "NearestInsertion"];
n102 -> n1021;
n10 -> n102;
n1 -> n10;
n11[label = "Equal"];
n110[label = "Equal"];
n1100[label = "CplexTerminal"];
n110 -> n1100;
n1101[label = "FarthestFirstNode"];
n110 -> n1101;
n11 -> n110;
n111[label = "Equal"];
n1110[label = "FarthestFirstNode"];
n111 -> n1110;
n1111[label = "NearestNeighbor"];
n111 -> n1111;
n11 -> n111;
n1 -> n11;
n -> n1;
}


Generation: 6
Best Individual:
Subpopulation 0:
Evaluated: true
Fitness: Standardized=0.008078262 Adjusted=0.9919865 Hits=4
Tree 0:
digraph g {
node [shape=rectangle];
n[label = "If_Then"];
n0[label = "If_Then"];
n00[label = "While"];
n000[label = "Or"];
n0000[label = "CplexTerminal"];
n000 -> n0000;
n0001[label = "NearestFirstNode"];
n000 -> n0001;
n00 -> n000;
n001[label = "And"];
n0010[label = "FarthestNeighbor"];
n001 -> n0010;
n0011[label = "NearestNeighbor"];
n001 -> n0011;
n00 -> n001;
n0 -> n00;
n01[label = "Equal"];
n010[label = "FarthestFirstNode"];
n01 -> n010;
n011[label = "Equal"];
n0110[label = "FarthestInsertion"];
n011 -> n0110;
n0111[label = "FarthestInsertion"];
n011 -> n0111;
n01 -> n011;
n0 -> n01;
n -> n0;
n1[label = "Or"];
n10[label = "If_Then_Else"];
n100[label = "Equal"];
n1000[label = "FarthestFirstNode"];
n100 -> n1000;
n1001[label = "FarthestNeighbor"];
n100 -> n1001;
n10 -> n100;
n101[label = "And"];
n1010[label = "NearestInsertion"];
n101 -> n1010;
n1011[label = "CplexTerminal"];
n101 -> n1011;
n10 -> n101;
n102[label = "While"];
n1020[label = "BestMove"];
n102 -> n1020;
n1021[label = "NearestInsertion"];
n102 -> n1021;
n10 -> n102;
n1 -> n10;
n11[label = "Equal"];
n110[label = "Equal"];
n1100[label = "CplexTerminal"];
n110 -> n1100;
n1101[label = "FarthestFirstNode"];
n110 -> n1101;
n11 -> n110;
n111[label = "Equal"];
n1110[label = "FarthestFirstNode"];
n111 -> n1110;
n1111[label = "NearestNeighbor"];
n111 -> n1111;
n11 -> n111;
n1 -> n11;
n -> n1;
}


Generation: 7
Best Individual:
Subpopulation 0:
Evaluated: true
Fitness: Standardized=0.007480836 Adjusted=0.9925747 Hits=4
Tree 0:
digraph g {
node [shape=rectangle];
n[label = "If_Then"];
n0[label = "If_Then"];
n00[label = "While"];
n000[label = "Or"];
n0000[label = "CplexTerminal"];
n000 -> n0000;
n0001[label = "NearestFirstNode"];
n000 -> n0001;
n00 -> n000;
n001[label = "Equal"];
n0010[label = "FarthestInsertion"];
n001 -> n0010;
n0011[label = "FarthestFirstNode"];
n001 -> n0011;
n00 -> n001;
n0 -> n00;
n01[label = "Equal"];
n010[label = "FarthestFirstNode"];
n01 -> n010;
n011[label = "Or"];
n0110[label = "NearestInsertion"];
n011 -> n0110;
n0111[label = "NearestInsertion"];
n011 -> n0111;
n01 -> n011;
n0 -> n01;
n -> n0;
n1[label = "Or"];
n10[label = "If_Then_Else"];
n100[label = "Equal"];
n1000[label = "FarthestFirstNode"];
n100 -> n1000;
n1001[label = "FarthestNeighbor"];
n100 -> n1001;
n10 -> n100;
n101[label = "And"];
n1010[label = "NearestInsertion"];
n101 -> n1010;
n1011[label = "NearestNeighbor"];
n101 -> n1011;
n10 -> n101;
n102[label = "While"];
n1020[label = "BestMove"];
n102 -> n1020;
n1021[label = "NearestInsertion"];
n102 -> n1021;
n10 -> n102;
n1 -> n10;
n11[label = "Equal"];
n110[label = "Equal"];
n1100[label = "CplexTerminal"];
n110 -> n1100;
n1101[label = "FarthestFirstNode"];
n110 -> n1101;
n11 -> n110;
n111[label = "Equal"];
n1110[label = "FarthestFirstNode"];
n111 -> n1110;
n1111[label = "NearestNeighbor"];
n111 -> n1111;
n11 -> n111;
n1 -> n11;
n -> n1;
}


Generation: 8
Best Individual:
Subpopulation 0:
Evaluated: true
Fitness: Standardized=0.007480836 Adjusted=0.9925747 Hits=4
Tree 0:
digraph g {
node [shape=rectangle];
n[label = "If_Then"];
n0[label = "If_Then"];
n00[label = "While"];
n000[label = "Or"];
n0000[label = "CplexTerminal"];
n000 -> n0000;
n0001[label = "NearestFirstNode"];
n000 -> n0001;
n00 -> n000;
n001[label = "Equal"];
n0010[label = "FarthestInsertion"];
n001 -> n0010;
n0011[label = "FarthestFirstNode"];
n001 -> n0011;
n00 -> n001;
n0 -> n00;
n01[label = "Equal"];
n010[label = "FarthestFirstNode"];
n01 -> n010;
n011[label = "Or"];
n0110[label = "NearestInsertion"];
n011 -> n0110;
n0111[label = "NearestInsertion"];
n011 -> n0111;
n01 -> n011;
n0 -> n01;
n -> n0;
n1[label = "Or"];
n10[label = "If_Then_Else"];
n100[label = "Equal"];
n1000[label = "FarthestFirstNode"];
n100 -> n1000;
n1001[label = "FarthestNeighbor"];
n100 -> n1001;
n10 -> n100;
n101[label = "And"];
n1010[label = "NearestInsertion"];
n101 -> n1010;
n1011[label = "NearestNeighbor"];
n101 -> n1011;
n10 -> n101;
n102[label = "While"];
n1020[label = "BestMove"];
n102 -> n1020;
n1021[label = "NearestInsertion"];
n102 -> n1021;
n10 -> n102;
n1 -> n10;
n11[label = "Equal"];
n110[label = "Equal"];
n1100[label = "CplexTerminal"];
n110 -> n1100;
n1101[label = "FarthestFirstNode"];
n110 -> n1101;
n11 -> n110;
n111[label = "Equal"];
n1110[label = "FarthestFirstNode"];
n111 -> n1110;
n1111[label = "NearestNeighbor"];
n111 -> n1111;
n11 -> n111;
n1 -> n11;
n -> n1;
}


Generation: 9
Best Individual:
Subpopulation 0:
Evaluated: true
Fitness: Standardized=0.004901399 Adjusted=0.9951225 Hits=4
Tree 0:
digraph g {
node [shape=rectangle];
n[label = "If_Then"];
n0[label = "If_Then"];
n00[label = "While"];
n000[label = "Or"];
n0000[label = "CplexTerminal"];
n000 -> n0000;
n0001[label = "NearestFirstNode"];
n000 -> n0001;
n00 -> n000;
n001[label = "And"];
n0010[label = "FarthestNeighbor"];
n001 -> n0010;
n0011[label = "NearestNeighbor"];
n001 -> n0011;
n00 -> n001;
n0 -> n00;
n01[label = "Equal"];
n010[label = "FarthestFirstNode"];
n01 -> n010;
n011[label = "Equal"];
n0110[label = "FarthestInsertion"];
n011 -> n0110;
n0111[label = "FarthestInsertion"];
n011 -> n0111;
n01 -> n011;
n0 -> n01;
n -> n0;
n1[label = "Or"];
n10[label = "If_Then_Else"];
n100[label = "Equal"];
n1000[label = "FarthestFirstNode"];
n100 -> n1000;
n1001[label = "FarthestNeighbor"];
n100 -> n1001;
n10 -> n100;
n101[label = "And"];
n1010[label = "NearestInsertion"];
n101 -> n1010;
n1011[label = "CplexTerminal"];
n101 -> n1011;
n10 -> n101;
n102[label = "While"];
n1020[label = "BestMove"];
n102 -> n1020;
n1021[label = "NearestInsertion"];
n102 -> n1021;
n10 -> n102;
n1 -> n10;
n11[label = "Equal"];
n110[label = "Equal"];
n1100[label = "CplexTerminal"];
n110 -> n1100;
n1101[label = "FarthestFirstNode"];
n110 -> n1101;
n11 -> n110;
n111[label = "Equal"];
n1110[label = "FarthestFirstNode"];
n111 -> n1110;
n1111[label = "NearestNeighbor"];
n111 -> n1111;
n11 -> n111;
n1 -> n11;
n -> n1;
}


Generation: 10
Best Individual:
Subpopulation 0:
Evaluated: true
Fitness: Standardized=0.004901399 Adjusted=0.9951225 Hits=4
Tree 0:
digraph g {
node [shape=rectangle];
n[label = "If_Then"];
n0[label = "If_Then"];
n00[label = "While"];
n000[label = "Or"];
n0000[label = "CplexTerminal"];
n000 -> n0000;
n0001[label = "NearestFirstNode"];
n000 -> n0001;
n00 -> n000;
n001[label = "And"];
n0010[label = "FarthestNeighbor"];
n001 -> n0010;
n0011[label = "NearestNeighbor"];
n001 -> n0011;
n00 -> n001;
n0 -> n00;
n01[label = "Equal"];
n010[label = "FarthestFirstNode"];
n01 -> n010;
n011[label = "Equal"];
n0110[label = "FarthestInsertion"];
n011 -> n0110;
n0111[label = "FarthestInsertion"];
n011 -> n0111;
n01 -> n011;
n0 -> n01;
n -> n0;
n1[label = "Or"];
n10[label = "If_Then_Else"];
n100[label = "Equal"];
n1000[label = "FarthestFirstNode"];
n100 -> n1000;
n1001[label = "FarthestNeighbor"];
n100 -> n1001;
n10 -> n100;
n101[label = "And"];
n1010[label = "NearestInsertion"];
n101 -> n1010;
n1011[label = "CplexTerminal"];
n101 -> n1011;
n10 -> n101;
n102[label = "While"];
n1020[label = "BestMove"];
n102 -> n1020;
n1021[label = "NearestInsertion"];
n102 -> n1021;
n10 -> n102;
n1 -> n10;
n11[label = "Equal"];
n110[label = "Equal"];
n1100[label = "CplexTerminal"];
n110 -> n1100;
n1101[label = "FarthestFirstNode"];
n110 -> n1101;
n11 -> n110;
n111[label = "Equal"];
n1110[label = "FarthestFirstNode"];
n111 -> n1110;
n1111[label = "NearestNeighbor"];
n111 -> n1111;
n11 -> n111;
n1 -> n11;
n -> n1;
}


Generation: 11
Best Individual:
Subpopulation 0:
Evaluated: true
Fitness: Standardized=0.004901399 Adjusted=0.9951225 Hits=4
Tree 0:
digraph g {
node [shape=rectangle];
n[label = "If_Then"];
n0[label = "If_Then"];
n00[label = "While"];
n000[label = "Or"];
n0000[label = "CplexTerminal"];
n000 -> n0000;
n0001[label = "NearestFirstNode"];
n000 -> n0001;
n00 -> n000;
n001[label = "And"];
n0010[label = "FarthestNeighbor"];
n001 -> n0010;
n0011[label = "NearestNeighbor"];
n001 -> n0011;
n00 -> n001;
n0 -> n00;
n01[label = "Equal"];
n010[label = "FarthestFirstNode"];
n01 -> n010;
n011[label = "Equal"];
n0110[label = "FarthestInsertion"];
n011 -> n0110;
n0111[label = "FarthestInsertion"];
n011 -> n0111;
n01 -> n011;
n0 -> n01;
n -> n0;
n1[label = "Or"];
n10[label = "If_Then_Else"];
n100[label = "Equal"];
n1000[label = "FarthestFirstNode"];
n100 -> n1000;
n1001[label = "FarthestNeighbor"];
n100 -> n1001;
n10 -> n100;
n101[label = "And"];
n1010[label = "NearestInsertion"];
n101 -> n1010;
n1011[label = "CplexTerminal"];
n101 -> n1011;
n10 -> n101;
n102[label = "While"];
n1020[label = "BestMove"];
n102 -> n1020;
n1021[label = "NearestInsertion"];
n102 -> n1021;
n10 -> n102;
n1 -> n10;
n11[label = "Equal"];
n110[label = "Equal"];
n1100[label = "CplexTerminal"];
n110 -> n1100;
n1101[label = "FarthestFirstNode"];
n110 -> n1101;
n11 -> n110;
n111[label = "Equal"];
n1110[label = "FarthestFirstNode"];
n111 -> n1110;
n1111[label = "NearestNeighbor"];
n111 -> n1111;
n11 -> n111;
n1 -> n11;
n -> n1;
}


Generation: 12
Best Individual:
Subpopulation 0:
Evaluated: true
Fitness: Standardized=0.004901399 Adjusted=0.9951225 Hits=4
Tree 0:
digraph g {
node [shape=rectangle];
n[label = "If_Then"];
n0[label = "If_Then"];
n00[label = "While"];
n000[label = "Or"];
n0000[label = "CplexTerminal"];
n000 -> n0000;
n0001[label = "NearestFirstNode"];
n000 -> n0001;
n00 -> n000;
n001[label = "And"];
n0010[label = "FarthestNeighbor"];
n001 -> n0010;
n0011[label = "NearestNeighbor"];
n001 -> n0011;
n00 -> n001;
n0 -> n00;
n01[label = "Equal"];
n010[label = "FarthestFirstNode"];
n01 -> n010;
n011[label = "Equal"];
n0110[label = "FarthestInsertion"];
n011 -> n0110;
n0111[label = "FarthestInsertion"];
n011 -> n0111;
n01 -> n011;
n0 -> n01;
n -> n0;
n1[label = "Or"];
n10[label = "If_Then_Else"];
n100[label = "Equal"];
n1000[label = "FarthestFirstNode"];
n100 -> n1000;
n1001[label = "FarthestNeighbor"];
n100 -> n1001;
n10 -> n100;
n101[label = "And"];
n1010[label = "NearestInsertion"];
n101 -> n1010;
n1011[label = "CplexTerminal"];
n101 -> n1011;
n10 -> n101;
n102[label = "While"];
n1020[label = "BestMove"];
n102 -> n1020;
n1021[label = "NearestInsertion"];
n102 -> n1021;
n10 -> n102;
n1 -> n10;
n11[label = "Equal"];
n110[label = "Equal"];
n1100[label = "CplexTerminal"];
n110 -> n1100;
n1101[label = "FarthestFirstNode"];
n110 -> n1101;
n11 -> n110;
n111[label = "Equal"];
n1110[label = "FarthestFirstNode"];
n111 -> n1110;
n1111[label = "NearestNeighbor"];
n111 -> n1111;
n11 -> n111;
n1 -> n11;
n -> n1;
}


Generation: 13
Best Individual:
Subpopulation 0:
Evaluated: true
Fitness: Standardized=0.004901399 Adjusted=0.9951225 Hits=4
Tree 0:
digraph g {
node [shape=rectangle];
n[label = "If_Then"];
n0[label = "If_Then"];
n00[label = "While"];
n000[label = "Or"];
n0000[label = "CplexTerminal"];
n000 -> n0000;
n0001[label = "NearestFirstNode"];
n000 -> n0001;
n00 -> n000;
n001[label = "And"];
n0010[label = "FarthestNeighbor"];
n001 -> n0010;
n0011[label = "NearestNeighbor"];
n001 -> n0011;
n00 -> n001;
n0 -> n00;
n01[label = "Equal"];
n010[label = "FarthestFirstNode"];
n01 -> n010;
n011[label = "Equal"];
n0110[label = "FarthestInsertion"];
n011 -> n0110;
n0111[label = "FarthestInsertion"];
n011 -> n0111;
n01 -> n011;
n0 -> n01;
n -> n0;
n1[label = "Or"];
n10[label = "If_Then_Else"];
n100[label = "Equal"];
n1000[label = "FarthestFirstNode"];
n100 -> n1000;
n1001[label = "FarthestNeighbor"];
n100 -> n1001;
n10 -> n100;
n101[label = "And"];
n1010[label = "NearestInsertion"];
n101 -> n1010;
n1011[label = "CplexTerminal"];
n101 -> n1011;
n10 -> n101;
n102[label = "While"];
n1020[label = "BestMove"];
n102 -> n1020;
n1021[label = "NearestInsertion"];
n102 -> n1021;
n10 -> n102;
n1 -> n10;
n11[label = "Equal"];
n110[label = "Equal"];
n1100[label = "CplexTerminal"];
n110 -> n1100;
n1101[label = "FarthestFirstNode"];
n110 -> n1101;
n11 -> n110;
n111[label = "Equal"];
n1110[label = "FarthestFirstNode"];
n111 -> n1110;
n1111[label = "NearestNeighbor"];
n111 -> n1111;
n11 -> n111;
n1 -> n11;
n -> n1;
}


Generation: 14
Best Individual:
Subpopulation 0:
Evaluated: true
Fitness: Standardized=0.004901399 Adjusted=0.9951225 Hits=4
Tree 0:
digraph g {
node [shape=rectangle];
n[label = "If_Then"];
n0[label = "If_Then"];
n00[label = "While"];
n000[label = "Or"];
n0000[label = "CplexTerminal"];
n000 -> n0000;
n0001[label = "NearestFirstNode"];
n000 -> n0001;
n00 -> n000;
n001[label = "And"];
n0010[label = "FarthestNeighbor"];
n001 -> n0010;
n0011[label = "NearestNeighbor"];
n001 -> n0011;
n00 -> n001;
n0 -> n00;
n01[label = "Equal"];
n010[label = "FarthestFirstNode"];
n01 -> n010;
n011[label = "Equal"];
n0110[label = "FarthestInsertion"];
n011 -> n0110;
n0111[label = "FarthestInsertion"];
n011 -> n0111;
n01 -> n011;
n0 -> n01;
n -> n0;
n1[label = "Or"];
n10[label = "If_Then_Else"];
n100[label = "Equal"];
n1000[label = "FarthestFirstNode"];
n100 -> n1000;
n1001[label = "FarthestNeighbor"];
n100 -> n1001;
n10 -> n100;
n101[label = "And"];
n1010[label = "NearestInsertion"];
n101 -> n1010;
n1011[label = "CplexTerminal"];
n101 -> n1011;
n10 -> n101;
n102[label = "While"];
n1020[label = "BestMove"];
n102 -> n1020;
n1021[label = "NearestInsertion"];
n102 -> n1021;
n10 -> n102;
n1 -> n10;
n11[label = "Equal"];
n110[label = "Equal"];
n1100[label = "CplexTerminal"];
n110 -> n1100;
n1101[label = "FarthestFirstNode"];
n110 -> n1101;
n11 -> n110;
n111[label = "Equal"];
n1110[label = "FarthestFirstNode"];
n111 -> n1110;
n1111[label = "NearestNeighbor"];
n111 -> n1111;
n11 -> n111;
n1 -> n11;
n -> n1;
}


Generation: 15
Best Individual:
Subpopulation 0:
Evaluated: true
Fitness: Standardized=0.004901399 Adjusted=0.9951225 Hits=4
Tree 0:
digraph g {
node [shape=rectangle];
n[label = "If_Then"];
n0[label = "If_Then"];
n00[label = "While"];
n000[label = "Or"];
n0000[label = "CplexTerminal"];
n000 -> n0000;
n0001[label = "NearestFirstNode"];
n000 -> n0001;
n00 -> n000;
n001[label = "And"];
n0010[label = "FarthestNeighbor"];
n001 -> n0010;
n0011[label = "NearestNeighbor"];
n001 -> n0011;
n00 -> n001;
n0 -> n00;
n01[label = "Equal"];
n010[label = "FarthestFirstNode"];
n01 -> n010;
n011[label = "Equal"];
n0110[label = "FarthestInsertion"];
n011 -> n0110;
n0111[label = "FarthestInsertion"];
n011 -> n0111;
n01 -> n011;
n0 -> n01;
n -> n0;
n1[label = "Or"];
n10[label = "If_Then_Else"];
n100[label = "Equal"];
n1000[label = "FarthestFirstNode"];
n100 -> n1000;
n1001[label = "FarthestNeighbor"];
n100 -> n1001;
n10 -> n100;
n101[label = "And"];
n1010[label = "NearestInsertion"];
n101 -> n1010;
n1011[label = "CplexTerminal"];
n101 -> n1011;
n10 -> n101;
n102[label = "While"];
n1020[label = "BestMove"];
n102 -> n1020;
n1021[label = "NearestInsertion"];
n102 -> n1021;
n10 -> n102;
n1 -> n10;
n11[label = "Equal"];
n110[label = "Equal"];
n1100[label = "CplexTerminal"];
n110 -> n1100;
n1101[label = "FarthestFirstNode"];
n110 -> n1101;
n11 -> n110;
n111[label = "Equal"];
n1110[label = "FarthestFirstNode"];
n111 -> n1110;
n1111[label = "NearestNeighbor"];
n111 -> n1111;
n11 -> n111;
n1 -> n11;
n -> n1;
}


Generation: 16
Best Individual:
Subpopulation 0:
Evaluated: true
Fitness: Standardized=0.004901399 Adjusted=0.9951225 Hits=4
Tree 0:
digraph g {
node [shape=rectangle];
n[label = "If_Then"];
n0[label = "If_Then"];
n00[label = "While"];
n000[label = "Or"];
n0000[label = "CplexTerminal"];
n000 -> n0000;
n0001[label = "NearestFirstNode"];
n000 -> n0001;
n00 -> n000;
n001[label = "And"];
n0010[label = "FarthestNeighbor"];
n001 -> n0010;
n0011[label = "NearestNeighbor"];
n001 -> n0011;
n00 -> n001;
n0 -> n00;
n01[label = "Equal"];
n010[label = "FarthestFirstNode"];
n01 -> n010;
n011[label = "Equal"];
n0110[label = "FarthestInsertion"];
n011 -> n0110;
n0111[label = "FarthestInsertion"];
n011 -> n0111;
n01 -> n011;
n0 -> n01;
n -> n0;
n1[label = "Or"];
n10[label = "If_Then_Else"];
n100[label = "Equal"];
n1000[label = "FarthestFirstNode"];
n100 -> n1000;
n1001[label = "FarthestNeighbor"];
n100 -> n1001;
n10 -> n100;
n101[label = "And"];
n1010[label = "NearestInsertion"];
n101 -> n1010;
n1011[label = "CplexTerminal"];
n101 -> n1011;
n10 -> n101;
n102[label = "While"];
n1020[label = "BestMove"];
n102 -> n1020;
n1021[label = "NearestInsertion"];
n102 -> n1021;
n10 -> n102;
n1 -> n10;
n11[label = "Equal"];
n110[label = "Equal"];
n1100[label = "CplexTerminal"];
n110 -> n1100;
n1101[label = "FarthestFirstNode"];
n110 -> n1101;
n11 -> n110;
n111[label = "Equal"];
n1110[label = "FarthestFirstNode"];
n111 -> n1110;
n1111[label = "NearestNeighbor"];
n111 -> n1111;
n11 -> n111;
n1 -> n11;
n -> n1;
}


Generation: 17
Best Individual:
Subpopulation 0:
Evaluated: true
Fitness: Standardized=0.004901399 Adjusted=0.9951225 Hits=4
Tree 0:
digraph g {
node [shape=rectangle];
n[label = "If_Then"];
n0[label = "If_Then"];
n00[label = "While"];
n000[label = "Or"];
n0000[label = "CplexTerminal"];
n000 -> n0000;
n0001[label = "NearestFirstNode"];
n000 -> n0001;
n00 -> n000;
n001[label = "And"];
n0010[label = "FarthestNeighbor"];
n001 -> n0010;
n0011[label = "NearestNeighbor"];
n001 -> n0011;
n00 -> n001;
n0 -> n00;
n01[label = "Equal"];
n010[label = "FarthestFirstNode"];
n01 -> n010;
n011[label = "Equal"];
n0110[label = "FarthestInsertion"];
n011 -> n0110;
n0111[label = "FarthestInsertion"];
n011 -> n0111;
n01 -> n011;
n0 -> n01;
n -> n0;
n1[label = "Or"];
n10[label = "If_Then_Else"];
n100[label = "Equal"];
n1000[label = "FarthestFirstNode"];
n100 -> n1000;
n1001[label = "FarthestNeighbor"];
n100 -> n1001;
n10 -> n100;
n101[label = "And"];
n1010[label = "NearestInsertion"];
n101 -> n1010;
n1011[label = "CplexTerminal"];
n101 -> n1011;
n10 -> n101;
n102[label = "While"];
n1020[label = "BestMove"];
n102 -> n1020;
n1021[label = "NearestInsertion"];
n102 -> n1021;
n10 -> n102;
n1 -> n10;
n11[label = "Equal"];
n110[label = "Equal"];
n1100[label = "CplexTerminal"];
n110 -> n1100;
n1101[label = "FarthestFirstNode"];
n110 -> n1101;
n11 -> n110;
n111[label = "Equal"];
n1110[label = "FarthestFirstNode"];
n111 -> n1110;
n1111[label = "NearestNeighbor"];
n111 -> n1111;
n11 -> n111;
n1 -> n11;
n -> n1;
}


Generation: 18
Best Individual:
Subpopulation 0:
Evaluated: true
Fitness: Standardized=0.004901399 Adjusted=0.9951225 Hits=4
Tree 0:
digraph g {
node [shape=rectangle];
n[label = "If_Then"];
n0[label = "If_Then"];
n00[label = "While"];
n000[label = "Or"];
n0000[label = "CplexTerminal"];
n000 -> n0000;
n0001[label = "NearestFirstNode"];
n000 -> n0001;
n00 -> n000;
n001[label = "And"];
n0010[label = "FarthestNeighbor"];
n001 -> n0010;
n0011[label = "NearestNeighbor"];
n001 -> n0011;
n00 -> n001;
n0 -> n00;
n01[label = "Equal"];
n010[label = "FarthestFirstNode"];
n01 -> n010;
n011[label = "Equal"];
n0110[label = "FarthestInsertion"];
n011 -> n0110;
n0111[label = "FarthestInsertion"];
n011 -> n0111;
n01 -> n011;
n0 -> n01;
n -> n0;
n1[label = "Or"];
n10[label = "If_Then_Else"];
n100[label = "Equal"];
n1000[label = "FarthestFirstNode"];
n100 -> n1000;
n1001[label = "FarthestNeighbor"];
n100 -> n1001;
n10 -> n100;
n101[label = "And"];
n1010[label = "NearestInsertion"];
n101 -> n1010;
n1011[label = "CplexTerminal"];
n101 -> n1011;
n10 -> n101;
n102[label = "While"];
n1020[label = "BestMove"];
n102 -> n1020;
n1021[label = "NearestInsertion"];
n102 -> n1021;
n10 -> n102;
n1 -> n10;
n11[label = "Equal"];
n110[label = "Equal"];
n1100[label = "CplexTerminal"];
n110 -> n1100;
n1101[label = "FarthestFirstNode"];
n110 -> n1101;
n11 -> n110;
n111[label = "Equal"];
n1110[label = "FarthestFirstNode"];
n111 -> n1110;
n1111[label = "NearestNeighbor"];
n111 -> n1111;
n11 -> n111;
n1 -> n11;
n -> n1;
}


Generation: 19
Best Individual:
Subpopulation 0:
Evaluated: true
Fitness: Standardized=0.004901399 Adjusted=0.9951225 Hits=4
Tree 0:
digraph g {
node [shape=rectangle];
n[label = "If_Then"];
n0[label = "If_Then"];
n00[label = "While"];
n000[label = "Or"];
n0000[label = "CplexTerminal"];
n000 -> n0000;
n0001[label = "NearestFirstNode"];
n000 -> n0001;
n00 -> n000;
n001[label = "And"];
n0010[label = "FarthestNeighbor"];
n001 -> n0010;
n0011[label = "NearestNeighbor"];
n001 -> n0011;
n00 -> n001;
n0 -> n00;
n01[label = "Equal"];
n010[label = "FarthestFirstNode"];
n01 -> n010;
n011[label = "Equal"];
n0110[label = "FarthestInsertion"];
n011 -> n0110;
n0111[label = "FarthestInsertion"];
n011 -> n0111;
n01 -> n011;
n0 -> n01;
n -> n0;
n1[label = "Or"];
n10[label = "If_Then_Else"];
n100[label = "Equal"];
n1000[label = "FarthestFirstNode"];
n100 -> n1000;
n1001[label = "FarthestNeighbor"];
n100 -> n1001;
n10 -> n100;
n101[label = "And"];
n1010[label = "NearestInsertion"];
n101 -> n1010;
n1011[label = "CplexTerminal"];
n101 -> n1011;
n10 -> n101;
n102[label = "While"];
n1020[label = "BestMove"];
n102 -> n1020;
n1021[label = "NearestInsertion"];
n102 -> n1021;
n10 -> n102;
n1 -> n10;
n11[label = "Equal"];
n110[label = "Equal"];
n1100[label = "CplexTerminal"];
n110 -> n1100;
n1101[label = "FarthestFirstNode"];
n110 -> n1101;
n11 -> n110;
n111[label = "Equal"];
n1110[label = "FarthestFirstNode"];
n111 -> n1110;
n1111[label = "NearestNeighbor"];
n111 -> n1111;
n11 -> n111;
n1 -> n11;
n -> n1;
}


Generation: 20
Best Individual:
Subpopulation 0:
Evaluated: true
Fitness: Standardized=0.004901399 Adjusted=0.9951225 Hits=4
Tree 0:
digraph g {
node [shape=rectangle];
n[label = "If_Then"];
n0[label = "If_Then"];
n00[label = "While"];
n000[label = "Or"];
n0000[label = "CplexTerminal"];
n000 -> n0000;
n0001[label = "NearestFirstNode"];
n000 -> n0001;
n00 -> n000;
n001[label = "And"];
n0010[label = "FarthestNeighbor"];
n001 -> n0010;
n0011[label = "NearestNeighbor"];
n001 -> n0011;
n00 -> n001;
n0 -> n00;
n01[label = "Equal"];
n010[label = "FarthestFirstNode"];
n01 -> n010;
n011[label = "Equal"];
n0110[label = "FarthestInsertion"];
n011 -> n0110;
n0111[label = "FarthestInsertion"];
n011 -> n0111;
n01 -> n011;
n0 -> n01;
n -> n0;
n1[label = "Or"];
n10[label = "If_Then_Else"];
n100[label = "Equal"];
n1000[label = "FarthestFirstNode"];
n100 -> n1000;
n1001[label = "FarthestNeighbor"];
n100 -> n1001;
n10 -> n100;
n101[label = "And"];
n1010[label = "NearestInsertion"];
n101 -> n1010;
n1011[label = "CplexTerminal"];
n101 -> n1011;
n10 -> n101;
n102[label = "While"];
n1020[label = "BestMove"];
n102 -> n1020;
n1021[label = "NearestInsertion"];
n102 -> n1021;
n10 -> n102;
n1 -> n10;
n11[label = "Equal"];
n110[label = "Equal"];
n1100[label = "CplexTerminal"];
n110 -> n1100;
n1101[label = "FarthestFirstNode"];
n110 -> n1101;
n11 -> n110;
n111[label = "Equal"];
n1110[label = "FarthestFirstNode"];
n111 -> n1110;
n1111[label = "NearestNeighbor"];
n111 -> n1111;
n11 -> n111;
n1 -> n11;
n -> n1;
}


Generation: 21
Best Individual:
Subpopulation 0:
Evaluated: true
Fitness: Standardized=0.004901399 Adjusted=0.9951225 Hits=4
Tree 0:
digraph g {
node [shape=rectangle];
n[label = "If_Then"];
n0[label = "If_Then"];
n00[label = "While"];
n000[label = "Or"];
n0000[label = "CplexTerminal"];
n000 -> n0000;
n0001[label = "NearestFirstNode"];
n000 -> n0001;
n00 -> n000;
n001[label = "And"];
n0010[label = "FarthestNeighbor"];
n001 -> n0010;
n0011[label = "NearestNeighbor"];
n001 -> n0011;
n00 -> n001;
n0 -> n00;
n01[label = "Equal"];
n010[label = "FarthestFirstNode"];
n01 -> n010;
n011[label = "Equal"];
n0110[label = "FarthestInsertion"];
n011 -> n0110;
n0111[label = "FarthestInsertion"];
n011 -> n0111;
n01 -> n011;
n0 -> n01;
n -> n0;
n1[label = "Or"];
n10[label = "If_Then_Else"];
n100[label = "Equal"];
n1000[label = "FarthestFirstNode"];
n100 -> n1000;
n1001[label = "FarthestNeighbor"];
n100 -> n1001;
n10 -> n100;
n101[label = "And"];
n1010[label = "NearestInsertion"];
n101 -> n1010;
n1011[label = "CplexTerminal"];
n101 -> n1011;
n10 -> n101;
n102[label = "While"];
n1020[label = "BestMove"];
n102 -> n1020;
n1021[label = "NearestInsertion"];
n102 -> n1021;
n10 -> n102;
n1 -> n10;
n11[label = "Equal"];
n110[label = "Equal"];
n1100[label = "CplexTerminal"];
n110 -> n1100;
n1101[label = "FarthestFirstNode"];
n110 -> n1101;
n11 -> n110;
n111[label = "Equal"];
n1110[label = "FarthestFirstNode"];
n111 -> n1110;
n1111[label = "NearestNeighbor"];
n111 -> n1111;
n11 -> n111;
n1 -> n11;
n -> n1;
}


Generation: 22
Best Individual:
Subpopulation 0:
Evaluated: true
Fitness: Standardized=0.004901399 Adjusted=0.9951225 Hits=4
Tree 0:
digraph g {
node [shape=rectangle];
n[label = "If_Then"];
n0[label = "If_Then"];
n00[label = "While"];
n000[label = "Or"];
n0000[label = "CplexTerminal"];
n000 -> n0000;
n0001[label = "NearestFirstNode"];
n000 -> n0001;
n00 -> n000;
n001[label = "And"];
n0010[label = "FarthestNeighbor"];
n001 -> n0010;
n0011[label = "NearestNeighbor"];
n001 -> n0011;
n00 -> n001;
n0 -> n00;
n01[label = "Equal"];
n010[label = "FarthestFirstNode"];
n01 -> n010;
n011[label = "Equal"];
n0110[label = "FarthestInsertion"];
n011 -> n0110;
n0111[label = "FarthestInsertion"];
n011 -> n0111;
n01 -> n011;
n0 -> n01;
n -> n0;
n1[label = "Or"];
n10[label = "If_Then_Else"];
n100[label = "Equal"];
n1000[label = "FarthestFirstNode"];
n100 -> n1000;
n1001[label = "FarthestNeighbor"];
n100 -> n1001;
n10 -> n100;
n101[label = "And"];
n1010[label = "NearestInsertion"];
n101 -> n1010;
n1011[label = "CplexTerminal"];
n101 -> n1011;
n10 -> n101;
n102[label = "While"];
n1020[label = "BestMove"];
n102 -> n1020;
n1021[label = "NearestInsertion"];
n102 -> n1021;
n10 -> n102;
n1 -> n10;
n11[label = "Equal"];
n110[label = "Equal"];
n1100[label = "CplexTerminal"];
n110 -> n1100;
n1101[label = "FarthestFirstNode"];
n110 -> n1101;
n11 -> n110;
n111[label = "Equal"];
n1110[label = "FarthestFirstNode"];
n111 -> n1110;
n1111[label = "NearestNeighbor"];
n111 -> n1111;
n11 -> n111;
n1 -> n11;
n -> n1;
}


Generation: 23
Best Individual:
Subpopulation 0:
Evaluated: true
Fitness: Standardized=0.004901399 Adjusted=0.9951225 Hits=4
Tree 0:
digraph g {
node [shape=rectangle];
n[label = "If_Then"];
n0[label = "If_Then"];
n00[label = "While"];
n000[label = "Or"];
n0000[label = "CplexTerminal"];
n000 -> n0000;
n0001[label = "NearestFirstNode"];
n000 -> n0001;
n00 -> n000;
n001[label = "And"];
n0010[label = "FarthestNeighbor"];
n001 -> n0010;
n0011[label = "NearestNeighbor"];
n001 -> n0011;
n00 -> n001;
n0 -> n00;
n01[label = "Equal"];
n010[label = "FarthestFirstNode"];
n01 -> n010;
n011[label = "Equal"];
n0110[label = "FarthestInsertion"];
n011 -> n0110;
n0111[label = "FarthestInsertion"];
n011 -> n0111;
n01 -> n011;
n0 -> n01;
n -> n0;
n1[label = "Or"];
n10[label = "If_Then_Else"];
n100[label = "Equal"];
n1000[label = "FarthestFirstNode"];
n100 -> n1000;
n1001[label = "FarthestNeighbor"];
n100 -> n1001;
n10 -> n100;
n101[label = "And"];
n1010[label = "NearestInsertion"];
n101 -> n1010;
n1011[label = "CplexTerminal"];
n101 -> n1011;
n10 -> n101;
n102[label = "While"];
n1020[label = "BestMove"];
n102 -> n1020;
n1021[label = "NearestInsertion"];
n102 -> n1021;
n10 -> n102;
n1 -> n10;
n11[label = "Equal"];
n110[label = "Equal"];
n1100[label = "CplexTerminal"];
n110 -> n1100;
n1101[label = "FarthestFirstNode"];
n110 -> n1101;
n11 -> n110;
n111[label = "Equal"];
n1110[label = "FarthestFirstNode"];
n111 -> n1110;
n1111[label = "NearestNeighbor"];
n111 -> n1111;
n11 -> n111;
n1 -> n11;
n -> n1;
}


Generation: 24
Best Individual:
Subpopulation 0:
Evaluated: true
Fitness: Standardized=0.004901399 Adjusted=0.9951225 Hits=4
Tree 0:
digraph g {
node [shape=rectangle];
n[label = "If_Then"];
n0[label = "If_Then"];
n00[label = "While"];
n000[label = "Or"];
n0000[label = "CplexTerminal"];
n000 -> n0000;
n0001[label = "NearestFirstNode"];
n000 -> n0001;
n00 -> n000;
n001[label = "And"];
n0010[label = "FarthestNeighbor"];
n001 -> n0010;
n0011[label = "NearestNeighbor"];
n001 -> n0011;
n00 -> n001;
n0 -> n00;
n01[label = "Equal"];
n010[label = "FarthestFirstNode"];
n01 -> n010;
n011[label = "Equal"];
n0110[label = "FarthestInsertion"];
n011 -> n0110;
n0111[label = "FarthestInsertion"];
n011 -> n0111;
n01 -> n011;
n0 -> n01;
n -> n0;
n1[label = "Or"];
n10[label = "If_Then_Else"];
n100[label = "Equal"];
n1000[label = "FarthestFirstNode"];
n100 -> n1000;
n1001[label = "FarthestNeighbor"];
n100 -> n1001;
n10 -> n100;
n101[label = "And"];
n1010[label = "NearestInsertion"];
n101 -> n1010;
n1011[label = "CplexTerminal"];
n101 -> n1011;
n10 -> n101;
n102[label = "While"];
n1020[label = "BestMove"];
n102 -> n1020;
n1021[label = "NearestInsertion"];
n102 -> n1021;
n10 -> n102;
n1 -> n10;
n11[label = "Equal"];
n110[label = "Equal"];
n1100[label = "CplexTerminal"];
n110 -> n1100;
n1101[label = "FarthestFirstNode"];
n110 -> n1101;
n11 -> n110;
n111[label = "Equal"];
n1110[label = "FarthestFirstNode"];
n111 -> n1110;
n1111[label = "NearestNeighbor"];
n111 -> n1111;
n11 -> n111;
n1 -> n11;
n -> n1;
}


Generation: 25
Best Individual:
Subpopulation 0:
Evaluated: true
Fitness: Standardized=0.004901399 Adjusted=0.9951225 Hits=4
Tree 0:
digraph g {
node [shape=rectangle];
n[label = "If_Then"];
n0[label = "If_Then"];
n00[label = "While"];
n000[label = "Or"];
n0000[label = "CplexTerminal"];
n000 -> n0000;
n0001[label = "NearestFirstNode"];
n000 -> n0001;
n00 -> n000;
n001[label = "And"];
n0010[label = "FarthestNeighbor"];
n001 -> n0010;
n0011[label = "NearestNeighbor"];
n001 -> n0011;
n00 -> n001;
n0 -> n00;
n01[label = "Equal"];
n010[label = "FarthestFirstNode"];
n01 -> n010;
n011[label = "Equal"];
n0110[label = "FarthestInsertion"];
n011 -> n0110;
n0111[label = "FarthestInsertion"];
n011 -> n0111;
n01 -> n011;
n0 -> n01;
n -> n0;
n1[label = "Or"];
n10[label = "If_Then_Else"];
n100[label = "Equal"];
n1000[label = "FarthestFirstNode"];
n100 -> n1000;
n1001[label = "FarthestNeighbor"];
n100 -> n1001;
n10 -> n100;
n101[label = "And"];
n1010[label = "NearestInsertion"];
n101 -> n1010;
n1011[label = "CplexTerminal"];
n101 -> n1011;
n10 -> n101;
n102[label = "While"];
n1020[label = "BestMove"];
n102 -> n1020;
n1021[label = "NearestInsertion"];
n102 -> n1021;
n10 -> n102;
n1 -> n10;
n11[label = "Equal"];
n110[label = "Equal"];
n1100[label = "CplexTerminal"];
n110 -> n1100;
n1101[label = "FarthestFirstNode"];
n110 -> n1101;
n11 -> n110;
n111[label = "Equal"];
n1110[label = "FarthestFirstNode"];
n111 -> n1110;
n1111[label = "NearestNeighbor"];
n111 -> n1111;
n11 -> n111;
n1 -> n11;
n -> n1;
}


Generation: 26
Best Individual:
Subpopulation 0:
Evaluated: true
Fitness: Standardized=0.004901399 Adjusted=0.9951225 Hits=4
Tree 0:
digraph g {
node [shape=rectangle];
n[label = "If_Then"];
n0[label = "If_Then"];
n00[label = "While"];
n000[label = "Or"];
n0000[label = "CplexTerminal"];
n000 -> n0000;
n0001[label = "NearestFirstNode"];
n000 -> n0001;
n00 -> n000;
n001[label = "And"];
n0010[label = "FarthestNeighbor"];
n001 -> n0010;
n0011[label = "NearestNeighbor"];
n001 -> n0011;
n00 -> n001;
n0 -> n00;
n01[label = "Equal"];
n010[label = "FarthestFirstNode"];
n01 -> n010;
n011[label = "Equal"];
n0110[label = "FarthestInsertion"];
n011 -> n0110;
n0111[label = "FarthestInsertion"];
n011 -> n0111;
n01 -> n011;
n0 -> n01;
n -> n0;
n1[label = "Or"];
n10[label = "If_Then_Else"];
n100[label = "Equal"];
n1000[label = "FarthestFirstNode"];
n100 -> n1000;
n1001[label = "FarthestNeighbor"];
n100 -> n1001;
n10 -> n100;
n101[label = "And"];
n1010[label = "NearestInsertion"];
n101 -> n1010;
n1011[label = "CplexTerminal"];
n101 -> n1011;
n10 -> n101;
n102[label = "While"];
n1020[label = "BestMove"];
n102 -> n1020;
n1021[label = "NearestInsertion"];
n102 -> n1021;
n10 -> n102;
n1 -> n10;
n11[label = "Equal"];
n110[label = "Equal"];
n1100[label = "CplexTerminal"];
n110 -> n1100;
n1101[label = "FarthestFirstNode"];
n110 -> n1101;
n11 -> n110;
n111[label = "Equal"];
n1110[label = "FarthestFirstNode"];
n111 -> n1110;
n1111[label = "NearestNeighbor"];
n111 -> n1111;
n11 -> n111;
n1 -> n11;
n -> n1;
}


Generation: 27
Best Individual:
Subpopulation 0:
Evaluated: true
Fitness: Standardized=0.004901399 Adjusted=0.9951225 Hits=4
Tree 0:
digraph g {
node [shape=rectangle];
n[label = "If_Then"];
n0[label = "If_Then"];
n00[label = "While"];
n000[label = "Or"];
n0000[label = "CplexTerminal"];
n000 -> n0000;
n0001[label = "NearestFirstNode"];
n000 -> n0001;
n00 -> n000;
n001[label = "And"];
n0010[label = "FarthestNeighbor"];
n001 -> n0010;
n0011[label = "NearestNeighbor"];
n001 -> n0011;
n00 -> n001;
n0 -> n00;
n01[label = "Equal"];
n010[label = "FarthestFirstNode"];
n01 -> n010;
n011[label = "Equal"];
n0110[label = "FarthestInsertion"];
n011 -> n0110;
n0111[label = "FarthestInsertion"];
n011 -> n0111;
n01 -> n011;
n0 -> n01;
n -> n0;
n1[label = "Or"];
n10[label = "If_Then_Else"];
n100[label = "Equal"];
n1000[label = "FarthestFirstNode"];
n100 -> n1000;
n1001[label = "FarthestNeighbor"];
n100 -> n1001;
n10 -> n100;
n101[label = "And"];
n1010[label = "NearestInsertion"];
n101 -> n1010;
n1011[label = "CplexTerminal"];
n101 -> n1011;
n10 -> n101;
n102[label = "While"];
n1020[label = "BestMove"];
n102 -> n1020;
n1021[label = "NearestInsertion"];
n102 -> n1021;
n10 -> n102;
n1 -> n10;
n11[label = "Equal"];
n110[label = "Equal"];
n1100[label = "CplexTerminal"];
n110 -> n1100;
n1101[label = "FarthestFirstNode"];
n110 -> n1101;
n11 -> n110;
n111[label = "Equal"];
n1110[label = "FarthestFirstNode"];
n111 -> n1110;
n1111[label = "NearestNeighbor"];
n111 -> n1111;
n11 -> n111;
n1 -> n11;
n -> n1;
}


Generation: 28
Best Individual:
Subpopulation 0:
Evaluated: true
Fitness: Standardized=0.004901399 Adjusted=0.9951225 Hits=4
Tree 0:
digraph g {
node [shape=rectangle];
n[label = "If_Then"];
n0[label = "If_Then"];
n00[label = "While"];
n000[label = "Or"];
n0000[label = "CplexTerminal"];
n000 -> n0000;
n0001[label = "NearestFirstNode"];
n000 -> n0001;
n00 -> n000;
n001[label = "And"];
n0010[label = "FarthestNeighbor"];
n001 -> n0010;
n0011[label = "NearestNeighbor"];
n001 -> n0011;
n00 -> n001;
n0 -> n00;
n01[label = "Equal"];
n010[label = "FarthestFirstNode"];
n01 -> n010;
n011[label = "Equal"];
n0110[label = "FarthestInsertion"];
n011 -> n0110;
n0111[label = "FarthestInsertion"];
n011 -> n0111;
n01 -> n011;
n0 -> n01;
n -> n0;
n1[label = "Or"];
n10[label = "If_Then_Else"];
n100[label = "Equal"];
n1000[label = "FarthestFirstNode"];
n100 -> n1000;
n1001[label = "FarthestNeighbor"];
n100 -> n1001;
n10 -> n100;
n101[label = "And"];
n1010[label = "NearestInsertion"];
n101 -> n1010;
n1011[label = "CplexTerminal"];
n101 -> n1011;
n10 -> n101;
n102[label = "While"];
n1020[label = "BestMove"];
n102 -> n1020;
n1021[label = "NearestInsertion"];
n102 -> n1021;
n10 -> n102;
n1 -> n10;
n11[label = "Equal"];
n110[label = "Equal"];
n1100[label = "CplexTerminal"];
n110 -> n1100;
n1101[label = "FarthestFirstNode"];
n110 -> n1101;
n11 -> n110;
n111[label = "Equal"];
n1110[label = "FarthestFirstNode"];
n111 -> n1110;
n1111[label = "NearestNeighbor"];
n111 -> n1111;
n11 -> n111;
n1 -> n11;
n -> n1;
}


Generation: 29
Best Individual:
Subpopulation 0:
Evaluated: true
Fitness: Standardized=0.004901399 Adjusted=0.9951225 Hits=4
Tree 0:
digraph g {
node [shape=rectangle];
n[label = "If_Then"];
n0[label = "If_Then"];
n00[label = "While"];
n000[label = "Or"];
n0000[label = "CplexTerminal"];
n000 -> n0000;
n0001[label = "NearestFirstNode"];
n000 -> n0001;
n00 -> n000;
n001[label = "And"];
n0010[label = "FarthestNeighbor"];
n001 -> n0010;
n0011[label = "NearestNeighbor"];
n001 -> n0011;
n00 -> n001;
n0 -> n00;
n01[label = "Equal"];
n010[label = "FarthestFirstNode"];
n01 -> n010;
n011[label = "Equal"];
n0110[label = "FarthestInsertion"];
n011 -> n0110;
n0111[label = "FarthestInsertion"];
n011 -> n0111;
n01 -> n011;
n0 -> n01;
n -> n0;
n1[label = "Or"];
n10[label = "If_Then_Else"];
n100[label = "Equal"];
n1000[label = "FarthestFirstNode"];
n100 -> n1000;
n1001[label = "FarthestNeighbor"];
n100 -> n1001;
n10 -> n100;
n101[label = "And"];
n1010[label = "NearestInsertion"];
n101 -> n1010;
n1011[label = "CplexTerminal"];
n101 -> n1011;
n10 -> n101;
n102[label = "While"];
n1020[label = "BestMove"];
n102 -> n1020;
n1021[label = "NearestInsertion"];
n102 -> n1021;
n10 -> n102;
n1 -> n10;
n11[label = "Equal"];
n110[label = "Equal"];
n1100[label = "CplexTerminal"];
n110 -> n1100;
n1101[label = "FarthestFirstNode"];
n110 -> n1101;
n11 -> n110;
n111[label = "Equal"];
n1110[label = "FarthestFirstNode"];
n111 -> n1110;
n1111[label = "NearestNeighbor"];
n111 -> n1111;
n11 -> n111;
n1 -> n11;
n -> n1;
}


Best Individual of Run:
Subpopulation 0:
Evaluated: true
Fitness: Standardized=0.004901399 Adjusted=0.9951225 Hits=4
Tree 0:
digraph g {
node [shape=rectangle];
n[label = "If_Then"];
n0[label = "If_Then"];
n00[label = "While"];
n000[label = "Or"];
n0000[label = "CplexTerminal"];
n000 -> n0000;
n0001[label = "NearestFirstNode"];
n000 -> n0001;
n00 -> n000;
n001[label = "And"];
n0010[label = "FarthestNeighbor"];
n001 -> n0010;
n0011[label = "NearestNeighbor"];
n001 -> n0011;
n00 -> n001;
n0 -> n00;
n01[label = "Equal"];
n010[label = "FarthestFirstNode"];
n01 -> n010;
n011[label = "Equal"];
n0110[label = "FarthestInsertion"];
n011 -> n0110;
n0111[label = "FarthestInsertion"];
n011 -> n0111;
n01 -> n011;
n0 -> n01;
n -> n0;
n1[label = "Or"];
n10[label = "If_Then_Else"];
n100[label = "Equal"];
n1000[label = "FarthestFirstNode"];
n100 -> n1000;
n1001[label = "FarthestNeighbor"];
n100 -> n1001;
n10 -> n100;
n101[label = "And"];
n1010[label = "NearestInsertion"];
n101 -> n1010;
n1011[label = "CplexTerminal"];
n101 -> n1011;
n10 -> n101;
n102[label = "While"];
n1020[label = "BestMove"];
n102 -> n1020;
n1021[label = "NearestInsertion"];
n102 -> n1021;
n10 -> n102;
n1 -> n10;
n11[label = "Equal"];
n110[label = "Equal"];
n1100[label = "CplexTerminal"];
n110 -> n1100;
n1101[label = "FarthestFirstNode"];
n110 -> n1101;
n11 -> n110;
n111[label = "Equal"];
n1110[label = "FarthestFirstNode"];
n111 -> n1110;
n1111[label = "NearestNeighbor"];
n111 -> n1111;
n11 -> n111;
n1 -> n11;
n -> n1;
}

