
Generation: 0
Best Individual:
Subpopulation 0:
Evaluated: true
Fitness: Standardized=0.044133447 Adjusted=0.957732 Hits=1
Tree 0:
digraph g {
node [shape=rectangle];
n[label = "If_Then_Else"];
n0[label = "If_Then"];
n00[label = "And"];
n000[label = "If_Then_Else"];
n0000[label = "BestMove"];
n000 -> n0000;
n0001[label = "CplexTerminal"];
n000 -> n0001;
n0002[label = "WorstMove"];
n000 -> n0002;
n00 -> n000;
n001[label = "If_Then"];
n0010[label = "NearestInsertion"];
n001 -> n0010;
n0011[label = "FarthestInsertion"];
n001 -> n0011;
n00 -> n001;
n0 -> n00;
n01[label = "If_Then"];
n010[label = "If_Then"];
n0100[label = "CplexTerminal"];
n010 -> n0100;
n0101[label = "NearestFirstNode"];
n010 -> n0101;
n01 -> n010;
n011[label = "If_Then"];
n0110[label = "NearestInsertion"];
n011 -> n0110;
n0111[label = "FarthestInsertion"];
n011 -> n0111;
n01 -> n011;
n0 -> n01;
n -> n0;
n1[label = "And"];
n10[label = "Or"];
n100[label = "If_Then"];
n1000[label = "CplexTerminal"];
n100 -> n1000;
n1001[label = "FarthestInsertion"];
n100 -> n1001;
n10 -> n100;
n101[label = "Or"];
n1010[label = "NearestNeighbor"];
n101 -> n1010;
n1011[label = "BestMove"];
n101 -> n1011;
n10 -> n101;
n1 -> n10;
n11[label = "If_Then_Else"];
n110[label = "Or"];
n1100[label = "BestMove"];
n110 -> n1100;
n1101[label = "NearestFirstNode"];
n110 -> n1101;
n11 -> n110;
n111[label = "And"];
n1110[label = "BestMove"];
n111 -> n1110;
n1111[label = "CplexTerminal"];
n111 -> n1111;
n11 -> n111;
n112[label = "And"];
n1120[label = "BestMove"];
n112 -> n1120;
n1121[label = "CplexTerminal"];
n112 -> n1121;
n11 -> n112;
n1 -> n11;
n -> n1;
n2[label = "Equal"];
n20[label = "Equal"];
n200[label = "Or"];
n2000[label = "NearestFirstNode"];
n200 -> n2000;
n2001[label = "NearestFirstNode"];
n200 -> n2001;
n20 -> n200;
n201[label = "Equal"];
n2010[label = "CplexTerminal"];
n201 -> n2010;
n2011[label = "FarthestNeighbor"];
n201 -> n2011;
n20 -> n201;
n2 -> n20;
n21[label = "Equal"];
n210[label = "Or"];
n2100[label = "NearestFirstNode"];
n210 -> n2100;
n2101[label = "NearestFirstNode"];
n210 -> n2101;
n21 -> n210;
n211[label = "And"];
n2110[label = "NearestInsertion"];
n211 -> n2110;
n2111[label = "NearestInsertion"];
n211 -> n2111;
n21 -> n211;
n2 -> n21;
n -> n2;
}


Generation: 1
Best Individual:
Subpopulation 0:
Evaluated: true
Fitness: Standardized=0.007480836 Adjusted=0.9925747 Hits=4
Tree 0:
digraph g {
node [shape=rectangle];
n[label = "Or"];
n0[label = "Equal"];
n00[label = "Or"];
n000[label = "If_Then_Else"];
n0000[label = "NearestFirstNode"];
n000 -> n0000;
n0001[label = "NearestFirstNode"];
n000 -> n0001;
n0002[label = "FarthestNeighbor"];
n000 -> n0002;
n00 -> n000;
n001[label = "If_Then_Else"];
n0010[label = "NearestFirstNode"];
n001 -> n0010;
n0011[label = "FarthestNeighbor"];
n001 -> n0011;
n0012[label = "WorstMove"];
n001 -> n0012;
n00 -> n001;
n0 -> n00;
n01[label = "If_Then_Else"];
n010[label = "And"];
n0100[label = "NearestInsertion"];
n010 -> n0100;
n0101[label = "FarthestNeighbor"];
n010 -> n0101;
n01 -> n010;
n011[label = "While"];
n0110[label = "CplexTerminal"];
n011 -> n0110;
n0111[label = "CplexTerminal"];
n011 -> n0111;
n01 -> n011;
n012[label = "And"];
n0120[label = "NearestNeighbor"];
n012 -> n0120;
n0121[label = "WorstMove"];
n012 -> n0121;
n01 -> n012;
n0 -> n01;
n -> n0;
n1[label = "Equal"];
n10[label = "If_Then_Else"];
n100[label = "While"];
n1000[label = "FarthestInsertion"];
n100 -> n1000;
n1001[label = "NearestInsertion"];
n100 -> n1001;
n10 -> n100;
n101[label = "Equal"];
n1010[label = "BestMove"];
n101 -> n1010;
n1011[label = "NearestNeighbor"];
n101 -> n1011;
n10 -> n101;
n102[label = "Or"];
n1020[label = "BestMove"];
n102 -> n1020;
n1021[label = "FarthestInsertion"];
n102 -> n1021;
n10 -> n102;
n1 -> n10;
n11[label = "While"];
n110[label = "If_Then"];
n1100[label = "NearestFirstNode"];
n110 -> n1100;
n1101[label = "FarthestFirstNode"];
n110 -> n1101;
n11 -> n110;
n111[label = "If_Then_Else"];
n1110[label = "NearestFirstNode"];
n111 -> n1110;
n1111[label = "FarthestFirstNode"];
n111 -> n1111;
n1112[label = "WorstMove"];
n111 -> n1112;
n11 -> n111;
n1 -> n11;
n -> n1;
}


Generation: 2
Best Individual:
Subpopulation 0:
Evaluated: true
Fitness: Standardized=0.007480836 Adjusted=0.9925747 Hits=4
Tree 0:
digraph g {
node [shape=rectangle];
n[label = "Or"];
n0[label = "Equal"];
n00[label = "Or"];
n000[label = "If_Then_Else"];
n0000[label = "NearestFirstNode"];
n000 -> n0000;
n0001[label = "NearestFirstNode"];
n000 -> n0001;
n0002[label = "FarthestNeighbor"];
n000 -> n0002;
n00 -> n000;
n001[label = "If_Then_Else"];
n0010[label = "NearestFirstNode"];
n001 -> n0010;
n0011[label = "FarthestNeighbor"];
n001 -> n0011;
n0012[label = "WorstMove"];
n001 -> n0012;
n00 -> n001;
n0 -> n00;
n01[label = "If_Then_Else"];
n010[label = "And"];
n0100[label = "NearestInsertion"];
n010 -> n0100;
n0101[label = "FarthestNeighbor"];
n010 -> n0101;
n01 -> n010;
n011[label = "While"];
n0110[label = "CplexTerminal"];
n011 -> n0110;
n0111[label = "CplexTerminal"];
n011 -> n0111;
n01 -> n011;
n012[label = "And"];
n0120[label = "NearestNeighbor"];
n012 -> n0120;
n0121[label = "WorstMove"];
n012 -> n0121;
n01 -> n012;
n0 -> n01;
n -> n0;
n1[label = "Equal"];
n10[label = "If_Then_Else"];
n100[label = "While"];
n1000[label = "FarthestInsertion"];
n100 -> n1000;
n1001[label = "NearestInsertion"];
n100 -> n1001;
n10 -> n100;
n101[label = "Equal"];
n1010[label = "BestMove"];
n101 -> n1010;
n1011[label = "NearestNeighbor"];
n101 -> n1011;
n10 -> n101;
n102[label = "Or"];
n1020[label = "BestMove"];
n102 -> n1020;
n1021[label = "FarthestInsertion"];
n102 -> n1021;
n10 -> n102;
n1 -> n10;
n11[label = "While"];
n110[label = "If_Then"];
n1100[label = "NearestFirstNode"];
n110 -> n1100;
n1101[label = "FarthestFirstNode"];
n110 -> n1101;
n11 -> n110;
n111[label = "If_Then_Else"];
n1110[label = "NearestFirstNode"];
n111 -> n1110;
n1111[label = "FarthestFirstNode"];
n111 -> n1111;
n1112[label = "WorstMove"];
n111 -> n1112;
n11 -> n111;
n1 -> n11;
n -> n1;
}


Generation: 3
Best Individual:
Subpopulation 0:
Evaluated: true
Fitness: Standardized=0.007480836 Adjusted=0.9925747 Hits=4
Tree 0:
digraph g {
node [shape=rectangle];
n[label = "Or"];
n0[label = "Equal"];
n00[label = "Or"];
n000[label = "If_Then_Else"];
n0000[label = "NearestFirstNode"];
n000 -> n0000;
n0001[label = "NearestFirstNode"];
n000 -> n0001;
n0002[label = "FarthestNeighbor"];
n000 -> n0002;
n00 -> n000;
n001[label = "If_Then_Else"];
n0010[label = "NearestFirstNode"];
n001 -> n0010;
n0011[label = "FarthestNeighbor"];
n001 -> n0011;
n0012[label = "WorstMove"];
n001 -> n0012;
n00 -> n001;
n0 -> n00;
n01[label = "If_Then_Else"];
n010[label = "And"];
n0100[label = "NearestInsertion"];
n010 -> n0100;
n0101[label = "FarthestNeighbor"];
n010 -> n0101;
n01 -> n010;
n011[label = "While"];
n0110[label = "CplexTerminal"];
n011 -> n0110;
n0111[label = "CplexTerminal"];
n011 -> n0111;
n01 -> n011;
n012[label = "And"];
n0120[label = "NearestNeighbor"];
n012 -> n0120;
n0121[label = "WorstMove"];
n012 -> n0121;
n01 -> n012;
n0 -> n01;
n -> n0;
n1[label = "Equal"];
n10[label = "If_Then_Else"];
n100[label = "While"];
n1000[label = "FarthestInsertion"];
n100 -> n1000;
n1001[label = "NearestInsertion"];
n100 -> n1001;
n10 -> n100;
n101[label = "Equal"];
n1010[label = "BestMove"];
n101 -> n1010;
n1011[label = "NearestNeighbor"];
n101 -> n1011;
n10 -> n101;
n102[label = "Or"];
n1020[label = "BestMove"];
n102 -> n1020;
n1021[label = "FarthestInsertion"];
n102 -> n1021;
n10 -> n102;
n1 -> n10;
n11[label = "While"];
n110[label = "If_Then"];
n1100[label = "NearestFirstNode"];
n110 -> n1100;
n1101[label = "FarthestFirstNode"];
n110 -> n1101;
n11 -> n110;
n111[label = "If_Then_Else"];
n1110[label = "NearestFirstNode"];
n111 -> n1110;
n1111[label = "FarthestFirstNode"];
n111 -> n1111;
n1112[label = "WorstMove"];
n111 -> n1112;
n11 -> n111;
n1 -> n11;
n -> n1;
}


Generation: 4
Best Individual:
Subpopulation 0:
Evaluated: true
Fitness: Standardized=0.007480836 Adjusted=0.9925747 Hits=4
Tree 0:
digraph g {
node [shape=rectangle];
n[label = "Or"];
n0[label = "Equal"];
n00[label = "Or"];
n000[label = "If_Then_Else"];
n0000[label = "NearestFirstNode"];
n000 -> n0000;
n0001[label = "NearestFirstNode"];
n000 -> n0001;
n0002[label = "FarthestNeighbor"];
n000 -> n0002;
n00 -> n000;
n001[label = "If_Then_Else"];
n0010[label = "NearestFirstNode"];
n001 -> n0010;
n0011[label = "FarthestNeighbor"];
n001 -> n0011;
n0012[label = "WorstMove"];
n001 -> n0012;
n00 -> n001;
n0 -> n00;
n01[label = "If_Then_Else"];
n010[label = "And"];
n0100[label = "NearestInsertion"];
n010 -> n0100;
n0101[label = "FarthestNeighbor"];
n010 -> n0101;
n01 -> n010;
n011[label = "While"];
n0110[label = "CplexTerminal"];
n011 -> n0110;
n0111[label = "CplexTerminal"];
n011 -> n0111;
n01 -> n011;
n012[label = "And"];
n0120[label = "NearestNeighbor"];
n012 -> n0120;
n0121[label = "WorstMove"];
n012 -> n0121;
n01 -> n012;
n0 -> n01;
n -> n0;
n1[label = "Equal"];
n10[label = "If_Then_Else"];
n100[label = "While"];
n1000[label = "FarthestInsertion"];
n100 -> n1000;
n1001[label = "NearestInsertion"];
n100 -> n1001;
n10 -> n100;
n101[label = "Equal"];
n1010[label = "BestMove"];
n101 -> n1010;
n1011[label = "NearestNeighbor"];
n101 -> n1011;
n10 -> n101;
n102[label = "Or"];
n1020[label = "BestMove"];
n102 -> n1020;
n1021[label = "FarthestInsertion"];
n102 -> n1021;
n10 -> n102;
n1 -> n10;
n11[label = "While"];
n110[label = "If_Then"];
n1100[label = "NearestFirstNode"];
n110 -> n1100;
n1101[label = "FarthestFirstNode"];
n110 -> n1101;
n11 -> n110;
n111[label = "If_Then_Else"];
n1110[label = "NearestFirstNode"];
n111 -> n1110;
n1111[label = "FarthestFirstNode"];
n111 -> n1111;
n1112[label = "WorstMove"];
n111 -> n1112;
n11 -> n111;
n1 -> n11;
n -> n1;
}


Generation: 5
Best Individual:
Subpopulation 0:
Evaluated: true
Fitness: Standardized=0.007480836 Adjusted=0.9925747 Hits=4
Tree 0:
digraph g {
node [shape=rectangle];
n[label = "Or"];
n0[label = "Equal"];
n00[label = "Or"];
n000[label = "If_Then_Else"];
n0000[label = "NearestFirstNode"];
n000 -> n0000;
n0001[label = "NearestFirstNode"];
n000 -> n0001;
n0002[label = "FarthestNeighbor"];
n000 -> n0002;
n00 -> n000;
n001[label = "If_Then_Else"];
n0010[label = "NearestFirstNode"];
n001 -> n0010;
n0011[label = "FarthestNeighbor"];
n001 -> n0011;
n0012[label = "WorstMove"];
n001 -> n0012;
n00 -> n001;
n0 -> n00;
n01[label = "If_Then_Else"];
n010[label = "And"];
n0100[label = "NearestInsertion"];
n010 -> n0100;
n0101[label = "FarthestNeighbor"];
n010 -> n0101;
n01 -> n010;
n011[label = "While"];
n0110[label = "CplexTerminal"];
n011 -> n0110;
n0111[label = "CplexTerminal"];
n011 -> n0111;
n01 -> n011;
n012[label = "And"];
n0120[label = "NearestNeighbor"];
n012 -> n0120;
n0121[label = "WorstMove"];
n012 -> n0121;
n01 -> n012;
n0 -> n01;
n -> n0;
n1[label = "Equal"];
n10[label = "If_Then_Else"];
n100[label = "While"];
n1000[label = "FarthestInsertion"];
n100 -> n1000;
n1001[label = "NearestInsertion"];
n100 -> n1001;
n10 -> n100;
n101[label = "Equal"];
n1010[label = "BestMove"];
n101 -> n1010;
n1011[label = "NearestNeighbor"];
n101 -> n1011;
n10 -> n101;
n102[label = "Or"];
n1020[label = "BestMove"];
n102 -> n1020;
n1021[label = "FarthestInsertion"];
n102 -> n1021;
n10 -> n102;
n1 -> n10;
n11[label = "While"];
n110[label = "If_Then"];
n1100[label = "NearestFirstNode"];
n110 -> n1100;
n1101[label = "FarthestFirstNode"];
n110 -> n1101;
n11 -> n110;
n111[label = "If_Then_Else"];
n1110[label = "NearestFirstNode"];
n111 -> n1110;
n1111[label = "FarthestFirstNode"];
n111 -> n1111;
n1112[label = "WorstMove"];
n111 -> n1112;
n11 -> n111;
n1 -> n11;
n -> n1;
}


Generation: 6
Best Individual:
Subpopulation 0:
Evaluated: true
Fitness: Standardized=0.007480836 Adjusted=0.9925747 Hits=4
Tree 0:
digraph g {
node [shape=rectangle];
n[label = "Or"];
n0[label = "Equal"];
n00[label = "Or"];
n000[label = "If_Then_Else"];
n0000[label = "NearestFirstNode"];
n000 -> n0000;
n0001[label = "NearestFirstNode"];
n000 -> n0001;
n0002[label = "FarthestNeighbor"];
n000 -> n0002;
n00 -> n000;
n001[label = "If_Then_Else"];
n0010[label = "NearestFirstNode"];
n001 -> n0010;
n0011[label = "FarthestNeighbor"];
n001 -> n0011;
n0012[label = "WorstMove"];
n001 -> n0012;
n00 -> n001;
n0 -> n00;
n01[label = "If_Then_Else"];
n010[label = "And"];
n0100[label = "NearestInsertion"];
n010 -> n0100;
n0101[label = "FarthestNeighbor"];
n010 -> n0101;
n01 -> n010;
n011[label = "While"];
n0110[label = "CplexTerminal"];
n011 -> n0110;
n0111[label = "CplexTerminal"];
n011 -> n0111;
n01 -> n011;
n012[label = "And"];
n0120[label = "NearestNeighbor"];
n012 -> n0120;
n0121[label = "WorstMove"];
n012 -> n0121;
n01 -> n012;
n0 -> n01;
n -> n0;
n1[label = "Equal"];
n10[label = "If_Then_Else"];
n100[label = "While"];
n1000[label = "FarthestInsertion"];
n100 -> n1000;
n1001[label = "NearestInsertion"];
n100 -> n1001;
n10 -> n100;
n101[label = "Equal"];
n1010[label = "BestMove"];
n101 -> n1010;
n1011[label = "NearestNeighbor"];
n101 -> n1011;
n10 -> n101;
n102[label = "Or"];
n1020[label = "BestMove"];
n102 -> n1020;
n1021[label = "FarthestInsertion"];
n102 -> n1021;
n10 -> n102;
n1 -> n10;
n11[label = "While"];
n110[label = "If_Then"];
n1100[label = "NearestFirstNode"];
n110 -> n1100;
n1101[label = "FarthestFirstNode"];
n110 -> n1101;
n11 -> n110;
n111[label = "If_Then_Else"];
n1110[label = "NearestFirstNode"];
n111 -> n1110;
n1111[label = "FarthestFirstNode"];
n111 -> n1111;
n1112[label = "WorstMove"];
n111 -> n1112;
n11 -> n111;
n1 -> n11;
n -> n1;
}


Generation: 7
Best Individual:
Subpopulation 0:
Evaluated: true
Fitness: Standardized=0.007480836 Adjusted=0.9925747 Hits=4
Tree 0:
digraph g {
node [shape=rectangle];
n[label = "Or"];
n0[label = "Equal"];
n00[label = "Or"];
n000[label = "If_Then_Else"];
n0000[label = "NearestFirstNode"];
n000 -> n0000;
n0001[label = "NearestFirstNode"];
n000 -> n0001;
n0002[label = "FarthestNeighbor"];
n000 -> n0002;
n00 -> n000;
n001[label = "If_Then_Else"];
n0010[label = "NearestFirstNode"];
n001 -> n0010;
n0011[label = "FarthestNeighbor"];
n001 -> n0011;
n0012[label = "WorstMove"];
n001 -> n0012;
n00 -> n001;
n0 -> n00;
n01[label = "If_Then_Else"];
n010[label = "And"];
n0100[label = "NearestInsertion"];
n010 -> n0100;
n0101[label = "FarthestNeighbor"];
n010 -> n0101;
n01 -> n010;
n011[label = "While"];
n0110[label = "CplexTerminal"];
n011 -> n0110;
n0111[label = "CplexTerminal"];
n011 -> n0111;
n01 -> n011;
n012[label = "And"];
n0120[label = "NearestNeighbor"];
n012 -> n0120;
n0121[label = "WorstMove"];
n012 -> n0121;
n01 -> n012;
n0 -> n01;
n -> n0;
n1[label = "Equal"];
n10[label = "If_Then_Else"];
n100[label = "While"];
n1000[label = "FarthestInsertion"];
n100 -> n1000;
n1001[label = "NearestInsertion"];
n100 -> n1001;
n10 -> n100;
n101[label = "Equal"];
n1010[label = "BestMove"];
n101 -> n1010;
n1011[label = "NearestNeighbor"];
n101 -> n1011;
n10 -> n101;
n102[label = "Or"];
n1020[label = "BestMove"];
n102 -> n1020;
n1021[label = "FarthestInsertion"];
n102 -> n1021;
n10 -> n102;
n1 -> n10;
n11[label = "While"];
n110[label = "If_Then"];
n1100[label = "NearestFirstNode"];
n110 -> n1100;
n1101[label = "FarthestFirstNode"];
n110 -> n1101;
n11 -> n110;
n111[label = "If_Then_Else"];
n1110[label = "NearestFirstNode"];
n111 -> n1110;
n1111[label = "FarthestFirstNode"];
n111 -> n1111;
n1112[label = "WorstMove"];
n111 -> n1112;
n11 -> n111;
n1 -> n11;
n -> n1;
}


Generation: 8
Best Individual:
Subpopulation 0:
Evaluated: true
Fitness: Standardized=0.007480836 Adjusted=0.9925747 Hits=4
Tree 0:
digraph g {
node [shape=rectangle];
n[label = "Or"];
n0[label = "Equal"];
n00[label = "Or"];
n000[label = "If_Then_Else"];
n0000[label = "NearestFirstNode"];
n000 -> n0000;
n0001[label = "NearestFirstNode"];
n000 -> n0001;
n0002[label = "FarthestNeighbor"];
n000 -> n0002;
n00 -> n000;
n001[label = "If_Then_Else"];
n0010[label = "NearestFirstNode"];
n001 -> n0010;
n0011[label = "FarthestNeighbor"];
n001 -> n0011;
n0012[label = "WorstMove"];
n001 -> n0012;
n00 -> n001;
n0 -> n00;
n01[label = "If_Then_Else"];
n010[label = "And"];
n0100[label = "NearestInsertion"];
n010 -> n0100;
n0101[label = "FarthestNeighbor"];
n010 -> n0101;
n01 -> n010;
n011[label = "While"];
n0110[label = "CplexTerminal"];
n011 -> n0110;
n0111[label = "CplexTerminal"];
n011 -> n0111;
n01 -> n011;
n012[label = "NearestFirstNode"];
n01 -> n012;
n0 -> n01;
n -> n0;
n1[label = "Equal"];
n10[label = "If_Then_Else"];
n100[label = "While"];
n1000[label = "FarthestInsertion"];
n100 -> n1000;
n1001[label = "NearestInsertion"];
n100 -> n1001;
n10 -> n100;
n101[label = "Equal"];
n1010[label = "BestMove"];
n101 -> n1010;
n1011[label = "NearestNeighbor"];
n101 -> n1011;
n10 -> n101;
n102[label = "Or"];
n1020[label = "BestMove"];
n102 -> n1020;
n1021[label = "FarthestInsertion"];
n102 -> n1021;
n10 -> n102;
n1 -> n10;
n11[label = "While"];
n110[label = "If_Then"];
n1100[label = "NearestFirstNode"];
n110 -> n1100;
n1101[label = "FarthestFirstNode"];
n110 -> n1101;
n11 -> n110;
n111[label = "If_Then_Else"];
n1110[label = "NearestFirstNode"];
n111 -> n1110;
n1111[label = "FarthestFirstNode"];
n111 -> n1111;
n1112[label = "WorstMove"];
n111 -> n1112;
n11 -> n111;
n1 -> n11;
n -> n1;
}


Generation: 9
Best Individual:
Subpopulation 0:
Evaluated: true
Fitness: Standardized=0.007480836 Adjusted=0.9925747 Hits=4
Tree 0:
digraph g {
node [shape=rectangle];
n[label = "Or"];
n0[label = "Equal"];
n00[label = "Or"];
n000[label = "If_Then_Else"];
n0000[label = "NearestFirstNode"];
n000 -> n0000;
n0001[label = "NearestFirstNode"];
n000 -> n0001;
n0002[label = "FarthestNeighbor"];
n000 -> n0002;
n00 -> n000;
n001[label = "If_Then_Else"];
n0010[label = "NearestFirstNode"];
n001 -> n0010;
n0011[label = "FarthestNeighbor"];
n001 -> n0011;
n0012[label = "WorstMove"];
n001 -> n0012;
n00 -> n001;
n0 -> n00;
n01[label = "If_Then_Else"];
n010[label = "And"];
n0100[label = "NearestInsertion"];
n010 -> n0100;
n0101[label = "FarthestNeighbor"];
n010 -> n0101;
n01 -> n010;
n011[label = "While"];
n0110[label = "CplexTerminal"];
n011 -> n0110;
n0111[label = "CplexTerminal"];
n011 -> n0111;
n01 -> n011;
n012[label = "And"];
n0120[label = "NearestNeighbor"];
n012 -> n0120;
n0121[label = "WorstMove"];
n012 -> n0121;
n01 -> n012;
n0 -> n01;
n -> n0;
n1[label = "Equal"];
n10[label = "If_Then_Else"];
n100[label = "While"];
n1000[label = "FarthestInsertion"];
n100 -> n1000;
n1001[label = "NearestInsertion"];
n100 -> n1001;
n10 -> n100;
n101[label = "Equal"];
n1010[label = "BestMove"];
n101 -> n1010;
n1011[label = "NearestNeighbor"];
n101 -> n1011;
n10 -> n101;
n102[label = "Or"];
n1020[label = "BestMove"];
n102 -> n1020;
n1021[label = "FarthestInsertion"];
n102 -> n1021;
n10 -> n102;
n1 -> n10;
n11[label = "While"];
n110[label = "If_Then"];
n1100[label = "NearestFirstNode"];
n110 -> n1100;
n1101[label = "FarthestFirstNode"];
n110 -> n1101;
n11 -> n110;
n111[label = "If_Then_Else"];
n1110[label = "NearestFirstNode"];
n111 -> n1110;
n1111[label = "FarthestFirstNode"];
n111 -> n1111;
n1112[label = "WorstMove"];
n111 -> n1112;
n11 -> n111;
n1 -> n11;
n -> n1;
}


Generation: 10
Best Individual:
Subpopulation 0:
Evaluated: true
Fitness: Standardized=0.007480836 Adjusted=0.9925747 Hits=4
Tree 0:
digraph g {
node [shape=rectangle];
n[label = "Or"];
n0[label = "Equal"];
n00[label = "Or"];
n000[label = "If_Then_Else"];
n0000[label = "NearestFirstNode"];
n000 -> n0000;
n0001[label = "NearestFirstNode"];
n000 -> n0001;
n0002[label = "FarthestNeighbor"];
n000 -> n0002;
n00 -> n000;
n001[label = "If_Then_Else"];
n0010[label = "NearestFirstNode"];
n001 -> n0010;
n0011[label = "FarthestNeighbor"];
n001 -> n0011;
n0012[label = "WorstMove"];
n001 -> n0012;
n00 -> n001;
n0 -> n00;
n01[label = "If_Then_Else"];
n010[label = "And"];
n0100[label = "NearestInsertion"];
n010 -> n0100;
n0101[label = "FarthestNeighbor"];
n010 -> n0101;
n01 -> n010;
n011[label = "While"];
n0110[label = "CplexTerminal"];
n011 -> n0110;
n0111[label = "CplexTerminal"];
n011 -> n0111;
n01 -> n011;
n012[label = "And"];
n0120[label = "NearestNeighbor"];
n012 -> n0120;
n0121[label = "WorstMove"];
n012 -> n0121;
n01 -> n012;
n0 -> n01;
n -> n0;
n1[label = "Equal"];
n10[label = "If_Then_Else"];
n100[label = "While"];
n1000[label = "FarthestInsertion"];
n100 -> n1000;
n1001[label = "NearestInsertion"];
n100 -> n1001;
n10 -> n100;
n101[label = "Equal"];
n1010[label = "BestMove"];
n101 -> n1010;
n1011[label = "NearestNeighbor"];
n101 -> n1011;
n10 -> n101;
n102[label = "Or"];
n1020[label = "BestMove"];
n102 -> n1020;
n1021[label = "FarthestInsertion"];
n102 -> n1021;
n10 -> n102;
n1 -> n10;
n11[label = "While"];
n110[label = "If_Then"];
n1100[label = "NearestFirstNode"];
n110 -> n1100;
n1101[label = "FarthestFirstNode"];
n110 -> n1101;
n11 -> n110;
n111[label = "If_Then_Else"];
n1110[label = "NearestFirstNode"];
n111 -> n1110;
n1111[label = "FarthestFirstNode"];
n111 -> n1111;
n1112[label = "WorstMove"];
n111 -> n1112;
n11 -> n111;
n1 -> n11;
n -> n1;
}


Generation: 11
Best Individual:
Subpopulation 0:
Evaluated: true
Fitness: Standardized=0.007480836 Adjusted=0.9925747 Hits=4
Tree 0:
digraph g {
node [shape=rectangle];
n[label = "Or"];
n0[label = "Equal"];
n00[label = "Or"];
n000[label = "If_Then_Else"];
n0000[label = "NearestFirstNode"];
n000 -> n0000;
n0001[label = "NearestFirstNode"];
n000 -> n0001;
n0002[label = "FarthestNeighbor"];
n000 -> n0002;
n00 -> n000;
n001[label = "If_Then_Else"];
n0010[label = "NearestFirstNode"];
n001 -> n0010;
n0011[label = "FarthestNeighbor"];
n001 -> n0011;
n0012[label = "WorstMove"];
n001 -> n0012;
n00 -> n001;
n0 -> n00;
n01[label = "If_Then_Else"];
n010[label = "And"];
n0100[label = "NearestInsertion"];
n010 -> n0100;
n0101[label = "FarthestNeighbor"];
n010 -> n0101;
n01 -> n010;
n011[label = "While"];
n0110[label = "CplexTerminal"];
n011 -> n0110;
n0111[label = "CplexTerminal"];
n011 -> n0111;
n01 -> n011;
n012[label = "And"];
n0120[label = "NearestNeighbor"];
n012 -> n0120;
n0121[label = "WorstMove"];
n012 -> n0121;
n01 -> n012;
n0 -> n01;
n -> n0;
n1[label = "Equal"];
n10[label = "If_Then_Else"];
n100[label = "While"];
n1000[label = "FarthestInsertion"];
n100 -> n1000;
n1001[label = "NearestInsertion"];
n100 -> n1001;
n10 -> n100;
n101[label = "Equal"];
n1010[label = "BestMove"];
n101 -> n1010;
n1011[label = "NearestNeighbor"];
n101 -> n1011;
n10 -> n101;
n102[label = "Or"];
n1020[label = "BestMove"];
n102 -> n1020;
n1021[label = "FarthestInsertion"];
n102 -> n1021;
n10 -> n102;
n1 -> n10;
n11[label = "While"];
n110[label = "If_Then"];
n1100[label = "NearestFirstNode"];
n110 -> n1100;
n1101[label = "FarthestFirstNode"];
n110 -> n1101;
n11 -> n110;
n111[label = "If_Then_Else"];
n1110[label = "NearestFirstNode"];
n111 -> n1110;
n1111[label = "FarthestFirstNode"];
n111 -> n1111;
n1112[label = "WorstMove"];
n111 -> n1112;
n11 -> n111;
n1 -> n11;
n -> n1;
}


Generation: 12
Best Individual:
Subpopulation 0:
Evaluated: true
Fitness: Standardized=0.007480836 Adjusted=0.9925747 Hits=4
Tree 0:
digraph g {
node [shape=rectangle];
n[label = "Or"];
n0[label = "Equal"];
n00[label = "Or"];
n000[label = "If_Then_Else"];
n0000[label = "NearestFirstNode"];
n000 -> n0000;
n0001[label = "NearestFirstNode"];
n000 -> n0001;
n0002[label = "FarthestNeighbor"];
n000 -> n0002;
n00 -> n000;
n001[label = "If_Then_Else"];
n0010[label = "NearestFirstNode"];
n001 -> n0010;
n0011[label = "FarthestNeighbor"];
n001 -> n0011;
n0012[label = "WorstMove"];
n001 -> n0012;
n00 -> n001;
n0 -> n00;
n01[label = "If_Then_Else"];
n010[label = "And"];
n0100[label = "NearestInsertion"];
n010 -> n0100;
n0101[label = "FarthestNeighbor"];
n010 -> n0101;
n01 -> n010;
n011[label = "While"];
n0110[label = "CplexTerminal"];
n011 -> n0110;
n0111[label = "CplexTerminal"];
n011 -> n0111;
n01 -> n011;
n012[label = "And"];
n0120[label = "NearestNeighbor"];
n012 -> n0120;
n0121[label = "WorstMove"];
n012 -> n0121;
n01 -> n012;
n0 -> n01;
n -> n0;
n1[label = "Equal"];
n10[label = "If_Then_Else"];
n100[label = "While"];
n1000[label = "FarthestInsertion"];
n100 -> n1000;
n1001[label = "NearestInsertion"];
n100 -> n1001;
n10 -> n100;
n101[label = "Equal"];
n1010[label = "BestMove"];
n101 -> n1010;
n1011[label = "NearestNeighbor"];
n101 -> n1011;
n10 -> n101;
n102[label = "Or"];
n1020[label = "BestMove"];
n102 -> n1020;
n1021[label = "FarthestInsertion"];
n102 -> n1021;
n10 -> n102;
n1 -> n10;
n11[label = "While"];
n110[label = "If_Then"];
n1100[label = "NearestFirstNode"];
n110 -> n1100;
n1101[label = "FarthestFirstNode"];
n110 -> n1101;
n11 -> n110;
n111[label = "If_Then_Else"];
n1110[label = "NearestFirstNode"];
n111 -> n1110;
n1111[label = "FarthestFirstNode"];
n111 -> n1111;
n1112[label = "WorstMove"];
n111 -> n1112;
n11 -> n111;
n1 -> n11;
n -> n1;
}


Generation: 13
Best Individual:
Subpopulation 0:
Evaluated: true
Fitness: Standardized=0.007480836 Adjusted=0.9925747 Hits=4
Tree 0:
digraph g {
node [shape=rectangle];
n[label = "Or"];
n0[label = "Equal"];
n00[label = "Or"];
n000[label = "If_Then_Else"];
n0000[label = "NearestFirstNode"];
n000 -> n0000;
n0001[label = "NearestFirstNode"];
n000 -> n0001;
n0002[label = "FarthestNeighbor"];
n000 -> n0002;
n00 -> n000;
n001[label = "If_Then_Else"];
n0010[label = "NearestFirstNode"];
n001 -> n0010;
n0011[label = "FarthestNeighbor"];
n001 -> n0011;
n0012[label = "WorstMove"];
n001 -> n0012;
n00 -> n001;
n0 -> n00;
n01[label = "If_Then_Else"];
n010[label = "And"];
n0100[label = "NearestInsertion"];
n010 -> n0100;
n0101[label = "FarthestNeighbor"];
n010 -> n0101;
n01 -> n010;
n011[label = "While"];
n0110[label = "CplexTerminal"];
n011 -> n0110;
n0111[label = "CplexTerminal"];
n011 -> n0111;
n01 -> n011;
n012[label = "And"];
n0120[label = "NearestNeighbor"];
n012 -> n0120;
n0121[label = "WorstMove"];
n012 -> n0121;
n01 -> n012;
n0 -> n01;
n -> n0;
n1[label = "Equal"];
n10[label = "If_Then_Else"];
n100[label = "While"];
n1000[label = "FarthestInsertion"];
n100 -> n1000;
n1001[label = "NearestInsertion"];
n100 -> n1001;
n10 -> n100;
n101[label = "Equal"];
n1010[label = "BestMove"];
n101 -> n1010;
n1011[label = "NearestNeighbor"];
n101 -> n1011;
n10 -> n101;
n102[label = "Or"];
n1020[label = "BestMove"];
n102 -> n1020;
n1021[label = "FarthestInsertion"];
n102 -> n1021;
n10 -> n102;
n1 -> n10;
n11[label = "While"];
n110[label = "If_Then"];
n1100[label = "NearestFirstNode"];
n110 -> n1100;
n1101[label = "FarthestFirstNode"];
n110 -> n1101;
n11 -> n110;
n111[label = "If_Then_Else"];
n1110[label = "NearestFirstNode"];
n111 -> n1110;
n1111[label = "FarthestFirstNode"];
n111 -> n1111;
n1112[label = "WorstMove"];
n111 -> n1112;
n11 -> n111;
n1 -> n11;
n -> n1;
}


Generation: 14
Best Individual:
Subpopulation 0:
Evaluated: true
Fitness: Standardized=0.007480836 Adjusted=0.9925747 Hits=4
Tree 0:
digraph g {
node [shape=rectangle];
n[label = "Or"];
n0[label = "Equal"];
n00[label = "Or"];
n000[label = "If_Then_Else"];
n0000[label = "NearestFirstNode"];
n000 -> n0000;
n0001[label = "NearestFirstNode"];
n000 -> n0001;
n0002[label = "FarthestNeighbor"];
n000 -> n0002;
n00 -> n000;
n001[label = "If_Then_Else"];
n0010[label = "NearestFirstNode"];
n001 -> n0010;
n0011[label = "FarthestNeighbor"];
n001 -> n0011;
n0012[label = "WorstMove"];
n001 -> n0012;
n00 -> n001;
n0 -> n00;
n01[label = "If_Then_Else"];
n010[label = "And"];
n0100[label = "NearestInsertion"];
n010 -> n0100;
n0101[label = "FarthestNeighbor"];
n010 -> n0101;
n01 -> n010;
n011[label = "While"];
n0110[label = "CplexTerminal"];
n011 -> n0110;
n0111[label = "CplexTerminal"];
n011 -> n0111;
n01 -> n011;
n012[label = "And"];
n0120[label = "NearestNeighbor"];
n012 -> n0120;
n0121[label = "WorstMove"];
n012 -> n0121;
n01 -> n012;
n0 -> n01;
n -> n0;
n1[label = "Equal"];
n10[label = "If_Then_Else"];
n100[label = "While"];
n1000[label = "FarthestInsertion"];
n100 -> n1000;
n1001[label = "NearestInsertion"];
n100 -> n1001;
n10 -> n100;
n101[label = "Equal"];
n1010[label = "BestMove"];
n101 -> n1010;
n1011[label = "NearestNeighbor"];
n101 -> n1011;
n10 -> n101;
n102[label = "Or"];
n1020[label = "BestMove"];
n102 -> n1020;
n1021[label = "FarthestInsertion"];
n102 -> n1021;
n10 -> n102;
n1 -> n10;
n11[label = "While"];
n110[label = "If_Then"];
n1100[label = "NearestFirstNode"];
n110 -> n1100;
n1101[label = "FarthestFirstNode"];
n110 -> n1101;
n11 -> n110;
n111[label = "If_Then_Else"];
n1110[label = "NearestFirstNode"];
n111 -> n1110;
n1111[label = "FarthestFirstNode"];
n111 -> n1111;
n1112[label = "WorstMove"];
n111 -> n1112;
n11 -> n111;
n1 -> n11;
n -> n1;
}


Generation: 15
Best Individual:
Subpopulation 0:
Evaluated: true
Fitness: Standardized=0.007480836 Adjusted=0.9925747 Hits=4
Tree 0:
digraph g {
node [shape=rectangle];
n[label = "Or"];
n0[label = "Equal"];
n00[label = "Or"];
n000[label = "If_Then_Else"];
n0000[label = "NearestFirstNode"];
n000 -> n0000;
n0001[label = "NearestFirstNode"];
n000 -> n0001;
n0002[label = "FarthestNeighbor"];
n000 -> n0002;
n00 -> n000;
n001[label = "If_Then_Else"];
n0010[label = "NearestFirstNode"];
n001 -> n0010;
n0011[label = "FarthestNeighbor"];
n001 -> n0011;
n0012[label = "WorstMove"];
n001 -> n0012;
n00 -> n001;
n0 -> n00;
n01[label = "If_Then_Else"];
n010[label = "And"];
n0100[label = "NearestInsertion"];
n010 -> n0100;
n0101[label = "FarthestNeighbor"];
n010 -> n0101;
n01 -> n010;
n011[label = "While"];
n0110[label = "CplexTerminal"];
n011 -> n0110;
n0111[label = "CplexTerminal"];
n011 -> n0111;
n01 -> n011;
n012[label = "And"];
n0120[label = "NearestNeighbor"];
n012 -> n0120;
n0121[label = "WorstMove"];
n012 -> n0121;
n01 -> n012;
n0 -> n01;
n -> n0;
n1[label = "Equal"];
n10[label = "If_Then_Else"];
n100[label = "While"];
n1000[label = "FarthestInsertion"];
n100 -> n1000;
n1001[label = "NearestInsertion"];
n100 -> n1001;
n10 -> n100;
n101[label = "Equal"];
n1010[label = "BestMove"];
n101 -> n1010;
n1011[label = "NearestNeighbor"];
n101 -> n1011;
n10 -> n101;
n102[label = "Or"];
n1020[label = "BestMove"];
n102 -> n1020;
n1021[label = "FarthestInsertion"];
n102 -> n1021;
n10 -> n102;
n1 -> n10;
n11[label = "While"];
n110[label = "If_Then"];
n1100[label = "NearestFirstNode"];
n110 -> n1100;
n1101[label = "FarthestFirstNode"];
n110 -> n1101;
n11 -> n110;
n111[label = "If_Then_Else"];
n1110[label = "NearestFirstNode"];
n111 -> n1110;
n1111[label = "FarthestFirstNode"];
n111 -> n1111;
n1112[label = "WorstMove"];
n111 -> n1112;
n11 -> n111;
n1 -> n11;
n -> n1;
}


Generation: 16
Best Individual:
Subpopulation 0:
Evaluated: true
Fitness: Standardized=0.007480836 Adjusted=0.9925747 Hits=4
Tree 0:
digraph g {
node [shape=rectangle];
n[label = "Or"];
n0[label = "Equal"];
n00[label = "Or"];
n000[label = "If_Then_Else"];
n0000[label = "NearestFirstNode"];
n000 -> n0000;
n0001[label = "NearestFirstNode"];
n000 -> n0001;
n0002[label = "FarthestNeighbor"];
n000 -> n0002;
n00 -> n000;
n001[label = "If_Then_Else"];
n0010[label = "NearestFirstNode"];
n001 -> n0010;
n0011[label = "FarthestNeighbor"];
n001 -> n0011;
n0012[label = "WorstMove"];
n001 -> n0012;
n00 -> n001;
n0 -> n00;
n01[label = "If_Then_Else"];
n010[label = "And"];
n0100[label = "NearestInsertion"];
n010 -> n0100;
n0101[label = "FarthestNeighbor"];
n010 -> n0101;
n01 -> n010;
n011[label = "While"];
n0110[label = "CplexTerminal"];
n011 -> n0110;
n0111[label = "CplexTerminal"];
n011 -> n0111;
n01 -> n011;
n012[label = "And"];
n0120[label = "NearestNeighbor"];
n012 -> n0120;
n0121[label = "WorstMove"];
n012 -> n0121;
n01 -> n012;
n0 -> n01;
n -> n0;
n1[label = "Equal"];
n10[label = "If_Then_Else"];
n100[label = "While"];
n1000[label = "FarthestInsertion"];
n100 -> n1000;
n1001[label = "NearestInsertion"];
n100 -> n1001;
n10 -> n100;
n101[label = "Equal"];
n1010[label = "BestMove"];
n101 -> n1010;
n1011[label = "NearestNeighbor"];
n101 -> n1011;
n10 -> n101;
n102[label = "Or"];
n1020[label = "BestMove"];
n102 -> n1020;
n1021[label = "FarthestInsertion"];
n102 -> n1021;
n10 -> n102;
n1 -> n10;
n11[label = "While"];
n110[label = "If_Then"];
n1100[label = "NearestFirstNode"];
n110 -> n1100;
n1101[label = "FarthestFirstNode"];
n110 -> n1101;
n11 -> n110;
n111[label = "If_Then_Else"];
n1110[label = "NearestFirstNode"];
n111 -> n1110;
n1111[label = "FarthestFirstNode"];
n111 -> n1111;
n1112[label = "WorstMove"];
n111 -> n1112;
n11 -> n111;
n1 -> n11;
n -> n1;
}


Generation: 17
Best Individual:
Subpopulation 0:
Evaluated: true
Fitness: Standardized=0.007480836 Adjusted=0.9925747 Hits=4
Tree 0:
digraph g {
node [shape=rectangle];
n[label = "Or"];
n0[label = "Equal"];
n00[label = "Or"];
n000[label = "If_Then_Else"];
n0000[label = "NearestFirstNode"];
n000 -> n0000;
n0001[label = "NearestFirstNode"];
n000 -> n0001;
n0002[label = "FarthestNeighbor"];
n000 -> n0002;
n00 -> n000;
n001[label = "If_Then_Else"];
n0010[label = "NearestFirstNode"];
n001 -> n0010;
n0011[label = "FarthestNeighbor"];
n001 -> n0011;
n0012[label = "WorstMove"];
n001 -> n0012;
n00 -> n001;
n0 -> n00;
n01[label = "If_Then_Else"];
n010[label = "And"];
n0100[label = "NearestInsertion"];
n010 -> n0100;
n0101[label = "FarthestNeighbor"];
n010 -> n0101;
n01 -> n010;
n011[label = "While"];
n0110[label = "CplexTerminal"];
n011 -> n0110;
n0111[label = "CplexTerminal"];
n011 -> n0111;
n01 -> n011;
n012[label = "And"];
n0120[label = "NearestNeighbor"];
n012 -> n0120;
n0121[label = "WorstMove"];
n012 -> n0121;
n01 -> n012;
n0 -> n01;
n -> n0;
n1[label = "Equal"];
n10[label = "If_Then_Else"];
n100[label = "While"];
n1000[label = "FarthestInsertion"];
n100 -> n1000;
n1001[label = "NearestInsertion"];
n100 -> n1001;
n10 -> n100;
n101[label = "Equal"];
n1010[label = "BestMove"];
n101 -> n1010;
n1011[label = "NearestNeighbor"];
n101 -> n1011;
n10 -> n101;
n102[label = "Or"];
n1020[label = "BestMove"];
n102 -> n1020;
n1021[label = "FarthestInsertion"];
n102 -> n1021;
n10 -> n102;
n1 -> n10;
n11[label = "While"];
n110[label = "If_Then"];
n1100[label = "NearestFirstNode"];
n110 -> n1100;
n1101[label = "FarthestFirstNode"];
n110 -> n1101;
n11 -> n110;
n111[label = "If_Then_Else"];
n1110[label = "NearestFirstNode"];
n111 -> n1110;
n1111[label = "FarthestFirstNode"];
n111 -> n1111;
n1112[label = "WorstMove"];
n111 -> n1112;
n11 -> n111;
n1 -> n11;
n -> n1;
}


Generation: 18
Best Individual:
Subpopulation 0:
Evaluated: true
Fitness: Standardized=0.007480836 Adjusted=0.9925747 Hits=4
Tree 0:
digraph g {
node [shape=rectangle];
n[label = "Or"];
n0[label = "Equal"];
n00[label = "Or"];
n000[label = "If_Then_Else"];
n0000[label = "NearestFirstNode"];
n000 -> n0000;
n0001[label = "NearestFirstNode"];
n000 -> n0001;
n0002[label = "FarthestNeighbor"];
n000 -> n0002;
n00 -> n000;
n001[label = "If_Then_Else"];
n0010[label = "NearestFirstNode"];
n001 -> n0010;
n0011[label = "FarthestNeighbor"];
n001 -> n0011;
n0012[label = "WorstMove"];
n001 -> n0012;
n00 -> n001;
n0 -> n00;
n01[label = "If_Then_Else"];
n010[label = "And"];
n0100[label = "NearestInsertion"];
n010 -> n0100;
n0101[label = "FarthestNeighbor"];
n010 -> n0101;
n01 -> n010;
n011[label = "While"];
n0110[label = "CplexTerminal"];
n011 -> n0110;
n0111[label = "CplexTerminal"];
n011 -> n0111;
n01 -> n011;
n012[label = "And"];
n0120[label = "NearestNeighbor"];
n012 -> n0120;
n0121[label = "WorstMove"];
n012 -> n0121;
n01 -> n012;
n0 -> n01;
n -> n0;
n1[label = "Equal"];
n10[label = "If_Then_Else"];
n100[label = "While"];
n1000[label = "FarthestInsertion"];
n100 -> n1000;
n1001[label = "NearestInsertion"];
n100 -> n1001;
n10 -> n100;
n101[label = "Equal"];
n1010[label = "BestMove"];
n101 -> n1010;
n1011[label = "NearestNeighbor"];
n101 -> n1011;
n10 -> n101;
n102[label = "Or"];
n1020[label = "BestMove"];
n102 -> n1020;
n1021[label = "FarthestInsertion"];
n102 -> n1021;
n10 -> n102;
n1 -> n10;
n11[label = "While"];
n110[label = "If_Then"];
n1100[label = "NearestFirstNode"];
n110 -> n1100;
n1101[label = "FarthestFirstNode"];
n110 -> n1101;
n11 -> n110;
n111[label = "If_Then_Else"];
n1110[label = "NearestFirstNode"];
n111 -> n1110;
n1111[label = "FarthestFirstNode"];
n111 -> n1111;
n1112[label = "WorstMove"];
n111 -> n1112;
n11 -> n111;
n1 -> n11;
n -> n1;
}


Generation: 19
Best Individual:
Subpopulation 0:
Evaluated: true
Fitness: Standardized=0.007480836 Adjusted=0.9925747 Hits=4
Tree 0:
digraph g {
node [shape=rectangle];
n[label = "Or"];
n0[label = "Equal"];
n00[label = "Or"];
n000[label = "If_Then_Else"];
n0000[label = "NearestFirstNode"];
n000 -> n0000;
n0001[label = "NearestFirstNode"];
n000 -> n0001;
n0002[label = "FarthestNeighbor"];
n000 -> n0002;
n00 -> n000;
n001[label = "If_Then_Else"];
n0010[label = "NearestFirstNode"];
n001 -> n0010;
n0011[label = "FarthestNeighbor"];
n001 -> n0011;
n0012[label = "WorstMove"];
n001 -> n0012;
n00 -> n001;
n0 -> n00;
n01[label = "If_Then_Else"];
n010[label = "And"];
n0100[label = "NearestInsertion"];
n010 -> n0100;
n0101[label = "FarthestNeighbor"];
n010 -> n0101;
n01 -> n010;
n011[label = "While"];
n0110[label = "CplexTerminal"];
n011 -> n0110;
n0111[label = "CplexTerminal"];
n011 -> n0111;
n01 -> n011;
n012[label = "And"];
n0120[label = "NearestNeighbor"];
n012 -> n0120;
n0121[label = "WorstMove"];
n012 -> n0121;
n01 -> n012;
n0 -> n01;
n -> n0;
n1[label = "Equal"];
n10[label = "If_Then_Else"];
n100[label = "While"];
n1000[label = "FarthestInsertion"];
n100 -> n1000;
n1001[label = "NearestInsertion"];
n100 -> n1001;
n10 -> n100;
n101[label = "Equal"];
n1010[label = "BestMove"];
n101 -> n1010;
n1011[label = "NearestNeighbor"];
n101 -> n1011;
n10 -> n101;
n102[label = "Or"];
n1020[label = "BestMove"];
n102 -> n1020;
n1021[label = "FarthestInsertion"];
n102 -> n1021;
n10 -> n102;
n1 -> n10;
n11[label = "While"];
n110[label = "If_Then"];
n1100[label = "NearestFirstNode"];
n110 -> n1100;
n1101[label = "FarthestFirstNode"];
n110 -> n1101;
n11 -> n110;
n111[label = "If_Then_Else"];
n1110[label = "NearestFirstNode"];
n111 -> n1110;
n1111[label = "FarthestFirstNode"];
n111 -> n1111;
n1112[label = "WorstMove"];
n111 -> n1112;
n11 -> n111;
n1 -> n11;
n -> n1;
}


Generation: 20
Best Individual:
Subpopulation 0:
Evaluated: true
Fitness: Standardized=0.007480836 Adjusted=0.9925747 Hits=4
Tree 0:
digraph g {
node [shape=rectangle];
n[label = "Or"];
n0[label = "Equal"];
n00[label = "Or"];
n000[label = "If_Then_Else"];
n0000[label = "NearestFirstNode"];
n000 -> n0000;
n0001[label = "NearestFirstNode"];
n000 -> n0001;
n0002[label = "FarthestNeighbor"];
n000 -> n0002;
n00 -> n000;
n001[label = "If_Then_Else"];
n0010[label = "NearestFirstNode"];
n001 -> n0010;
n0011[label = "FarthestNeighbor"];
n001 -> n0011;
n0012[label = "WorstMove"];
n001 -> n0012;
n00 -> n001;
n0 -> n00;
n01[label = "If_Then_Else"];
n010[label = "And"];
n0100[label = "NearestInsertion"];
n010 -> n0100;
n0101[label = "FarthestNeighbor"];
n010 -> n0101;
n01 -> n010;
n011[label = "While"];
n0110[label = "CplexTerminal"];
n011 -> n0110;
n0111[label = "CplexTerminal"];
n011 -> n0111;
n01 -> n011;
n012[label = "And"];
n0120[label = "NearestNeighbor"];
n012 -> n0120;
n0121[label = "WorstMove"];
n012 -> n0121;
n01 -> n012;
n0 -> n01;
n -> n0;
n1[label = "Equal"];
n10[label = "If_Then_Else"];
n100[label = "While"];
n1000[label = "FarthestInsertion"];
n100 -> n1000;
n1001[label = "NearestInsertion"];
n100 -> n1001;
n10 -> n100;
n101[label = "Equal"];
n1010[label = "BestMove"];
n101 -> n1010;
n1011[label = "NearestNeighbor"];
n101 -> n1011;
n10 -> n101;
n102[label = "Or"];
n1020[label = "BestMove"];
n102 -> n1020;
n1021[label = "FarthestInsertion"];
n102 -> n1021;
n10 -> n102;
n1 -> n10;
n11[label = "While"];
n110[label = "If_Then"];
n1100[label = "NearestFirstNode"];
n110 -> n1100;
n1101[label = "FarthestFirstNode"];
n110 -> n1101;
n11 -> n110;
n111[label = "If_Then_Else"];
n1110[label = "NearestFirstNode"];
n111 -> n1110;
n1111[label = "FarthestFirstNode"];
n111 -> n1111;
n1112[label = "WorstMove"];
n111 -> n1112;
n11 -> n111;
n1 -> n11;
n -> n1;
}


Generation: 21
Best Individual:
Subpopulation 0:
Evaluated: true
Fitness: Standardized=0.0066971476 Adjusted=0.99334735 Hits=3
Tree 0:
digraph g {
node [shape=rectangle];
n[label = "Or"];
n0[label = "Equal"];
n00[label = "If_Then"];
n000[label = "If_Then_Else"];
n0000[label = "FarthestInsertion"];
n000 -> n0000;
n0001[label = "FarthestNeighbor"];
n000 -> n0001;
n0002[label = "CplexTerminal"];
n000 -> n0002;
n00 -> n000;
n001[label = "FarthestNeighbor"];
n00 -> n001;
n0 -> n00;
n01[label = "If_Then_Else"];
n010[label = "If_Then_Else"];
n0100[label = "NearestFirstNode"];
n010 -> n0100;
n0101[label = "NearestFirstNode"];
n010 -> n0101;
n0102[label = "FarthestNeighbor"];
n010 -> n0102;
n01 -> n010;
n011[label = "While"];
n0110[label = "CplexTerminal"];
n011 -> n0110;
n0111[label = "CplexTerminal"];
n011 -> n0111;
n01 -> n011;
n012[label = "And"];
n0120[label = "NearestNeighbor"];
n012 -> n0120;
n0121[label = "WorstMove"];
n012 -> n0121;
n01 -> n012;
n0 -> n01;
n -> n0;
n1[label = "Equal"];
n10[label = "FarthestInsertion"];
n1 -> n10;
n11[label = "While"];
n110[label = "If_Then"];
n1100[label = "NearestFirstNode"];
n110 -> n1100;
n1101[label = "WorstMove"];
n110 -> n1101;
n11 -> n110;
n111[label = "If_Then_Else"];
n1110[label = "NearestInsertion"];
n111 -> n1110;
n1111[label = "FarthestFirstNode"];
n111 -> n1111;
n1112[label = "WorstMove"];
n111 -> n1112;
n11 -> n111;
n1 -> n11;
n -> n1;
}


Generation: 22
Best Individual:
Subpopulation 0:
Evaluated: true
Fitness: Standardized=0.0066971476 Adjusted=0.99334735 Hits=3
Tree 0:
digraph g {
node [shape=rectangle];
n[label = "Or"];
n0[label = "Equal"];
n00[label = "If_Then"];
n000[label = "If_Then_Else"];
n0000[label = "FarthestInsertion"];
n000 -> n0000;
n0001[label = "FarthestNeighbor"];
n000 -> n0001;
n0002[label = "CplexTerminal"];
n000 -> n0002;
n00 -> n000;
n001[label = "FarthestNeighbor"];
n00 -> n001;
n0 -> n00;
n01[label = "If_Then_Else"];
n010[label = "If_Then_Else"];
n0100[label = "NearestFirstNode"];
n010 -> n0100;
n0101[label = "NearestFirstNode"];
n010 -> n0101;
n0102[label = "FarthestNeighbor"];
n010 -> n0102;
n01 -> n010;
n011[label = "While"];
n0110[label = "CplexTerminal"];
n011 -> n0110;
n0111[label = "CplexTerminal"];
n011 -> n0111;
n01 -> n011;
n012[label = "And"];
n0120[label = "NearestNeighbor"];
n012 -> n0120;
n0121[label = "WorstMove"];
n012 -> n0121;
n01 -> n012;
n0 -> n01;
n -> n0;
n1[label = "Equal"];
n10[label = "FarthestInsertion"];
n1 -> n10;
n11[label = "While"];
n110[label = "If_Then"];
n1100[label = "NearestFirstNode"];
n110 -> n1100;
n1101[label = "WorstMove"];
n110 -> n1101;
n11 -> n110;
n111[label = "If_Then_Else"];
n1110[label = "NearestInsertion"];
n111 -> n1110;
n1111[label = "FarthestFirstNode"];
n111 -> n1111;
n1112[label = "WorstMove"];
n111 -> n1112;
n11 -> n111;
n1 -> n11;
n -> n1;
}


Generation: 23
Best Individual:
Subpopulation 0:
Evaluated: true
Fitness: Standardized=0.0021989043 Adjusted=0.9978059 Hits=5
Tree 0:
digraph g {
node [shape=rectangle];
n[label = "Or"];
n0[label = "Equal"];
n00[label = "Or"];
n000[label = "If_Then_Else"];
n0000[label = "NearestFirstNode"];
n000 -> n0000;
n0001[label = "NearestFirstNode"];
n000 -> n0001;
n0002[label = "FarthestNeighbor"];
n000 -> n0002;
n00 -> n000;
n001[label = "If_Then_Else"];
n0010[label = "NearestFirstNode"];
n001 -> n0010;
n0011[label = "FarthestNeighbor"];
n001 -> n0011;
n0012[label = "WorstMove"];
n001 -> n0012;
n00 -> n001;
n0 -> n00;
n01[label = "If_Then_Else"];
n010[label = "If_Then"];
n0100[label = "NearestFirstNode"];
n010 -> n0100;
n0101[label = "FarthestFirstNode"];
n010 -> n0101;
n01 -> n010;
n011[label = "While"];
n0110[label = "CplexTerminal"];
n011 -> n0110;
n0111[label = "CplexTerminal"];
n011 -> n0111;
n01 -> n011;
n012[label = "And"];
n0120[label = "NearestNeighbor"];
n012 -> n0120;
n0121[label = "WorstMove"];
n012 -> n0121;
n01 -> n012;
n0 -> n01;
n -> n0;
n1[label = "Equal"];
n10[label = "FarthestInsertion"];
n1 -> n10;
n11[label = "While"];
n110[label = "If_Then"];
n1100[label = "NearestFirstNode"];
n110 -> n1100;
n1101[label = "FarthestFirstNode"];
n110 -> n1101;
n11 -> n110;
n111[label = "If_Then_Else"];
n1110[label = "NearestFirstNode"];
n111 -> n1110;
n1111[label = "FarthestFirstNode"];
n111 -> n1111;
n1112[label = "WorstMove"];
n111 -> n1112;
n11 -> n111;
n1 -> n11;
n -> n1;
}


Generation: 24
Best Individual:
Subpopulation 0:
Evaluated: true
Fitness: Standardized=0.0021989043 Adjusted=0.9978059 Hits=5
Tree 0:
digraph g {
node [shape=rectangle];
n[label = "Or"];
n0[label = "Equal"];
n00[label = "Or"];
n000[label = "If_Then_Else"];
n0000[label = "NearestFirstNode"];
n000 -> n0000;
n0001[label = "NearestFirstNode"];
n000 -> n0001;
n0002[label = "FarthestNeighbor"];
n000 -> n0002;
n00 -> n000;
n001[label = "If_Then_Else"];
n0010[label = "NearestFirstNode"];
n001 -> n0010;
n0011[label = "FarthestNeighbor"];
n001 -> n0011;
n0012[label = "WorstMove"];
n001 -> n0012;
n00 -> n001;
n0 -> n00;
n01[label = "If_Then_Else"];
n010[label = "If_Then"];
n0100[label = "NearestFirstNode"];
n010 -> n0100;
n0101[label = "FarthestFirstNode"];
n010 -> n0101;
n01 -> n010;
n011[label = "While"];
n0110[label = "CplexTerminal"];
n011 -> n0110;
n0111[label = "CplexTerminal"];
n011 -> n0111;
n01 -> n011;
n012[label = "And"];
n0120[label = "NearestNeighbor"];
n012 -> n0120;
n0121[label = "WorstMove"];
n012 -> n0121;
n01 -> n012;
n0 -> n01;
n -> n0;
n1[label = "Equal"];
n10[label = "FarthestInsertion"];
n1 -> n10;
n11[label = "While"];
n110[label = "If_Then"];
n1100[label = "NearestFirstNode"];
n110 -> n1100;
n1101[label = "FarthestFirstNode"];
n110 -> n1101;
n11 -> n110;
n111[label = "If_Then_Else"];
n1110[label = "NearestFirstNode"];
n111 -> n1110;
n1111[label = "FarthestFirstNode"];
n111 -> n1111;
n1112[label = "WorstMove"];
n111 -> n1112;
n11 -> n111;
n1 -> n11;
n -> n1;
}


Generation: 25
Best Individual:
Subpopulation 0:
Evaluated: true
Fitness: Standardized=0.0021989043 Adjusted=0.9978059 Hits=5
Tree 0:
digraph g {
node [shape=rectangle];
n[label = "Or"];
n0[label = "Equal"];
n00[label = "Or"];
n000[label = "If_Then_Else"];
n0000[label = "NearestFirstNode"];
n000 -> n0000;
n0001[label = "NearestFirstNode"];
n000 -> n0001;
n0002[label = "FarthestNeighbor"];
n000 -> n0002;
n00 -> n000;
n001[label = "If_Then_Else"];
n0010[label = "NearestFirstNode"];
n001 -> n0010;
n0011[label = "FarthestNeighbor"];
n001 -> n0011;
n0012[label = "WorstMove"];
n001 -> n0012;
n00 -> n001;
n0 -> n00;
n01[label = "If_Then_Else"];
n010[label = "If_Then"];
n0100[label = "NearestFirstNode"];
n010 -> n0100;
n0101[label = "FarthestFirstNode"];
n010 -> n0101;
n01 -> n010;
n011[label = "While"];
n0110[label = "CplexTerminal"];
n011 -> n0110;
n0111[label = "CplexTerminal"];
n011 -> n0111;
n01 -> n011;
n012[label = "And"];
n0120[label = "NearestNeighbor"];
n012 -> n0120;
n0121[label = "WorstMove"];
n012 -> n0121;
n01 -> n012;
n0 -> n01;
n -> n0;
n1[label = "Equal"];
n10[label = "FarthestInsertion"];
n1 -> n10;
n11[label = "While"];
n110[label = "If_Then"];
n1100[label = "NearestFirstNode"];
n110 -> n1100;
n1101[label = "FarthestFirstNode"];
n110 -> n1101;
n11 -> n110;
n111[label = "If_Then_Else"];
n1110[label = "NearestFirstNode"];
n111 -> n1110;
n1111[label = "FarthestFirstNode"];
n111 -> n1111;
n1112[label = "WorstMove"];
n111 -> n1112;
n11 -> n111;
n1 -> n11;
n -> n1;
}


Generation: 26
Best Individual:
Subpopulation 0:
Evaluated: true
Fitness: Standardized=0.0021989043 Adjusted=0.9978059 Hits=5
Tree 0:
digraph g {
node [shape=rectangle];
n[label = "Or"];
n0[label = "Equal"];
n00[label = "Or"];
n000[label = "If_Then_Else"];
n0000[label = "NearestFirstNode"];
n000 -> n0000;
n0001[label = "NearestFirstNode"];
n000 -> n0001;
n0002[label = "FarthestNeighbor"];
n000 -> n0002;
n00 -> n000;
n001[label = "If_Then_Else"];
n0010[label = "NearestFirstNode"];
n001 -> n0010;
n0011[label = "FarthestNeighbor"];
n001 -> n0011;
n0012[label = "WorstMove"];
n001 -> n0012;
n00 -> n001;
n0 -> n00;
n01[label = "If_Then_Else"];
n010[label = "If_Then"];
n0100[label = "NearestFirstNode"];
n010 -> n0100;
n0101[label = "FarthestFirstNode"];
n010 -> n0101;
n01 -> n010;
n011[label = "While"];
n0110[label = "CplexTerminal"];
n011 -> n0110;
n0111[label = "CplexTerminal"];
n011 -> n0111;
n01 -> n011;
n012[label = "And"];
n0120[label = "NearestNeighbor"];
n012 -> n0120;
n0121[label = "WorstMove"];
n012 -> n0121;
n01 -> n012;
n0 -> n01;
n -> n0;
n1[label = "Equal"];
n10[label = "FarthestInsertion"];
n1 -> n10;
n11[label = "While"];
n110[label = "If_Then"];
n1100[label = "NearestFirstNode"];
n110 -> n1100;
n1101[label = "FarthestFirstNode"];
n110 -> n1101;
n11 -> n110;
n111[label = "If_Then_Else"];
n1110[label = "NearestFirstNode"];
n111 -> n1110;
n1111[label = "FarthestFirstNode"];
n111 -> n1111;
n1112[label = "WorstMove"];
n111 -> n1112;
n11 -> n111;
n1 -> n11;
n -> n1;
}


Generation: 27
Best Individual:
Subpopulation 0:
Evaluated: true
Fitness: Standardized=0.0021989043 Adjusted=0.9978059 Hits=5
Tree 0:
digraph g {
node [shape=rectangle];
n[label = "Or"];
n0[label = "Equal"];
n00[label = "Or"];
n000[label = "If_Then_Else"];
n0000[label = "NearestFirstNode"];
n000 -> n0000;
n0001[label = "NearestFirstNode"];
n000 -> n0001;
n0002[label = "FarthestNeighbor"];
n000 -> n0002;
n00 -> n000;
n001[label = "If_Then_Else"];
n0010[label = "NearestFirstNode"];
n001 -> n0010;
n0011[label = "FarthestNeighbor"];
n001 -> n0011;
n0012[label = "WorstMove"];
n001 -> n0012;
n00 -> n001;
n0 -> n00;
n01[label = "If_Then_Else"];
n010[label = "If_Then"];
n0100[label = "NearestFirstNode"];
n010 -> n0100;
n0101[label = "FarthestFirstNode"];
n010 -> n0101;
n01 -> n010;
n011[label = "While"];
n0110[label = "CplexTerminal"];
n011 -> n0110;
n0111[label = "CplexTerminal"];
n011 -> n0111;
n01 -> n011;
n012[label = "And"];
n0120[label = "NearestNeighbor"];
n012 -> n0120;
n0121[label = "WorstMove"];
n012 -> n0121;
n01 -> n012;
n0 -> n01;
n -> n0;
n1[label = "Equal"];
n10[label = "FarthestInsertion"];
n1 -> n10;
n11[label = "While"];
n110[label = "If_Then"];
n1100[label = "NearestFirstNode"];
n110 -> n1100;
n1101[label = "FarthestFirstNode"];
n110 -> n1101;
n11 -> n110;
n111[label = "If_Then_Else"];
n1110[label = "NearestFirstNode"];
n111 -> n1110;
n1111[label = "FarthestFirstNode"];
n111 -> n1111;
n1112[label = "WorstMove"];
n111 -> n1112;
n11 -> n111;
n1 -> n11;
n -> n1;
}


Generation: 28
Best Individual:
Subpopulation 0:
Evaluated: true
Fitness: Standardized=0.0021989043 Adjusted=0.9978059 Hits=5
Tree 0:
digraph g {
node [shape=rectangle];
n[label = "Or"];
n0[label = "Equal"];
n00[label = "Or"];
n000[label = "If_Then_Else"];
n0000[label = "NearestFirstNode"];
n000 -> n0000;
n0001[label = "NearestFirstNode"];
n000 -> n0001;
n0002[label = "FarthestNeighbor"];
n000 -> n0002;
n00 -> n000;
n001[label = "If_Then_Else"];
n0010[label = "NearestFirstNode"];
n001 -> n0010;
n0011[label = "FarthestNeighbor"];
n001 -> n0011;
n0012[label = "WorstMove"];
n001 -> n0012;
n00 -> n001;
n0 -> n00;
n01[label = "If_Then_Else"];
n010[label = "If_Then"];
n0100[label = "NearestFirstNode"];
n010 -> n0100;
n0101[label = "FarthestFirstNode"];
n010 -> n0101;
n01 -> n010;
n011[label = "While"];
n0110[label = "CplexTerminal"];
n011 -> n0110;
n0111[label = "CplexTerminal"];
n011 -> n0111;
n01 -> n011;
n012[label = "And"];
n0120[label = "NearestNeighbor"];
n012 -> n0120;
n0121[label = "WorstMove"];
n012 -> n0121;
n01 -> n012;
n0 -> n01;
n -> n0;
n1[label = "Equal"];
n10[label = "FarthestInsertion"];
n1 -> n10;
n11[label = "While"];
n110[label = "If_Then"];
n1100[label = "NearestFirstNode"];
n110 -> n1100;
n1101[label = "FarthestFirstNode"];
n110 -> n1101;
n11 -> n110;
n111[label = "If_Then_Else"];
n1110[label = "NearestFirstNode"];
n111 -> n1110;
n1111[label = "FarthestFirstNode"];
n111 -> n1111;
n1112[label = "WorstMove"];
n111 -> n1112;
n11 -> n111;
n1 -> n11;
n -> n1;
}


Generation: 29
Best Individual:
Subpopulation 0:
Evaluated: true
Fitness: Standardized=0.0021989043 Adjusted=0.9978059 Hits=5
Tree 0:
digraph g {
node [shape=rectangle];
n[label = "Or"];
n0[label = "Equal"];
n00[label = "Or"];
n000[label = "If_Then_Else"];
n0000[label = "NearestFirstNode"];
n000 -> n0000;
n0001[label = "NearestFirstNode"];
n000 -> n0001;
n0002[label = "FarthestNeighbor"];
n000 -> n0002;
n00 -> n000;
n001[label = "If_Then_Else"];
n0010[label = "NearestFirstNode"];
n001 -> n0010;
n0011[label = "FarthestNeighbor"];
n001 -> n0011;
n0012[label = "WorstMove"];
n001 -> n0012;
n00 -> n001;
n0 -> n00;
n01[label = "If_Then_Else"];
n010[label = "If_Then"];
n0100[label = "NearestFirstNode"];
n010 -> n0100;
n0101[label = "FarthestFirstNode"];
n010 -> n0101;
n01 -> n010;
n011[label = "While"];
n0110[label = "CplexTerminal"];
n011 -> n0110;
n0111[label = "CplexTerminal"];
n011 -> n0111;
n01 -> n011;
n012[label = "And"];
n0120[label = "NearestNeighbor"];
n012 -> n0120;
n0121[label = "WorstMove"];
n012 -> n0121;
n01 -> n012;
n0 -> n01;
n -> n0;
n1[label = "Equal"];
n10[label = "FarthestInsertion"];
n1 -> n10;
n11[label = "While"];
n110[label = "If_Then"];
n1100[label = "NearestFirstNode"];
n110 -> n1100;
n1101[label = "FarthestFirstNode"];
n110 -> n1101;
n11 -> n110;
n111[label = "If_Then_Else"];
n1110[label = "NearestFirstNode"];
n111 -> n1110;
n1111[label = "FarthestFirstNode"];
n111 -> n1111;
n1112[label = "WorstMove"];
n111 -> n1112;
n11 -> n111;
n1 -> n11;
n -> n1;
}


Best Individual of Run:
Subpopulation 0:
Evaluated: true
Fitness: Standardized=0.0021989043 Adjusted=0.9978059 Hits=5
Tree 0:
digraph g {
node [shape=rectangle];
n[label = "Or"];
n0[label = "Equal"];
n00[label = "Or"];
n000[label = "If_Then_Else"];
n0000[label = "NearestFirstNode"];
n000 -> n0000;
n0001[label = "NearestFirstNode"];
n000 -> n0001;
n0002[label = "FarthestNeighbor"];
n000 -> n0002;
n00 -> n000;
n001[label = "If_Then_Else"];
n0010[label = "NearestFirstNode"];
n001 -> n0010;
n0011[label = "FarthestNeighbor"];
n001 -> n0011;
n0012[label = "WorstMove"];
n001 -> n0012;
n00 -> n001;
n0 -> n00;
n01[label = "If_Then_Else"];
n010[label = "If_Then"];
n0100[label = "NearestFirstNode"];
n010 -> n0100;
n0101[label = "FarthestFirstNode"];
n010 -> n0101;
n01 -> n010;
n011[label = "While"];
n0110[label = "CplexTerminal"];
n011 -> n0110;
n0111[label = "CplexTerminal"];
n011 -> n0111;
n01 -> n011;
n012[label = "And"];
n0120[label = "NearestNeighbor"];
n012 -> n0120;
n0121[label = "WorstMove"];
n012 -> n0121;
n01 -> n012;
n0 -> n01;
n -> n0;
n1[label = "Equal"];
n10[label = "FarthestInsertion"];
n1 -> n10;
n11[label = "While"];
n110[label = "If_Then"];
n1100[label = "NearestFirstNode"];
n110 -> n1100;
n1101[label = "FarthestFirstNode"];
n110 -> n1101;
n11 -> n110;
n111[label = "If_Then_Else"];
n1110[label = "NearestFirstNode"];
n111 -> n1110;
n1111[label = "FarthestFirstNode"];
n111 -> n1111;
n1112[label = "WorstMove"];
n111 -> n1112;
n11 -> n111;
n1 -> n11;
n -> n1;
}

