
Generation: 0
Best Individual:
Subpopulation 0:
Evaluated: true
Fitness: Standardized=0.023843193 Adjusted=0.9767121 Hits=1
Tree 0:
digraph g {
node [shape=rectangle];
n[label = "And"];
n0[label = "And"];
n00[label = "Or"];
n000[label = "If_Then_Else"];
n0000[label = "CplexTerminal"];
n000 -> n0000;
n0001[label = "BestMove"];
n000 -> n0001;
n0002[label = "FarthestInsertion"];
n000 -> n0002;
n00 -> n000;
n001[label = "Equal"];
n0010[label = "NearestNeighbor"];
n001 -> n0010;
n0011[label = "CplexTerminal"];
n001 -> n0011;
n00 -> n001;
n0 -> n00;
n01[label = "Equal"];
n010[label = "Equal"];
n0100[label = "NearestNeighbor"];
n010 -> n0100;
n0101[label = "CplexTerminal"];
n010 -> n0101;
n01 -> n010;
n011[label = "If_Then_Else"];
n0110[label = "NearestNeighbor"];
n011 -> n0110;
n0111[label = "BestMove"];
n011 -> n0111;
n0112[label = "BestMove"];
n011 -> n0112;
n01 -> n011;
n0 -> n01;
n -> n0;
n1[label = "While"];
n10[label = "If_Then_Else"];
n100[label = "If_Then"];
n1000[label = "NearestInsertion"];
n100 -> n1000;
n1001[label = "NearestInsertion"];
n100 -> n1001;
n10 -> n100;
n101[label = "If_Then"];
n1010[label = "WorstMove"];
n101 -> n1010;
n1011[label = "FarthestNeighbor"];
n101 -> n1011;
n10 -> n101;
n102[label = "While"];
n1020[label = "FarthestFirstNode"];
n102 -> n1020;
n1021[label = "NearestInsertion"];
n102 -> n1021;
n10 -> n102;
n1 -> n10;
n11[label = "And"];
n110[label = "Equal"];
n1100[label = "CplexTerminal"];
n110 -> n1100;
n1101[label = "NearestInsertion"];
n110 -> n1101;
n11 -> n110;
n111[label = "If_Then"];
n1110[label = "FarthestNeighbor"];
n111 -> n1110;
n1111[label = "NearestInsertion"];
n111 -> n1111;
n11 -> n111;
n1 -> n11;
n -> n1;
}


Generation: 1
Best Individual:
Subpopulation 0:
Evaluated: true
Fitness: Standardized=0.023843193 Adjusted=0.9767121 Hits=1
Tree 0:
digraph g {
node [shape=rectangle];
n[label = "And"];
n0[label = "And"];
n00[label = "Or"];
n000[label = "If_Then_Else"];
n0000[label = "CplexTerminal"];
n000 -> n0000;
n0001[label = "BestMove"];
n000 -> n0001;
n0002[label = "FarthestInsertion"];
n000 -> n0002;
n00 -> n000;
n001[label = "Equal"];
n0010[label = "NearestNeighbor"];
n001 -> n0010;
n0011[label = "CplexTerminal"];
n001 -> n0011;
n00 -> n001;
n0 -> n00;
n01[label = "Equal"];
n010[label = "Equal"];
n0100[label = "NearestNeighbor"];
n010 -> n0100;
n0101[label = "CplexTerminal"];
n010 -> n0101;
n01 -> n010;
n011[label = "If_Then_Else"];
n0110[label = "NearestNeighbor"];
n011 -> n0110;
n0111[label = "BestMove"];
n011 -> n0111;
n0112[label = "BestMove"];
n011 -> n0112;
n01 -> n011;
n0 -> n01;
n -> n0;
n1[label = "While"];
n10[label = "If_Then_Else"];
n100[label = "If_Then"];
n1000[label = "NearestInsertion"];
n100 -> n1000;
n1001[label = "NearestInsertion"];
n100 -> n1001;
n10 -> n100;
n101[label = "If_Then"];
n1010[label = "WorstMove"];
n101 -> n1010;
n1011[label = "FarthestNeighbor"];
n101 -> n1011;
n10 -> n101;
n102[label = "While"];
n1020[label = "FarthestFirstNode"];
n102 -> n1020;
n1021[label = "NearestInsertion"];
n102 -> n1021;
n10 -> n102;
n1 -> n10;
n11[label = "And"];
n110[label = "Equal"];
n1100[label = "CplexTerminal"];
n110 -> n1100;
n1101[label = "NearestInsertion"];
n110 -> n1101;
n11 -> n110;
n111[label = "If_Then"];
n1110[label = "FarthestNeighbor"];
n111 -> n1110;
n1111[label = "NearestInsertion"];
n111 -> n1111;
n11 -> n111;
n1 -> n11;
n -> n1;
}


Generation: 2
Best Individual:
Subpopulation 0:
Evaluated: true
Fitness: Standardized=0.010915865 Adjusted=0.989202 Hits=4
Tree 0:
digraph g {
node [shape=rectangle];
n[label = "And"];
n0[label = "And"];
n00[label = "Or"];
n000[label = "FarthestNeighbor"];
n00 -> n000;
n001[label = "Equal"];
n0010[label = "NearestNeighbor"];
n001 -> n0010;
n0011[label = "CplexTerminal"];
n001 -> n0011;
n00 -> n001;
n0 -> n00;
n01[label = "Equal"];
n010[label = "Equal"];
n0100[label = "CplexTerminal"];
n010 -> n0100;
n0101[label = "CplexTerminal"];
n010 -> n0101;
n01 -> n010;
n011[label = "If_Then_Else"];
n0110[label = "NearestNeighbor"];
n011 -> n0110;
n0111[label = "BestMove"];
n011 -> n0111;
n0112[label = "BestMove"];
n011 -> n0112;
n01 -> n011;
n0 -> n01;
n -> n0;
n1[label = "While"];
n10[label = "If_Then_Else"];
n100[label = "If_Then"];
n1000[label = "NearestInsertion"];
n100 -> n1000;
n1001[label = "NearestInsertion"];
n100 -> n1001;
n10 -> n100;
n101[label = "If_Then"];
n1010[label = "WorstMove"];
n101 -> n1010;
n1011[label = "FarthestNeighbor"];
n101 -> n1011;
n10 -> n101;
n102[label = "While"];
n1020[label = "FarthestFirstNode"];
n102 -> n1020;
n1021[label = "NearestInsertion"];
n102 -> n1021;
n10 -> n102;
n1 -> n10;
n11[label = "And"];
n110[label = "Equal"];
n1100[label = "CplexTerminal"];
n110 -> n1100;
n1101[label = "NearestInsertion"];
n110 -> n1101;
n11 -> n110;
n111[label = "If_Then"];
n1110[label = "FarthestNeighbor"];
n111 -> n1110;
n1111[label = "NearestInsertion"];
n111 -> n1111;
n11 -> n111;
n1 -> n11;
n -> n1;
}


Generation: 3
Best Individual:
Subpopulation 0:
Evaluated: true
Fitness: Standardized=0.0036975762 Adjusted=0.996316 Hits=6
Tree 0:
digraph g {
node [shape=rectangle];
n[label = "And"];
n0[label = "And"];
n00[label = "Or"];
n000[label = "If_Then_Else"];
n0000[label = "CplexTerminal"];
n000 -> n0000;
n0001[label = "BestMove"];
n000 -> n0001;
n0002[label = "FarthestInsertion"];
n000 -> n0002;
n00 -> n000;
n001[label = "Equal"];
n0010[label = "NearestNeighbor"];
n001 -> n0010;
n0011[label = "CplexTerminal"];
n001 -> n0011;
n00 -> n001;
n0 -> n00;
n01[label = "Equal"];
n010[label = "Equal"];
n0100[label = "NearestNeighbor"];
n010 -> n0100;
n0101[label = "CplexTerminal"];
n010 -> n0101;
n01 -> n010;
n011[label = "If_Then_Else"];
n0110[label = "NearestNeighbor"];
n011 -> n0110;
n0111[label = "BestMove"];
n011 -> n0111;
n0112[label = "BestMove"];
n011 -> n0112;
n01 -> n011;
n0 -> n01;
n -> n0;
n1[label = "While"];
n10[label = "If_Then_Else"];
n100[label = "If_Then"];
n1000[label = "NearestInsertion"];
n100 -> n1000;
n1001[label = "NearestInsertion"];
n100 -> n1001;
n10 -> n100;
n101[label = "If_Then"];
n1010[label = "WorstMove"];
n101 -> n1010;
n1011[label = "FarthestNeighbor"];
n101 -> n1011;
n10 -> n101;
n102[label = "While"];
n1020[label = "FarthestFirstNode"];
n102 -> n1020;
n1021[label = "NearestInsertion"];
n102 -> n1021;
n10 -> n102;
n1 -> n10;
n11[label = "And"];
n110[label = "Equal"];
n1100[label = "CplexTerminal"];
n110 -> n1100;
n1101[label = "NearestInsertion"];
n110 -> n1101;
n11 -> n110;
n111[label = "If_Then"];
n1110[label = "NearestInsertion"];
n111 -> n1110;
n1111[label = "NearestInsertion"];
n111 -> n1111;
n11 -> n111;
n1 -> n11;
n -> n1;
}


Generation: 4
Best Individual:
Subpopulation 0:
Evaluated: true
Fitness: Standardized=0.0036975762 Adjusted=0.996316 Hits=6
Tree 0:
digraph g {
node [shape=rectangle];
n[label = "And"];
n0[label = "And"];
n00[label = "Or"];
n000[label = "If_Then_Else"];
n0000[label = "CplexTerminal"];
n000 -> n0000;
n0001[label = "BestMove"];
n000 -> n0001;
n0002[label = "FarthestInsertion"];
n000 -> n0002;
n00 -> n000;
n001[label = "Equal"];
n0010[label = "NearestNeighbor"];
n001 -> n0010;
n0011[label = "CplexTerminal"];
n001 -> n0011;
n00 -> n001;
n0 -> n00;
n01[label = "Equal"];
n010[label = "Equal"];
n0100[label = "NearestNeighbor"];
n010 -> n0100;
n0101[label = "CplexTerminal"];
n010 -> n0101;
n01 -> n010;
n011[label = "If_Then_Else"];
n0110[label = "NearestNeighbor"];
n011 -> n0110;
n0111[label = "BestMove"];
n011 -> n0111;
n0112[label = "BestMove"];
n011 -> n0112;
n01 -> n011;
n0 -> n01;
n -> n0;
n1[label = "While"];
n10[label = "If_Then_Else"];
n100[label = "If_Then"];
n1000[label = "NearestInsertion"];
n100 -> n1000;
n1001[label = "NearestInsertion"];
n100 -> n1001;
n10 -> n100;
n101[label = "If_Then"];
n1010[label = "WorstMove"];
n101 -> n1010;
n1011[label = "FarthestNeighbor"];
n101 -> n1011;
n10 -> n101;
n102[label = "While"];
n1020[label = "FarthestFirstNode"];
n102 -> n1020;
n1021[label = "NearestInsertion"];
n102 -> n1021;
n10 -> n102;
n1 -> n10;
n11[label = "And"];
n110[label = "Equal"];
n1100[label = "CplexTerminal"];
n110 -> n1100;
n1101[label = "NearestInsertion"];
n110 -> n1101;
n11 -> n110;
n111[label = "If_Then"];
n1110[label = "NearestInsertion"];
n111 -> n1110;
n1111[label = "NearestInsertion"];
n111 -> n1111;
n11 -> n111;
n1 -> n11;
n -> n1;
}


Generation: 5
Best Individual:
Subpopulation 0:
Evaluated: true
Fitness: Standardized=0.0036975762 Adjusted=0.996316 Hits=6
Tree 0:
digraph g {
node [shape=rectangle];
n[label = "And"];
n0[label = "And"];
n00[label = "Or"];
n000[label = "If_Then_Else"];
n0000[label = "CplexTerminal"];
n000 -> n0000;
n0001[label = "BestMove"];
n000 -> n0001;
n0002[label = "FarthestInsertion"];
n000 -> n0002;
n00 -> n000;
n001[label = "Equal"];
n0010[label = "NearestNeighbor"];
n001 -> n0010;
n0011[label = "CplexTerminal"];
n001 -> n0011;
n00 -> n001;
n0 -> n00;
n01[label = "Equal"];
n010[label = "Equal"];
n0100[label = "NearestNeighbor"];
n010 -> n0100;
n0101[label = "CplexTerminal"];
n010 -> n0101;
n01 -> n010;
n011[label = "If_Then_Else"];
n0110[label = "NearestNeighbor"];
n011 -> n0110;
n0111[label = "BestMove"];
n011 -> n0111;
n0112[label = "BestMove"];
n011 -> n0112;
n01 -> n011;
n0 -> n01;
n -> n0;
n1[label = "While"];
n10[label = "If_Then_Else"];
n100[label = "If_Then"];
n1000[label = "NearestInsertion"];
n100 -> n1000;
n1001[label = "NearestInsertion"];
n100 -> n1001;
n10 -> n100;
n101[label = "If_Then"];
n1010[label = "WorstMove"];
n101 -> n1010;
n1011[label = "FarthestNeighbor"];
n101 -> n1011;
n10 -> n101;
n102[label = "While"];
n1020[label = "FarthestFirstNode"];
n102 -> n1020;
n1021[label = "NearestInsertion"];
n102 -> n1021;
n10 -> n102;
n1 -> n10;
n11[label = "And"];
n110[label = "Equal"];
n1100[label = "CplexTerminal"];
n110 -> n1100;
n1101[label = "NearestInsertion"];
n110 -> n1101;
n11 -> n110;
n111[label = "If_Then"];
n1110[label = "NearestInsertion"];
n111 -> n1110;
n1111[label = "NearestInsertion"];
n111 -> n1111;
n11 -> n111;
n1 -> n11;
n -> n1;
}


Generation: 6
Best Individual:
Subpopulation 0:
Evaluated: true
Fitness: Standardized=0.0036975762 Adjusted=0.996316 Hits=6
Tree 0:
digraph g {
node [shape=rectangle];
n[label = "And"];
n0[label = "And"];
n00[label = "Or"];
n000[label = "If_Then_Else"];
n0000[label = "CplexTerminal"];
n000 -> n0000;
n0001[label = "BestMove"];
n000 -> n0001;
n0002[label = "FarthestInsertion"];
n000 -> n0002;
n00 -> n000;
n001[label = "Equal"];
n0010[label = "NearestNeighbor"];
n001 -> n0010;
n0011[label = "CplexTerminal"];
n001 -> n0011;
n00 -> n001;
n0 -> n00;
n01[label = "Equal"];
n010[label = "Equal"];
n0100[label = "NearestNeighbor"];
n010 -> n0100;
n0101[label = "CplexTerminal"];
n010 -> n0101;
n01 -> n010;
n011[label = "If_Then_Else"];
n0110[label = "NearestNeighbor"];
n011 -> n0110;
n0111[label = "BestMove"];
n011 -> n0111;
n0112[label = "BestMove"];
n011 -> n0112;
n01 -> n011;
n0 -> n01;
n -> n0;
n1[label = "While"];
n10[label = "If_Then_Else"];
n100[label = "If_Then"];
n1000[label = "NearestInsertion"];
n100 -> n1000;
n1001[label = "NearestInsertion"];
n100 -> n1001;
n10 -> n100;
n101[label = "If_Then"];
n1010[label = "WorstMove"];
n101 -> n1010;
n1011[label = "FarthestNeighbor"];
n101 -> n1011;
n10 -> n101;
n102[label = "While"];
n1020[label = "FarthestFirstNode"];
n102 -> n1020;
n1021[label = "NearestInsertion"];
n102 -> n1021;
n10 -> n102;
n1 -> n10;
n11[label = "And"];
n110[label = "Equal"];
n1100[label = "CplexTerminal"];
n110 -> n1100;
n1101[label = "NearestInsertion"];
n110 -> n1101;
n11 -> n110;
n111[label = "If_Then"];
n1110[label = "NearestInsertion"];
n111 -> n1110;
n1111[label = "NearestInsertion"];
n111 -> n1111;
n11 -> n111;
n1 -> n11;
n -> n1;
}


Generation: 7
Best Individual:
Subpopulation 0:
Evaluated: true
Fitness: Standardized=0.0036975762 Adjusted=0.996316 Hits=6
Tree 0:
digraph g {
node [shape=rectangle];
n[label = "And"];
n0[label = "And"];
n00[label = "Or"];
n000[label = "If_Then_Else"];
n0000[label = "CplexTerminal"];
n000 -> n0000;
n0001[label = "BestMove"];
n000 -> n0001;
n0002[label = "FarthestInsertion"];
n000 -> n0002;
n00 -> n000;
n001[label = "Equal"];
n0010[label = "NearestNeighbor"];
n001 -> n0010;
n0011[label = "CplexTerminal"];
n001 -> n0011;
n00 -> n001;
n0 -> n00;
n01[label = "Equal"];
n010[label = "Equal"];
n0100[label = "NearestNeighbor"];
n010 -> n0100;
n0101[label = "CplexTerminal"];
n010 -> n0101;
n01 -> n010;
n011[label = "If_Then_Else"];
n0110[label = "NearestNeighbor"];
n011 -> n0110;
n0111[label = "BestMove"];
n011 -> n0111;
n0112[label = "BestMove"];
n011 -> n0112;
n01 -> n011;
n0 -> n01;
n -> n0;
n1[label = "While"];
n10[label = "If_Then_Else"];
n100[label = "If_Then"];
n1000[label = "NearestInsertion"];
n100 -> n1000;
n1001[label = "NearestInsertion"];
n100 -> n1001;
n10 -> n100;
n101[label = "If_Then"];
n1010[label = "WorstMove"];
n101 -> n1010;
n1011[label = "FarthestNeighbor"];
n101 -> n1011;
n10 -> n101;
n102[label = "While"];
n1020[label = "FarthestFirstNode"];
n102 -> n1020;
n1021[label = "NearestInsertion"];
n102 -> n1021;
n10 -> n102;
n1 -> n10;
n11[label = "And"];
n110[label = "Equal"];
n1100[label = "CplexTerminal"];
n110 -> n1100;
n1101[label = "NearestInsertion"];
n110 -> n1101;
n11 -> n110;
n111[label = "If_Then"];
n1110[label = "NearestInsertion"];
n111 -> n1110;
n1111[label = "NearestInsertion"];
n111 -> n1111;
n11 -> n111;
n1 -> n11;
n -> n1;
}


Generation: 8
Best Individual:
Subpopulation 0:
Evaluated: true
Fitness: Standardized=0.0036975762 Adjusted=0.996316 Hits=6
Tree 0:
digraph g {
node [shape=rectangle];
n[label = "And"];
n0[label = "And"];
n00[label = "Or"];
n000[label = "If_Then_Else"];
n0000[label = "CplexTerminal"];
n000 -> n0000;
n0001[label = "BestMove"];
n000 -> n0001;
n0002[label = "FarthestInsertion"];
n000 -> n0002;
n00 -> n000;
n001[label = "Equal"];
n0010[label = "NearestNeighbor"];
n001 -> n0010;
n0011[label = "CplexTerminal"];
n001 -> n0011;
n00 -> n001;
n0 -> n00;
n01[label = "Equal"];
n010[label = "Equal"];
n0100[label = "NearestNeighbor"];
n010 -> n0100;
n0101[label = "CplexTerminal"];
n010 -> n0101;
n01 -> n010;
n011[label = "If_Then_Else"];
n0110[label = "NearestNeighbor"];
n011 -> n0110;
n0111[label = "BestMove"];
n011 -> n0111;
n0112[label = "BestMove"];
n011 -> n0112;
n01 -> n011;
n0 -> n01;
n -> n0;
n1[label = "While"];
n10[label = "If_Then_Else"];
n100[label = "If_Then"];
n1000[label = "NearestInsertion"];
n100 -> n1000;
n1001[label = "NearestInsertion"];
n100 -> n1001;
n10 -> n100;
n101[label = "If_Then"];
n1010[label = "WorstMove"];
n101 -> n1010;
n1011[label = "FarthestNeighbor"];
n101 -> n1011;
n10 -> n101;
n102[label = "While"];
n1020[label = "FarthestFirstNode"];
n102 -> n1020;
n1021[label = "NearestInsertion"];
n102 -> n1021;
n10 -> n102;
n1 -> n10;
n11[label = "And"];
n110[label = "Equal"];
n1100[label = "CplexTerminal"];
n110 -> n1100;
n1101[label = "NearestInsertion"];
n110 -> n1101;
n11 -> n110;
n111[label = "If_Then"];
n1110[label = "NearestInsertion"];
n111 -> n1110;
n1111[label = "NearestInsertion"];
n111 -> n1111;
n11 -> n111;
n1 -> n11;
n -> n1;
}


Generation: 9
Best Individual:
Subpopulation 0:
Evaluated: true
Fitness: Standardized=0.0036975762 Adjusted=0.996316 Hits=6
Tree 0:
digraph g {
node [shape=rectangle];
n[label = "And"];
n0[label = "And"];
n00[label = "Or"];
n000[label = "If_Then_Else"];
n0000[label = "CplexTerminal"];
n000 -> n0000;
n0001[label = "BestMove"];
n000 -> n0001;
n0002[label = "FarthestInsertion"];
n000 -> n0002;
n00 -> n000;
n001[label = "Equal"];
n0010[label = "NearestNeighbor"];
n001 -> n0010;
n0011[label = "CplexTerminal"];
n001 -> n0011;
n00 -> n001;
n0 -> n00;
n01[label = "Equal"];
n010[label = "Equal"];
n0100[label = "NearestNeighbor"];
n010 -> n0100;
n0101[label = "CplexTerminal"];
n010 -> n0101;
n01 -> n010;
n011[label = "If_Then_Else"];
n0110[label = "NearestNeighbor"];
n011 -> n0110;
n0111[label = "BestMove"];
n011 -> n0111;
n0112[label = "BestMove"];
n011 -> n0112;
n01 -> n011;
n0 -> n01;
n -> n0;
n1[label = "While"];
n10[label = "If_Then_Else"];
n100[label = "If_Then"];
n1000[label = "NearestInsertion"];
n100 -> n1000;
n1001[label = "NearestInsertion"];
n100 -> n1001;
n10 -> n100;
n101[label = "If_Then"];
n1010[label = "WorstMove"];
n101 -> n1010;
n1011[label = "FarthestNeighbor"];
n101 -> n1011;
n10 -> n101;
n102[label = "While"];
n1020[label = "FarthestFirstNode"];
n102 -> n1020;
n1021[label = "NearestInsertion"];
n102 -> n1021;
n10 -> n102;
n1 -> n10;
n11[label = "And"];
n110[label = "Equal"];
n1100[label = "CplexTerminal"];
n110 -> n1100;
n1101[label = "NearestInsertion"];
n110 -> n1101;
n11 -> n110;
n111[label = "If_Then"];
n1110[label = "NearestInsertion"];
n111 -> n1110;
n1111[label = "NearestInsertion"];
n111 -> n1111;
n11 -> n111;
n1 -> n11;
n -> n1;
}


Generation: 10
Best Individual:
Subpopulation 0:
Evaluated: true
Fitness: Standardized=0.0036975762 Adjusted=0.996316 Hits=6
Tree 0:
digraph g {
node [shape=rectangle];
n[label = "And"];
n0[label = "And"];
n00[label = "Or"];
n000[label = "If_Then_Else"];
n0000[label = "CplexTerminal"];
n000 -> n0000;
n0001[label = "BestMove"];
n000 -> n0001;
n0002[label = "FarthestInsertion"];
n000 -> n0002;
n00 -> n000;
n001[label = "Equal"];
n0010[label = "NearestNeighbor"];
n001 -> n0010;
n0011[label = "CplexTerminal"];
n001 -> n0011;
n00 -> n001;
n0 -> n00;
n01[label = "Equal"];
n010[label = "Equal"];
n0100[label = "NearestNeighbor"];
n010 -> n0100;
n0101[label = "CplexTerminal"];
n010 -> n0101;
n01 -> n010;
n011[label = "If_Then_Else"];
n0110[label = "NearestNeighbor"];
n011 -> n0110;
n0111[label = "BestMove"];
n011 -> n0111;
n0112[label = "BestMove"];
n011 -> n0112;
n01 -> n011;
n0 -> n01;
n -> n0;
n1[label = "While"];
n10[label = "If_Then_Else"];
n100[label = "If_Then"];
n1000[label = "NearestInsertion"];
n100 -> n1000;
n1001[label = "NearestInsertion"];
n100 -> n1001;
n10 -> n100;
n101[label = "If_Then"];
n1010[label = "WorstMove"];
n101 -> n1010;
n1011[label = "FarthestNeighbor"];
n101 -> n1011;
n10 -> n101;
n102[label = "While"];
n1020[label = "FarthestFirstNode"];
n102 -> n1020;
n1021[label = "NearestInsertion"];
n102 -> n1021;
n10 -> n102;
n1 -> n10;
n11[label = "And"];
n110[label = "Equal"];
n1100[label = "CplexTerminal"];
n110 -> n1100;
n1101[label = "NearestInsertion"];
n110 -> n1101;
n11 -> n110;
n111[label = "If_Then"];
n1110[label = "NearestInsertion"];
n111 -> n1110;
n1111[label = "NearestInsertion"];
n111 -> n1111;
n11 -> n111;
n1 -> n11;
n -> n1;
}


Generation: 11
Best Individual:
Subpopulation 0:
Evaluated: true
Fitness: Standardized=0.0036975762 Adjusted=0.996316 Hits=6
Tree 0:
digraph g {
node [shape=rectangle];
n[label = "And"];
n0[label = "And"];
n00[label = "Or"];
n000[label = "If_Then_Else"];
n0000[label = "CplexTerminal"];
n000 -> n0000;
n0001[label = "BestMove"];
n000 -> n0001;
n0002[label = "FarthestInsertion"];
n000 -> n0002;
n00 -> n000;
n001[label = "Equal"];
n0010[label = "NearestNeighbor"];
n001 -> n0010;
n0011[label = "CplexTerminal"];
n001 -> n0011;
n00 -> n001;
n0 -> n00;
n01[label = "Equal"];
n010[label = "Equal"];
n0100[label = "NearestNeighbor"];
n010 -> n0100;
n0101[label = "CplexTerminal"];
n010 -> n0101;
n01 -> n010;
n011[label = "If_Then_Else"];
n0110[label = "NearestNeighbor"];
n011 -> n0110;
n0111[label = "BestMove"];
n011 -> n0111;
n0112[label = "BestMove"];
n011 -> n0112;
n01 -> n011;
n0 -> n01;
n -> n0;
n1[label = "While"];
n10[label = "If_Then_Else"];
n100[label = "If_Then"];
n1000[label = "NearestInsertion"];
n100 -> n1000;
n1001[label = "NearestInsertion"];
n100 -> n1001;
n10 -> n100;
n101[label = "If_Then"];
n1010[label = "WorstMove"];
n101 -> n1010;
n1011[label = "FarthestNeighbor"];
n101 -> n1011;
n10 -> n101;
n102[label = "While"];
n1020[label = "FarthestFirstNode"];
n102 -> n1020;
n1021[label = "NearestInsertion"];
n102 -> n1021;
n10 -> n102;
n1 -> n10;
n11[label = "And"];
n110[label = "Equal"];
n1100[label = "CplexTerminal"];
n110 -> n1100;
n1101[label = "NearestInsertion"];
n110 -> n1101;
n11 -> n110;
n111[label = "If_Then"];
n1110[label = "NearestInsertion"];
n111 -> n1110;
n1111[label = "NearestInsertion"];
n111 -> n1111;
n11 -> n111;
n1 -> n11;
n -> n1;
}


Generation: 12
Best Individual:
Subpopulation 0:
Evaluated: true
Fitness: Standardized=0.0019538063 Adjusted=0.99805 Hits=6
Tree 0:
digraph g {
node [shape=rectangle];
n[label = "And"];
n0[label = "And"];
n00[label = "Or"];
n000[label = "If_Then"];
n0000[label = "NearestInsertion"];
n000 -> n0000;
n0001[label = "NearestInsertion"];
n000 -> n0001;
n00 -> n000;
n001[label = "Equal"];
n0010[label = "NearestNeighbor"];
n001 -> n0010;
n0011[label = "CplexTerminal"];
n001 -> n0011;
n00 -> n001;
n0 -> n00;
n01[label = "Equal"];
n010[label = "Equal"];
n0100[label = "NearestNeighbor"];
n010 -> n0100;
n0101[label = "CplexTerminal"];
n010 -> n0101;
n01 -> n010;
n011[label = "If_Then_Else"];
n0110[label = "NearestNeighbor"];
n011 -> n0110;
n0111[label = "BestMove"];
n011 -> n0111;
n0112[label = "BestMove"];
n011 -> n0112;
n01 -> n011;
n0 -> n01;
n -> n0;
n1[label = "While"];
n10[label = "If_Then_Else"];
n100[label = "Equal"];
n1000[label = "CplexTerminal"];
n100 -> n1000;
n1001[label = "NearestInsertion"];
n100 -> n1001;
n10 -> n100;
n101[label = "BestMove"];
n10 -> n101;
n102[label = "BestMove"];
n10 -> n102;
n1 -> n10;
n11[label = "And"];
n110[label = "Equal"];
n1100[label = "CplexTerminal"];
n110 -> n1100;
n1101[label = "NearestInsertion"];
n110 -> n1101;
n11 -> n110;
n111[label = "If_Then"];
n1110[label = "NearestInsertion"];
n111 -> n1110;
n1111[label = "NearestInsertion"];
n111 -> n1111;
n11 -> n111;
n1 -> n11;
n -> n1;
}


Generation: 13
Best Individual:
Subpopulation 0:
Evaluated: true
Fitness: Standardized=0.0019538063 Adjusted=0.99805 Hits=6
Tree 0:
digraph g {
node [shape=rectangle];
n[label = "And"];
n0[label = "And"];
n00[label = "Or"];
n000[label = "If_Then"];
n0000[label = "NearestInsertion"];
n000 -> n0000;
n0001[label = "NearestInsertion"];
n000 -> n0001;
n00 -> n000;
n001[label = "Equal"];
n0010[label = "NearestNeighbor"];
n001 -> n0010;
n0011[label = "CplexTerminal"];
n001 -> n0011;
n00 -> n001;
n0 -> n00;
n01[label = "Equal"];
n010[label = "Equal"];
n0100[label = "NearestNeighbor"];
n010 -> n0100;
n0101[label = "CplexTerminal"];
n010 -> n0101;
n01 -> n010;
n011[label = "If_Then_Else"];
n0110[label = "NearestNeighbor"];
n011 -> n0110;
n0111[label = "BestMove"];
n011 -> n0111;
n0112[label = "BestMove"];
n011 -> n0112;
n01 -> n011;
n0 -> n01;
n -> n0;
n1[label = "While"];
n10[label = "If_Then_Else"];
n100[label = "Equal"];
n1000[label = "CplexTerminal"];
n100 -> n1000;
n1001[label = "NearestInsertion"];
n100 -> n1001;
n10 -> n100;
n101[label = "BestMove"];
n10 -> n101;
n102[label = "BestMove"];
n10 -> n102;
n1 -> n10;
n11[label = "And"];
n110[label = "Equal"];
n1100[label = "CplexTerminal"];
n110 -> n1100;
n1101[label = "NearestInsertion"];
n110 -> n1101;
n11 -> n110;
n111[label = "If_Then"];
n1110[label = "NearestInsertion"];
n111 -> n1110;
n1111[label = "NearestInsertion"];
n111 -> n1111;
n11 -> n111;
n1 -> n11;
n -> n1;
}


Generation: 14
Best Individual:
Subpopulation 0:
Evaluated: true
Fitness: Standardized=0.0019538063 Adjusted=0.99805 Hits=6
Tree 0:
digraph g {
node [shape=rectangle];
n[label = "And"];
n0[label = "And"];
n00[label = "Or"];
n000[label = "If_Then"];
n0000[label = "NearestInsertion"];
n000 -> n0000;
n0001[label = "NearestInsertion"];
n000 -> n0001;
n00 -> n000;
n001[label = "Equal"];
n0010[label = "NearestNeighbor"];
n001 -> n0010;
n0011[label = "CplexTerminal"];
n001 -> n0011;
n00 -> n001;
n0 -> n00;
n01[label = "Equal"];
n010[label = "Equal"];
n0100[label = "NearestNeighbor"];
n010 -> n0100;
n0101[label = "CplexTerminal"];
n010 -> n0101;
n01 -> n010;
n011[label = "If_Then_Else"];
n0110[label = "NearestNeighbor"];
n011 -> n0110;
n0111[label = "BestMove"];
n011 -> n0111;
n0112[label = "BestMove"];
n011 -> n0112;
n01 -> n011;
n0 -> n01;
n -> n0;
n1[label = "While"];
n10[label = "If_Then_Else"];
n100[label = "Equal"];
n1000[label = "CplexTerminal"];
n100 -> n1000;
n1001[label = "NearestInsertion"];
n100 -> n1001;
n10 -> n100;
n101[label = "BestMove"];
n10 -> n101;
n102[label = "BestMove"];
n10 -> n102;
n1 -> n10;
n11[label = "And"];
n110[label = "Equal"];
n1100[label = "CplexTerminal"];
n110 -> n1100;
n1101[label = "NearestInsertion"];
n110 -> n1101;
n11 -> n110;
n111[label = "If_Then"];
n1110[label = "NearestInsertion"];
n111 -> n1110;
n1111[label = "NearestInsertion"];
n111 -> n1111;
n11 -> n111;
n1 -> n11;
n -> n1;
}


Generation: 15
Best Individual:
Subpopulation 0:
Evaluated: true
Fitness: Standardized=0.0019538063 Adjusted=0.99805 Hits=6
Tree 0:
digraph g {
node [shape=rectangle];
n[label = "And"];
n0[label = "And"];
n00[label = "Or"];
n000[label = "If_Then"];
n0000[label = "NearestInsertion"];
n000 -> n0000;
n0001[label = "NearestInsertion"];
n000 -> n0001;
n00 -> n000;
n001[label = "Equal"];
n0010[label = "NearestNeighbor"];
n001 -> n0010;
n0011[label = "CplexTerminal"];
n001 -> n0011;
n00 -> n001;
n0 -> n00;
n01[label = "Equal"];
n010[label = "Equal"];
n0100[label = "NearestNeighbor"];
n010 -> n0100;
n0101[label = "CplexTerminal"];
n010 -> n0101;
n01 -> n010;
n011[label = "If_Then_Else"];
n0110[label = "NearestNeighbor"];
n011 -> n0110;
n0111[label = "BestMove"];
n011 -> n0111;
n0112[label = "BestMove"];
n011 -> n0112;
n01 -> n011;
n0 -> n01;
n -> n0;
n1[label = "While"];
n10[label = "If_Then_Else"];
n100[label = "Equal"];
n1000[label = "CplexTerminal"];
n100 -> n1000;
n1001[label = "NearestInsertion"];
n100 -> n1001;
n10 -> n100;
n101[label = "BestMove"];
n10 -> n101;
n102[label = "BestMove"];
n10 -> n102;
n1 -> n10;
n11[label = "And"];
n110[label = "Equal"];
n1100[label = "CplexTerminal"];
n110 -> n1100;
n1101[label = "NearestInsertion"];
n110 -> n1101;
n11 -> n110;
n111[label = "If_Then"];
n1110[label = "NearestInsertion"];
n111 -> n1110;
n1111[label = "NearestInsertion"];
n111 -> n1111;
n11 -> n111;
n1 -> n11;
n -> n1;
}


Generation: 16
Best Individual:
Subpopulation 0:
Evaluated: true
Fitness: Standardized=0.0019538063 Adjusted=0.99805 Hits=6
Tree 0:
digraph g {
node [shape=rectangle];
n[label = "And"];
n0[label = "And"];
n00[label = "Or"];
n000[label = "If_Then"];
n0000[label = "NearestInsertion"];
n000 -> n0000;
n0001[label = "NearestInsertion"];
n000 -> n0001;
n00 -> n000;
n001[label = "Equal"];
n0010[label = "NearestNeighbor"];
n001 -> n0010;
n0011[label = "CplexTerminal"];
n001 -> n0011;
n00 -> n001;
n0 -> n00;
n01[label = "Equal"];
n010[label = "Equal"];
n0100[label = "NearestNeighbor"];
n010 -> n0100;
n0101[label = "CplexTerminal"];
n010 -> n0101;
n01 -> n010;
n011[label = "If_Then_Else"];
n0110[label = "NearestNeighbor"];
n011 -> n0110;
n0111[label = "BestMove"];
n011 -> n0111;
n0112[label = "BestMove"];
n011 -> n0112;
n01 -> n011;
n0 -> n01;
n -> n0;
n1[label = "While"];
n10[label = "If_Then_Else"];
n100[label = "Equal"];
n1000[label = "CplexTerminal"];
n100 -> n1000;
n1001[label = "NearestInsertion"];
n100 -> n1001;
n10 -> n100;
n101[label = "BestMove"];
n10 -> n101;
n102[label = "BestMove"];
n10 -> n102;
n1 -> n10;
n11[label = "And"];
n110[label = "Equal"];
n1100[label = "CplexTerminal"];
n110 -> n1100;
n1101[label = "NearestInsertion"];
n110 -> n1101;
n11 -> n110;
n111[label = "If_Then"];
n1110[label = "NearestInsertion"];
n111 -> n1110;
n1111[label = "NearestInsertion"];
n111 -> n1111;
n11 -> n111;
n1 -> n11;
n -> n1;
}


Generation: 17
Best Individual:
Subpopulation 0:
Evaluated: true
Fitness: Standardized=0.0019538063 Adjusted=0.99805 Hits=6
Tree 0:
digraph g {
node [shape=rectangle];
n[label = "And"];
n0[label = "And"];
n00[label = "Or"];
n000[label = "If_Then"];
n0000[label = "NearestInsertion"];
n000 -> n0000;
n0001[label = "NearestInsertion"];
n000 -> n0001;
n00 -> n000;
n001[label = "Equal"];
n0010[label = "NearestNeighbor"];
n001 -> n0010;
n0011[label = "CplexTerminal"];
n001 -> n0011;
n00 -> n001;
n0 -> n00;
n01[label = "Equal"];
n010[label = "Equal"];
n0100[label = "NearestNeighbor"];
n010 -> n0100;
n0101[label = "CplexTerminal"];
n010 -> n0101;
n01 -> n010;
n011[label = "If_Then_Else"];
n0110[label = "NearestNeighbor"];
n011 -> n0110;
n0111[label = "BestMove"];
n011 -> n0111;
n0112[label = "BestMove"];
n011 -> n0112;
n01 -> n011;
n0 -> n01;
n -> n0;
n1[label = "While"];
n10[label = "If_Then_Else"];
n100[label = "Equal"];
n1000[label = "CplexTerminal"];
n100 -> n1000;
n1001[label = "NearestInsertion"];
n100 -> n1001;
n10 -> n100;
n101[label = "BestMove"];
n10 -> n101;
n102[label = "BestMove"];
n10 -> n102;
n1 -> n10;
n11[label = "And"];
n110[label = "Equal"];
n1100[label = "CplexTerminal"];
n110 -> n1100;
n1101[label = "NearestInsertion"];
n110 -> n1101;
n11 -> n110;
n111[label = "If_Then"];
n1110[label = "NearestInsertion"];
n111 -> n1110;
n1111[label = "NearestInsertion"];
n111 -> n1111;
n11 -> n111;
n1 -> n11;
n -> n1;
}


Generation: 18
Best Individual:
Subpopulation 0:
Evaluated: true
Fitness: Standardized=0.0019538063 Adjusted=0.99805 Hits=6
Tree 0:
digraph g {
node [shape=rectangle];
n[label = "And"];
n0[label = "And"];
n00[label = "Or"];
n000[label = "If_Then"];
n0000[label = "NearestInsertion"];
n000 -> n0000;
n0001[label = "NearestInsertion"];
n000 -> n0001;
n00 -> n000;
n001[label = "Equal"];
n0010[label = "NearestNeighbor"];
n001 -> n0010;
n0011[label = "CplexTerminal"];
n001 -> n0011;
n00 -> n001;
n0 -> n00;
n01[label = "Equal"];
n010[label = "Equal"];
n0100[label = "NearestNeighbor"];
n010 -> n0100;
n0101[label = "CplexTerminal"];
n010 -> n0101;
n01 -> n010;
n011[label = "If_Then_Else"];
n0110[label = "NearestNeighbor"];
n011 -> n0110;
n0111[label = "BestMove"];
n011 -> n0111;
n0112[label = "BestMove"];
n011 -> n0112;
n01 -> n011;
n0 -> n01;
n -> n0;
n1[label = "While"];
n10[label = "If_Then_Else"];
n100[label = "Equal"];
n1000[label = "CplexTerminal"];
n100 -> n1000;
n1001[label = "NearestInsertion"];
n100 -> n1001;
n10 -> n100;
n101[label = "BestMove"];
n10 -> n101;
n102[label = "BestMove"];
n10 -> n102;
n1 -> n10;
n11[label = "And"];
n110[label = "Equal"];
n1100[label = "CplexTerminal"];
n110 -> n1100;
n1101[label = "NearestInsertion"];
n110 -> n1101;
n11 -> n110;
n111[label = "If_Then"];
n1110[label = "NearestInsertion"];
n111 -> n1110;
n1111[label = "NearestInsertion"];
n111 -> n1111;
n11 -> n111;
n1 -> n11;
n -> n1;
}


Generation: 19
Best Individual:
Subpopulation 0:
Evaluated: true
Fitness: Standardized=0.0019538063 Adjusted=0.99805 Hits=6
Tree 0:
digraph g {
node [shape=rectangle];
n[label = "And"];
n0[label = "And"];
n00[label = "Or"];
n000[label = "If_Then"];
n0000[label = "NearestInsertion"];
n000 -> n0000;
n0001[label = "NearestInsertion"];
n000 -> n0001;
n00 -> n000;
n001[label = "Equal"];
n0010[label = "NearestNeighbor"];
n001 -> n0010;
n0011[label = "CplexTerminal"];
n001 -> n0011;
n00 -> n001;
n0 -> n00;
n01[label = "Equal"];
n010[label = "Equal"];
n0100[label = "NearestNeighbor"];
n010 -> n0100;
n0101[label = "CplexTerminal"];
n010 -> n0101;
n01 -> n010;
n011[label = "If_Then_Else"];
n0110[label = "NearestNeighbor"];
n011 -> n0110;
n0111[label = "BestMove"];
n011 -> n0111;
n0112[label = "BestMove"];
n011 -> n0112;
n01 -> n011;
n0 -> n01;
n -> n0;
n1[label = "While"];
n10[label = "If_Then_Else"];
n100[label = "Equal"];
n1000[label = "CplexTerminal"];
n100 -> n1000;
n1001[label = "NearestInsertion"];
n100 -> n1001;
n10 -> n100;
n101[label = "BestMove"];
n10 -> n101;
n102[label = "BestMove"];
n10 -> n102;
n1 -> n10;
n11[label = "And"];
n110[label = "Equal"];
n1100[label = "CplexTerminal"];
n110 -> n1100;
n1101[label = "NearestInsertion"];
n110 -> n1101;
n11 -> n110;
n111[label = "If_Then"];
n1110[label = "NearestInsertion"];
n111 -> n1110;
n1111[label = "NearestInsertion"];
n111 -> n1111;
n11 -> n111;
n1 -> n11;
n -> n1;
}


Generation: 20
Best Individual:
Subpopulation 0:
Evaluated: true
Fitness: Standardized=0.0019538063 Adjusted=0.99805 Hits=6
Tree 0:
digraph g {
node [shape=rectangle];
n[label = "And"];
n0[label = "And"];
n00[label = "Or"];
n000[label = "If_Then"];
n0000[label = "NearestInsertion"];
n000 -> n0000;
n0001[label = "NearestInsertion"];
n000 -> n0001;
n00 -> n000;
n001[label = "Equal"];
n0010[label = "NearestNeighbor"];
n001 -> n0010;
n0011[label = "CplexTerminal"];
n001 -> n0011;
n00 -> n001;
n0 -> n00;
n01[label = "Equal"];
n010[label = "Equal"];
n0100[label = "NearestNeighbor"];
n010 -> n0100;
n0101[label = "CplexTerminal"];
n010 -> n0101;
n01 -> n010;
n011[label = "If_Then_Else"];
n0110[label = "NearestNeighbor"];
n011 -> n0110;
n0111[label = "BestMove"];
n011 -> n0111;
n0112[label = "BestMove"];
n011 -> n0112;
n01 -> n011;
n0 -> n01;
n -> n0;
n1[label = "While"];
n10[label = "If_Then_Else"];
n100[label = "Equal"];
n1000[label = "CplexTerminal"];
n100 -> n1000;
n1001[label = "NearestInsertion"];
n100 -> n1001;
n10 -> n100;
n101[label = "BestMove"];
n10 -> n101;
n102[label = "BestMove"];
n10 -> n102;
n1 -> n10;
n11[label = "And"];
n110[label = "Equal"];
n1100[label = "CplexTerminal"];
n110 -> n1100;
n1101[label = "NearestInsertion"];
n110 -> n1101;
n11 -> n110;
n111[label = "If_Then"];
n1110[label = "NearestInsertion"];
n111 -> n1110;
n1111[label = "NearestInsertion"];
n111 -> n1111;
n11 -> n111;
n1 -> n11;
n -> n1;
}


Generation: 21
Best Individual:
Subpopulation 0:
Evaluated: true
Fitness: Standardized=0.0019538063 Adjusted=0.99805 Hits=6
Tree 0:
digraph g {
node [shape=rectangle];
n[label = "And"];
n0[label = "And"];
n00[label = "Or"];
n000[label = "If_Then"];
n0000[label = "NearestInsertion"];
n000 -> n0000;
n0001[label = "NearestInsertion"];
n000 -> n0001;
n00 -> n000;
n001[label = "Equal"];
n0010[label = "NearestNeighbor"];
n001 -> n0010;
n0011[label = "CplexTerminal"];
n001 -> n0011;
n00 -> n001;
n0 -> n00;
n01[label = "Equal"];
n010[label = "Equal"];
n0100[label = "NearestNeighbor"];
n010 -> n0100;
n0101[label = "CplexTerminal"];
n010 -> n0101;
n01 -> n010;
n011[label = "If_Then_Else"];
n0110[label = "NearestNeighbor"];
n011 -> n0110;
n0111[label = "BestMove"];
n011 -> n0111;
n0112[label = "BestMove"];
n011 -> n0112;
n01 -> n011;
n0 -> n01;
n -> n0;
n1[label = "While"];
n10[label = "If_Then_Else"];
n100[label = "Equal"];
n1000[label = "CplexTerminal"];
n100 -> n1000;
n1001[label = "NearestInsertion"];
n100 -> n1001;
n10 -> n100;
n101[label = "BestMove"];
n10 -> n101;
n102[label = "BestMove"];
n10 -> n102;
n1 -> n10;
n11[label = "And"];
n110[label = "Equal"];
n1100[label = "CplexTerminal"];
n110 -> n1100;
n1101[label = "NearestInsertion"];
n110 -> n1101;
n11 -> n110;
n111[label = "If_Then"];
n1110[label = "NearestInsertion"];
n111 -> n1110;
n1111[label = "NearestInsertion"];
n111 -> n1111;
n11 -> n111;
n1 -> n11;
n -> n1;
}


Generation: 22
Best Individual:
Subpopulation 0:
Evaluated: true
Fitness: Standardized=0.0019538063 Adjusted=0.99805 Hits=6
Tree 0:
digraph g {
node [shape=rectangle];
n[label = "And"];
n0[label = "And"];
n00[label = "Or"];
n000[label = "If_Then"];
n0000[label = "NearestInsertion"];
n000 -> n0000;
n0001[label = "NearestInsertion"];
n000 -> n0001;
n00 -> n000;
n001[label = "Equal"];
n0010[label = "NearestNeighbor"];
n001 -> n0010;
n0011[label = "CplexTerminal"];
n001 -> n0011;
n00 -> n001;
n0 -> n00;
n01[label = "Equal"];
n010[label = "Equal"];
n0100[label = "NearestNeighbor"];
n010 -> n0100;
n0101[label = "CplexTerminal"];
n010 -> n0101;
n01 -> n010;
n011[label = "If_Then_Else"];
n0110[label = "NearestNeighbor"];
n011 -> n0110;
n0111[label = "BestMove"];
n011 -> n0111;
n0112[label = "BestMove"];
n011 -> n0112;
n01 -> n011;
n0 -> n01;
n -> n0;
n1[label = "While"];
n10[label = "If_Then_Else"];
n100[label = "Equal"];
n1000[label = "CplexTerminal"];
n100 -> n1000;
n1001[label = "NearestInsertion"];
n100 -> n1001;
n10 -> n100;
n101[label = "BestMove"];
n10 -> n101;
n102[label = "BestMove"];
n10 -> n102;
n1 -> n10;
n11[label = "And"];
n110[label = "Equal"];
n1100[label = "CplexTerminal"];
n110 -> n1100;
n1101[label = "NearestInsertion"];
n110 -> n1101;
n11 -> n110;
n111[label = "If_Then"];
n1110[label = "NearestInsertion"];
n111 -> n1110;
n1111[label = "NearestInsertion"];
n111 -> n1111;
n11 -> n111;
n1 -> n11;
n -> n1;
}


Generation: 23
Best Individual:
Subpopulation 0:
Evaluated: true
Fitness: Standardized=0.0019538063 Adjusted=0.99805 Hits=6
Tree 0:
digraph g {
node [shape=rectangle];
n[label = "And"];
n0[label = "And"];
n00[label = "Or"];
n000[label = "If_Then"];
n0000[label = "NearestInsertion"];
n000 -> n0000;
n0001[label = "NearestInsertion"];
n000 -> n0001;
n00 -> n000;
n001[label = "Equal"];
n0010[label = "NearestNeighbor"];
n001 -> n0010;
n0011[label = "CplexTerminal"];
n001 -> n0011;
n00 -> n001;
n0 -> n00;
n01[label = "Equal"];
n010[label = "Equal"];
n0100[label = "NearestNeighbor"];
n010 -> n0100;
n0101[label = "CplexTerminal"];
n010 -> n0101;
n01 -> n010;
n011[label = "If_Then_Else"];
n0110[label = "NearestNeighbor"];
n011 -> n0110;
n0111[label = "BestMove"];
n011 -> n0111;
n0112[label = "BestMove"];
n011 -> n0112;
n01 -> n011;
n0 -> n01;
n -> n0;
n1[label = "While"];
n10[label = "If_Then_Else"];
n100[label = "Equal"];
n1000[label = "CplexTerminal"];
n100 -> n1000;
n1001[label = "NearestInsertion"];
n100 -> n1001;
n10 -> n100;
n101[label = "BestMove"];
n10 -> n101;
n102[label = "BestMove"];
n10 -> n102;
n1 -> n10;
n11[label = "And"];
n110[label = "Equal"];
n1100[label = "CplexTerminal"];
n110 -> n1100;
n1101[label = "NearestInsertion"];
n110 -> n1101;
n11 -> n110;
n111[label = "If_Then"];
n1110[label = "NearestInsertion"];
n111 -> n1110;
n1111[label = "NearestInsertion"];
n111 -> n1111;
n11 -> n111;
n1 -> n11;
n -> n1;
}


Generation: 24
Best Individual:
Subpopulation 0:
Evaluated: true
Fitness: Standardized=0.0019538063 Adjusted=0.99805 Hits=6
Tree 0:
digraph g {
node [shape=rectangle];
n[label = "And"];
n0[label = "And"];
n00[label = "Or"];
n000[label = "If_Then"];
n0000[label = "NearestInsertion"];
n000 -> n0000;
n0001[label = "NearestInsertion"];
n000 -> n0001;
n00 -> n000;
n001[label = "Equal"];
n0010[label = "NearestNeighbor"];
n001 -> n0010;
n0011[label = "CplexTerminal"];
n001 -> n0011;
n00 -> n001;
n0 -> n00;
n01[label = "Equal"];
n010[label = "Equal"];
n0100[label = "NearestNeighbor"];
n010 -> n0100;
n0101[label = "CplexTerminal"];
n010 -> n0101;
n01 -> n010;
n011[label = "If_Then_Else"];
n0110[label = "NearestNeighbor"];
n011 -> n0110;
n0111[label = "BestMove"];
n011 -> n0111;
n0112[label = "BestMove"];
n011 -> n0112;
n01 -> n011;
n0 -> n01;
n -> n0;
n1[label = "While"];
n10[label = "If_Then_Else"];
n100[label = "Equal"];
n1000[label = "CplexTerminal"];
n100 -> n1000;
n1001[label = "NearestInsertion"];
n100 -> n1001;
n10 -> n100;
n101[label = "BestMove"];
n10 -> n101;
n102[label = "BestMove"];
n10 -> n102;
n1 -> n10;
n11[label = "And"];
n110[label = "Equal"];
n1100[label = "CplexTerminal"];
n110 -> n1100;
n1101[label = "NearestInsertion"];
n110 -> n1101;
n11 -> n110;
n111[label = "If_Then"];
n1110[label = "NearestInsertion"];
n111 -> n1110;
n1111[label = "NearestInsertion"];
n111 -> n1111;
n11 -> n111;
n1 -> n11;
n -> n1;
}


Generation: 25
Best Individual:
Subpopulation 0:
Evaluated: true
Fitness: Standardized=0.0019538063 Adjusted=0.99805 Hits=6
Tree 0:
digraph g {
node [shape=rectangle];
n[label = "And"];
n0[label = "And"];
n00[label = "Or"];
n000[label = "If_Then"];
n0000[label = "NearestInsertion"];
n000 -> n0000;
n0001[label = "NearestInsertion"];
n000 -> n0001;
n00 -> n000;
n001[label = "Equal"];
n0010[label = "NearestNeighbor"];
n001 -> n0010;
n0011[label = "CplexTerminal"];
n001 -> n0011;
n00 -> n001;
n0 -> n00;
n01[label = "Equal"];
n010[label = "Equal"];
n0100[label = "NearestNeighbor"];
n010 -> n0100;
n0101[label = "CplexTerminal"];
n010 -> n0101;
n01 -> n010;
n011[label = "If_Then_Else"];
n0110[label = "NearestNeighbor"];
n011 -> n0110;
n0111[label = "BestMove"];
n011 -> n0111;
n0112[label = "BestMove"];
n011 -> n0112;
n01 -> n011;
n0 -> n01;
n -> n0;
n1[label = "While"];
n10[label = "If_Then_Else"];
n100[label = "Equal"];
n1000[label = "CplexTerminal"];
n100 -> n1000;
n1001[label = "NearestInsertion"];
n100 -> n1001;
n10 -> n100;
n101[label = "BestMove"];
n10 -> n101;
n102[label = "BestMove"];
n10 -> n102;
n1 -> n10;
n11[label = "And"];
n110[label = "Equal"];
n1100[label = "CplexTerminal"];
n110 -> n1100;
n1101[label = "NearestInsertion"];
n110 -> n1101;
n11 -> n110;
n111[label = "If_Then"];
n1110[label = "NearestInsertion"];
n111 -> n1110;
n1111[label = "NearestInsertion"];
n111 -> n1111;
n11 -> n111;
n1 -> n11;
n -> n1;
}


Generation: 26
Best Individual:
Subpopulation 0:
Evaluated: true
Fitness: Standardized=0.0019538063 Adjusted=0.99805 Hits=6
Tree 0:
digraph g {
node [shape=rectangle];
n[label = "And"];
n0[label = "And"];
n00[label = "Or"];
n000[label = "If_Then"];
n0000[label = "NearestInsertion"];
n000 -> n0000;
n0001[label = "NearestInsertion"];
n000 -> n0001;
n00 -> n000;
n001[label = "Equal"];
n0010[label = "NearestNeighbor"];
n001 -> n0010;
n0011[label = "CplexTerminal"];
n001 -> n0011;
n00 -> n001;
n0 -> n00;
n01[label = "Equal"];
n010[label = "Equal"];
n0100[label = "NearestNeighbor"];
n010 -> n0100;
n0101[label = "CplexTerminal"];
n010 -> n0101;
n01 -> n010;
n011[label = "If_Then_Else"];
n0110[label = "NearestNeighbor"];
n011 -> n0110;
n0111[label = "BestMove"];
n011 -> n0111;
n0112[label = "BestMove"];
n011 -> n0112;
n01 -> n011;
n0 -> n01;
n -> n0;
n1[label = "While"];
n10[label = "If_Then_Else"];
n100[label = "Equal"];
n1000[label = "CplexTerminal"];
n100 -> n1000;
n1001[label = "NearestInsertion"];
n100 -> n1001;
n10 -> n100;
n101[label = "BestMove"];
n10 -> n101;
n102[label = "BestMove"];
n10 -> n102;
n1 -> n10;
n11[label = "And"];
n110[label = "Equal"];
n1100[label = "CplexTerminal"];
n110 -> n1100;
n1101[label = "NearestInsertion"];
n110 -> n1101;
n11 -> n110;
n111[label = "If_Then"];
n1110[label = "NearestInsertion"];
n111 -> n1110;
n1111[label = "NearestInsertion"];
n111 -> n1111;
n11 -> n111;
n1 -> n11;
n -> n1;
}


Generation: 27
Best Individual:
Subpopulation 0:
Evaluated: true
Fitness: Standardized=0.0019538063 Adjusted=0.99805 Hits=6
Tree 0:
digraph g {
node [shape=rectangle];
n[label = "And"];
n0[label = "And"];
n00[label = "Or"];
n000[label = "If_Then"];
n0000[label = "NearestInsertion"];
n000 -> n0000;
n0001[label = "NearestInsertion"];
n000 -> n0001;
n00 -> n000;
n001[label = "Equal"];
n0010[label = "NearestNeighbor"];
n001 -> n0010;
n0011[label = "CplexTerminal"];
n001 -> n0011;
n00 -> n001;
n0 -> n00;
n01[label = "Equal"];
n010[label = "Equal"];
n0100[label = "NearestNeighbor"];
n010 -> n0100;
n0101[label = "CplexTerminal"];
n010 -> n0101;
n01 -> n010;
n011[label = "If_Then_Else"];
n0110[label = "NearestNeighbor"];
n011 -> n0110;
n0111[label = "BestMove"];
n011 -> n0111;
n0112[label = "BestMove"];
n011 -> n0112;
n01 -> n011;
n0 -> n01;
n -> n0;
n1[label = "While"];
n10[label = "If_Then_Else"];
n100[label = "Equal"];
n1000[label = "CplexTerminal"];
n100 -> n1000;
n1001[label = "NearestInsertion"];
n100 -> n1001;
n10 -> n100;
n101[label = "BestMove"];
n10 -> n101;
n102[label = "BestMove"];
n10 -> n102;
n1 -> n10;
n11[label = "And"];
n110[label = "Equal"];
n1100[label = "CplexTerminal"];
n110 -> n1100;
n1101[label = "NearestInsertion"];
n110 -> n1101;
n11 -> n110;
n111[label = "If_Then"];
n1110[label = "NearestInsertion"];
n111 -> n1110;
n1111[label = "NearestInsertion"];
n111 -> n1111;
n11 -> n111;
n1 -> n11;
n -> n1;
}


Generation: 28
Best Individual:
Subpopulation 0:
Evaluated: true
Fitness: Standardized=0.0019538063 Adjusted=0.99805 Hits=6
Tree 0:
digraph g {
node [shape=rectangle];
n[label = "And"];
n0[label = "And"];
n00[label = "Or"];
n000[label = "If_Then"];
n0000[label = "NearestInsertion"];
n000 -> n0000;
n0001[label = "NearestInsertion"];
n000 -> n0001;
n00 -> n000;
n001[label = "Equal"];
n0010[label = "NearestNeighbor"];
n001 -> n0010;
n0011[label = "CplexTerminal"];
n001 -> n0011;
n00 -> n001;
n0 -> n00;
n01[label = "Equal"];
n010[label = "Equal"];
n0100[label = "NearestNeighbor"];
n010 -> n0100;
n0101[label = "CplexTerminal"];
n010 -> n0101;
n01 -> n010;
n011[label = "If_Then_Else"];
n0110[label = "NearestNeighbor"];
n011 -> n0110;
n0111[label = "BestMove"];
n011 -> n0111;
n0112[label = "BestMove"];
n011 -> n0112;
n01 -> n011;
n0 -> n01;
n -> n0;
n1[label = "While"];
n10[label = "If_Then_Else"];
n100[label = "Equal"];
n1000[label = "CplexTerminal"];
n100 -> n1000;
n1001[label = "NearestInsertion"];
n100 -> n1001;
n10 -> n100;
n101[label = "BestMove"];
n10 -> n101;
n102[label = "BestMove"];
n10 -> n102;
n1 -> n10;
n11[label = "And"];
n110[label = "Equal"];
n1100[label = "CplexTerminal"];
n110 -> n1100;
n1101[label = "NearestInsertion"];
n110 -> n1101;
n11 -> n110;
n111[label = "If_Then"];
n1110[label = "NearestInsertion"];
n111 -> n1110;
n1111[label = "NearestInsertion"];
n111 -> n1111;
n11 -> n111;
n1 -> n11;
n -> n1;
}


Generation: 29
Best Individual:
Subpopulation 0:
Evaluated: true
Fitness: Standardized=0.0019538063 Adjusted=0.99805 Hits=6
Tree 0:
digraph g {
node [shape=rectangle];
n[label = "And"];
n0[label = "And"];
n00[label = "Or"];
n000[label = "If_Then"];
n0000[label = "NearestInsertion"];
n000 -> n0000;
n0001[label = "NearestInsertion"];
n000 -> n0001;
n00 -> n000;
n001[label = "Equal"];
n0010[label = "NearestNeighbor"];
n001 -> n0010;
n0011[label = "CplexTerminal"];
n001 -> n0011;
n00 -> n001;
n0 -> n00;
n01[label = "Equal"];
n010[label = "Equal"];
n0100[label = "NearestNeighbor"];
n010 -> n0100;
n0101[label = "CplexTerminal"];
n010 -> n0101;
n01 -> n010;
n011[label = "If_Then_Else"];
n0110[label = "NearestNeighbor"];
n011 -> n0110;
n0111[label = "BestMove"];
n011 -> n0111;
n0112[label = "BestMove"];
n011 -> n0112;
n01 -> n011;
n0 -> n01;
n -> n0;
n1[label = "While"];
n10[label = "If_Then_Else"];
n100[label = "Equal"];
n1000[label = "CplexTerminal"];
n100 -> n1000;
n1001[label = "NearestInsertion"];
n100 -> n1001;
n10 -> n100;
n101[label = "BestMove"];
n10 -> n101;
n102[label = "BestMove"];
n10 -> n102;
n1 -> n10;
n11[label = "And"];
n110[label = "Equal"];
n1100[label = "CplexTerminal"];
n110 -> n1100;
n1101[label = "NearestInsertion"];
n110 -> n1101;
n11 -> n110;
n111[label = "If_Then"];
n1110[label = "NearestInsertion"];
n111 -> n1110;
n1111[label = "NearestInsertion"];
n111 -> n1111;
n11 -> n111;
n1 -> n11;
n -> n1;
}


Best Individual of Run:
Subpopulation 0:
Evaluated: true
Fitness: Standardized=0.0019538063 Adjusted=0.99805 Hits=6
Tree 0:
digraph g {
node [shape=rectangle];
n[label = "And"];
n0[label = "And"];
n00[label = "Or"];
n000[label = "If_Then"];
n0000[label = "NearestInsertion"];
n000 -> n0000;
n0001[label = "NearestInsertion"];
n000 -> n0001;
n00 -> n000;
n001[label = "Equal"];
n0010[label = "NearestNeighbor"];
n001 -> n0010;
n0011[label = "CplexTerminal"];
n001 -> n0011;
n00 -> n001;
n0 -> n00;
n01[label = "Equal"];
n010[label = "Equal"];
n0100[label = "NearestNeighbor"];
n010 -> n0100;
n0101[label = "CplexTerminal"];
n010 -> n0101;
n01 -> n010;
n011[label = "If_Then_Else"];
n0110[label = "NearestNeighbor"];
n011 -> n0110;
n0111[label = "BestMove"];
n011 -> n0111;
n0112[label = "BestMove"];
n011 -> n0112;
n01 -> n011;
n0 -> n01;
n -> n0;
n1[label = "While"];
n10[label = "If_Then_Else"];
n100[label = "Equal"];
n1000[label = "CplexTerminal"];
n100 -> n1000;
n1001[label = "NearestInsertion"];
n100 -> n1001;
n10 -> n100;
n101[label = "BestMove"];
n10 -> n101;
n102[label = "BestMove"];
n10 -> n102;
n1 -> n10;
n11[label = "And"];
n110[label = "Equal"];
n1100[label = "CplexTerminal"];
n110 -> n1100;
n1101[label = "NearestInsertion"];
n110 -> n1101;
n11 -> n110;
n111[label = "If_Then"];
n1110[label = "NearestInsertion"];
n111 -> n1110;
n1111[label = "NearestInsertion"];
n111 -> n1111;
n11 -> n111;
n1 -> n11;
n -> n1;
}

